FAIL services/mediaService.test.js
  ● MediaService › initialize › should create upload directory

    TypeError: MediaService is not a constructor

    [0m [90m 20 |[39m
     [90m 21 |[39m   beforeEach(() [33m=>[39m {
    [31m[1m>[22m[39m[90m 22 |[39m     mediaService [33m=[39m [36mnew[39m [33mMediaService[39m(mockUploadDir)[33m;[39m
     [90m    |[39m                    [31m[1m^[22m[39m
     [90m 23 |[39m     jest[33m.[39mclearAllMocks()[33m;[39m
     [90m 24 |[39m   })[33m;[39m
     [90m 25 |[39m[0m

      at Object.<anonymous> (services/mediaService.test.js:22:20)

  ● MediaService › initialize › should handle directory creation errors

    TypeError: MediaService is not a constructor

    [0m [90m 20 |[39m
     [90m 21 |[39m   beforeEach(() [33m=>[39m {
    [31m[1m>[22m[39m[90m 22 |[39m     mediaService [33m=[39m [36mnew[39m [33mMediaService[39m(mockUploadDir)[33m;[39m
     [90m    |[39m                    [31m[1m^[22m[39m
     [90m 23 |[39m     jest[33m.[39mclearAllMocks()[33m;[39m
     [90m 24 |[39m   })[33m;[39m
     [90m 25 |[39m[0m

      at Object.<anonymous> (services/mediaService.test.js:22:20)

  ● MediaService › saveMedia › should save media file

    TypeError: MediaService is not a constructor

    [0m [90m 20 |[39m
     [90m 21 |[39m   beforeEach(() [33m=>[39m {
    [31m[1m>[22m[39m[90m 22 |[39m     mediaService [33m=[39m [36mnew[39m [33mMediaService[39m(mockUploadDir)[33m;[39m
     [90m    |[39m                    [31m[1m^[22m[39m
     [90m 23 |[39m     jest[33m.[39mclearAllMocks()[33m;[39m
     [90m 24 |[39m   })[33m;[39m
     [90m 25 |[39m[0m

      at Object.<anonymous> (services/mediaService.test.js:22:20)

  ● MediaService › saveMedia › should handle save errors

    TypeError: MediaService is not a constructor

    [0m [90m 20 |[39m
     [90m 21 |[39m   beforeEach(() [33m=>[39m {
    [31m[1m>[22m[39m[90m 22 |[39m     mediaService [33m=[39m [36mnew[39m [33mMediaService[39m(mockUploadDir)[33m;[39m
     [90m    |[39m                    [31m[1m^[22m[39m
     [90m 23 |[39m     jest[33m.[39mclearAllMocks()[33m;[39m
     [90m 24 |[39m   })[33m;[39m
     [90m 25 |[39m[0m

      at Object.<anonymous> (services/mediaService.test.js:22:20)

  ● MediaService › getMedia › should retrieve media file

    TypeError: MediaService is not a constructor

    [0m [90m 20 |[39m
     [90m 21 |[39m   beforeEach(() [33m=>[39m {
    [31m[1m>[22m[39m[90m 22 |[39m     mediaService [33m=[39m [36mnew[39m [33mMediaService[39m(mockUploadDir)[33m;[39m
     [90m    |[39m                    [31m[1m^[22m[39m
     [90m 23 |[39m     jest[33m.[39mclearAllMocks()[33m;[39m
     [90m 24 |[39m   })[33m;[39m
     [90m 25 |[39m[0m

      at Object.<anonymous> (services/mediaService.test.js:22:20)

  ● MediaService › getMedia › should throw error if file not found

    TypeError: MediaService is not a constructor

    [0m [90m 20 |[39m
     [90m 21 |[39m   beforeEach(() [33m=>[39m {
    [31m[1m>[22m[39m[90m 22 |[39m     mediaService [33m=[39m [36mnew[39m [33mMediaService[39m(mockUploadDir)[33m;[39m
     [90m    |[39m                    [31m[1m^[22m[39m
     [90m 23 |[39m     jest[33m.[39mclearAllMocks()[33m;[39m
     [90m 24 |[39m   })[33m;[39m
     [90m 25 |[39m[0m

      at Object.<anonymous> (services/mediaService.test.js:22:20)

  ● MediaService › deleteMedia › should delete media file

    TypeError: MediaService is not a constructor

    [0m [90m 20 |[39m
     [90m 21 |[39m   beforeEach(() [33m=>[39m {
    [31m[1m>[22m[39m[90m 22 |[39m     mediaService [33m=[39m [36mnew[39m [33mMediaService[39m(mockUploadDir)[33m;[39m
     [90m    |[39m                    [31m[1m^[22m[39m
     [90m 23 |[39m     jest[33m.[39mclearAllMocks()[33m;[39m
     [90m 24 |[39m   })[33m;[39m
     [90m 25 |[39m[0m

      at Object.<anonymous> (services/mediaService.test.js:22:20)

  ● MediaService › deleteMedia › should return false if file not found

    TypeError: MediaService is not a constructor

    [0m [90m 20 |[39m
     [90m 21 |[39m   beforeEach(() [33m=>[39m {
    [31m[1m>[22m[39m[90m 22 |[39m     mediaService [33m=[39m [36mnew[39m [33mMediaService[39m(mockUploadDir)[33m;[39m
     [90m    |[39m                    [31m[1m^[22m[39m
     [90m 23 |[39m     jest[33m.[39mclearAllMocks()[33m;[39m
     [90m 24 |[39m   })[33m;[39m
     [90m 25 |[39m[0m

      at Object.<anonymous> (services/mediaService.test.js:22:20)

  ● MediaService › deleteMedia › should handle deletion errors

    TypeError: MediaService is not a constructor

    [0m [90m 20 |[39m
     [90m 21 |[39m   beforeEach(() [33m=>[39m {
    [31m[1m>[22m[39m[90m 22 |[39m     mediaService [33m=[39m [36mnew[39m [33mMediaService[39m(mockUploadDir)[33m;[39m
     [90m    |[39m                    [31m[1m^[22m[39m
     [90m 23 |[39m     jest[33m.[39mclearAllMocks()[33m;[39m
     [90m 24 |[39m   })[33m;[39m
     [90m 25 |[39m[0m

      at Object.<anonymous> (services/mediaService.test.js:22:20)

  ● MediaService › listMedia › should list all media files

    TypeError: MediaService is not a constructor

    [0m [90m 20 |[39m
     [90m 21 |[39m   beforeEach(() [33m=>[39m {
    [31m[1m>[22m[39m[90m 22 |[39m     mediaService [33m=[39m [36mnew[39m [33mMediaService[39m(mockUploadDir)[33m;[39m
     [90m    |[39m                    [31m[1m^[22m[39m
     [90m 23 |[39m     jest[33m.[39mclearAllMocks()[33m;[39m
     [90m 24 |[39m   })[33m;[39m
     [90m 25 |[39m[0m

      at Object.<anonymous> (services/mediaService.test.js:22:20)

  ● MediaService › listMedia › should return empty array if no files

    TypeError: MediaService is not a constructor

    [0m [90m 20 |[39m
     [90m 21 |[39m   beforeEach(() [33m=>[39m {
    [31m[1m>[22m[39m[90m 22 |[39m     mediaService [33m=[39m [36mnew[39m [33mMediaService[39m(mockUploadDir)[33m;[39m
     [90m    |[39m                    [31m[1m^[22m[39m
     [90m 23 |[39m     jest[33m.[39mclearAllMocks()[33m;[39m
     [90m 24 |[39m   })[33m;[39m
     [90m 25 |[39m[0m

      at Object.<anonymous> (services/mediaService.test.js:22:20)

  ● MediaService › listMedia › should handle listing errors

    TypeError: MediaService is not a constructor

    [0m [90m 20 |[39m
     [90m 21 |[39m   beforeEach(() [33m=>[39m {
    [31m[1m>[22m[39m[90m 22 |[39m     mediaService [33m=[39m [36mnew[39m [33mMediaService[39m(mockUploadDir)[33m;[39m
     [90m    |[39m                    [31m[1m^[22m[39m
     [90m 23 |[39m     jest[33m.[39mclearAllMocks()[33m;[39m
     [90m 24 |[39m   })[33m;[39m
     [90m 25 |[39m[0m

      at Object.<anonymous> (services/mediaService.test.js:22:20)

PASS ./errorLogging.test.js
PASS services/aiService.test.js
  ● Console

    console.log
      ✓ Gemini API initialized (Model: gemini-2.5-flash)

      at log (services/aiService.js:26:13)

    console.log
      → Generating content plan with AI...

      at Object.log [as generateContentPlan] (services/aiService.js:71:17)

    console.log
      ↻ Retrying AI content generation...

      at Object.log [as generateContentPlan] (services/aiService.js:274:21)

    console.log
      → Generating content plan with AI...

      at log (services/aiService.js:71:17)

    console.error
      ✗ AI service error: Invalid JSON response from AI: Unexpected token 'T', "This is no"... is not valid JSON

      267 |         
      268 |     } catch (error) {
    > 269 |         console.error('✗ AI service error:', error.message);
          |                 ^
      270 |         console.error(error.stack);
      271 |         
      272 |         // Retry logic for invalid JSON responses (1 retry)

      at Object.error [as generateContentPlan] (services/aiService.js:269:17)
      at Object.<anonymous> (services/aiService.test.js:337:24)

    console.error
      Error: Invalid JSON response from AI: Unexpected token 'T', "This is no"... is not valid JSON
          at Object.generateContentPlan (C:\Users\SAIF\Desktop\Projects\Personal\autoPost\services\aiService.js:247:19)
          at processTicksAndRejections (node:internal/process/task_queues:103:5)
          at Object.<anonymous> (C:\Users\SAIF\Desktop\Projects\Personal\autoPost\services\aiService.test.js:337:24)

      268 |     } catch (error) {
      269 |         console.error('✗ AI service error:', error.message);
    > 270 |         console.error(error.stack);
          |                 ^
      271 |         
      272 |         // Retry logic for invalid JSON responses (1 retry)
      273 |         if (retryCount < 1) {

      at Object.error [as generateContentPlan] (services/aiService.js:270:17)
      at Object.<anonymous> (services/aiService.test.js:337:24)

    console.warn
      ⚠ AI omitted footer — appending it automatically

      251 |         const MANDATORY_FOOTER = `👇 Let's build something amazing:\n🌐 Web: https://sitesbysayyad.com/\n📞 Call: +91 91720 08681\n💬 WhatsApp: +91 86051 37805`;
      252 |         if (plan.caption && !plan.caption.includes('sitesbysayyad.com')) {
    > 253 |             console.warn('⚠ AI omitted footer — appending it automatically');
          |                     ^
      254 |             plan.caption = plan.caption.trimEnd() + '\n\n' + MANDATORY_FOOTER;
      255 |         }
      256 |

      at warn (services/aiService.js:253:21)
      at Object.<anonymous> (services/aiService.test.js:337:24)

    console.log
      ✓ Gemini API initialized (Model: gemini-2.5-flash)

      at log (services/aiService.js:26:13)

    console.log
      → Generating content plan with AI...

      at Object.log [as generateContentPlan] (services/aiService.js:71:17)

    console.error
      ✗ AI service error: Invalid JSON response from AI: Unexpected token 'T', "This is no"... is not valid JSON

      267 |         
      268 |     } catch (error) {
    > 269 |         console.error('✗ AI service error:', error.message);
          |                 ^
      270 |         console.error(error.stack);
      271 |         
      272 |         // Retry logic for invalid JSON responses (1 retry)

      at Object.error [as generateContentPlan] (services/aiService.js:269:17)
      at Object.<anonymous> (services/aiService.test.js:373:9)

    console.error
      Error: Invalid JSON response from AI: Unexpected token 'T', "This is no"... is not valid JSON
          at Object.generateContentPlan (C:\Users\SAIF\Desktop\Projects\Personal\autoPost\services\aiService.js:247:19)
          at processTicksAndRejections (node:internal/process/task_queues:103:5)
          at Object.<anonymous> (C:\Users\SAIF\Desktop\Projects\Personal\autoPost\services\aiService.test.js:373:9)

      268 |     } catch (error) {
      269 |         console.error('✗ AI service error:', error.message);
    > 270 |         console.error(error.stack);
          |                 ^
      271 |         
      272 |         // Retry logic for invalid JSON responses (1 retry)
      273 |         if (retryCount < 1) {

      at Object.error [as generateContentPlan] (services/aiService.js:270:17)
      at Object.<anonymous> (services/aiService.test.js:373:9)

    console.log
      ↻ Retrying AI content generation...

      at Object.log [as generateContentPlan] (services/aiService.js:274:21)

    console.log
      → Generating content plan with AI...

      at log (services/aiService.js:71:17)

    console.error
      ✗ AI service error: Invalid JSON response from AI: Unexpected token 'T', "This is no"... is not valid JSON

      267 |         
      268 |     } catch (error) {
    > 269 |         console.error('✗ AI service error:', error.message);
          |                 ^
      270 |         console.error(error.stack);
      271 |         
      272 |         // Retry logic for invalid JSON responses (1 retry)

      at error (services/aiService.js:269:17)
      at Object.<anonymous> (services/aiService.test.js:373:9)

    console.error
      Error: Invalid JSON response from AI: Unexpected token 'T', "This is no"... is not valid JSON
          at generateContentPlan (C:\Users\SAIF\Desktop\Projects\Personal\autoPost\services\aiService.js:247:19)
          at processTicksAndRejections (node:internal/process/task_queues:103:5)
          at Object.<anonymous> (C:\Users\SAIF\Desktop\Projects\Personal\autoPost\services\aiService.test.js:373:9)

      268 |     } catch (error) {
      269 |         console.error('✗ AI service error:', error.message);
    > 270 |         console.error(error.stack);
          |                 ^
      271 |         
      272 |         // Retry logic for invalid JSON responses (1 retry)
      273 |         if (retryCount < 1) {

      at error (services/aiService.js:270:17)
      at Object.<anonymous> (services/aiService.test.js:373:9)

FAIL ./index.test.js
  ● Application Entry Point - Unit Tests › should initialize database on startup

    expect(jest.fn()).toHaveBeenCalled()

    Expected number of calls: >= 1
    Received number of calls:    0

    [0m [90m 187 |[39m         
     [90m 188 |[39m         [90m// Verify database was initialized[39m
    [31m[1m>[22m[39m[90m 189 |[39m         expect(db[33m.[39minitializeDatabase)[33m.[39mtoHaveBeenCalled()[33m;[39m
     [90m     |[39m                                       [31m[1m^[22m[39m
     [90m 190 |[39m     })[33m;[39m
     [90m 191 |[39m     
     [90m 192 |[39m     [90m/**[39m[0m

      at Object.toHaveBeenCalled (index.test.js:189:39)

  ● Application Entry Point - Unit Tests › should register cron jobs with correct schedules

    expect(jest.fn()).toHaveBeenCalledTimes(expected)

    Expected number of calls: 3
    Received number of calls: 0

    [0m [90m 205 |[39m         
     [90m 206 |[39m         [90m// Verify cron jobs were registered with correct schedules[39m
    [31m[1m>[22m[39m[90m 207 |[39m         expect(cron[33m.[39mschedule)[33m.[39mtoHaveBeenCalledTimes([35m3[39m)[33m;[39m
     [90m     |[39m                               [31m[1m^[22m[39m
     [90m 208 |[39m         
     [90m 209 |[39m         [90m// Check nightly analysis schedule (11:30 PM)[39m
     [90m 210 |[39m         expect(cron[33m.[39mschedule)[33m.[39mtoHaveBeenCalledWith([0m

      at Object.toHaveBeenCalledTimes (index.test.js:207:31)

  ● Application Entry Point - Unit Tests › should exit when GEMINI_API_KEY is missing

    expect(jest.fn()).toHaveBeenCalledWith(...expected)

    Expected: StringContaining "GEMINI_API_KEY"
    Received
           1: ""
           2: "═══════════════════════════════════════════════════════════"
           3: "✗ APPLICATION STARTUP FAILED"

    Number of calls: 7

    [0m [90m 244 |[39m         
     [90m 245 |[39m         [90m// Verify error was logged[39m
    [31m[1m>[22m[39m[90m 246 |[39m         expect(console[33m.[39merror)[33m.[39mtoHaveBeenCalledWith(
     [90m     |[39m                               [31m[1m^[22m[39m
     [90m 247 |[39m             expect[33m.[39mstringContaining([32m'GEMINI_API_KEY'[39m)
     [90m 248 |[39m         )[33m;[39m
     [90m 249 |[39m     })[33m;[39m[0m

      at Object.toHaveBeenCalledWith (index.test.js:246:31)

  ● Application Entry Point - Unit Tests › should log warnings for missing optional credentials

    expect(jest.fn()).toHaveBeenCalledWith(...expected)

    Expected: StringContaining "FB_PAGE_ACCESS_TOKEN"

    Number of calls: 0

    [0m [90m 267 |[39m         
     [90m 268 |[39m         [90m// Verify warnings were logged for missing optional credentials[39m
    [31m[1m>[22m[39m[90m 269 |[39m         expect(console[33m.[39mwarn)[33m.[39mtoHaveBeenCalledWith(
     [90m     |[39m                              [31m[1m^[22m[39m
     [90m 270 |[39m             expect[33m.[39mstringContaining([32m'FB_PAGE_ACCESS_TOKEN'[39m)
     [90m 271 |[39m         )[33m;[39m
     [90m 272 |[39m         expect(console[33m.[39mwarn)[33m.[39mtoHaveBeenCalledWith([0m

      at Object.toHaveBeenCalledWith (index.test.js:269:30)

  ● Application Entry Point - Unit Tests › should initialize Gemini API on startup

    expect(jest.fn()).toHaveBeenCalled()

    Expected number of calls: >= 1
    Received number of calls:    0

    [0m [90m 296 |[39m         
     [90m 297 |[39m         [90m// Verify Gemini was initialized[39m
    [31m[1m>[22m[39m[90m 298 |[39m         expect(aiService[33m.[39minitializeGemini)[33m.[39mtoHaveBeenCalled()[33m;[39m
     [90m     |[39m                                            [31m[1m^[22m[39m
     [90m 299 |[39m     })[33m;[39m
     [90m 300 |[39m     
     [90m 301 |[39m     [90m/**[39m[0m

      at Object.toHaveBeenCalled (index.test.js:298:44)

  ● Application Entry Point - Unit Tests › should handle SIGINT gracefully

    expect(jest.fn()).toHaveBeenCalled()

    Expected number of calls: >= 1
    Received number of calls:    0

    [0m [90m 320 |[39m         
     [90m 321 |[39m         [90m// Verify database was closed[39m
    [31m[1m>[22m[39m[90m 322 |[39m         expect(db[33m.[39mcloseDatabase)[33m.[39mtoHaveBeenCalled()[33m;[39m
     [90m     |[39m                                  [31m[1m^[22m[39m
     [90m 323 |[39m         
     [90m 324 |[39m         [90m// Verify process exited with success code[39m
     [90m 325 |[39m         expect(process[33m.[39mexit)[33m.[39mtoHaveBeenCalledWith([35m0[39m)[33m;[39m[0m

      at Object.toHaveBeenCalled (index.test.js:322:34)

  ● Application Entry Point - Unit Tests › should handle SIGTERM gracefully

    expect(jest.fn()).toHaveBeenCalled()

    Expected number of calls: >= 1
    Received number of calls:    0

    [0m [90m 347 |[39m         
     [90m 348 |[39m         [90m// Verify database was closed[39m
    [31m[1m>[22m[39m[90m 349 |[39m         expect(db[33m.[39mcloseDatabase)[33m.[39mtoHaveBeenCalled()[33m;[39m
     [90m     |[39m                                  [31m[1m^[22m[39m
     [90m 350 |[39m         
     [90m 351 |[39m         [90m// Verify process exited with success code[39m
     [90m 352 |[39m         expect(process[33m.[39mexit)[33m.[39mtoHaveBeenCalledWith([35m0[39m)[33m;[39m[0m

      at Object.toHaveBeenCalled (index.test.js:349:34)

FAIL jobs/dailyManager.test.js
  ● Console

    console.log
      
      ═══════════════════════════════════════════════════════════

      at log (jobs/dailyManager.js:58:13)

    console.log
      → EXECUTION PHASE STARTED

      at log (jobs/dailyManager.js:59:13)

    console.log
      ═══════════════════════════════════════════════════════════

      at log (jobs/dailyManager.js:60:13)

    console.log
      → Post ID 2 | Format: post | Platform: both

      at log (jobs/dailyManager.js:71:17)

    console.log
        Topic: 8

      at log (jobs/dailyManager.js:72:17)

    console.log
      
      ═══════════════════════════════════════════════════════════

      at log (jobs/dailyManager.js:89:21)

    console.log
      ✓ EXECUTION PHASE COMPLETED - Post ID: 2

      at log (jobs/dailyManager.js:90:21)

    console.log
        Published to: facebook, instagram

      at log (jobs/dailyManager.js:91:21)

    console.log
      ═══════════════════════════════════════════════════════════

      at log (jobs/dailyManager.js:92:21)

    console.log
      
      ═══════════════════════════════════════════════════════════

      at log (jobs/dailyManager.js:58:13)

    console.log
      → EXECUTION PHASE STARTED

      at log (jobs/dailyManager.js:59:13)

    console.log
      ═══════════════════════════════════════════════════════════

      at log (jobs/dailyManager.js:60:13)

    console.log
      → Post ID 1 | Format: post | Platform: both

      at log (jobs/dailyManager.js:71:17)

    console.log
        Topic: 8

      at log (jobs/dailyManager.js:72:17)

    console.log
      
      ═══════════════════════════════════════════════════════════

      at log (jobs/dailyManager.js:89:21)

    console.log
      ✓ EXECUTION PHASE COMPLETED - Post ID: 1

      at log (jobs/dailyManager.js:90:21)

    console.log
        Published to: facebook, instagram

      at log (jobs/dailyManager.js:91:21)

    console.log
      ═══════════════════════════════════════════════════════════

      at log (jobs/dailyManager.js:92:21)

    console.log
      
      ═══════════════════════════════════════════════════════════

      at log (jobs/dailyManager.js:58:13)

    console.log
      → EXECUTION PHASE STARTED

      at log (jobs/dailyManager.js:59:13)

    console.log
      ═══════════════════════════════════════════════════════════

      at log (jobs/dailyManager.js:60:13)

    console.log
      → Post ID 1 | Format: post | Platform: both

      at log (jobs/dailyManager.js:71:17)

    console.log
        Topic: 8

      at log (jobs/dailyManager.js:72:17)

    console.log
      
      ═══════════════════════════════════════════════════════════

      at log (jobs/dailyManager.js:89:21)

    console.log
      ✓ EXECUTION PHASE COMPLETED - Post ID: 1

      at log (jobs/dailyManager.js:90:21)

    console.log
        Published to: facebook, instagram

      at log (jobs/dailyManager.js:91:21)

    console.log
      ═══════════════════════════════════════════════════════════

      at log (jobs/dailyManager.js:92:21)

    console.log
      
      ═══════════════════════════════════════════════════════════

      at log (jobs/dailyManager.js:58:13)

    console.log
      → EXECUTION PHASE STARTED

      at log (jobs/dailyManager.js:59:13)

    console.log
      ═══════════════════════════════════════════════════════════

      at log (jobs/dailyManager.js:60:13)

    console.log
      → Post ID 1 | Format: post | Platform: both

      at log (jobs/dailyManager.js:71:17)

    console.log
        Topic: 8

      at log (jobs/dailyManager.js:72:17)

    console.log
      
      ═══════════════════════════════════════════════════════════

      at log (jobs/dailyManager.js:89:21)

    console.log
      ✓ EXECUTION PHASE COMPLETED - Post ID: 1

      at log (jobs/dailyManager.js:90:21)

    console.log
        Published to: facebook, instagram

      at log (jobs/dailyManager.js:91:21)

    console.log
      ═══════════════════════════════════════════════════════════

      at log (jobs/dailyManager.js:92:21)

    console.log
      
      ═══════════════════════════════════════════════════════════

      at log (jobs/dailyManager.js:58:13)

    console.log
      → EXECUTION PHASE STARTED

      at log (jobs/dailyManager.js:59:13)

    console.log
      ═══════════════════════════════════════════════════════════

      at log (jobs/dailyManager.js:60:13)

    console.log
      → Post ID 1 | Format: post | Platform: both

      at log (jobs/dailyManager.js:71:17)

    console.log
        Topic: 8

      at log (jobs/dailyManager.js:72:17)

    console.log
      
      ═══════════════════════════════════════════════════════════

      at log (jobs/dailyManager.js:89:21)

    console.log
      ✓ EXECUTION PHASE COMPLETED - Post ID: 1

      at log (jobs/dailyManager.js:90:21)

    console.log
        Published to: facebook, instagram

      at log (jobs/dailyManager.js:91:21)

    console.log
      ═══════════════════════════════════════════════════════════

      at log (jobs/dailyManager.js:92:21)

    console.log
      
      ═══════════════════════════════════════════════════════════

      at log (jobs/dailyManager.js:58:13)

    console.log
      → EXECUTION PHASE STARTED

      at log (jobs/dailyManager.js:59:13)

    console.log
      ═══════════════════════════════════════════════════════════

      at log (jobs/dailyManager.js:60:13)

    console.log
      → Post ID 1 | Format: post | Platform: facebook

      at log (jobs/dailyManager.js:71:17)

    console.log
        Topic: 8

      at log (jobs/dailyManager.js:72:17)

    console.log
      
      ═══════════════════════════════════════════════════════════

      at log (jobs/dailyManager.js:89:21)

    console.log
      ✓ EXECUTION PHASE COMPLETED - Post ID: 1

      at log (jobs/dailyManager.js:90:21)

    console.log
        Published to: facebook

      at log (jobs/dailyManager.js:91:21)

    console.log
      ═══════════════════════════════════════════════════════════

      at log (jobs/dailyManager.js:92:21)

    console.log
      
      ═══════════════════════════════════════════════════════════

      at log (jobs/dailyManager.js:58:13)

    console.log
      → EXECUTION PHASE STARTED

      at log (jobs/dailyManager.js:59:13)

    console.log
      ═══════════════════════════════════════════════════════════

      at log (jobs/dailyManager.js:60:13)

    console.log
      → Post ID 1 | Format: post | Platform: facebook

      at log (jobs/dailyManager.js:71:17)

    console.log
        Topic:

      at log (jobs/dailyManager.js:72:17)

    console.log
      
      ═══════════════════════════════════════════════════════════

      at log (jobs/dailyManager.js:89:21)

    console.log
      ✓ EXECUTION PHASE COMPLETED - Post ID: 1

      at log (jobs/dailyManager.js:90:21)

    console.log
        Published to: facebook

      at log (jobs/dailyManager.js:91:21)

    console.log
      ═══════════════════════════════════════════════════════════

      at log (jobs/dailyManager.js:92:21)

    console.log
      
      ═══════════════════════════════════════════════════════════

      at log (jobs/dailyManager.js:58:13)

    console.log
      → EXECUTION PHASE STARTED

      at log (jobs/dailyManager.js:59:13)

    console.log
      ═══════════════════════════════════════════════════════════

      at log (jobs/dailyManager.js:60:13)

    console.log
      → Post ID 1 | Format: post | Platform: facebook

      at log (jobs/dailyManager.js:71:17)

    console.log
        Topic:

      at log (jobs/dailyManager.js:72:17)

    console.log
      
      ═══════════════════════════════════════════════════════════

      at log (jobs/dailyManager.js:89:21)

    console.log
      ✓ EXECUTION PHASE COMPLETED - Post ID: 1

      at log (jobs/dailyManager.js:90:21)

    console.log
        Published to: facebook

      at log (jobs/dailyManager.js:91:21)

    console.log
      ═══════════════════════════════════════════════════════════

      at log (jobs/dailyManager.js:92:21)

    console.log
      
      ═══════════════════════════════════════════════════════════

      at console.originalLog (jobs/dailyManager.test.js:132:25)

    console.log
      → EXECUTION PHASE STARTED

      at console.originalLog (jobs/dailyManager.test.js:132:25)

    console.log
      ═══════════════════════════════════════════════════════════

      at console.originalLog (jobs/dailyManager.test.js:132:25)

    console.log
      ⚠ No planned post for today — skipping

      at console.originalLog (jobs/dailyManager.test.js:132:25)

    console.log
      ═══════════════════════════════════════════════════════════

      at console.originalLog (jobs/dailyManager.test.js:132:25)

    console.log
      
      ═══════════════════════════════════════════════════════════

      at console.originalLog (jobs/dailyManager.test.js:132:25)

    console.log
      → NIGHTLY ANALYSIS PHASE STARTED

      at console.originalLog (jobs/dailyManager.test.js:132:25)

    console.log
      ═══════════════════════════════════════════════════════════

      at console.originalLog (jobs/dailyManager.test.js:132:25)

    console.error
      
      ═══════════════════════════════════════════════════════════

      134 |                     console.error = jest.fn((...args) => {
      135 |                         logs.push({ level: 'error', message: args.join(' ') });
    > 136 |                         originalError(...args);
          |                         ^
      137 |                     });
      138 |                     
      139 |                     // Mock successful operations

      at console.originalError (jobs/dailyManager.test.js:136:25)
      at error (jobs/dailyManager.js:47:17)
      at jobs/dailyManager.test.js:153:25
      at AsyncProperty.run (node_modules/fast-check/lib/cjs/fast-check.js:1208:19)
      at asyncRunIt (node_modules/fast-check/lib/cjs/fast-check.js:2503:15)
      at Object.<anonymous> (jobs/dailyManager.test.js:122:9)

    console.error
      ✗ NIGHTLY ANALYSIS PHASE FAILED

      134 |                     console.error = jest.fn((...args) => {
      135 |                         logs.push({ level: 'error', message: args.join(' ') });
    > 136 |                         originalError(...args);
          |                         ^
      137 |                     });
      138 |                     
      139 |                     // Mock successful operations

      at console.originalError (jobs/dailyManager.test.js:136:25)
      at error (jobs/dailyManager.js:48:17)
      at jobs/dailyManager.test.js:153:25
      at AsyncProperty.run (node_modules/fast-check/lib/cjs/fast-check.js:1208:19)
      at asyncRunIt (node_modules/fast-check/lib/cjs/fast-check.js:2503:15)
      at Object.<anonymous> (jobs/dailyManager.test.js:122:9)

    console.error
      ═══════════════════════════════════════════════════════════

      134 |                     console.error = jest.fn((...args) => {
      135 |                         logs.push({ level: 'error', message: args.join(' ') });
    > 136 |                         originalError(...args);
          |                         ^
      137 |                     });
      138 |                     
      139 |                     // Mock successful operations

      at console.originalError (jobs/dailyManager.test.js:136:25)
      at error (jobs/dailyManager.js:49:17)
      at jobs/dailyManager.test.js:153:25
      at AsyncProperty.run (node_modules/fast-check/lib/cjs/fast-check.js:1208:19)
      at asyncRunIt (node_modules/fast-check/lib/cjs/fast-check.js:2503:15)
      at Object.<anonymous> (jobs/dailyManager.test.js:122:9)

    console.error
      Error: Cannot read properties of undefined (reading 'length')

      134 |                     console.error = jest.fn((...args) => {
      135 |                         logs.push({ level: 'error', message: args.join(' ') });
    > 136 |                         originalError(...args);
          |                         ^
      137 |                     });
      138 |                     
      139 |                     // Mock successful operations

      at console.originalError (jobs/dailyManager.test.js:136:25)
      at error (jobs/dailyManager.js:50:17)
      at jobs/dailyManager.test.js:153:25
      at AsyncProperty.run (node_modules/fast-check/lib/cjs/fast-check.js:1208:19)
      at asyncRunIt (node_modules/fast-check/lib/cjs/fast-check.js:2503:15)
      at Object.<anonymous> (jobs/dailyManager.test.js:122:9)

    console.log
      ⚠ System will continue — retry on next cycle

      at console.originalLog (jobs/dailyManager.test.js:132:25)

    console.log
      
      ═══════════════════════════════════════════════════════════

      at log (jobs/dailyManager.js:111:13)

    console.log
      → ANALYTICS SYNC PHASE STARTED

      at log (jobs/dailyManager.js:112:13)

    console.log
      ═══════════════════════════════════════════════════════════

      at log (jobs/dailyManager.js:113:13)

    console.error
      
      ═══════════════════════════════════════════════════════════

      140 |
      141 |     } catch (error) {
    > 142 |         console.error('\n═══════════════════════════════════════════════════════════');
          |                 ^
      143 |         console.error('✗ ANALYTICS SYNC PHASE FAILED');
      144 |         console.error('═══════════════════════════════════════════════════════════');
      145 |         console.error('Error:', error.message);

      at error (jobs/dailyManager.js:142:17)
      at jobs/dailyManager.test.js:251:25
      at AsyncProperty.run (node_modules/fast-check/lib/cjs/fast-check.js:1208:19)
      at asyncRunIt (node_modules/fast-check/lib/cjs/fast-check.js:2503:15)
      at Object.<anonymous> (jobs/dailyManager.test.js:192:9)

    console.error
      ✗ ANALYTICS SYNC PHASE FAILED

      141 |     } catch (error) {
      142 |         console.error('\n═══════════════════════════════════════════════════════════');
    > 143 |         console.error('✗ ANALYTICS SYNC PHASE FAILED');
          |                 ^
      144 |         console.error('═══════════════════════════════════════════════════════════');
      145 |         console.error('Error:', error.message);
      146 |         console.log('⚠ System will continue — retry on next cycle\n');

      at error (jobs/dailyManager.js:143:17)
      at jobs/dailyManager.test.js:251:25
      at AsyncProperty.run (node_modules/fast-check/lib/cjs/fast-check.js:1208:19)
      at asyncRunIt (node_modules/fast-check/lib/cjs/fast-check.js:2503:15)
      at Object.<anonymous> (jobs/dailyManager.test.js:192:9)

    console.error
      ═══════════════════════════════════════════════════════════

      142 |         console.error('\n═══════════════════════════════════════════════════════════');
      143 |         console.error('✗ ANALYTICS SYNC PHASE FAILED');
    > 144 |         console.error('═══════════════════════════════════════════════════════════');
          |                 ^
      145 |         console.error('Error:', error.message);
      146 |         console.log('⚠ System will continue — retry on next cycle\n');
      147 |     }

      at error (jobs/dailyManager.js:144:17)
      at jobs/dailyManager.test.js:251:25
      at AsyncProperty.run (node_modules/fast-check/lib/cjs/fast-check.js:1208:19)
      at asyncRunIt (node_modules/fast-check/lib/cjs/fast-check.js:2503:15)
      at Object.<anonymous> (jobs/dailyManager.test.js:192:9)

    console.error
      Error: Database query failed

      143 |         console.error('✗ ANALYTICS SYNC PHASE FAILED');
      144 |         console.error('═══════════════════════════════════════════════════════════');
    > 145 |         console.error('Error:', error.message);
          |                 ^
      146 |         console.log('⚠ System will continue — retry on next cycle\n');
      147 |     }
      148 | }

      at error (jobs/dailyManager.js:145:17)
      at jobs/dailyManager.test.js:251:25
      at AsyncProperty.run (node_modules/fast-check/lib/cjs/fast-check.js:1208:19)
      at asyncRunIt (node_modules/fast-check/lib/cjs/fast-check.js:2503:15)
      at Object.<anonymous> (jobs/dailyManager.test.js:192:9)

    console.log
      ⚠ System will continue — retry on next cycle

      at log (jobs/dailyManager.js:146:17)

    console.log
      
      ═══════════════════════════════════════════════════════════

      at log (jobs/dailyManager.js:58:13)

    console.log
      → EXECUTION PHASE STARTED

      at log (jobs/dailyManager.js:59:13)

    console.log
      ═══════════════════════════════════════════════════════════

      at log (jobs/dailyManager.js:60:13)

    console.log
      → Post ID 1 | Format: post | Platform: facebook

      at log (jobs/dailyManager.js:71:17)

    console.log
        Topic: Test

      at log (jobs/dailyManager.js:72:17)

    console.error
      
      ═══════════════════════════════════════════════════════════

       98 |
       99 |     } catch (error) {
    > 100 |         console.error('\n═══════════════════════════════════════════════════════════');
          |                 ^
      101 |         console.error('✗ EXECUTION PHASE FAILED');
      102 |         console.error('═══════════════════════════════════════════════════════════');
      103 |         console.error('Error:', error.message);

      at error (jobs/dailyManager.js:100:17)
      at jobs/dailyManager.test.js:239:25
      at AsyncProperty.run (node_modules/fast-check/lib/cjs/fast-check.js:1208:19)
      at asyncRunIt (node_modules/fast-check/lib/cjs/fast-check.js:2503:15)
      at Object.<anonymous> (jobs/dailyManager.test.js:192:9)

    console.error
      ✗ EXECUTION PHASE FAILED

       99 |     } catch (error) {
      100 |         console.error('\n═══════════════════════════════════════════════════════════');
    > 101 |         console.error('✗ EXECUTION PHASE FAILED');
          |                 ^
      102 |         console.error('═══════════════════════════════════════════════════════════');
      103 |         console.error('Error:', error.message);
      104 |         console.log('⚠ System will continue — retry on next cycle\n');

      at error (jobs/dailyManager.js:101:17)
      at jobs/dailyManager.test.js:239:25
      at AsyncProperty.run (node_modules/fast-check/lib/cjs/fast-check.js:1208:19)
      at asyncRunIt (node_modules/fast-check/lib/cjs/fast-check.js:2503:15)
      at Object.<anonymous> (jobs/dailyManager.test.js:192:9)

    console.error
      ═══════════════════════════════════════════════════════════

      100 |         console.error('\n═══════════════════════════════════════════════════════════');
      101 |         console.error('✗ EXECUTION PHASE FAILED');
    > 102 |         console.error('═══════════════════════════════════════════════════════════');
          |                 ^
      103 |         console.error('Error:', error.message);
      104 |         console.log('⚠ System will continue — retry on next cycle\n');
      105 |     }

      at error (jobs/dailyManager.js:102:17)
      at jobs/dailyManager.test.js:239:25
      at AsyncProperty.run (node_modules/fast-check/lib/cjs/fast-check.js:1208:19)
      at asyncRunIt (node_modules/fast-check/lib/cjs/fast-check.js:2503:15)
      at Object.<anonymous> (jobs/dailyManager.test.js:192:9)

    console.error
      Error: Publish failed

      101 |         console.error('✗ EXECUTION PHASE FAILED');
      102 |         console.error('═══════════════════════════════════════════════════════════');
    > 103 |         console.error('Error:', error.message);
          |                 ^
      104 |         console.log('⚠ System will continue — retry on next cycle\n');
      105 |     }
      106 | }

      at error (jobs/dailyManager.js:103:17)
      at jobs/dailyManager.test.js:239:25
      at AsyncProperty.run (node_modules/fast-check/lib/cjs/fast-check.js:1208:19)
      at asyncRunIt (node_modules/fast-check/lib/cjs/fast-check.js:2503:15)
      at Object.<anonymous> (jobs/dailyManager.test.js:192:9)

    console.log
      ⚠ System will continue — retry on next cycle

      at log (jobs/dailyManager.js:104:17)

    console.log
      
      ═══════════════════════════════════════════════════════════

      at log (jobs/dailyManager.js:111:13)

    console.log
      → ANALYTICS SYNC PHASE STARTED

      at log (jobs/dailyManager.js:112:13)

    console.log
      ═══════════════════════════════════════════════════════════

      at log (jobs/dailyManager.js:113:13)

    console.error
      
      ═══════════════════════════════════════════════════════════

      140 |
      141 |     } catch (error) {
    > 142 |         console.error('\n═══════════════════════════════════════════════════════════');
          |                 ^
      143 |         console.error('✗ ANALYTICS SYNC PHASE FAILED');
      144 |         console.error('═══════════════════════════════════════════════════════════');
      145 |         console.error('Error:', error.message);

      at error (jobs/dailyManager.js:142:17)
      at jobs/dailyManager.test.js:251:25
      at AsyncProperty.run (node_modules/fast-check/lib/cjs/fast-check.js:1208:19)
      at asyncRunIt (node_modules/fast-check/lib/cjs/fast-check.js:2503:15)
      at Object.<anonymous> (jobs/dailyManager.test.js:192:9)

    console.error
      ✗ ANALYTICS SYNC PHASE FAILED

      141 |     } catch (error) {
      142 |         console.error('\n═══════════════════════════════════════════════════════════');
    > 143 |         console.error('✗ ANALYTICS SYNC PHASE FAILED');
          |                 ^
      144 |         console.error('═══════════════════════════════════════════════════════════');
      145 |         console.error('Error:', error.message);
      146 |         console.log('⚠ System will continue — retry on next cycle\n');

      at error (jobs/dailyManager.js:143:17)
      at jobs/dailyManager.test.js:251:25
      at AsyncProperty.run (node_modules/fast-check/lib/cjs/fast-check.js:1208:19)
      at asyncRunIt (node_modules/fast-check/lib/cjs/fast-check.js:2503:15)
      at Object.<anonymous> (jobs/dailyManager.test.js:192:9)

    console.error
      ═══════════════════════════════════════════════════════════

      142 |         console.error('\n═══════════════════════════════════════════════════════════');
      143 |         console.error('✗ ANALYTICS SYNC PHASE FAILED');
    > 144 |         console.error('═══════════════════════════════════════════════════════════');
          |                 ^
      145 |         console.error('Error:', error.message);
      146 |         console.log('⚠ System will continue — retry on next cycle\n');
      147 |     }

      at error (jobs/dailyManager.js:144:17)
      at jobs/dailyManager.test.js:251:25
      at AsyncProperty.run (node_modules/fast-check/lib/cjs/fast-check.js:1208:19)
      at asyncRunIt (node_modules/fast-check/lib/cjs/fast-check.js:2503:15)
      at Object.<anonymous> (jobs/dailyManager.test.js:192:9)

    console.error
      Error: Database query failed

      143 |         console.error('✗ ANALYTICS SYNC PHASE FAILED');
      144 |         console.error('═══════════════════════════════════════════════════════════');
    > 145 |         console.error('Error:', error.message);
          |                 ^
      146 |         console.log('⚠ System will continue — retry on next cycle\n');
      147 |     }
      148 | }

      at error (jobs/dailyManager.js:145:17)
      at jobs/dailyManager.test.js:251:25
      at AsyncProperty.run (node_modules/fast-check/lib/cjs/fast-check.js:1208:19)
      at asyncRunIt (node_modules/fast-check/lib/cjs/fast-check.js:2503:15)
      at Object.<anonymous> (jobs/dailyManager.test.js:192:9)

    console.log
      ⚠ System will continue — retry on next cycle

      at log (jobs/dailyManager.js:146:17)

    console.log
      
      ═══════════════════════════════════════════════════════════

      at log (jobs/dailyManager.js:27:13)

    console.log
      → NIGHTLY ANALYSIS PHASE STARTED

      at log (jobs/dailyManager.js:28:13)

    console.log
      ═══════════════════════════════════════════════════════════

      at log (jobs/dailyManager.js:29:13)

    console.error
      
      ═══════════════════════════════════════════════════════════

      45 |
      46 |     } catch (error) {
    > 47 |         console.error('\n═══════════════════════════════════════════════════════════');
         |                 ^
      48 |         console.error('✗ NIGHTLY ANALYSIS PHASE FAILED');
      49 |         console.error('═══════════════════════════════════════════════════════════');
      50 |         console.error('Error:', error.message);

      at error (jobs/dailyManager.js:47:17)
      at jobs/dailyManager.test.js:213:25
      at AsyncProperty.run (node_modules/fast-check/lib/cjs/fast-check.js:1208:19)
      at asyncRunIt (node_modules/fast-check/lib/cjs/fast-check.js:2503:15)
      at Object.<anonymous> (jobs/dailyManager.test.js:192:9)

    console.error
      ✗ NIGHTLY ANALYSIS PHASE FAILED

      46 |     } catch (error) {
      47 |         console.error('\n═══════════════════════════════════════════════════════════');
    > 48 |         console.error('✗ NIGHTLY ANALYSIS PHASE FAILED');
         |                 ^
      49 |         console.error('═══════════════════════════════════════════════════════════');
      50 |         console.error('Error:', error.message);
      51 |         console.log('⚠ System will continue — retry on next cycle\n');

      at error (jobs/dailyManager.js:48:17)
      at jobs/dailyManager.test.js:213:25
      at AsyncProperty.run (node_modules/fast-check/lib/cjs/fast-check.js:1208:19)
      at asyncRunIt (node_modules/fast-check/lib/cjs/fast-check.js:2503:15)
      at Object.<anonymous> (jobs/dailyManager.test.js:192:9)

    console.error
      ═══════════════════════════════════════════════════════════

      47 |         console.error('\n═══════════════════════════════════════════════════════════');
      48 |         console.error('✗ NIGHTLY ANALYSIS PHASE FAILED');
    > 49 |         console.error('═══════════════════════════════════════════════════════════');
         |                 ^
      50 |         console.error('Error:', error.message);
      51 |         console.log('⚠ System will continue — retry on next cycle\n');
      52 |     }

      at error (jobs/dailyManager.js:49:17)
      at jobs/dailyManager.test.js:213:25
      at AsyncProperty.run (node_modules/fast-check/lib/cjs/fast-check.js:1208:19)
      at asyncRunIt (node_modules/fast-check/lib/cjs/fast-check.js:2503:15)
      at Object.<anonymous> (jobs/dailyManager.test.js:192:9)

    console.error
      Error: Cannot read properties of undefined (reading 'length')

      48 |         console.error('✗ NIGHTLY ANALYSIS PHASE FAILED');
      49 |         console.error('═══════════════════════════════════════════════════════════');
    > 50 |         console.error('Error:', error.message);
         |                 ^
      51 |         console.log('⚠ System will continue — retry on next cycle\n');
      52 |     }
      53 | }

      at error (jobs/dailyManager.js:50:17)
      at jobs/dailyManager.test.js:213:25
      at AsyncProperty.run (node_modules/fast-check/lib/cjs/fast-check.js:1208:19)
      at asyncRunIt (node_modules/fast-check/lib/cjs/fast-check.js:2503:15)
      at Object.<anonymous> (jobs/dailyManager.test.js:192:9)

    console.log
      ⚠ System will continue — retry on next cycle

      at log (jobs/dailyManager.js:51:17)

    console.log
      
      ═══════════════════════════════════════════════════════════

      at log (jobs/dailyManager.js:58:13)

    console.log
      → EXECUTION PHASE STARTED

      at log (jobs/dailyManager.js:59:13)

    console.log
      ═══════════════════════════════════════════════════════════

      at log (jobs/dailyManager.js:60:13)

    console.log
      → Post ID 1 | Format: post | Platform: facebook

      at log (jobs/dailyManager.js:71:17)

    console.log
        Topic: Test

      at log (jobs/dailyManager.js:72:17)

    console.error
      
      ═══════════════════════════════════════════════════════════

       98 |
       99 |     } catch (error) {
    > 100 |         console.error('\n═══════════════════════════════════════════════════════════');
          |                 ^
      101 |         console.error('✗ EXECUTION PHASE FAILED');
      102 |         console.error('═══════════════════════════════════════════════════════════');
      103 |         console.error('Error:', error.message);

      at error (jobs/dailyManager.js:100:17)
      at jobs/dailyManager.test.js:239:25
      at AsyncProperty.run (node_modules/fast-check/lib/cjs/fast-check.js:1208:19)
      at asyncRunIt (node_modules/fast-check/lib/cjs/fast-check.js:2503:15)
      at Object.<anonymous> (jobs/dailyManager.test.js:192:9)

    console.error
      ✗ EXECUTION PHASE FAILED

       99 |     } catch (error) {
      100 |         console.error('\n═══════════════════════════════════════════════════════════');
    > 101 |         console.error('✗ EXECUTION PHASE FAILED');
          |                 ^
      102 |         console.error('═══════════════════════════════════════════════════════════');
      103 |         console.error('Error:', error.message);
      104 |         console.log('⚠ System will continue — retry on next cycle\n');

      at error (jobs/dailyManager.js:101:17)
      at jobs/dailyManager.test.js:239:25
      at AsyncProperty.run (node_modules/fast-check/lib/cjs/fast-check.js:1208:19)
      at asyncRunIt (node_modules/fast-check/lib/cjs/fast-check.js:2503:15)
      at Object.<anonymous> (jobs/dailyManager.test.js:192:9)

    console.error
      ═══════════════════════════════════════════════════════════

      100 |         console.error('\n═══════════════════════════════════════════════════════════');
      101 |         console.error('✗ EXECUTION PHASE FAILED');
    > 102 |         console.error('═══════════════════════════════════════════════════════════');
          |                 ^
      103 |         console.error('Error:', error.message);
      104 |         console.log('⚠ System will continue — retry on next cycle\n');
      105 |     }

      at error (jobs/dailyManager.js:102:17)
      at jobs/dailyManager.test.js:239:25
      at AsyncProperty.run (node_modules/fast-check/lib/cjs/fast-check.js:1208:19)
      at asyncRunIt (node_modules/fast-check/lib/cjs/fast-check.js:2503:15)
      at Object.<anonymous> (jobs/dailyManager.test.js:192:9)

    console.error
      Error: Publish failed

      101 |         console.error('✗ EXECUTION PHASE FAILED');
      102 |         console.error('═══════════════════════════════════════════════════════════');
    > 103 |         console.error('Error:', error.message);
          |                 ^
      104 |         console.log('⚠ System will continue — retry on next cycle\n');
      105 |     }
      106 | }

      at error (jobs/dailyManager.js:103:17)
      at jobs/dailyManager.test.js:239:25
      at AsyncProperty.run (node_modules/fast-check/lib/cjs/fast-check.js:1208:19)
      at asyncRunIt (node_modules/fast-check/lib/cjs/fast-check.js:2503:15)
      at Object.<anonymous> (jobs/dailyManager.test.js:192:9)

    console.log
      ⚠ System will continue — retry on next cycle

      at log (jobs/dailyManager.js:104:17)

    console.log
      
      ═══════════════════════════════════════════════════════════

      at log (jobs/dailyManager.js:58:13)

    console.log
      → EXECUTION PHASE STARTED

      at log (jobs/dailyManager.js:59:13)

    console.log
      ═══════════════════════════════════════════════════════════

      at log (jobs/dailyManager.js:60:13)

    console.log
      → Post ID 1 | Format: post | Platform: facebook

      at log (jobs/dailyManager.js:71:17)

    console.log
        Topic: Test

      at log (jobs/dailyManager.js:72:17)

    console.error
      
      ═══════════════════════════════════════════════════════════

       98 |
       99 |     } catch (error) {
    > 100 |         console.error('\n═══════════════════════════════════════════════════════════');
          |                 ^
      101 |         console.error('✗ EXECUTION PHASE FAILED');
      102 |         console.error('═══════════════════════════════════════════════════════════');
      103 |         console.error('Error:', error.message);

      at error (jobs/dailyManager.js:100:17)
      at jobs/dailyManager.test.js:239:25
      at AsyncProperty.run (node_modules/fast-check/lib/cjs/fast-check.js:1208:19)
      at asyncRunIt (node_modules/fast-check/lib/cjs/fast-check.js:2503:15)
      at Object.<anonymous> (jobs/dailyManager.test.js:192:9)

    console.error
      ✗ EXECUTION PHASE FAILED

       99 |     } catch (error) {
      100 |         console.error('\n═══════════════════════════════════════════════════════════');
    > 101 |         console.error('✗ EXECUTION PHASE FAILED');
          |                 ^
      102 |         console.error('═══════════════════════════════════════════════════════════');
      103 |         console.error('Error:', error.message);
      104 |         console.log('⚠ System will continue — retry on next cycle\n');

      at error (jobs/dailyManager.js:101:17)
      at jobs/dailyManager.test.js:239:25
      at AsyncProperty.run (node_modules/fast-check/lib/cjs/fast-check.js:1208:19)
      at asyncRunIt (node_modules/fast-check/lib/cjs/fast-check.js:2503:15)
      at Object.<anonymous> (jobs/dailyManager.test.js:192:9)

    console.error
      ═══════════════════════════════════════════════════════════

      100 |         console.error('\n═══════════════════════════════════════════════════════════');
      101 |         console.error('✗ EXECUTION PHASE FAILED');
    > 102 |         console.error('═══════════════════════════════════════════════════════════');
          |                 ^
      103 |         console.error('Error:', error.message);
      104 |         console.log('⚠ System will continue — retry on next cycle\n');
      105 |     }

      at error (jobs/dailyManager.js:102:17)
      at jobs/dailyManager.test.js:239:25
      at AsyncProperty.run (node_modules/fast-check/lib/cjs/fast-check.js:1208:19)
      at asyncRunIt (node_modules/fast-check/lib/cjs/fast-check.js:2503:15)
      at Object.<anonymous> (jobs/dailyManager.test.js:192:9)

    console.error
      Error: Publish failed

      101 |         console.error('✗ EXECUTION PHASE FAILED');
      102 |         console.error('═══════════════════════════════════════════════════════════');
    > 103 |         console.error('Error:', error.message);
          |                 ^
      104 |         console.log('⚠ System will continue — retry on next cycle\n');
      105 |     }
      106 | }

      at error (jobs/dailyManager.js:103:17)
      at jobs/dailyManager.test.js:239:25
      at AsyncProperty.run (node_modules/fast-check/lib/cjs/fast-check.js:1208:19)
      at asyncRunIt (node_modules/fast-check/lib/cjs/fast-check.js:2503:15)
      at Object.<anonymous> (jobs/dailyManager.test.js:192:9)

    console.log
      ⚠ System will continue — retry on next cycle

      at log (jobs/dailyManager.js:104:17)

    console.log
      
      ═══════════════════════════════════════════════════════════

      at log (jobs/dailyManager.js:111:13)

    console.log
      → ANALYTICS SYNC PHASE STARTED

      at log (jobs/dailyManager.js:112:13)

    console.log
      ═══════════════════════════════════════════════════════════

      at log (jobs/dailyManager.js:113:13)

    console.error
      
      ═══════════════════════════════════════════════════════════

      140 |
      141 |     } catch (error) {
    > 142 |         console.error('\n═══════════════════════════════════════════════════════════');
          |                 ^
      143 |         console.error('✗ ANALYTICS SYNC PHASE FAILED');
      144 |         console.error('═══════════════════════════════════════════════════════════');
      145 |         console.error('Error:', error.message);

      at error (jobs/dailyManager.js:142:17)
      at jobs/dailyManager.test.js:251:25
      at AsyncProperty.run (node_modules/fast-check/lib/cjs/fast-check.js:1208:19)
      at asyncRunIt (node_modules/fast-check/lib/cjs/fast-check.js:2503:15)
      at Object.<anonymous> (jobs/dailyManager.test.js:192:9)

    console.error
      ✗ ANALYTICS SYNC PHASE FAILED

      141 |     } catch (error) {
      142 |         console.error('\n═══════════════════════════════════════════════════════════');
    > 143 |         console.error('✗ ANALYTICS SYNC PHASE FAILED');
          |                 ^
      144 |         console.error('═══════════════════════════════════════════════════════════');
      145 |         console.error('Error:', error.message);
      146 |         console.log('⚠ System will continue — retry on next cycle\n');

      at error (jobs/dailyManager.js:143:17)
      at jobs/dailyManager.test.js:251:25
      at AsyncProperty.run (node_modules/fast-check/lib/cjs/fast-check.js:1208:19)
      at asyncRunIt (node_modules/fast-check/lib/cjs/fast-check.js:2503:15)
      at Object.<anonymous> (jobs/dailyManager.test.js:192:9)

    console.error
      ═══════════════════════════════════════════════════════════

      142 |         console.error('\n═══════════════════════════════════════════════════════════');
      143 |         console.error('✗ ANALYTICS SYNC PHASE FAILED');
    > 144 |         console.error('═══════════════════════════════════════════════════════════');
          |                 ^
      145 |         console.error('Error:', error.message);
      146 |         console.log('⚠ System will continue — retry on next cycle\n');
      147 |     }

      at error (jobs/dailyManager.js:144:17)
      at jobs/dailyManager.test.js:251:25
      at AsyncProperty.run (node_modules/fast-check/lib/cjs/fast-check.js:1208:19)
      at asyncRunIt (node_modules/fast-check/lib/cjs/fast-check.js:2503:15)
      at Object.<anonymous> (jobs/dailyManager.test.js:192:9)

    console.error
      Error: Database query failed

      143 |         console.error('✗ ANALYTICS SYNC PHASE FAILED');
      144 |         console.error('═══════════════════════════════════════════════════════════');
    > 145 |         console.error('Error:', error.message);
          |                 ^
      146 |         console.log('⚠ System will continue — retry on next cycle\n');
      147 |     }
      148 | }

      at error (jobs/dailyManager.js:145:17)
      at jobs/dailyManager.test.js:251:25
      at AsyncProperty.run (node_modules/fast-check/lib/cjs/fast-check.js:1208:19)
      at asyncRunIt (node_modules/fast-check/lib/cjs/fast-check.js:2503:15)
      at Object.<anonymous> (jobs/dailyManager.test.js:192:9)

    console.log
      ⚠ System will continue — retry on next cycle

      at log (jobs/dailyManager.js:146:17)

    console.log
      
      ═══════════════════════════════════════════════════════════

      at log (jobs/dailyManager.js:27:13)

    console.log
      → NIGHTLY ANALYSIS PHASE STARTED

      at log (jobs/dailyManager.js:28:13)

    console.log
      ═══════════════════════════════════════════════════════════

      at log (jobs/dailyManager.js:29:13)

    console.error
      
      ═══════════════════════════════════════════════════════════

      45 |
      46 |     } catch (error) {
    > 47 |         console.error('\n═══════════════════════════════════════════════════════════');
         |                 ^
      48 |         console.error('✗ NIGHTLY ANALYSIS PHASE FAILED');
      49 |         console.error('═══════════════════════════════════════════════════════════');
      50 |         console.error('Error:', error.message);

      at error (jobs/dailyManager.js:47:17)
      at jobs/dailyManager.test.js:213:25
      at AsyncProperty.run (node_modules/fast-check/lib/cjs/fast-check.js:1208:19)
      at asyncRunIt (node_modules/fast-check/lib/cjs/fast-check.js:2503:15)
      at Object.<anonymous> (jobs/dailyManager.test.js:192:9)

    console.error
      ✗ NIGHTLY ANALYSIS PHASE FAILED

      46 |     } catch (error) {
      47 |         console.error('\n═══════════════════════════════════════════════════════════');
    > 48 |         console.error('✗ NIGHTLY ANALYSIS PHASE FAILED');
         |                 ^
      49 |         console.error('═══════════════════════════════════════════════════════════');
      50 |         console.error('Error:', error.message);
      51 |         console.log('⚠ System will continue — retry on next cycle\n');

      at error (jobs/dailyManager.js:48:17)
      at jobs/dailyManager.test.js:213:25
      at AsyncProperty.run (node_modules/fast-check/lib/cjs/fast-check.js:1208:19)
      at asyncRunIt (node_modules/fast-check/lib/cjs/fast-check.js:2503:15)
      at Object.<anonymous> (jobs/dailyManager.test.js:192:9)

    console.error
      ═══════════════════════════════════════════════════════════

      47 |         console.error('\n═══════════════════════════════════════════════════════════');
      48 |         console.error('✗ NIGHTLY ANALYSIS PHASE FAILED');
    > 49 |         console.error('═══════════════════════════════════════════════════════════');
         |                 ^
      50 |         console.error('Error:', error.message);
      51 |         console.log('⚠ System will continue — retry on next cycle\n');
      52 |     }

      at error (jobs/dailyManager.js:49:17)
      at jobs/dailyManager.test.js:213:25
      at AsyncProperty.run (node_modules/fast-check/lib/cjs/fast-check.js:1208:19)
      at asyncRunIt (node_modules/fast-check/lib/cjs/fast-check.js:2503:15)
      at Object.<anonymous> (jobs/dailyManager.test.js:192:9)

    console.error
      Error: Cannot read properties of undefined (reading 'length')

      48 |         console.error('✗ NIGHTLY ANALYSIS PHASE FAILED');
      49 |         console.error('═══════════════════════════════════════════════════════════');
    > 50 |         console.error('Error:', error.message);
         |                 ^
      51 |         console.log('⚠ System will continue — retry on next cycle\n');
      52 |     }
      53 | }

      at error (jobs/dailyManager.js:50:17)
      at jobs/dailyManager.test.js:213:25
      at AsyncProperty.run (node_modules/fast-check/lib/cjs/fast-check.js:1208:19)
      at asyncRunIt (node_modules/fast-check/lib/cjs/fast-check.js:2503:15)
      at Object.<anonymous> (jobs/dailyManager.test.js:192:9)

    console.log
      ⚠ System will continue — retry on next cycle

      at log (jobs/dailyManager.js:51:17)

    console.log
      
      ═══════════════════════════════════════════════════════════

      at log (jobs/dailyManager.js:58:13)

    console.log
      → EXECUTION PHASE STARTED

      at log (jobs/dailyManager.js:59:13)

    console.log
      ═══════════════════════════════════════════════════════════

      at log (jobs/dailyManager.js:60:13)

    console.log
      → Post ID 1 | Format: post | Platform: facebook

      at log (jobs/dailyManager.js:71:17)

    console.log
        Topic: Test

      at log (jobs/dailyManager.js:72:17)

    console.error
      
      ═══════════════════════════════════════════════════════════

       98 |
       99 |     } catch (error) {
    > 100 |         console.error('\n═══════════════════════════════════════════════════════════');
          |                 ^
      101 |         console.error('✗ EXECUTION PHASE FAILED');
      102 |         console.error('═══════════════════════════════════════════════════════════');
      103 |         console.error('Error:', error.message);

      at error (jobs/dailyManager.js:100:17)
      at jobs/dailyManager.test.js:239:25
      at AsyncProperty.run (node_modules/fast-check/lib/cjs/fast-check.js:1208:19)
      at asyncRunIt (node_modules/fast-check/lib/cjs/fast-check.js:2503:15)
      at Object.<anonymous> (jobs/dailyManager.test.js:192:9)

    console.error
      ✗ EXECUTION PHASE FAILED

       99 |     } catch (error) {
      100 |         console.error('\n═══════════════════════════════════════════════════════════');
    > 101 |         console.error('✗ EXECUTION PHASE FAILED');
          |                 ^
      102 |         console.error('═══════════════════════════════════════════════════════════');
      103 |         console.error('Error:', error.message);
      104 |         console.log('⚠ System will continue — retry on next cycle\n');

      at error (jobs/dailyManager.js:101:17)
      at jobs/dailyManager.test.js:239:25
      at AsyncProperty.run (node_modules/fast-check/lib/cjs/fast-check.js:1208:19)
      at asyncRunIt (node_modules/fast-check/lib/cjs/fast-check.js:2503:15)
      at Object.<anonymous> (jobs/dailyManager.test.js:192:9)

    console.error
      ═══════════════════════════════════════════════════════════

      100 |         console.error('\n═══════════════════════════════════════════════════════════');
      101 |         console.error('✗ EXECUTION PHASE FAILED');
    > 102 |         console.error('═══════════════════════════════════════════════════════════');
          |                 ^
      103 |         console.error('Error:', error.message);
      104 |         console.log('⚠ System will continue — retry on next cycle\n');
      105 |     }

      at error (jobs/dailyManager.js:102:17)
      at jobs/dailyManager.test.js:239:25
      at AsyncProperty.run (node_modules/fast-check/lib/cjs/fast-check.js:1208:19)
      at asyncRunIt (node_modules/fast-check/lib/cjs/fast-check.js:2503:15)
      at Object.<anonymous> (jobs/dailyManager.test.js:192:9)

    console.error
      Error: Publish failed

      101 |         console.error('✗ EXECUTION PHASE FAILED');
      102 |         console.error('═══════════════════════════════════════════════════════════');
    > 103 |         console.error('Error:', error.message);
          |                 ^
      104 |         console.log('⚠ System will continue — retry on next cycle\n');
      105 |     }
      106 | }

      at error (jobs/dailyManager.js:103:17)
      at jobs/dailyManager.test.js:239:25
      at AsyncProperty.run (node_modules/fast-check/lib/cjs/fast-check.js:1208:19)
      at asyncRunIt (node_modules/fast-check/lib/cjs/fast-check.js:2503:15)
      at Object.<anonymous> (jobs/dailyManager.test.js:192:9)

    console.log
      ⚠ System will continue — retry on next cycle

      at log (jobs/dailyManager.js:104:17)

    console.log
      
      ═══════════════════════════════════════════════════════════

      at log (jobs/dailyManager.js:27:13)

    console.log
      → NIGHTLY ANALYSIS PHASE STARTED

      at log (jobs/dailyManager.js:28:13)

    console.log
      ═══════════════════════════════════════════════════════════

      at log (jobs/dailyManager.js:29:13)

    console.error
      
      ═══════════════════════════════════════════════════════════

      45 |
      46 |     } catch (error) {
    > 47 |         console.error('\n═══════════════════════════════════════════════════════════');
         |                 ^
      48 |         console.error('✗ NIGHTLY ANALYSIS PHASE FAILED');
      49 |         console.error('═══════════════════════════════════════════════════════════');
      50 |         console.error('Error:', error.message);

      at error (jobs/dailyManager.js:47:17)
      at jobs/dailyManager.test.js:213:25
      at AsyncProperty.run (node_modules/fast-check/lib/cjs/fast-check.js:1208:19)
      at asyncRunIt (node_modules/fast-check/lib/cjs/fast-check.js:2503:15)
      at Object.<anonymous> (jobs/dailyManager.test.js:192:9)

    console.error
      ✗ NIGHTLY ANALYSIS PHASE FAILED

      46 |     } catch (error) {
      47 |         console.error('\n═══════════════════════════════════════════════════════════');
    > 48 |         console.error('✗ NIGHTLY ANALYSIS PHASE FAILED');
         |                 ^
      49 |         console.error('═══════════════════════════════════════════════════════════');
      50 |         console.error('Error:', error.message);
      51 |         console.log('⚠ System will continue — retry on next cycle\n');

      at error (jobs/dailyManager.js:48:17)
      at jobs/dailyManager.test.js:213:25
      at AsyncProperty.run (node_modules/fast-check/lib/cjs/fast-check.js:1208:19)
      at asyncRunIt (node_modules/fast-check/lib/cjs/fast-check.js:2503:15)
      at Object.<anonymous> (jobs/dailyManager.test.js:192:9)

    console.error
      ═══════════════════════════════════════════════════════════

      47 |         console.error('\n═══════════════════════════════════════════════════════════');
      48 |         console.error('✗ NIGHTLY ANALYSIS PHASE FAILED');
    > 49 |         console.error('═══════════════════════════════════════════════════════════');
         |                 ^
      50 |         console.error('Error:', error.message);
      51 |         console.log('⚠ System will continue — retry on next cycle\n');
      52 |     }

      at error (jobs/dailyManager.js:49:17)
      at jobs/dailyManager.test.js:213:25
      at AsyncProperty.run (node_modules/fast-check/lib/cjs/fast-check.js:1208:19)
      at asyncRunIt (node_modules/fast-check/lib/cjs/fast-check.js:2503:15)
      at Object.<anonymous> (jobs/dailyManager.test.js:192:9)

    console.error
      Error: Cannot read properties of undefined (reading 'length')

      48 |         console.error('✗ NIGHTLY ANALYSIS PHASE FAILED');
      49 |         console.error('═══════════════════════════════════════════════════════════');
    > 50 |         console.error('Error:', error.message);
         |                 ^
      51 |         console.log('⚠ System will continue — retry on next cycle\n');
      52 |     }
      53 | }

      at error (jobs/dailyManager.js:50:17)
      at jobs/dailyManager.test.js:213:25
      at AsyncProperty.run (node_modules/fast-check/lib/cjs/fast-check.js:1208:19)
      at asyncRunIt (node_modules/fast-check/lib/cjs/fast-check.js:2503:15)
      at Object.<anonymous> (jobs/dailyManager.test.js:192:9)

    console.log
      ⚠ System will continue — retry on next cycle

      at log (jobs/dailyManager.js:51:17)

    console.log
      
      ═══════════════════════════════════════════════════════════

      at log (jobs/dailyManager.js:58:13)

    console.log
      → EXECUTION PHASE STARTED

      at log (jobs/dailyManager.js:59:13)

    console.log
      ═══════════════════════════════════════════════════════════

      at log (jobs/dailyManager.js:60:13)

    console.log
      → Post ID 1 | Format: post | Platform: facebook

      at log (jobs/dailyManager.js:71:17)

    console.log
        Topic: Test

      at log (jobs/dailyManager.js:72:17)

    console.error
      
      ═══════════════════════════════════════════════════════════

       98 |
       99 |     } catch (error) {
    > 100 |         console.error('\n═══════════════════════════════════════════════════════════');
          |                 ^
      101 |         console.error('✗ EXECUTION PHASE FAILED');
      102 |         console.error('═══════════════════════════════════════════════════════════');
      103 |         console.error('Error:', error.message);

      at error (jobs/dailyManager.js:100:17)
      at jobs/dailyManager.test.js:239:25
      at AsyncProperty.run (node_modules/fast-check/lib/cjs/fast-check.js:1208:19)
      at asyncRunIt (node_modules/fast-check/lib/cjs/fast-check.js:2503:15)
      at Object.<anonymous> (jobs/dailyManager.test.js:192:9)

    console.error
      ✗ EXECUTION PHASE FAILED

       99 |     } catch (error) {
      100 |         console.error('\n═══════════════════════════════════════════════════════════');
    > 101 |         console.error('✗ EXECUTION PHASE FAILED');
          |                 ^
      102 |         console.error('═══════════════════════════════════════════════════════════');
      103 |         console.error('Error:', error.message);
      104 |         console.log('⚠ System will continue — retry on next cycle\n');

      at error (jobs/dailyManager.js:101:17)
      at jobs/dailyManager.test.js:239:25
      at AsyncProperty.run (node_modules/fast-check/lib/cjs/fast-check.js:1208:19)
      at asyncRunIt (node_modules/fast-check/lib/cjs/fast-check.js:2503:15)
      at Object.<anonymous> (jobs/dailyManager.test.js:192:9)

    console.error
      ═══════════════════════════════════════════════════════════

      100 |         console.error('\n═══════════════════════════════════════════════════════════');
      101 |         console.error('✗ EXECUTION PHASE FAILED');
    > 102 |         console.error('═══════════════════════════════════════════════════════════');
          |                 ^
      103 |         console.error('Error:', error.message);
      104 |         console.log('⚠ System will continue — retry on next cycle\n');
      105 |     }

      at error (jobs/dailyManager.js:102:17)
      at jobs/dailyManager.test.js:239:25
      at AsyncProperty.run (node_modules/fast-check/lib/cjs/fast-check.js:1208:19)
      at asyncRunIt (node_modules/fast-check/lib/cjs/fast-check.js:2503:15)
      at Object.<anonymous> (jobs/dailyManager.test.js:192:9)

    console.error
      Error: Publish failed

      101 |         console.error('✗ EXECUTION PHASE FAILED');
      102 |         console.error('═══════════════════════════════════════════════════════════');
    > 103 |         console.error('Error:', error.message);
          |                 ^
      104 |         console.log('⚠ System will continue — retry on next cycle\n');
      105 |     }
      106 | }

      at error (jobs/dailyManager.js:103:17)
      at jobs/dailyManager.test.js:239:25
      at AsyncProperty.run (node_modules/fast-check/lib/cjs/fast-check.js:1208:19)
      at asyncRunIt (node_modules/fast-check/lib/cjs/fast-check.js:2503:15)
      at Object.<anonymous> (jobs/dailyManager.test.js:192:9)

    console.log
      ⚠ System will continue — retry on next cycle

      at log (jobs/dailyManager.js:104:17)

    console.log
      
      ═══════════════════════════════════════════════════════════

      at log (jobs/dailyManager.js:27:13)

    console.log
      → NIGHTLY ANALYSIS PHASE STARTED

      at log (jobs/dailyManager.js:28:13)

    console.log
      ═══════════════════════════════════════════════════════════

      at log (jobs/dailyManager.js:29:13)

    console.error
      
      ═══════════════════════════════════════════════════════════

      45 |
      46 |     } catch (error) {
    > 47 |         console.error('\n═══════════════════════════════════════════════════════════');
         |                 ^
      48 |         console.error('✗ NIGHTLY ANALYSIS PHASE FAILED');
      49 |         console.error('═══════════════════════════════════════════════════════════');
      50 |         console.error('Error:', error.message);

      at error (jobs/dailyManager.js:47:17)
      at jobs/dailyManager.test.js:213:25
      at AsyncProperty.run (node_modules/fast-check/lib/cjs/fast-check.js:1208:19)
      at asyncRunIt (node_modules/fast-check/lib/cjs/fast-check.js:2503:15)
      at Object.<anonymous> (jobs/dailyManager.test.js:192:9)

    console.error
      ✗ NIGHTLY ANALYSIS PHASE FAILED

      46 |     } catch (error) {
      47 |         console.error('\n═══════════════════════════════════════════════════════════');
    > 48 |         console.error('✗ NIGHTLY ANALYSIS PHASE FAILED');
         |                 ^
      49 |         console.error('═══════════════════════════════════════════════════════════');
      50 |         console.error('Error:', error.message);
      51 |         console.log('⚠ System will continue — retry on next cycle\n');

      at error (jobs/dailyManager.js:48:17)
      at jobs/dailyManager.test.js:213:25
      at AsyncProperty.run (node_modules/fast-check/lib/cjs/fast-check.js:1208:19)
      at asyncRunIt (node_modules/fast-check/lib/cjs/fast-check.js:2503:15)
      at Object.<anonymous> (jobs/dailyManager.test.js:192:9)

    console.error
      ═══════════════════════════════════════════════════════════

      47 |         console.error('\n═══════════════════════════════════════════════════════════');
      48 |         console.error('✗ NIGHTLY ANALYSIS PHASE FAILED');
    > 49 |         console.error('═══════════════════════════════════════════════════════════');
         |                 ^
      50 |         console.error('Error:', error.message);
      51 |         console.log('⚠ System will continue — retry on next cycle\n');
      52 |     }

      at error (jobs/dailyManager.js:49:17)
      at jobs/dailyManager.test.js:213:25
      at AsyncProperty.run (node_modules/fast-check/lib/cjs/fast-check.js:1208:19)
      at asyncRunIt (node_modules/fast-check/lib/cjs/fast-check.js:2503:15)
      at Object.<anonymous> (jobs/dailyManager.test.js:192:9)

    console.error
      Error: Cannot read properties of undefined (reading 'length')

      48 |         console.error('✗ NIGHTLY ANALYSIS PHASE FAILED');
      49 |         console.error('═══════════════════════════════════════════════════════════');
    > 50 |         console.error('Error:', error.message);
         |                 ^
      51 |         console.log('⚠ System will continue — retry on next cycle\n');
      52 |     }
      53 | }

      at error (jobs/dailyManager.js:50:17)
      at jobs/dailyManager.test.js:213:25
      at AsyncProperty.run (node_modules/fast-check/lib/cjs/fast-check.js:1208:19)
      at asyncRunIt (node_modules/fast-check/lib/cjs/fast-check.js:2503:15)
      at Object.<anonymous> (jobs/dailyManager.test.js:192:9)

    console.log
      ⚠ System will continue — retry on next cycle

      at log (jobs/dailyManager.js:51:17)

    console.log
      
      ═══════════════════════════════════════════════════════════

      at log (jobs/dailyManager.js:111:13)

    console.log
      → ANALYTICS SYNC PHASE STARTED

      at log (jobs/dailyManager.js:112:13)

    console.log
      ═══════════════════════════════════════════════════════════

      at log (jobs/dailyManager.js:113:13)

    console.error
      
      ═══════════════════════════════════════════════════════════

      140 |
      141 |     } catch (error) {
    > 142 |         console.error('\n═══════════════════════════════════════════════════════════');
          |                 ^
      143 |         console.error('✗ ANALYTICS SYNC PHASE FAILED');
      144 |         console.error('═══════════════════════════════════════════════════════════');
      145 |         console.error('Error:', error.message);

      at error (jobs/dailyManager.js:142:17)
      at jobs/dailyManager.test.js:251:25
      at AsyncProperty.run (node_modules/fast-check/lib/cjs/fast-check.js:1208:19)
      at asyncRunIt (node_modules/fast-check/lib/cjs/fast-check.js:2503:15)
      at Object.<anonymous> (jobs/dailyManager.test.js:192:9)

    console.error
      ✗ ANALYTICS SYNC PHASE FAILED

      141 |     } catch (error) {
      142 |         console.error('\n═══════════════════════════════════════════════════════════');
    > 143 |         console.error('✗ ANALYTICS SYNC PHASE FAILED');
          |                 ^
      144 |         console.error('═══════════════════════════════════════════════════════════');
      145 |         console.error('Error:', error.message);
      146 |         console.log('⚠ System will continue — retry on next cycle\n');

      at error (jobs/dailyManager.js:143:17)
      at jobs/dailyManager.test.js:251:25
      at AsyncProperty.run (node_modules/fast-check/lib/cjs/fast-check.js:1208:19)
      at asyncRunIt (node_modules/fast-check/lib/cjs/fast-check.js:2503:15)
      at Object.<anonymous> (jobs/dailyManager.test.js:192:9)

    console.error
      ═══════════════════════════════════════════════════════════

      142 |         console.error('\n═══════════════════════════════════════════════════════════');
      143 |         console.error('✗ ANALYTICS SYNC PHASE FAILED');
    > 144 |         console.error('═══════════════════════════════════════════════════════════');
          |                 ^
      145 |         console.error('Error:', error.message);
      146 |         console.log('⚠ System will continue — retry on next cycle\n');
      147 |     }

      at error (jobs/dailyManager.js:144:17)
      at jobs/dailyManager.test.js:251:25
      at AsyncProperty.run (node_modules/fast-check/lib/cjs/fast-check.js:1208:19)
      at asyncRunIt (node_modules/fast-check/lib/cjs/fast-check.js:2503:15)
      at Object.<anonymous> (jobs/dailyManager.test.js:192:9)

    console.error
      Error: Database query failed

      143 |         console.error('✗ ANALYTICS SYNC PHASE FAILED');
      144 |         console.error('═══════════════════════════════════════════════════════════');
    > 145 |         console.error('Error:', error.message);
          |                 ^
      146 |         console.log('⚠ System will continue — retry on next cycle\n');
      147 |     }
      148 | }

      at error (jobs/dailyManager.js:145:17)
      at jobs/dailyManager.test.js:251:25
      at AsyncProperty.run (node_modules/fast-check/lib/cjs/fast-check.js:1208:19)
      at asyncRunIt (node_modules/fast-check/lib/cjs/fast-check.js:2503:15)
      at Object.<anonymous> (jobs/dailyManager.test.js:192:9)

    console.log
      ⚠ System will continue — retry on next cycle

      at log (jobs/dailyManager.js:146:17)

    console.log
      
      ═══════════════════════════════════════════════════════════

      at log (jobs/dailyManager.js:27:13)

    console.log
      → NIGHTLY ANALYSIS PHASE STARTED

      at log (jobs/dailyManager.js:28:13)

    console.log
      ═══════════════════════════════════════════════════════════

      at log (jobs/dailyManager.js:29:13)

    console.error
      
      ═══════════════════════════════════════════════════════════

      45 |
      46 |     } catch (error) {
    > 47 |         console.error('\n═══════════════════════════════════════════════════════════');
         |                 ^
      48 |         console.error('✗ NIGHTLY ANALYSIS PHASE FAILED');
      49 |         console.error('═══════════════════════════════════════════════════════════');
      50 |         console.error('Error:', error.message);

      at error (jobs/dailyManager.js:47:17)
      at jobs/dailyManager.test.js:213:25
      at AsyncProperty.run (node_modules/fast-check/lib/cjs/fast-check.js:1208:19)
      at asyncRunIt (node_modules/fast-check/lib/cjs/fast-check.js:2503:15)
      at Object.<anonymous> (jobs/dailyManager.test.js:192:9)

    console.error
      ✗ NIGHTLY ANALYSIS PHASE FAILED

      46 |     } catch (error) {
      47 |         console.error('\n═══════════════════════════════════════════════════════════');
    > 48 |         console.error('✗ NIGHTLY ANALYSIS PHASE FAILED');
         |                 ^
      49 |         console.error('═══════════════════════════════════════════════════════════');
      50 |         console.error('Error:', error.message);
      51 |         console.log('⚠ System will continue — retry on next cycle\n');

      at error (jobs/dailyManager.js:48:17)
      at jobs/dailyManager.test.js:213:25
      at AsyncProperty.run (node_modules/fast-check/lib/cjs/fast-check.js:1208:19)
      at asyncRunIt (node_modules/fast-check/lib/cjs/fast-check.js:2503:15)
      at Object.<anonymous> (jobs/dailyManager.test.js:192:9)

    console.error
      ═══════════════════════════════════════════════════════════

      47 |         console.error('\n═══════════════════════════════════════════════════════════');
      48 |         console.error('✗ NIGHTLY ANALYSIS PHASE FAILED');
    > 49 |         console.error('═══════════════════════════════════════════════════════════');
         |                 ^
      50 |         console.error('Error:', error.message);
      51 |         console.log('⚠ System will continue — retry on next cycle\n');
      52 |     }

      at error (jobs/dailyManager.js:49:17)
      at jobs/dailyManager.test.js:213:25
      at AsyncProperty.run (node_modules/fast-check/lib/cjs/fast-check.js:1208:19)
      at asyncRunIt (node_modules/fast-check/lib/cjs/fast-check.js:2503:15)
      at Object.<anonymous> (jobs/dailyManager.test.js:192:9)

    console.error
      Error: Cannot read properties of undefined (reading 'length')

      48 |         console.error('✗ NIGHTLY ANALYSIS PHASE FAILED');
      49 |         console.error('═══════════════════════════════════════════════════════════');
    > 50 |         console.error('Error:', error.message);
         |                 ^
      51 |         console.log('⚠ System will continue — retry on next cycle\n');
      52 |     }
      53 | }

      at error (jobs/dailyManager.js:50:17)
      at jobs/dailyManager.test.js:213:25
      at AsyncProperty.run (node_modules/fast-check/lib/cjs/fast-check.js:1208:19)
      at asyncRunIt (node_modules/fast-check/lib/cjs/fast-check.js:2503:15)
      at Object.<anonymous> (jobs/dailyManager.test.js:192:9)

    console.log
      ⚠ System will continue — retry on next cycle

      at log (jobs/dailyManager.js:51:17)

    console.log
      
      ═══════════════════════════════════════════════════════════

      at log (jobs/dailyManager.js:111:13)

    console.log
      → ANALYTICS SYNC PHASE STARTED

      at log (jobs/dailyManager.js:112:13)

    console.log
      ═══════════════════════════════════════════════════════════

      at log (jobs/dailyManager.js:113:13)

    console.error
      
      ═══════════════════════════════════════════════════════════

      140 |
      141 |     } catch (error) {
    > 142 |         console.error('\n═══════════════════════════════════════════════════════════');
          |                 ^
      143 |         console.error('✗ ANALYTICS SYNC PHASE FAILED');
      144 |         console.error('═══════════════════════════════════════════════════════════');
      145 |         console.error('Error:', error.message);

      at error (jobs/dailyManager.js:142:17)
      at jobs/dailyManager.test.js:251:25
      at AsyncProperty.run (node_modules/fast-check/lib/cjs/fast-check.js:1208:19)
      at asyncRunIt (node_modules/fast-check/lib/cjs/fast-check.js:2503:15)
      at Object.<anonymous> (jobs/dailyManager.test.js:192:9)

    console.error
      ✗ ANALYTICS SYNC PHASE FAILED

      141 |     } catch (error) {
      142 |         console.error('\n═══════════════════════════════════════════════════════════');
    > 143 |         console.error('✗ ANALYTICS SYNC PHASE FAILED');
          |                 ^
      144 |         console.error('═══════════════════════════════════════════════════════════');
      145 |         console.error('Error:', error.message);
      146 |         console.log('⚠ System will continue — retry on next cycle\n');

      at error (jobs/dailyManager.js:143:17)
      at jobs/dailyManager.test.js:251:25
      at AsyncProperty.run (node_modules/fast-check/lib/cjs/fast-check.js:1208:19)
      at asyncRunIt (node_modules/fast-check/lib/cjs/fast-check.js:2503:15)
      at Object.<anonymous> (jobs/dailyManager.test.js:192:9)

    console.error
      ═══════════════════════════════════════════════════════════

      142 |         console.error('\n═══════════════════════════════════════════════════════════');
      143 |         console.error('✗ ANALYTICS SYNC PHASE FAILED');
    > 144 |         console.error('═══════════════════════════════════════════════════════════');
          |                 ^
      145 |         console.error('Error:', error.message);
      146 |         console.log('⚠ System will continue — retry on next cycle\n');
      147 |     }

      at error (jobs/dailyManager.js:144:17)
      at jobs/dailyManager.test.js:251:25
      at AsyncProperty.run (node_modules/fast-check/lib/cjs/fast-check.js:1208:19)
      at asyncRunIt (node_modules/fast-check/lib/cjs/fast-check.js:2503:15)
      at Object.<anonymous> (jobs/dailyManager.test.js:192:9)

    console.error
      Error: Database query failed

      143 |         console.error('✗ ANALYTICS SYNC PHASE FAILED');
      144 |         console.error('═══════════════════════════════════════════════════════════');
    > 145 |         console.error('Error:', error.message);
          |                 ^
      146 |         console.log('⚠ System will continue — retry on next cycle\n');
      147 |     }
      148 | }

      at error (jobs/dailyManager.js:145:17)
      at jobs/dailyManager.test.js:251:25
      at AsyncProperty.run (node_modules/fast-check/lib/cjs/fast-check.js:1208:19)
      at asyncRunIt (node_modules/fast-check/lib/cjs/fast-check.js:2503:15)
      at Object.<anonymous> (jobs/dailyManager.test.js:192:9)

    console.log
      ⚠ System will continue — retry on next cycle

      at log (jobs/dailyManager.js:146:17)

    console.log
      
      ═══════════════════════════════════════════════════════════

      at log (jobs/dailyManager.js:58:13)

    console.log
      → EXECUTION PHASE STARTED

      at log (jobs/dailyManager.js:59:13)

    console.log
      ═══════════════════════════════════════════════════════════

      at log (jobs/dailyManager.js:60:13)

    console.log
      → Post ID 1 | Format: post | Platform: facebook

      at log (jobs/dailyManager.js:71:17)

    console.log
        Topic: Test

      at log (jobs/dailyManager.js:72:17)

    console.error
      
      ═══════════════════════════════════════════════════════════

       98 |
       99 |     } catch (error) {
    > 100 |         console.error('\n═══════════════════════════════════════════════════════════');
          |                 ^
      101 |         console.error('✗ EXECUTION PHASE FAILED');
      102 |         console.error('═══════════════════════════════════════════════════════════');
      103 |         console.error('Error:', error.message);

      at error (jobs/dailyManager.js:100:17)
      at jobs/dailyManager.test.js:239:25
      at AsyncProperty.run (node_modules/fast-check/lib/cjs/fast-check.js:1208:19)
      at asyncRunIt (node_modules/fast-check/lib/cjs/fast-check.js:2503:15)
      at Object.<anonymous> (jobs/dailyManager.test.js:192:9)

    console.error
      ✗ EXECUTION PHASE FAILED

       99 |     } catch (error) {
      100 |         console.error('\n═══════════════════════════════════════════════════════════');
    > 101 |         console.error('✗ EXECUTION PHASE FAILED');
          |                 ^
      102 |         console.error('═══════════════════════════════════════════════════════════');
      103 |         console.error('Error:', error.message);
      104 |         console.log('⚠ System will continue — retry on next cycle\n');

      at error (jobs/dailyManager.js:101:17)
      at jobs/dailyManager.test.js:239:25
      at AsyncProperty.run (node_modules/fast-check/lib/cjs/fast-check.js:1208:19)
      at asyncRunIt (node_modules/fast-check/lib/cjs/fast-check.js:2503:15)
      at Object.<anonymous> (jobs/dailyManager.test.js:192:9)

    console.error
      ═══════════════════════════════════════════════════════════

      100 |         console.error('\n═══════════════════════════════════════════════════════════');
      101 |         console.error('✗ EXECUTION PHASE FAILED');
    > 102 |         console.error('═══════════════════════════════════════════════════════════');
          |                 ^
      103 |         console.error('Error:', error.message);
      104 |         console.log('⚠ System will continue — retry on next cycle\n');
      105 |     }

      at error (jobs/dailyManager.js:102:17)
      at jobs/dailyManager.test.js:239:25
      at AsyncProperty.run (node_modules/fast-check/lib/cjs/fast-check.js:1208:19)
      at asyncRunIt (node_modules/fast-check/lib/cjs/fast-check.js:2503:15)
      at Object.<anonymous> (jobs/dailyManager.test.js:192:9)

    console.error
      Error: Publish failed

      101 |         console.error('✗ EXECUTION PHASE FAILED');
      102 |         console.error('═══════════════════════════════════════════════════════════');
    > 103 |         console.error('Error:', error.message);
          |                 ^
      104 |         console.log('⚠ System will continue — retry on next cycle\n');
      105 |     }
      106 | }

      at error (jobs/dailyManager.js:103:17)
      at jobs/dailyManager.test.js:239:25
      at AsyncProperty.run (node_modules/fast-check/lib/cjs/fast-check.js:1208:19)
      at asyncRunIt (node_modules/fast-check/lib/cjs/fast-check.js:2503:15)
      at Object.<anonymous> (jobs/dailyManager.test.js:192:9)

    console.log
      ⚠ System will continue — retry on next cycle

      at log (jobs/dailyManager.js:104:17)

    console.log
      
      ═══════════════════════════════════════════════════════════

      at log (jobs/dailyManager.js:27:13)

    console.log
      → NIGHTLY ANALYSIS PHASE STARTED

      at log (jobs/dailyManager.js:28:13)

    console.log
      ═══════════════════════════════════════════════════════════

      at log (jobs/dailyManager.js:29:13)

    console.error
      
      ═══════════════════════════════════════════════════════════

      45 |
      46 |     } catch (error) {
    > 47 |         console.error('\n═══════════════════════════════════════════════════════════');
         |                 ^
      48 |         console.error('✗ NIGHTLY ANALYSIS PHASE FAILED');
      49 |         console.error('═══════════════════════════════════════════════════════════');
      50 |         console.error('Error:', error.message);

      at error (jobs/dailyManager.js:47:17)
      at jobs/dailyManager.test.js:213:25
      at AsyncProperty.run (node_modules/fast-check/lib/cjs/fast-check.js:1208:19)
      at asyncRunIt (node_modules/fast-check/lib/cjs/fast-check.js:2503:15)
      at Object.<anonymous> (jobs/dailyManager.test.js:192:9)

    console.error
      ✗ NIGHTLY ANALYSIS PHASE FAILED

      46 |     } catch (error) {
      47 |         console.error('\n═══════════════════════════════════════════════════════════');
    > 48 |         console.error('✗ NIGHTLY ANALYSIS PHASE FAILED');
         |                 ^
      49 |         console.error('═══════════════════════════════════════════════════════════');
      50 |         console.error('Error:', error.message);
      51 |         console.log('⚠ System will continue — retry on next cycle\n');

      at error (jobs/dailyManager.js:48:17)
      at jobs/dailyManager.test.js:213:25
      at AsyncProperty.run (node_modules/fast-check/lib/cjs/fast-check.js:1208:19)
      at asyncRunIt (node_modules/fast-check/lib/cjs/fast-check.js:2503:15)
      at Object.<anonymous> (jobs/dailyManager.test.js:192:9)

    console.error
      ═══════════════════════════════════════════════════════════

      47 |         console.error('\n═══════════════════════════════════════════════════════════');
      48 |         console.error('✗ NIGHTLY ANALYSIS PHASE FAILED');
    > 49 |         console.error('═══════════════════════════════════════════════════════════');
         |                 ^
      50 |         console.error('Error:', error.message);
      51 |         console.log('⚠ System will continue — retry on next cycle\n');
      52 |     }

      at error (jobs/dailyManager.js:49:17)
      at jobs/dailyManager.test.js:213:25
      at AsyncProperty.run (node_modules/fast-check/lib/cjs/fast-check.js:1208:19)
      at asyncRunIt (node_modules/fast-check/lib/cjs/fast-check.js:2503:15)
      at Object.<anonymous> (jobs/dailyManager.test.js:192:9)

    console.error
      Error: Cannot read properties of undefined (reading 'length')

      48 |         console.error('✗ NIGHTLY ANALYSIS PHASE FAILED');
      49 |         console.error('═══════════════════════════════════════════════════════════');
    > 50 |         console.error('Error:', error.message);
         |                 ^
      51 |         console.log('⚠ System will continue — retry on next cycle\n');
      52 |     }
      53 | }

      at error (jobs/dailyManager.js:50:17)
      at jobs/dailyManager.test.js:213:25
      at AsyncProperty.run (node_modules/fast-check/lib/cjs/fast-check.js:1208:19)
      at asyncRunIt (node_modules/fast-check/lib/cjs/fast-check.js:2503:15)
      at Object.<anonymous> (jobs/dailyManager.test.js:192:9)

    console.log
      ⚠ System will continue — retry on next cycle

      at log (jobs/dailyManager.js:51:17)

    console.log
      
      ═══════════════════════════════════════════════════════════

      at log (jobs/dailyManager.js:111:13)

    console.log
      → ANALYTICS SYNC PHASE STARTED

      at log (jobs/dailyManager.js:112:13)

    console.log
      ═══════════════════════════════════════════════════════════

      at log (jobs/dailyManager.js:113:13)

    console.error
      
      ═══════════════════════════════════════════════════════════

      140 |
      141 |     } catch (error) {
    > 142 |         console.error('\n═══════════════════════════════════════════════════════════');
          |                 ^
      143 |         console.error('✗ ANALYTICS SYNC PHASE FAILED');
      144 |         console.error('═══════════════════════════════════════════════════════════');
      145 |         console.error('Error:', error.message);

      at error (jobs/dailyManager.js:142:17)
      at jobs/dailyManager.test.js:251:25
      at AsyncProperty.run (node_modules/fast-check/lib/cjs/fast-check.js:1208:19)
      at asyncRunIt (node_modules/fast-check/lib/cjs/fast-check.js:2503:15)
      at Object.<anonymous> (jobs/dailyManager.test.js:192:9)

    console.error
      ✗ ANALYTICS SYNC PHASE FAILED

      141 |     } catch (error) {
      142 |         console.error('\n═══════════════════════════════════════════════════════════');
    > 143 |         console.error('✗ ANALYTICS SYNC PHASE FAILED');
          |                 ^
      144 |         console.error('═══════════════════════════════════════════════════════════');
      145 |         console.error('Error:', error.message);
      146 |         console.log('⚠ System will continue — retry on next cycle\n');

      at error (jobs/dailyManager.js:143:17)
      at jobs/dailyManager.test.js:251:25
      at AsyncProperty.run (node_modules/fast-check/lib/cjs/fast-check.js:1208:19)
      at asyncRunIt (node_modules/fast-check/lib/cjs/fast-check.js:2503:15)
      at Object.<anonymous> (jobs/dailyManager.test.js:192:9)

    console.error
      ═══════════════════════════════════════════════════════════

      142 |         console.error('\n═══════════════════════════════════════════════════════════');
      143 |         console.error('✗ ANALYTICS SYNC PHASE FAILED');
    > 144 |         console.error('═══════════════════════════════════════════════════════════');
          |                 ^
      145 |         console.error('Error:', error.message);
      146 |         console.log('⚠ System will continue — retry on next cycle\n');
      147 |     }

      at error (jobs/dailyManager.js:144:17)
      at jobs/dailyManager.test.js:251:25
      at AsyncProperty.run (node_modules/fast-check/lib/cjs/fast-check.js:1208:19)
      at asyncRunIt (node_modules/fast-check/lib/cjs/fast-check.js:2503:15)
      at Object.<anonymous> (jobs/dailyManager.test.js:192:9)

    console.error
      Error: Database query failed

      143 |         console.error('✗ ANALYTICS SYNC PHASE FAILED');
      144 |         console.error('═══════════════════════════════════════════════════════════');
    > 145 |         console.error('Error:', error.message);
          |                 ^
      146 |         console.log('⚠ System will continue — retry on next cycle\n');
      147 |     }
      148 | }

      at error (jobs/dailyManager.js:145:17)
      at jobs/dailyManager.test.js:251:25
      at AsyncProperty.run (node_modules/fast-check/lib/cjs/fast-check.js:1208:19)
      at asyncRunIt (node_modules/fast-check/lib/cjs/fast-check.js:2503:15)
      at Object.<anonymous> (jobs/dailyManager.test.js:192:9)

    console.log
      ⚠ System will continue — retry on next cycle

      at log (jobs/dailyManager.js:146:17)

    console.log
      
      ═══════════════════════════════════════════════════════════

      at log (jobs/dailyManager.js:27:13)

    console.log
      → NIGHTLY ANALYSIS PHASE STARTED

      at log (jobs/dailyManager.js:28:13)

    console.log
      ═══════════════════════════════════════════════════════════

      at log (jobs/dailyManager.js:29:13)

    console.error
      
      ═══════════════════════════════════════════════════════════

      45 |
      46 |     } catch (error) {
    > 47 |         console.error('\n═══════════════════════════════════════════════════════════');
         |                 ^
      48 |         console.error('✗ NIGHTLY ANALYSIS PHASE FAILED');
      49 |         console.error('═══════════════════════════════════════════════════════════');
      50 |         console.error('Error:', error.message);

      at error (jobs/dailyManager.js:47:17)
      at jobs/dailyManager.test.js:213:25
      at AsyncProperty.run (node_modules/fast-check/lib/cjs/fast-check.js:1208:19)
      at asyncRunIt (node_modules/fast-check/lib/cjs/fast-check.js:2503:15)
      at Object.<anonymous> (jobs/dailyManager.test.js:192:9)

    console.error
      ✗ NIGHTLY ANALYSIS PHASE FAILED

      46 |     } catch (error) {
      47 |         console.error('\n═══════════════════════════════════════════════════════════');
    > 48 |         console.error('✗ NIGHTLY ANALYSIS PHASE FAILED');
         |                 ^
      49 |         console.error('═══════════════════════════════════════════════════════════');
      50 |         console.error('Error:', error.message);
      51 |         console.log('⚠ System will continue — retry on next cycle\n');

      at error (jobs/dailyManager.js:48:17)
      at jobs/dailyManager.test.js:213:25
      at AsyncProperty.run (node_modules/fast-check/lib/cjs/fast-check.js:1208:19)
      at asyncRunIt (node_modules/fast-check/lib/cjs/fast-check.js:2503:15)
      at Object.<anonymous> (jobs/dailyManager.test.js:192:9)

    console.error
      ═══════════════════════════════════════════════════════════

      47 |         console.error('\n═══════════════════════════════════════════════════════════');
      48 |         console.error('✗ NIGHTLY ANALYSIS PHASE FAILED');
    > 49 |         console.error('═══════════════════════════════════════════════════════════');
         |                 ^
      50 |         console.error('Error:', error.message);
      51 |         console.log('⚠ System will continue — retry on next cycle\n');
      52 |     }

      at error (jobs/dailyManager.js:49:17)
      at jobs/dailyManager.test.js:213:25
      at AsyncProperty.run (node_modules/fast-check/lib/cjs/fast-check.js:1208:19)
      at asyncRunIt (node_modules/fast-check/lib/cjs/fast-check.js:2503:15)
      at Object.<anonymous> (jobs/dailyManager.test.js:192:9)

    console.error
      Error: Cannot read properties of undefined (reading 'length')

      48 |         console.error('✗ NIGHTLY ANALYSIS PHASE FAILED');
      49 |         console.error('═══════════════════════════════════════════════════════════');
    > 50 |         console.error('Error:', error.message);
         |                 ^
      51 |         console.log('⚠ System will continue — retry on next cycle\n');
      52 |     }
      53 | }

      at error (jobs/dailyManager.js:50:17)
      at jobs/dailyManager.test.js:213:25
      at AsyncProperty.run (node_modules/fast-check/lib/cjs/fast-check.js:1208:19)
      at asyncRunIt (node_modules/fast-check/lib/cjs/fast-check.js:2503:15)
      at Object.<anonymous> (jobs/dailyManager.test.js:192:9)

    console.log
      ⚠ System will continue — retry on next cycle

      at log (jobs/dailyManager.js:51:17)

    console.log
      
      ═══════════════════════════════════════════════════════════

      at log (jobs/dailyManager.js:58:13)

    console.log
      → EXECUTION PHASE STARTED

      at log (jobs/dailyManager.js:59:13)

    console.log
      ═══════════════════════════════════════════════════════════

      at log (jobs/dailyManager.js:60:13)

    console.log
      → Post ID 1 | Format: post | Platform: facebook

      at log (jobs/dailyManager.js:71:17)

    console.log
        Topic: Test

      at log (jobs/dailyManager.js:72:17)

    console.error
      
      ═══════════════════════════════════════════════════════════

       98 |
       99 |     } catch (error) {
    > 100 |         console.error('\n═══════════════════════════════════════════════════════════');
          |                 ^
      101 |         console.error('✗ EXECUTION PHASE FAILED');
      102 |         console.error('═══════════════════════════════════════════════════════════');
      103 |         console.error('Error:', error.message);

      at error (jobs/dailyManager.js:100:17)
      at jobs/dailyManager.test.js:239:25
      at AsyncProperty.run (node_modules/fast-check/lib/cjs/fast-check.js:1208:19)
      at asyncRunIt (node_modules/fast-check/lib/cjs/fast-check.js:2503:15)
      at Object.<anonymous> (jobs/dailyManager.test.js:192:9)

    console.error
      ✗ EXECUTION PHASE FAILED

       99 |     } catch (error) {
      100 |         console.error('\n═══════════════════════════════════════════════════════════');
    > 101 |         console.error('✗ EXECUTION PHASE FAILED');
          |                 ^
      102 |         console.error('═══════════════════════════════════════════════════════════');
      103 |         console.error('Error:', error.message);
      104 |         console.log('⚠ System will continue — retry on next cycle\n');

      at error (jobs/dailyManager.js:101:17)
      at jobs/dailyManager.test.js:239:25
      at AsyncProperty.run (node_modules/fast-check/lib/cjs/fast-check.js:1208:19)
      at asyncRunIt (node_modules/fast-check/lib/cjs/fast-check.js:2503:15)
      at Object.<anonymous> (jobs/dailyManager.test.js:192:9)

    console.error
      ═══════════════════════════════════════════════════════════

      100 |         console.error('\n═══════════════════════════════════════════════════════════');
      101 |         console.error('✗ EXECUTION PHASE FAILED');
    > 102 |         console.error('═══════════════════════════════════════════════════════════');
          |                 ^
      103 |         console.error('Error:', error.message);
      104 |         console.log('⚠ System will continue — retry on next cycle\n');
      105 |     }

      at error (jobs/dailyManager.js:102:17)
      at jobs/dailyManager.test.js:239:25
      at AsyncProperty.run (node_modules/fast-check/lib/cjs/fast-check.js:1208:19)
      at asyncRunIt (node_modules/fast-check/lib/cjs/fast-check.js:2503:15)
      at Object.<anonymous> (jobs/dailyManager.test.js:192:9)

    console.error
      Error: Publish failed

      101 |         console.error('✗ EXECUTION PHASE FAILED');
      102 |         console.error('═══════════════════════════════════════════════════════════');
    > 103 |         console.error('Error:', error.message);
          |                 ^
      104 |         console.log('⚠ System will continue — retry on next cycle\n');
      105 |     }
      106 | }

      at error (jobs/dailyManager.js:103:17)
      at jobs/dailyManager.test.js:239:25
      at AsyncProperty.run (node_modules/fast-check/lib/cjs/fast-check.js:1208:19)
      at asyncRunIt (node_modules/fast-check/lib/cjs/fast-check.js:2503:15)
      at Object.<anonymous> (jobs/dailyManager.test.js:192:9)

    console.log
      ⚠ System will continue — retry on next cycle

      at log (jobs/dailyManager.js:104:17)

    console.log
      
      ═══════════════════════════════════════════════════════════

      at log (jobs/dailyManager.js:111:13)

    console.log
      → ANALYTICS SYNC PHASE STARTED

      at log (jobs/dailyManager.js:112:13)

    console.log
      ═══════════════════════════════════════════════════════════

      at log (jobs/dailyManager.js:113:13)

    console.error
      
      ═══════════════════════════════════════════════════════════

      140 |
      141 |     } catch (error) {
    > 142 |         console.error('\n═══════════════════════════════════════════════════════════');
          |                 ^
      143 |         console.error('✗ ANALYTICS SYNC PHASE FAILED');
      144 |         console.error('═══════════════════════════════════════════════════════════');
      145 |         console.error('Error:', error.message);

      at error (jobs/dailyManager.js:142:17)
      at jobs/dailyManager.test.js:251:25
      at AsyncProperty.run (node_modules/fast-check/lib/cjs/fast-check.js:1208:19)
      at asyncRunIt (node_modules/fast-check/lib/cjs/fast-check.js:2503:15)
      at Object.<anonymous> (jobs/dailyManager.test.js:192:9)

    console.error
      ✗ ANALYTICS SYNC PHASE FAILED

      141 |     } catch (error) {
      142 |         console.error('\n═══════════════════════════════════════════════════════════');
    > 143 |         console.error('✗ ANALYTICS SYNC PHASE FAILED');
          |                 ^
      144 |         console.error('═══════════════════════════════════════════════════════════');
      145 |         console.error('Error:', error.message);
      146 |         console.log('⚠ System will continue — retry on next cycle\n');

      at error (jobs/dailyManager.js:143:17)
      at jobs/dailyManager.test.js:251:25
      at AsyncProperty.run (node_modules/fast-check/lib/cjs/fast-check.js:1208:19)
      at asyncRunIt (node_modules/fast-check/lib/cjs/fast-check.js:2503:15)
      at Object.<anonymous> (jobs/dailyManager.test.js:192:9)

    console.error
      ═══════════════════════════════════════════════════════════

      142 |         console.error('\n═══════════════════════════════════════════════════════════');
      143 |         console.error('✗ ANALYTICS SYNC PHASE FAILED');
    > 144 |         console.error('═══════════════════════════════════════════════════════════');
          |                 ^
      145 |         console.error('Error:', error.message);
      146 |         console.log('⚠ System will continue — retry on next cycle\n');
      147 |     }

      at error (jobs/dailyManager.js:144:17)
      at jobs/dailyManager.test.js:251:25
      at AsyncProperty.run (node_modules/fast-check/lib/cjs/fast-check.js:1208:19)
      at asyncRunIt (node_modules/fast-check/lib/cjs/fast-check.js:2503:15)
      at Object.<anonymous> (jobs/dailyManager.test.js:192:9)

    console.error
      Error: Database query failed

      143 |         console.error('✗ ANALYTICS SYNC PHASE FAILED');
      144 |         console.error('═══════════════════════════════════════════════════════════');
    > 145 |         console.error('Error:', error.message);
          |                 ^
      146 |         console.log('⚠ System will continue — retry on next cycle\n');
      147 |     }
      148 | }

      at error (jobs/dailyManager.js:145:17)
      at jobs/dailyManager.test.js:251:25
      at AsyncProperty.run (node_modules/fast-check/lib/cjs/fast-check.js:1208:19)
      at asyncRunIt (node_modules/fast-check/lib/cjs/fast-check.js:2503:15)
      at Object.<anonymous> (jobs/dailyManager.test.js:192:9)

    console.log
      ⚠ System will continue — retry on next cycle

      at log (jobs/dailyManager.js:146:17)

    console.log
      
      ═══════════════════════════════════════════════════════════

      at log (jobs/dailyManager.js:27:13)

    console.log
      → NIGHTLY ANALYSIS PHASE STARTED

      at log (jobs/dailyManager.js:28:13)

    console.log
      ═══════════════════════════════════════════════════════════

      at log (jobs/dailyManager.js:29:13)

    console.error
      
      ═══════════════════════════════════════════════════════════

      45 |
      46 |     } catch (error) {
    > 47 |         console.error('\n═══════════════════════════════════════════════════════════');
         |                 ^
      48 |         console.error('✗ NIGHTLY ANALYSIS PHASE FAILED');
      49 |         console.error('═══════════════════════════════════════════════════════════');
      50 |         console.error('Error:', error.message);

      at error (jobs/dailyManager.js:47:17)
      at jobs/dailyManager.test.js:213:25
      at AsyncProperty.run (node_modules/fast-check/lib/cjs/fast-check.js:1208:19)
      at asyncRunIt (node_modules/fast-check/lib/cjs/fast-check.js:2503:15)
      at Object.<anonymous> (jobs/dailyManager.test.js:192:9)

    console.error
      ✗ NIGHTLY ANALYSIS PHASE FAILED

      46 |     } catch (error) {
      47 |         console.error('\n═══════════════════════════════════════════════════════════');
    > 48 |         console.error('✗ NIGHTLY ANALYSIS PHASE FAILED');
         |                 ^
      49 |         console.error('═══════════════════════════════════════════════════════════');
      50 |         console.error('Error:', error.message);
      51 |         console.log('⚠ System will continue — retry on next cycle\n');

      at error (jobs/dailyManager.js:48:17)
      at jobs/dailyManager.test.js:213:25
      at AsyncProperty.run (node_modules/fast-check/lib/cjs/fast-check.js:1208:19)
      at asyncRunIt (node_modules/fast-check/lib/cjs/fast-check.js:2503:15)
      at Object.<anonymous> (jobs/dailyManager.test.js:192:9)

    console.error
      ═══════════════════════════════════════════════════════════

      47 |         console.error('\n═══════════════════════════════════════════════════════════');
      48 |         console.error('✗ NIGHTLY ANALYSIS PHASE FAILED');
    > 49 |         console.error('═══════════════════════════════════════════════════════════');
         |                 ^
      50 |         console.error('Error:', error.message);
      51 |         console.log('⚠ System will continue — retry on next cycle\n');
      52 |     }

      at error (jobs/dailyManager.js:49:17)
      at jobs/dailyManager.test.js:213:25
      at AsyncProperty.run (node_modules/fast-check/lib/cjs/fast-check.js:1208:19)
      at asyncRunIt (node_modules/fast-check/lib/cjs/fast-check.js:2503:15)
      at Object.<anonymous> (jobs/dailyManager.test.js:192:9)

    console.error
      Error: Cannot read properties of undefined (reading 'length')

      48 |         console.error('✗ NIGHTLY ANALYSIS PHASE FAILED');
      49 |         console.error('═══════════════════════════════════════════════════════════');
    > 50 |         console.error('Error:', error.message);
         |                 ^
      51 |         console.log('⚠ System will continue — retry on next cycle\n');
      52 |     }
      53 | }

      at error (jobs/dailyManager.js:50:17)
      at jobs/dailyManager.test.js:213:25
      at AsyncProperty.run (node_modules/fast-check/lib/cjs/fast-check.js:1208:19)
      at asyncRunIt (node_modules/fast-check/lib/cjs/fast-check.js:2503:15)
      at Object.<anonymous> (jobs/dailyManager.test.js:192:9)

    console.log
      ⚠ System will continue — retry on next cycle

      at log (jobs/dailyManager.js:51:17)

    console.log
      
      ═══════════════════════════════════════════════════════════

      at log (jobs/dailyManager.js:111:13)

    console.log
      → ANALYTICS SYNC PHASE STARTED

      at log (jobs/dailyManager.js:112:13)

    console.log
      ═══════════════════════════════════════════════════════════

      at log (jobs/dailyManager.js:113:13)

    console.error
      
      ═══════════════════════════════════════════════════════════

      140 |
      141 |     } catch (error) {
    > 142 |         console.error('\n═══════════════════════════════════════════════════════════');
          |                 ^
      143 |         console.error('✗ ANALYTICS SYNC PHASE FAILED');
      144 |         console.error('═══════════════════════════════════════════════════════════');
      145 |         console.error('Error:', error.message);

      at error (jobs/dailyManager.js:142:17)
      at jobs/dailyManager.test.js:251:25
      at AsyncProperty.run (node_modules/fast-check/lib/cjs/fast-check.js:1208:19)
      at asyncRunIt (node_modules/fast-check/lib/cjs/fast-check.js:2503:15)
      at Object.<anonymous> (jobs/dailyManager.test.js:192:9)

    console.error
      ✗ ANALYTICS SYNC PHASE FAILED

      141 |     } catch (error) {
      142 |         console.error('\n═══════════════════════════════════════════════════════════');
    > 143 |         console.error('✗ ANALYTICS SYNC PHASE FAILED');
          |                 ^
      144 |         console.error('═══════════════════════════════════════════════════════════');
      145 |         console.error('Error:', error.message);
      146 |         console.log('⚠ System will continue — retry on next cycle\n');

      at error (jobs/dailyManager.js:143:17)
      at jobs/dailyManager.test.js:251:25
      at AsyncProperty.run (node_modules/fast-check/lib/cjs/fast-check.js:1208:19)
      at asyncRunIt (node_modules/fast-check/lib/cjs/fast-check.js:2503:15)
      at Object.<anonymous> (jobs/dailyManager.test.js:192:9)

    console.error
      ═══════════════════════════════════════════════════════════

      142 |         console.error('\n═══════════════════════════════════════════════════════════');
      143 |         console.error('✗ ANALYTICS SYNC PHASE FAILED');
    > 144 |         console.error('═══════════════════════════════════════════════════════════');
          |                 ^
      145 |         console.error('Error:', error.message);
      146 |         console.log('⚠ System will continue — retry on next cycle\n');
      147 |     }

      at error (jobs/dailyManager.js:144:17)
      at jobs/dailyManager.test.js:251:25
      at AsyncProperty.run (node_modules/fast-check/lib/cjs/fast-check.js:1208:19)
      at asyncRunIt (node_modules/fast-check/lib/cjs/fast-check.js:2503:15)
      at Object.<anonymous> (jobs/dailyManager.test.js:192:9)

    console.error
      Error: Database query failed

      143 |         console.error('✗ ANALYTICS SYNC PHASE FAILED');
      144 |         console.error('═══════════════════════════════════════════════════════════');
    > 145 |         console.error('Error:', error.message);
          |                 ^
      146 |         console.log('⚠ System will continue — retry on next cycle\n');
      147 |     }
      148 | }

      at error (jobs/dailyManager.js:145:17)
      at jobs/dailyManager.test.js:251:25
      at AsyncProperty.run (node_modules/fast-check/lib/cjs/fast-check.js:1208:19)
      at asyncRunIt (node_modules/fast-check/lib/cjs/fast-check.js:2503:15)
      at Object.<anonymous> (jobs/dailyManager.test.js:192:9)

    console.log
      ⚠ System will continue — retry on next cycle

      at log (jobs/dailyManager.js:146:17)

    console.log
      
      ═══════════════════════════════════════════════════════════

      at log (jobs/dailyManager.js:111:13)

    console.log
      → ANALYTICS SYNC PHASE STARTED

      at log (jobs/dailyManager.js:112:13)

    console.log
      ═══════════════════════════════════════════════════════════

      at log (jobs/dailyManager.js:113:13)

    console.error
      
      ═══════════════════════════════════════════════════════════

      140 |
      141 |     } catch (error) {
    > 142 |         console.error('\n═══════════════════════════════════════════════════════════');
          |                 ^
      143 |         console.error('✗ ANALYTICS SYNC PHASE FAILED');
      144 |         console.error('═══════════════════════════════════════════════════════════');
      145 |         console.error('Error:', error.message);

      at error (jobs/dailyManager.js:142:17)
      at jobs/dailyManager.test.js:251:25
      at AsyncProperty.run (node_modules/fast-check/lib/cjs/fast-check.js:1208:19)
      at asyncRunIt (node_modules/fast-check/lib/cjs/fast-check.js:2503:15)
      at Object.<anonymous> (jobs/dailyManager.test.js:192:9)

    console.error
      ✗ ANALYTICS SYNC PHASE FAILED

      141 |     } catch (error) {
      142 |         console.error('\n═══════════════════════════════════════════════════════════');
    > 143 |         console.error('✗ ANALYTICS SYNC PHASE FAILED');
          |                 ^
      144 |         console.error('═══════════════════════════════════════════════════════════');
      145 |         console.error('Error:', error.message);
      146 |         console.log('⚠ System will continue — retry on next cycle\n');

      at error (jobs/dailyManager.js:143:17)
      at jobs/dailyManager.test.js:251:25
      at AsyncProperty.run (node_modules/fast-check/lib/cjs/fast-check.js:1208:19)
      at asyncRunIt (node_modules/fast-check/lib/cjs/fast-check.js:2503:15)
      at Object.<anonymous> (jobs/dailyManager.test.js:192:9)

    console.error
      ═══════════════════════════════════════════════════════════

      142 |         console.error('\n═══════════════════════════════════════════════════════════');
      143 |         console.error('✗ ANALYTICS SYNC PHASE FAILED');
    > 144 |         console.error('═══════════════════════════════════════════════════════════');
          |                 ^
      145 |         console.error('Error:', error.message);
      146 |         console.log('⚠ System will continue — retry on next cycle\n');
      147 |     }

      at error (jobs/dailyManager.js:144:17)
      at jobs/dailyManager.test.js:251:25
      at AsyncProperty.run (node_modules/fast-check/lib/cjs/fast-check.js:1208:19)
      at asyncRunIt (node_modules/fast-check/lib/cjs/fast-check.js:2503:15)
      at Object.<anonymous> (jobs/dailyManager.test.js:192:9)

    console.error
      Error: Database query failed

      143 |         console.error('✗ ANALYTICS SYNC PHASE FAILED');
      144 |         console.error('═══════════════════════════════════════════════════════════');
    > 145 |         console.error('Error:', error.message);
          |                 ^
      146 |         console.log('⚠ System will continue — retry on next cycle\n');
      147 |     }
      148 | }

      at error (jobs/dailyManager.js:145:17)
      at jobs/dailyManager.test.js:251:25
      at AsyncProperty.run (node_modules/fast-check/lib/cjs/fast-check.js:1208:19)
      at asyncRunIt (node_modules/fast-check/lib/cjs/fast-check.js:2503:15)
      at Object.<anonymous> (jobs/dailyManager.test.js:192:9)

    console.log
      ⚠ System will continue — retry on next cycle

      at log (jobs/dailyManager.js:146:17)

    console.log
      
      ═══════════════════════════════════════════════════════════

      at log (jobs/dailyManager.js:58:13)

    console.log
      → EXECUTION PHASE STARTED

      at log (jobs/dailyManager.js:59:13)

    console.log
      ═══════════════════════════════════════════════════════════

      at log (jobs/dailyManager.js:60:13)

    console.log
      → Post ID 1 | Format: post | Platform: facebook

      at log (jobs/dailyManager.js:71:17)

    console.log
        Topic: Test

      at log (jobs/dailyManager.js:72:17)

    console.error
      
      ═══════════════════════════════════════════════════════════

       98 |
       99 |     } catch (error) {
    > 100 |         console.error('\n═══════════════════════════════════════════════════════════');
          |                 ^
      101 |         console.error('✗ EXECUTION PHASE FAILED');
      102 |         console.error('═══════════════════════════════════════════════════════════');
      103 |         console.error('Error:', error.message);

      at error (jobs/dailyManager.js:100:17)
      at jobs/dailyManager.test.js:239:25
      at AsyncProperty.run (node_modules/fast-check/lib/cjs/fast-check.js:1208:19)
      at asyncRunIt (node_modules/fast-check/lib/cjs/fast-check.js:2503:15)
      at Object.<anonymous> (jobs/dailyManager.test.js:192:9)

    console.error
      ✗ EXECUTION PHASE FAILED

       99 |     } catch (error) {
      100 |         console.error('\n═══════════════════════════════════════════════════════════');
    > 101 |         console.error('✗ EXECUTION PHASE FAILED');
          |                 ^
      102 |         console.error('═══════════════════════════════════════════════════════════');
      103 |         console.error('Error:', error.message);
      104 |         console.log('⚠ System will continue — retry on next cycle\n');

      at error (jobs/dailyManager.js:101:17)
      at jobs/dailyManager.test.js:239:25
      at AsyncProperty.run (node_modules/fast-check/lib/cjs/fast-check.js:1208:19)
      at asyncRunIt (node_modules/fast-check/lib/cjs/fast-check.js:2503:15)
      at Object.<anonymous> (jobs/dailyManager.test.js:192:9)

    console.error
      ═══════════════════════════════════════════════════════════

      100 |         console.error('\n═══════════════════════════════════════════════════════════');
      101 |         console.error('✗ EXECUTION PHASE FAILED');
    > 102 |         console.error('═══════════════════════════════════════════════════════════');
          |                 ^
      103 |         console.error('Error:', error.message);
      104 |         console.log('⚠ System will continue — retry on next cycle\n');
      105 |     }

      at error (jobs/dailyManager.js:102:17)
      at jobs/dailyManager.test.js:239:25
      at AsyncProperty.run (node_modules/fast-check/lib/cjs/fast-check.js:1208:19)
      at asyncRunIt (node_modules/fast-check/lib/cjs/fast-check.js:2503:15)
      at Object.<anonymous> (jobs/dailyManager.test.js:192:9)

    console.error
      Error: Publish failed

      101 |         console.error('✗ EXECUTION PHASE FAILED');
      102 |         console.error('═══════════════════════════════════════════════════════════');
    > 103 |         console.error('Error:', error.message);
          |                 ^
      104 |         console.log('⚠ System will continue — retry on next cycle\n');
      105 |     }
      106 | }

      at error (jobs/dailyManager.js:103:17)
      at jobs/dailyManager.test.js:239:25
      at AsyncProperty.run (node_modules/fast-check/lib/cjs/fast-check.js:1208:19)
      at asyncRunIt (node_modules/fast-check/lib/cjs/fast-check.js:2503:15)
      at Object.<anonymous> (jobs/dailyManager.test.js:192:9)

    console.log
      ⚠ System will continue — retry on next cycle

      at log (jobs/dailyManager.js:104:17)

    console.log
      
      ═══════════════════════════════════════════════════════════

      at log (jobs/dailyManager.js:27:13)

    console.log
      → NIGHTLY ANALYSIS PHASE STARTED

      at log (jobs/dailyManager.js:28:13)

    console.log
      ═══════════════════════════════════════════════════════════

      at log (jobs/dailyManager.js:29:13)

    console.error
      
      ═══════════════════════════════════════════════════════════

      45 |
      46 |     } catch (error) {
    > 47 |         console.error('\n═══════════════════════════════════════════════════════════');
         |                 ^
      48 |         console.error('✗ NIGHTLY ANALYSIS PHASE FAILED');
      49 |         console.error('═══════════════════════════════════════════════════════════');
      50 |         console.error('Error:', error.message);

      at error (jobs/dailyManager.js:47:17)
      at jobs/dailyManager.test.js:213:25
      at AsyncProperty.run (node_modules/fast-check/lib/cjs/fast-check.js:1208:19)
      at asyncRunIt (node_modules/fast-check/lib/cjs/fast-check.js:2503:15)
      at Object.<anonymous> (jobs/dailyManager.test.js:192:9)

    console.error
      ✗ NIGHTLY ANALYSIS PHASE FAILED

      46 |     } catch (error) {
      47 |         console.error('\n═══════════════════════════════════════════════════════════');
    > 48 |         console.error('✗ NIGHTLY ANALYSIS PHASE FAILED');
         |                 ^
      49 |         console.error('═══════════════════════════════════════════════════════════');
      50 |         console.error('Error:', error.message);
      51 |         console.log('⚠ System will continue — retry on next cycle\n');

      at error (jobs/dailyManager.js:48:17)
      at jobs/dailyManager.test.js:213:25
      at AsyncProperty.run (node_modules/fast-check/lib/cjs/fast-check.js:1208:19)
      at asyncRunIt (node_modules/fast-check/lib/cjs/fast-check.js:2503:15)
      at Object.<anonymous> (jobs/dailyManager.test.js:192:9)

    console.error
      ═══════════════════════════════════════════════════════════

      47 |         console.error('\n═══════════════════════════════════════════════════════════');
      48 |         console.error('✗ NIGHTLY ANALYSIS PHASE FAILED');
    > 49 |         console.error('═══════════════════════════════════════════════════════════');
         |                 ^
      50 |         console.error('Error:', error.message);
      51 |         console.log('⚠ System will continue — retry on next cycle\n');
      52 |     }

      at error (jobs/dailyManager.js:49:17)
      at jobs/dailyManager.test.js:213:25
      at AsyncProperty.run (node_modules/fast-check/lib/cjs/fast-check.js:1208:19)
      at asyncRunIt (node_modules/fast-check/lib/cjs/fast-check.js:2503:15)
      at Object.<anonymous> (jobs/dailyManager.test.js:192:9)

    console.error
      Error: Cannot read properties of undefined (reading 'length')

      48 |         console.error('✗ NIGHTLY ANALYSIS PHASE FAILED');
      49 |         console.error('═══════════════════════════════════════════════════════════');
    > 50 |         console.error('Error:', error.message);
         |                 ^
      51 |         console.log('⚠ System will continue — retry on next cycle\n');
      52 |     }
      53 | }

      at error (jobs/dailyManager.js:50:17)
      at jobs/dailyManager.test.js:213:25
      at AsyncProperty.run (node_modules/fast-check/lib/cjs/fast-check.js:1208:19)
      at asyncRunIt (node_modules/fast-check/lib/cjs/fast-check.js:2503:15)
      at Object.<anonymous> (jobs/dailyManager.test.js:192:9)

    console.log
      ⚠ System will continue — retry on next cycle

      at log (jobs/dailyManager.js:51:17)

    console.log
      
      ═══════════════════════════════════════════════════════════

      at log (jobs/dailyManager.js:111:13)

    console.log
      → ANALYTICS SYNC PHASE STARTED

      at log (jobs/dailyManager.js:112:13)

    console.log
      ═══════════════════════════════════════════════════════════

      at log (jobs/dailyManager.js:113:13)

    console.error
      
      ═══════════════════════════════════════════════════════════

      140 |
      141 |     } catch (error) {
    > 142 |         console.error('\n═══════════════════════════════════════════════════════════');
          |                 ^
      143 |         console.error('✗ ANALYTICS SYNC PHASE FAILED');
      144 |         console.error('═══════════════════════════════════════════════════════════');
      145 |         console.error('Error:', error.message);

      at error (jobs/dailyManager.js:142:17)
      at jobs/dailyManager.test.js:251:25
      at AsyncProperty.run (node_modules/fast-check/lib/cjs/fast-check.js:1208:19)
      at asyncRunIt (node_modules/fast-check/lib/cjs/fast-check.js:2503:15)
      at Object.<anonymous> (jobs/dailyManager.test.js:192:9)

    console.error
      ✗ ANALYTICS SYNC PHASE FAILED

      141 |     } catch (error) {
      142 |         console.error('\n═══════════════════════════════════════════════════════════');
    > 143 |         console.error('✗ ANALYTICS SYNC PHASE FAILED');
          |                 ^
      144 |         console.error('═══════════════════════════════════════════════════════════');
      145 |         console.error('Error:', error.message);
      146 |         console.log('⚠ System will continue — retry on next cycle\n');

      at error (jobs/dailyManager.js:143:17)
      at jobs/dailyManager.test.js:251:25
      at AsyncProperty.run (node_modules/fast-check/lib/cjs/fast-check.js:1208:19)
      at asyncRunIt (node_modules/fast-check/lib/cjs/fast-check.js:2503:15)
      at Object.<anonymous> (jobs/dailyManager.test.js:192:9)

    console.error
      ═══════════════════════════════════════════════════════════

      142 |         console.error('\n═══════════════════════════════════════════════════════════');
      143 |         console.error('✗ ANALYTICS SYNC PHASE FAILED');
    > 144 |         console.error('═══════════════════════════════════════════════════════════');
          |                 ^
      145 |         console.error('Error:', error.message);
      146 |         console.log('⚠ System will continue — retry on next cycle\n');
      147 |     }

      at error (jobs/dailyManager.js:144:17)
      at jobs/dailyManager.test.js:251:25
      at AsyncProperty.run (node_modules/fast-check/lib/cjs/fast-check.js:1208:19)
      at asyncRunIt (node_modules/fast-check/lib/cjs/fast-check.js:2503:15)
      at Object.<anonymous> (jobs/dailyManager.test.js:192:9)

    console.error
      Error: Database query failed

      143 |         console.error('✗ ANALYTICS SYNC PHASE FAILED');
      144 |         console.error('═══════════════════════════════════════════════════════════');
    > 145 |         console.error('Error:', error.message);
          |                 ^
      146 |         console.log('⚠ System will continue — retry on next cycle\n');
      147 |     }
      148 | }

      at error (jobs/dailyManager.js:145:17)
      at jobs/dailyManager.test.js:251:25
      at AsyncProperty.run (node_modules/fast-check/lib/cjs/fast-check.js:1208:19)
      at asyncRunIt (node_modules/fast-check/lib/cjs/fast-check.js:2503:15)
      at Object.<anonymous> (jobs/dailyManager.test.js:192:9)

    console.log
      ⚠ System will continue — retry on next cycle

      at log (jobs/dailyManager.js:146:17)

    console.log
      
      ═══════════════════════════════════════════════════════════

      at log (jobs/dailyManager.js:27:13)

    console.log
      → NIGHTLY ANALYSIS PHASE STARTED

      at log (jobs/dailyManager.js:28:13)

    console.log
      ═══════════════════════════════════════════════════════════

      at log (jobs/dailyManager.js:29:13)

    console.error
      
      ═══════════════════════════════════════════════════════════

      45 |
      46 |     } catch (error) {
    > 47 |         console.error('\n═══════════════════════════════════════════════════════════');
         |                 ^
      48 |         console.error('✗ NIGHTLY ANALYSIS PHASE FAILED');
      49 |         console.error('═══════════════════════════════════════════════════════════');
      50 |         console.error('Error:', error.message);

      at error (jobs/dailyManager.js:47:17)
      at jobs/dailyManager.test.js:213:25
      at AsyncProperty.run (node_modules/fast-check/lib/cjs/fast-check.js:1208:19)
      at asyncRunIt (node_modules/fast-check/lib/cjs/fast-check.js:2503:15)
      at Object.<anonymous> (jobs/dailyManager.test.js:192:9)

    console.error
      ✗ NIGHTLY ANALYSIS PHASE FAILED

      46 |     } catch (error) {
      47 |         console.error('\n═══════════════════════════════════════════════════════════');
    > 48 |         console.error('✗ NIGHTLY ANALYSIS PHASE FAILED');
         |                 ^
      49 |         console.error('═══════════════════════════════════════════════════════════');
      50 |         console.error('Error:', error.message);
      51 |         console.log('⚠ System will continue — retry on next cycle\n');

      at error (jobs/dailyManager.js:48:17)
      at jobs/dailyManager.test.js:213:25
      at AsyncProperty.run (node_modules/fast-check/lib/cjs/fast-check.js:1208:19)
      at asyncRunIt (node_modules/fast-check/lib/cjs/fast-check.js:2503:15)
      at Object.<anonymous> (jobs/dailyManager.test.js:192:9)

    console.error
      ═══════════════════════════════════════════════════════════

      47 |         console.error('\n═══════════════════════════════════════════════════════════');
      48 |         console.error('✗ NIGHTLY ANALYSIS PHASE FAILED');
    > 49 |         console.error('═══════════════════════════════════════════════════════════');
         |                 ^
      50 |         console.error('Error:', error.message);
      51 |         console.log('⚠ System will continue — retry on next cycle\n');
      52 |     }

      at error (jobs/dailyManager.js:49:17)
      at jobs/dailyManager.test.js:213:25
      at AsyncProperty.run (node_modules/fast-check/lib/cjs/fast-check.js:1208:19)
      at asyncRunIt (node_modules/fast-check/lib/cjs/fast-check.js:2503:15)
      at Object.<anonymous> (jobs/dailyManager.test.js:192:9)

    console.error
      Error: Cannot read properties of undefined (reading 'length')

      48 |         console.error('✗ NIGHTLY ANALYSIS PHASE FAILED');
      49 |         console.error('═══════════════════════════════════════════════════════════');
    > 50 |         console.error('Error:', error.message);
         |                 ^
      51 |         console.log('⚠ System will continue — retry on next cycle\n');
      52 |     }
      53 | }

      at error (jobs/dailyManager.js:50:17)
      at jobs/dailyManager.test.js:213:25
      at AsyncProperty.run (node_modules/fast-check/lib/cjs/fast-check.js:1208:19)
      at asyncRunIt (node_modules/fast-check/lib/cjs/fast-check.js:2503:15)
      at Object.<anonymous> (jobs/dailyManager.test.js:192:9)

    console.log
      ⚠ System will continue — retry on next cycle

      at log (jobs/dailyManager.js:51:17)

    console.log
      
      ═══════════════════════════════════════════════════════════

      at log (jobs/dailyManager.js:58:13)

    console.log
      → EXECUTION PHASE STARTED

      at log (jobs/dailyManager.js:59:13)

    console.log
      ═══════════════════════════════════════════════════════════

      at log (jobs/dailyManager.js:60:13)

    console.log
      → Post ID 1 | Format: post | Platform: facebook

      at log (jobs/dailyManager.js:71:17)

    console.log
        Topic: Test

      at log (jobs/dailyManager.js:72:17)

    console.error
      
      ═══════════════════════════════════════════════════════════

       98 |
       99 |     } catch (error) {
    > 100 |         console.error('\n═══════════════════════════════════════════════════════════');
          |                 ^
      101 |         console.error('✗ EXECUTION PHASE FAILED');
      102 |         console.error('═══════════════════════════════════════════════════════════');
      103 |         console.error('Error:', error.message);

      at error (jobs/dailyManager.js:100:17)
      at jobs/dailyManager.test.js:239:25
      at AsyncProperty.run (node_modules/fast-check/lib/cjs/fast-check.js:1208:19)
      at asyncRunIt (node_modules/fast-check/lib/cjs/fast-check.js:2503:15)
      at Object.<anonymous> (jobs/dailyManager.test.js:192:9)

    console.error
      ✗ EXECUTION PHASE FAILED

       99 |     } catch (error) {
      100 |         console.error('\n═══════════════════════════════════════════════════════════');
    > 101 |         console.error('✗ EXECUTION PHASE FAILED');
          |                 ^
      102 |         console.error('═══════════════════════════════════════════════════════════');
      103 |         console.error('Error:', error.message);
      104 |         console.log('⚠ System will continue — retry on next cycle\n');

      at error (jobs/dailyManager.js:101:17)
      at jobs/dailyManager.test.js:239:25
      at AsyncProperty.run (node_modules/fast-check/lib/cjs/fast-check.js:1208:19)
      at asyncRunIt (node_modules/fast-check/lib/cjs/fast-check.js:2503:15)
      at Object.<anonymous> (jobs/dailyManager.test.js:192:9)

    console.error
      ═══════════════════════════════════════════════════════════

      100 |         console.error('\n═══════════════════════════════════════════════════════════');
      101 |         console.error('✗ EXECUTION PHASE FAILED');
    > 102 |         console.error('═══════════════════════════════════════════════════════════');
          |                 ^
      103 |         console.error('Error:', error.message);
      104 |         console.log('⚠ System will continue — retry on next cycle\n');
      105 |     }

      at error (jobs/dailyManager.js:102:17)
      at jobs/dailyManager.test.js:239:25
      at AsyncProperty.run (node_modules/fast-check/lib/cjs/fast-check.js:1208:19)
      at asyncRunIt (node_modules/fast-check/lib/cjs/fast-check.js:2503:15)
      at Object.<anonymous> (jobs/dailyManager.test.js:192:9)

    console.error
      Error: Publish failed

      101 |         console.error('✗ EXECUTION PHASE FAILED');
      102 |         console.error('═══════════════════════════════════════════════════════════');
    > 103 |         console.error('Error:', error.message);
          |                 ^
      104 |         console.log('⚠ System will continue — retry on next cycle\n');
      105 |     }
      106 | }

      at error (jobs/dailyManager.js:103:17)
      at jobs/dailyManager.test.js:239:25
      at AsyncProperty.run (node_modules/fast-check/lib/cjs/fast-check.js:1208:19)
      at asyncRunIt (node_modules/fast-check/lib/cjs/fast-check.js:2503:15)
      at Object.<anonymous> (jobs/dailyManager.test.js:192:9)

    console.log
      ⚠ System will continue — retry on next cycle

      at log (jobs/dailyManager.js:104:17)

    console.log
      
      ═══════════════════════════════════════════════════════════

      at log (jobs/dailyManager.js:58:13)

    console.log
      → EXECUTION PHASE STARTED

      at log (jobs/dailyManager.js:59:13)

    console.log
      ═══════════════════════════════════════════════════════════

      at log (jobs/dailyManager.js:60:13)

    console.log
      → Post ID 1 | Format: post | Platform: facebook

      at log (jobs/dailyManager.js:71:17)

    console.log
        Topic: Test

      at log (jobs/dailyManager.js:72:17)

    console.error
      
      ═══════════════════════════════════════════════════════════

       98 |
       99 |     } catch (error) {
    > 100 |         console.error('\n═══════════════════════════════════════════════════════════');
          |                 ^
      101 |         console.error('✗ EXECUTION PHASE FAILED');
      102 |         console.error('═══════════════════════════════════════════════════════════');
      103 |         console.error('Error:', error.message);

      at error (jobs/dailyManager.js:100:17)
      at jobs/dailyManager.test.js:239:25
      at AsyncProperty.run (node_modules/fast-check/lib/cjs/fast-check.js:1208:19)
      at asyncRunIt (node_modules/fast-check/lib/cjs/fast-check.js:2503:15)
      at Object.<anonymous> (jobs/dailyManager.test.js:192:9)

    console.error
      ✗ EXECUTION PHASE FAILED

       99 |     } catch (error) {
      100 |         console.error('\n═══════════════════════════════════════════════════════════');
    > 101 |         console.error('✗ EXECUTION PHASE FAILED');
          |                 ^
      102 |         console.error('═══════════════════════════════════════════════════════════');
      103 |         console.error('Error:', error.message);
      104 |         console.log('⚠ System will continue — retry on next cycle\n');

      at error (jobs/dailyManager.js:101:17)
      at jobs/dailyManager.test.js:239:25
      at AsyncProperty.run (node_modules/fast-check/lib/cjs/fast-check.js:1208:19)
      at asyncRunIt (node_modules/fast-check/lib/cjs/fast-check.js:2503:15)
      at Object.<anonymous> (jobs/dailyManager.test.js:192:9)

    console.error
      ═══════════════════════════════════════════════════════════

      100 |         console.error('\n═══════════════════════════════════════════════════════════');
      101 |         console.error('✗ EXECUTION PHASE FAILED');
    > 102 |         console.error('═══════════════════════════════════════════════════════════');
          |                 ^
      103 |         console.error('Error:', error.message);
      104 |         console.log('⚠ System will continue — retry on next cycle\n');
      105 |     }

      at error (jobs/dailyManager.js:102:17)
      at jobs/dailyManager.test.js:239:25
      at AsyncProperty.run (node_modules/fast-check/lib/cjs/fast-check.js:1208:19)
      at asyncRunIt (node_modules/fast-check/lib/cjs/fast-check.js:2503:15)
      at Object.<anonymous> (jobs/dailyManager.test.js:192:9)

    console.error
      Error: Publish failed

      101 |         console.error('✗ EXECUTION PHASE FAILED');
      102 |         console.error('═══════════════════════════════════════════════════════════');
    > 103 |         console.error('Error:', error.message);
          |                 ^
      104 |         console.log('⚠ System will continue — retry on next cycle\n');
      105 |     }
      106 | }

      at error (jobs/dailyManager.js:103:17)
      at jobs/dailyManager.test.js:239:25
      at AsyncProperty.run (node_modules/fast-check/lib/cjs/fast-check.js:1208:19)
      at asyncRunIt (node_modules/fast-check/lib/cjs/fast-check.js:2503:15)
      at Object.<anonymous> (jobs/dailyManager.test.js:192:9)

    console.log
      ⚠ System will continue — retry on next cycle

      at log (jobs/dailyManager.js:104:17)

    console.log
      
      ═══════════════════════════════════════════════════════════

      at log (jobs/dailyManager.js:58:13)

    console.log
      → EXECUTION PHASE STARTED

      at log (jobs/dailyManager.js:59:13)

    console.log
      ═══════════════════════════════════════════════════════════

      at log (jobs/dailyManager.js:60:13)

    console.log
      → Post ID 1 | Format: post | Platform: facebook

      at log (jobs/dailyManager.js:71:17)

    console.log
        Topic: Test

      at log (jobs/dailyManager.js:72:17)

    console.error
      
      ═══════════════════════════════════════════════════════════

       98 |
       99 |     } catch (error) {
    > 100 |         console.error('\n═══════════════════════════════════════════════════════════');
          |                 ^
      101 |         console.error('✗ EXECUTION PHASE FAILED');
      102 |         console.error('═══════════════════════════════════════════════════════════');
      103 |         console.error('Error:', error.message);

      at error (jobs/dailyManager.js:100:17)
      at jobs/dailyManager.test.js:239:25
      at AsyncProperty.run (node_modules/fast-check/lib/cjs/fast-check.js:1208:19)
      at asyncRunIt (node_modules/fast-check/lib/cjs/fast-check.js:2503:15)
      at Object.<anonymous> (jobs/dailyManager.test.js:192:9)

    console.error
      ✗ EXECUTION PHASE FAILED

       99 |     } catch (error) {
      100 |         console.error('\n═══════════════════════════════════════════════════════════');
    > 101 |         console.error('✗ EXECUTION PHASE FAILED');
          |                 ^
      102 |         console.error('═══════════════════════════════════════════════════════════');
      103 |         console.error('Error:', error.message);
      104 |         console.log('⚠ System will continue — retry on next cycle\n');

      at error (jobs/dailyManager.js:101:17)
      at jobs/dailyManager.test.js:239:25
      at AsyncProperty.run (node_modules/fast-check/lib/cjs/fast-check.js:1208:19)
      at asyncRunIt (node_modules/fast-check/lib/cjs/fast-check.js:2503:15)
      at Object.<anonymous> (jobs/dailyManager.test.js:192:9)

    console.error
      ═══════════════════════════════════════════════════════════

      100 |         console.error('\n═══════════════════════════════════════════════════════════');
      101 |         console.error('✗ EXECUTION PHASE FAILED');
    > 102 |         console.error('═══════════════════════════════════════════════════════════');
          |                 ^
      103 |         console.error('Error:', error.message);
      104 |         console.log('⚠ System will continue — retry on next cycle\n');
      105 |     }

      at error (jobs/dailyManager.js:102:17)
      at jobs/dailyManager.test.js:239:25
      at AsyncProperty.run (node_modules/fast-check/lib/cjs/fast-check.js:1208:19)
      at asyncRunIt (node_modules/fast-check/lib/cjs/fast-check.js:2503:15)
      at Object.<anonymous> (jobs/dailyManager.test.js:192:9)

    console.error
      Error: Publish failed

      101 |         console.error('✗ EXECUTION PHASE FAILED');
      102 |         console.error('═══════════════════════════════════════════════════════════');
    > 103 |         console.error('Error:', error.message);
          |                 ^
      104 |         console.log('⚠ System will continue — retry on next cycle\n');
      105 |     }
      106 | }

      at error (jobs/dailyManager.js:103:17)
      at jobs/dailyManager.test.js:239:25
      at AsyncProperty.run (node_modules/fast-check/lib/cjs/fast-check.js:1208:19)
      at asyncRunIt (node_modules/fast-check/lib/cjs/fast-check.js:2503:15)
      at Object.<anonymous> (jobs/dailyManager.test.js:192:9)

    console.log
      ⚠ System will continue — retry on next cycle

      at log (jobs/dailyManager.js:104:17)

    console.log
      
      ═══════════════════════════════════════════════════════════

      at log (jobs/dailyManager.js:58:13)

    console.log
      → EXECUTION PHASE STARTED

      at log (jobs/dailyManager.js:59:13)

    console.log
      ═══════════════════════════════════════════════════════════

      at log (jobs/dailyManager.js:60:13)

    console.log
      → Post ID 1 | Format: post | Platform: facebook

      at log (jobs/dailyManager.js:71:17)

    console.log
        Topic: Test

      at log (jobs/dailyManager.js:72:17)

    console.error
      
      ═══════════════════════════════════════════════════════════

       98 |
       99 |     } catch (error) {
    > 100 |         console.error('\n═══════════════════════════════════════════════════════════');
          |                 ^
      101 |         console.error('✗ EXECUTION PHASE FAILED');
      102 |         console.error('═══════════════════════════════════════════════════════════');
      103 |         console.error('Error:', error.message);

      at error (jobs/dailyManager.js:100:17)
      at jobs/dailyManager.test.js:239:25
      at AsyncProperty.run (node_modules/fast-check/lib/cjs/fast-check.js:1208:19)
      at asyncRunIt (node_modules/fast-check/lib/cjs/fast-check.js:2503:15)
      at Object.<anonymous> (jobs/dailyManager.test.js:192:9)

    console.error
      ✗ EXECUTION PHASE FAILED

       99 |     } catch (error) {
      100 |         console.error('\n═══════════════════════════════════════════════════════════');
    > 101 |         console.error('✗ EXECUTION PHASE FAILED');
          |                 ^
      102 |         console.error('═══════════════════════════════════════════════════════════');
      103 |         console.error('Error:', error.message);
      104 |         console.log('⚠ System will continue — retry on next cycle\n');

      at error (jobs/dailyManager.js:101:17)
      at jobs/dailyManager.test.js:239:25
      at AsyncProperty.run (node_modules/fast-check/lib/cjs/fast-check.js:1208:19)
      at asyncRunIt (node_modules/fast-check/lib/cjs/fast-check.js:2503:15)
      at Object.<anonymous> (jobs/dailyManager.test.js:192:9)

    console.error
      ═══════════════════════════════════════════════════════════

      100 |         console.error('\n═══════════════════════════════════════════════════════════');
      101 |         console.error('✗ EXECUTION PHASE FAILED');
    > 102 |         console.error('═══════════════════════════════════════════════════════════');
          |                 ^
      103 |         console.error('Error:', error.message);
      104 |         console.log('⚠ System will continue — retry on next cycle\n');
      105 |     }

      at error (jobs/dailyManager.js:102:17)
      at jobs/dailyManager.test.js:239:25
      at AsyncProperty.run (node_modules/fast-check/lib/cjs/fast-check.js:1208:19)
      at asyncRunIt (node_modules/fast-check/lib/cjs/fast-check.js:2503:15)
      at Object.<anonymous> (jobs/dailyManager.test.js:192:9)

    console.error
      Error: Publish failed

      101 |         console.error('✗ EXECUTION PHASE FAILED');
      102 |         console.error('═══════════════════════════════════════════════════════════');
    > 103 |         console.error('Error:', error.message);
          |                 ^
      104 |         console.log('⚠ System will continue — retry on next cycle\n');
      105 |     }
      106 | }

      at error (jobs/dailyManager.js:103:17)
      at jobs/dailyManager.test.js:239:25
      at AsyncProperty.run (node_modules/fast-check/lib/cjs/fast-check.js:1208:19)
      at asyncRunIt (node_modules/fast-check/lib/cjs/fast-check.js:2503:15)
      at Object.<anonymous> (jobs/dailyManager.test.js:192:9)

    console.log
      ⚠ System will continue — retry on next cycle

      at log (jobs/dailyManager.js:104:17)

    console.log
      
      ═══════════════════════════════════════════════════════════

      at log (jobs/dailyManager.js:111:13)

    console.log
      → ANALYTICS SYNC PHASE STARTED

      at log (jobs/dailyManager.js:112:13)

    console.log
      ═══════════════════════════════════════════════════════════

      at log (jobs/dailyManager.js:113:13)

    console.error
      
      ═══════════════════════════════════════════════════════════

      140 |
      141 |     } catch (error) {
    > 142 |         console.error('\n═══════════════════════════════════════════════════════════');
          |                 ^
      143 |         console.error('✗ ANALYTICS SYNC PHASE FAILED');
      144 |         console.error('═══════════════════════════════════════════════════════════');
      145 |         console.error('Error:', error.message);

      at error (jobs/dailyManager.js:142:17)
      at jobs/dailyManager.test.js:251:25
      at AsyncProperty.run (node_modules/fast-check/lib/cjs/fast-check.js:1208:19)
      at asyncRunIt (node_modules/fast-check/lib/cjs/fast-check.js:2503:15)
      at Object.<anonymous> (jobs/dailyManager.test.js:192:9)

    console.error
      ✗ ANALYTICS SYNC PHASE FAILED

      141 |     } catch (error) {
      142 |         console.error('\n═══════════════════════════════════════════════════════════');
    > 143 |         console.error('✗ ANALYTICS SYNC PHASE FAILED');
          |                 ^
      144 |         console.error('═══════════════════════════════════════════════════════════');
      145 |         console.error('Error:', error.message);
      146 |         console.log('⚠ System will continue — retry on next cycle\n');

      at error (jobs/dailyManager.js:143:17)
      at jobs/dailyManager.test.js:251:25
      at AsyncProperty.run (node_modules/fast-check/lib/cjs/fast-check.js:1208:19)
      at asyncRunIt (node_modules/fast-check/lib/cjs/fast-check.js:2503:15)
      at Object.<anonymous> (jobs/dailyManager.test.js:192:9)

    console.error
      ═══════════════════════════════════════════════════════════

      142 |         console.error('\n═══════════════════════════════════════════════════════════');
      143 |         console.error('✗ ANALYTICS SYNC PHASE FAILED');
    > 144 |         console.error('═══════════════════════════════════════════════════════════');
          |                 ^
      145 |         console.error('Error:', error.message);
      146 |         console.log('⚠ System will continue — retry on next cycle\n');
      147 |     }

      at error (jobs/dailyManager.js:144:17)
      at jobs/dailyManager.test.js:251:25
      at AsyncProperty.run (node_modules/fast-check/lib/cjs/fast-check.js:1208:19)
      at asyncRunIt (node_modules/fast-check/lib/cjs/fast-check.js:2503:15)
      at Object.<anonymous> (jobs/dailyManager.test.js:192:9)

    console.error
      Error: Database query failed

      143 |         console.error('✗ ANALYTICS SYNC PHASE FAILED');
      144 |         console.error('═══════════════════════════════════════════════════════════');
    > 145 |         console.error('Error:', error.message);
          |                 ^
      146 |         console.log('⚠ System will continue — retry on next cycle\n');
      147 |     }
      148 | }

      at error (jobs/dailyManager.js:145:17)
      at jobs/dailyManager.test.js:251:25
      at AsyncProperty.run (node_modules/fast-check/lib/cjs/fast-check.js:1208:19)
      at asyncRunIt (node_modules/fast-check/lib/cjs/fast-check.js:2503:15)
      at Object.<anonymous> (jobs/dailyManager.test.js:192:9)

    console.log
      ⚠ System will continue — retry on next cycle

      at log (jobs/dailyManager.js:146:17)

    console.log
      
      ═══════════════════════════════════════════════════════════

      at log (jobs/dailyManager.js:27:13)

    console.log
      → NIGHTLY ANALYSIS PHASE STARTED

      at log (jobs/dailyManager.js:28:13)

    console.log
      ═══════════════════════════════════════════════════════════

      at log (jobs/dailyManager.js:29:13)

    console.error
      
      ═══════════════════════════════════════════════════════════

      45 |
      46 |     } catch (error) {
    > 47 |         console.error('\n═══════════════════════════════════════════════════════════');
         |                 ^
      48 |         console.error('✗ NIGHTLY ANALYSIS PHASE FAILED');
      49 |         console.error('═══════════════════════════════════════════════════════════');
      50 |         console.error('Error:', error.message);

      at error (jobs/dailyManager.js:47:17)
      at jobs/dailyManager.test.js:213:25
      at AsyncProperty.run (node_modules/fast-check/lib/cjs/fast-check.js:1208:19)
      at asyncRunIt (node_modules/fast-check/lib/cjs/fast-check.js:2503:15)
      at Object.<anonymous> (jobs/dailyManager.test.js:192:9)

    console.error
      ✗ NIGHTLY ANALYSIS PHASE FAILED

      46 |     } catch (error) {
      47 |         console.error('\n═══════════════════════════════════════════════════════════');
    > 48 |         console.error('✗ NIGHTLY ANALYSIS PHASE FAILED');
         |                 ^
      49 |         console.error('═══════════════════════════════════════════════════════════');
      50 |         console.error('Error:', error.message);
      51 |         console.log('⚠ System will continue — retry on next cycle\n');

      at error (jobs/dailyManager.js:48:17)
      at jobs/dailyManager.test.js:213:25
      at AsyncProperty.run (node_modules/fast-check/lib/cjs/fast-check.js:1208:19)
      at asyncRunIt (node_modules/fast-check/lib/cjs/fast-check.js:2503:15)
      at Object.<anonymous> (jobs/dailyManager.test.js:192:9)

    console.error
      ═══════════════════════════════════════════════════════════

      47 |         console.error('\n═══════════════════════════════════════════════════════════');
      48 |         console.error('✗ NIGHTLY ANALYSIS PHASE FAILED');
    > 49 |         console.error('═══════════════════════════════════════════════════════════');
         |                 ^
      50 |         console.error('Error:', error.message);
      51 |         console.log('⚠ System will continue — retry on next cycle\n');
      52 |     }

      at error (jobs/dailyManager.js:49:17)
      at jobs/dailyManager.test.js:213:25
      at AsyncProperty.run (node_modules/fast-check/lib/cjs/fast-check.js:1208:19)
      at asyncRunIt (node_modules/fast-check/lib/cjs/fast-check.js:2503:15)
      at Object.<anonymous> (jobs/dailyManager.test.js:192:9)

    console.error
      Error: Cannot read properties of undefined (reading 'length')

      48 |         console.error('✗ NIGHTLY ANALYSIS PHASE FAILED');
      49 |         console.error('═══════════════════════════════════════════════════════════');
    > 50 |         console.error('Error:', error.message);
         |                 ^
      51 |         console.log('⚠ System will continue — retry on next cycle\n');
      52 |     }
      53 | }

      at error (jobs/dailyManager.js:50:17)
      at jobs/dailyManager.test.js:213:25
      at AsyncProperty.run (node_modules/fast-check/lib/cjs/fast-check.js:1208:19)
      at asyncRunIt (node_modules/fast-check/lib/cjs/fast-check.js:2503:15)
      at Object.<anonymous> (jobs/dailyManager.test.js:192:9)

    console.log
      ⚠ System will continue — retry on next cycle

      at log (jobs/dailyManager.js:51:17)

    console.log
      
      ═══════════════════════════════════════════════════════════

      at log (jobs/dailyManager.js:27:13)

    console.log
      → NIGHTLY ANALYSIS PHASE STARTED

      at log (jobs/dailyManager.js:28:13)

    console.log
      ═══════════════════════════════════════════════════════════

      at log (jobs/dailyManager.js:29:13)

    console.error
      
      ═══════════════════════════════════════════════════════════

      45 |
      46 |     } catch (error) {
    > 47 |         console.error('\n═══════════════════════════════════════════════════════════');
         |                 ^
      48 |         console.error('✗ NIGHTLY ANALYSIS PHASE FAILED');
      49 |         console.error('═══════════════════════════════════════════════════════════');
      50 |         console.error('Error:', error.message);

      at error (jobs/dailyManager.js:47:17)
      at jobs/dailyManager.test.js:213:25
      at AsyncProperty.run (node_modules/fast-check/lib/cjs/fast-check.js:1208:19)
      at asyncRunIt (node_modules/fast-check/lib/cjs/fast-check.js:2503:15)
      at Object.<anonymous> (jobs/dailyManager.test.js:192:9)

    console.error
      ✗ NIGHTLY ANALYSIS PHASE FAILED

      46 |     } catch (error) {
      47 |         console.error('\n═══════════════════════════════════════════════════════════');
    > 48 |         console.error('✗ NIGHTLY ANALYSIS PHASE FAILED');
         |                 ^
      49 |         console.error('═══════════════════════════════════════════════════════════');
      50 |         console.error('Error:', error.message);
      51 |         console.log('⚠ System will continue — retry on next cycle\n');

      at error (jobs/dailyManager.js:48:17)
      at jobs/dailyManager.test.js:213:25
      at AsyncProperty.run (node_modules/fast-check/lib/cjs/fast-check.js:1208:19)
      at asyncRunIt (node_modules/fast-check/lib/cjs/fast-check.js:2503:15)
      at Object.<anonymous> (jobs/dailyManager.test.js:192:9)

    console.error
      ═══════════════════════════════════════════════════════════

      47 |         console.error('\n═══════════════════════════════════════════════════════════');
      48 |         console.error('✗ NIGHTLY ANALYSIS PHASE FAILED');
    > 49 |         console.error('═══════════════════════════════════════════════════════════');
         |                 ^
      50 |         console.error('Error:', error.message);
      51 |         console.log('⚠ System will continue — retry on next cycle\n');
      52 |     }

      at error (jobs/dailyManager.js:49:17)
      at jobs/dailyManager.test.js:213:25
      at AsyncProperty.run (node_modules/fast-check/lib/cjs/fast-check.js:1208:19)
      at asyncRunIt (node_modules/fast-check/lib/cjs/fast-check.js:2503:15)
      at Object.<anonymous> (jobs/dailyManager.test.js:192:9)

    console.error
      Error: Cannot read properties of undefined (reading 'length')

      48 |         console.error('✗ NIGHTLY ANALYSIS PHASE FAILED');
      49 |         console.error('═══════════════════════════════════════════════════════════');
    > 50 |         console.error('Error:', error.message);
         |                 ^
      51 |         console.log('⚠ System will continue — retry on next cycle\n');
      52 |     }
      53 | }

      at error (jobs/dailyManager.js:50:17)
      at jobs/dailyManager.test.js:213:25
      at AsyncProperty.run (node_modules/fast-check/lib/cjs/fast-check.js:1208:19)
      at asyncRunIt (node_modules/fast-check/lib/cjs/fast-check.js:2503:15)
      at Object.<anonymous> (jobs/dailyManager.test.js:192:9)

    console.log
      ⚠ System will continue — retry on next cycle

      at log (jobs/dailyManager.js:51:17)

    console.log
      
      ═══════════════════════════════════════════════════════════

      at log (jobs/dailyManager.js:27:13)

    console.log
      → NIGHTLY ANALYSIS PHASE STARTED

      at log (jobs/dailyManager.js:28:13)

    console.log
      ═══════════════════════════════════════════════════════════

      at log (jobs/dailyManager.js:29:13)

    console.error
      
      ═══════════════════════════════════════════════════════════

      45 |
      46 |     } catch (error) {
    > 47 |         console.error('\n═══════════════════════════════════════════════════════════');
         |                 ^
      48 |         console.error('✗ NIGHTLY ANALYSIS PHASE FAILED');
      49 |         console.error('═══════════════════════════════════════════════════════════');
      50 |         console.error('Error:', error.message);

      at error (jobs/dailyManager.js:47:17)
      at jobs/dailyManager.test.js:213:25
      at AsyncProperty.run (node_modules/fast-check/lib/cjs/fast-check.js:1208:19)
      at asyncRunIt (node_modules/fast-check/lib/cjs/fast-check.js:2503:15)
      at Object.<anonymous> (jobs/dailyManager.test.js:192:9)

    console.error
      ✗ NIGHTLY ANALYSIS PHASE FAILED

      46 |     } catch (error) {
      47 |         console.error('\n═══════════════════════════════════════════════════════════');
    > 48 |         console.error('✗ NIGHTLY ANALYSIS PHASE FAILED');
         |                 ^
      49 |         console.error('═══════════════════════════════════════════════════════════');
      50 |         console.error('Error:', error.message);
      51 |         console.log('⚠ System will continue — retry on next cycle\n');

      at error (jobs/dailyManager.js:48:17)
      at jobs/dailyManager.test.js:213:25
      at AsyncProperty.run (node_modules/fast-check/lib/cjs/fast-check.js:1208:19)
      at asyncRunIt (node_modules/fast-check/lib/cjs/fast-check.js:2503:15)
      at Object.<anonymous> (jobs/dailyManager.test.js:192:9)

    console.error
      ═══════════════════════════════════════════════════════════

      47 |         console.error('\n═══════════════════════════════════════════════════════════');
      48 |         console.error('✗ NIGHTLY ANALYSIS PHASE FAILED');
    > 49 |         console.error('═══════════════════════════════════════════════════════════');
         |                 ^
      50 |         console.error('Error:', error.message);
      51 |         console.log('⚠ System will continue — retry on next cycle\n');
      52 |     }

      at error (jobs/dailyManager.js:49:17)
      at jobs/dailyManager.test.js:213:25
      at AsyncProperty.run (node_modules/fast-check/lib/cjs/fast-check.js:1208:19)
      at asyncRunIt (node_modules/fast-check/lib/cjs/fast-check.js:2503:15)
      at Object.<anonymous> (jobs/dailyManager.test.js:192:9)

    console.error
      Error: Cannot read properties of undefined (reading 'length')

      48 |         console.error('✗ NIGHTLY ANALYSIS PHASE FAILED');
      49 |         console.error('═══════════════════════════════════════════════════════════');
    > 50 |         console.error('Error:', error.message);
         |                 ^
      51 |         console.log('⚠ System will continue — retry on next cycle\n');
      52 |     }
      53 | }

      at error (jobs/dailyManager.js:50:17)
      at jobs/dailyManager.test.js:213:25
      at AsyncProperty.run (node_modules/fast-check/lib/cjs/fast-check.js:1208:19)
      at asyncRunIt (node_modules/fast-check/lib/cjs/fast-check.js:2503:15)
      at Object.<anonymous> (jobs/dailyManager.test.js:192:9)

    console.log
      ⚠ System will continue — retry on next cycle

      at log (jobs/dailyManager.js:51:17)

    console.log
      
      ═══════════════════════════════════════════════════════════

      at log (jobs/dailyManager.js:58:13)

    console.log
      → EXECUTION PHASE STARTED

      at log (jobs/dailyManager.js:59:13)

    console.log
      ═══════════════════════════════════════════════════════════

      at log (jobs/dailyManager.js:60:13)

    console.log
      → Post ID 1 | Format: post | Platform: facebook

      at log (jobs/dailyManager.js:71:17)

    console.log
        Topic: Test

      at log (jobs/dailyManager.js:72:17)

    console.error
      
      ═══════════════════════════════════════════════════════════

       98 |
       99 |     } catch (error) {
    > 100 |         console.error('\n═══════════════════════════════════════════════════════════');
          |                 ^
      101 |         console.error('✗ EXECUTION PHASE FAILED');
      102 |         console.error('═══════════════════════════════════════════════════════════');
      103 |         console.error('Error:', error.message);

      at error (jobs/dailyManager.js:100:17)
      at jobs/dailyManager.test.js:239:25
      at AsyncProperty.run (node_modules/fast-check/lib/cjs/fast-check.js:1208:19)
      at asyncRunIt (node_modules/fast-check/lib/cjs/fast-check.js:2503:15)
      at Object.<anonymous> (jobs/dailyManager.test.js:192:9)

    console.error
      ✗ EXECUTION PHASE FAILED

       99 |     } catch (error) {
      100 |         console.error('\n═══════════════════════════════════════════════════════════');
    > 101 |         console.error('✗ EXECUTION PHASE FAILED');
          |                 ^
      102 |         console.error('═══════════════════════════════════════════════════════════');
      103 |         console.error('Error:', error.message);
      104 |         console.log('⚠ System will continue — retry on next cycle\n');

      at error (jobs/dailyManager.js:101:17)
      at jobs/dailyManager.test.js:239:25
      at AsyncProperty.run (node_modules/fast-check/lib/cjs/fast-check.js:1208:19)
      at asyncRunIt (node_modules/fast-check/lib/cjs/fast-check.js:2503:15)
      at Object.<anonymous> (jobs/dailyManager.test.js:192:9)

    console.error
      ═══════════════════════════════════════════════════════════

      100 |         console.error('\n═══════════════════════════════════════════════════════════');
      101 |         console.error('✗ EXECUTION PHASE FAILED');
    > 102 |         console.error('═══════════════════════════════════════════════════════════');
          |                 ^
      103 |         console.error('Error:', error.message);
      104 |         console.log('⚠ System will continue — retry on next cycle\n');
      105 |     }

      at error (jobs/dailyManager.js:102:17)
      at jobs/dailyManager.test.js:239:25
      at AsyncProperty.run (node_modules/fast-check/lib/cjs/fast-check.js:1208:19)
      at asyncRunIt (node_modules/fast-check/lib/cjs/fast-check.js:2503:15)
      at Object.<anonymous> (jobs/dailyManager.test.js:192:9)

    console.error
      Error: Publish failed

      101 |         console.error('✗ EXECUTION PHASE FAILED');
      102 |         console.error('═══════════════════════════════════════════════════════════');
    > 103 |         console.error('Error:', error.message);
          |                 ^
      104 |         console.log('⚠ System will continue — retry on next cycle\n');
      105 |     }
      106 | }

      at error (jobs/dailyManager.js:103:17)
      at jobs/dailyManager.test.js:239:25
      at AsyncProperty.run (node_modules/fast-check/lib/cjs/fast-check.js:1208:19)
      at asyncRunIt (node_modules/fast-check/lib/cjs/fast-check.js:2503:15)
      at Object.<anonymous> (jobs/dailyManager.test.js:192:9)

    console.log
      ⚠ System will continue — retry on next cycle

      at log (jobs/dailyManager.js:104:17)

    console.log
      
      ═══════════════════════════════════════════════════════════

      at log (jobs/dailyManager.js:58:13)

    console.log
      → EXECUTION PHASE STARTED

      at log (jobs/dailyManager.js:59:13)

    console.log
      ═══════════════════════════════════════════════════════════

      at log (jobs/dailyManager.js:60:13)

    console.log
      → Post ID 1 | Format: post | Platform: facebook

      at log (jobs/dailyManager.js:71:17)

    console.log
        Topic: Test

      at log (jobs/dailyManager.js:72:17)

    console.error
      
      ═══════════════════════════════════════════════════════════

       98 |
       99 |     } catch (error) {
    > 100 |         console.error('\n═══════════════════════════════════════════════════════════');
          |                 ^
      101 |         console.error('✗ EXECUTION PHASE FAILED');
      102 |         console.error('═══════════════════════════════════════════════════════════');
      103 |         console.error('Error:', error.message);

      at error (jobs/dailyManager.js:100:17)
      at jobs/dailyManager.test.js:239:25
      at AsyncProperty.run (node_modules/fast-check/lib/cjs/fast-check.js:1208:19)
      at asyncRunIt (node_modules/fast-check/lib/cjs/fast-check.js:2503:15)
      at Object.<anonymous> (jobs/dailyManager.test.js:192:9)

    console.error
      ✗ EXECUTION PHASE FAILED

       99 |     } catch (error) {
      100 |         console.error('\n═══════════════════════════════════════════════════════════');
    > 101 |         console.error('✗ EXECUTION PHASE FAILED');
          |                 ^
      102 |         console.error('═══════════════════════════════════════════════════════════');
      103 |         console.error('Error:', error.message);
      104 |         console.log('⚠ System will continue — retry on next cycle\n');

      at error (jobs/dailyManager.js:101:17)
      at jobs/dailyManager.test.js:239:25
      at AsyncProperty.run (node_modules/fast-check/lib/cjs/fast-check.js:1208:19)
      at asyncRunIt (node_modules/fast-check/lib/cjs/fast-check.js:2503:15)
      at Object.<anonymous> (jobs/dailyManager.test.js:192:9)

    console.error
      ═══════════════════════════════════════════════════════════

      100 |         console.error('\n═══════════════════════════════════════════════════════════');
      101 |         console.error('✗ EXECUTION PHASE FAILED');
    > 102 |         console.error('═══════════════════════════════════════════════════════════');
          |                 ^
      103 |         console.error('Error:', error.message);
      104 |         console.log('⚠ System will continue — retry on next cycle\n');
      105 |     }

      at error (jobs/dailyManager.js:102:17)
      at jobs/dailyManager.test.js:239:25
      at AsyncProperty.run (node_modules/fast-check/lib/cjs/fast-check.js:1208:19)
      at asyncRunIt (node_modules/fast-check/lib/cjs/fast-check.js:2503:15)
      at Object.<anonymous> (jobs/dailyManager.test.js:192:9)

    console.error
      Error: Publish failed

      101 |         console.error('✗ EXECUTION PHASE FAILED');
      102 |         console.error('═══════════════════════════════════════════════════════════');
    > 103 |         console.error('Error:', error.message);
          |                 ^
      104 |         console.log('⚠ System will continue — retry on next cycle\n');
      105 |     }
      106 | }

      at error (jobs/dailyManager.js:103:17)
      at jobs/dailyManager.test.js:239:25
      at AsyncProperty.run (node_modules/fast-check/lib/cjs/fast-check.js:1208:19)
      at asyncRunIt (node_modules/fast-check/lib/cjs/fast-check.js:2503:15)
      at Object.<anonymous> (jobs/dailyManager.test.js:192:9)

    console.log
      ⚠ System will continue — retry on next cycle

      at log (jobs/dailyManager.js:104:17)

    console.log
      
      ═══════════════════════════════════════════════════════════

      at log (jobs/dailyManager.js:27:13)

    console.log
      → NIGHTLY ANALYSIS PHASE STARTED

      at log (jobs/dailyManager.js:28:13)

    console.log
      ═══════════════════════════════════════════════════════════

      at log (jobs/dailyManager.js:29:13)

    console.error
      
      ═══════════════════════════════════════════════════════════

      45 |
      46 |     } catch (error) {
    > 47 |         console.error('\n═══════════════════════════════════════════════════════════');
         |                 ^
      48 |         console.error('✗ NIGHTLY ANALYSIS PHASE FAILED');
      49 |         console.error('═══════════════════════════════════════════════════════════');
      50 |         console.error('Error:', error.message);

      at error (jobs/dailyManager.js:47:17)
      at jobs/dailyManager.test.js:213:25
      at AsyncProperty.run (node_modules/fast-check/lib/cjs/fast-check.js:1208:19)
      at asyncRunIt (node_modules/fast-check/lib/cjs/fast-check.js:2503:15)
      at Object.<anonymous> (jobs/dailyManager.test.js:192:9)

    console.error
      ✗ NIGHTLY ANALYSIS PHASE FAILED

      46 |     } catch (error) {
      47 |         console.error('\n═══════════════════════════════════════════════════════════');
    > 48 |         console.error('✗ NIGHTLY ANALYSIS PHASE FAILED');
         |                 ^
      49 |         console.error('═══════════════════════════════════════════════════════════');
      50 |         console.error('Error:', error.message);
      51 |         console.log('⚠ System will continue — retry on next cycle\n');

      at error (jobs/dailyManager.js:48:17)
      at jobs/dailyManager.test.js:213:25
      at AsyncProperty.run (node_modules/fast-check/lib/cjs/fast-check.js:1208:19)
      at asyncRunIt (node_modules/fast-check/lib/cjs/fast-check.js:2503:15)
      at Object.<anonymous> (jobs/dailyManager.test.js:192:9)

    console.error
      ═══════════════════════════════════════════════════════════

      47 |         console.error('\n═══════════════════════════════════════════════════════════');
      48 |         console.error('✗ NIGHTLY ANALYSIS PHASE FAILED');
    > 49 |         console.error('═══════════════════════════════════════════════════════════');
         |                 ^
      50 |         console.error('Error:', error.message);
      51 |         console.log('⚠ System will continue — retry on next cycle\n');
      52 |     }

      at error (jobs/dailyManager.js:49:17)
      at jobs/dailyManager.test.js:213:25
      at AsyncProperty.run (node_modules/fast-check/lib/cjs/fast-check.js:1208:19)
      at asyncRunIt (node_modules/fast-check/lib/cjs/fast-check.js:2503:15)
      at Object.<anonymous> (jobs/dailyManager.test.js:192:9)

    console.error
      Error: Cannot read properties of undefined (reading 'length')

      48 |         console.error('✗ NIGHTLY ANALYSIS PHASE FAILED');
      49 |         console.error('═══════════════════════════════════════════════════════════');
    > 50 |         console.error('Error:', error.message);
         |                 ^
      51 |         console.log('⚠ System will continue — retry on next cycle\n');
      52 |     }
      53 | }

      at error (jobs/dailyManager.js:50:17)
      at jobs/dailyManager.test.js:213:25
      at AsyncProperty.run (node_modules/fast-check/lib/cjs/fast-check.js:1208:19)
      at asyncRunIt (node_modules/fast-check/lib/cjs/fast-check.js:2503:15)
      at Object.<anonymous> (jobs/dailyManager.test.js:192:9)

    console.log
      ⚠ System will continue — retry on next cycle

      at log (jobs/dailyManager.js:51:17)

    console.log
      
      ═══════════════════════════════════════════════════════════

      at log (jobs/dailyManager.js:111:13)

    console.log
      → ANALYTICS SYNC PHASE STARTED

      at log (jobs/dailyManager.js:112:13)

    console.log
      ═══════════════════════════════════════════════════════════

      at log (jobs/dailyManager.js:113:13)

    console.error
      
      ═══════════════════════════════════════════════════════════

      140 |
      141 |     } catch (error) {
    > 142 |         console.error('\n═══════════════════════════════════════════════════════════');
          |                 ^
      143 |         console.error('✗ ANALYTICS SYNC PHASE FAILED');
      144 |         console.error('═══════════════════════════════════════════════════════════');
      145 |         console.error('Error:', error.message);

      at error (jobs/dailyManager.js:142:17)
      at jobs/dailyManager.test.js:251:25
      at AsyncProperty.run (node_modules/fast-check/lib/cjs/fast-check.js:1208:19)
      at asyncRunIt (node_modules/fast-check/lib/cjs/fast-check.js:2503:15)
      at Object.<anonymous> (jobs/dailyManager.test.js:192:9)

    console.error
      ✗ ANALYTICS SYNC PHASE FAILED

      141 |     } catch (error) {
      142 |         console.error('\n═══════════════════════════════════════════════════════════');
    > 143 |         console.error('✗ ANALYTICS SYNC PHASE FAILED');
          |                 ^
      144 |         console.error('═══════════════════════════════════════════════════════════');
      145 |         console.error('Error:', error.message);
      146 |         console.log('⚠ System will continue — retry on next cycle\n');

      at error (jobs/dailyManager.js:143:17)
      at jobs/dailyManager.test.js:251:25
      at AsyncProperty.run (node_modules/fast-check/lib/cjs/fast-check.js:1208:19)
      at asyncRunIt (node_modules/fast-check/lib/cjs/fast-check.js:2503:15)
      at Object.<anonymous> (jobs/dailyManager.test.js:192:9)

    console.error
      ═══════════════════════════════════════════════════════════

      142 |         console.error('\n═══════════════════════════════════════════════════════════');
      143 |         console.error('✗ ANALYTICS SYNC PHASE FAILED');
    > 144 |         console.error('═══════════════════════════════════════════════════════════');
          |                 ^
      145 |         console.error('Error:', error.message);
      146 |         console.log('⚠ System will continue — retry on next cycle\n');
      147 |     }

      at error (jobs/dailyManager.js:144:17)
      at jobs/dailyManager.test.js:251:25
      at AsyncProperty.run (node_modules/fast-check/lib/cjs/fast-check.js:1208:19)
      at asyncRunIt (node_modules/fast-check/lib/cjs/fast-check.js:2503:15)
      at Object.<anonymous> (jobs/dailyManager.test.js:192:9)

    console.error
      Error: Database query failed

      143 |         console.error('✗ ANALYTICS SYNC PHASE FAILED');
      144 |         console.error('═══════════════════════════════════════════════════════════');
    > 145 |         console.error('Error:', error.message);
          |                 ^
      146 |         console.log('⚠ System will continue — retry on next cycle\n');
      147 |     }
      148 | }

      at error (jobs/dailyManager.js:145:17)
      at jobs/dailyManager.test.js:251:25
      at AsyncProperty.run (node_modules/fast-check/lib/cjs/fast-check.js:1208:19)
      at asyncRunIt (node_modules/fast-check/lib/cjs/fast-check.js:2503:15)
      at Object.<anonymous> (jobs/dailyManager.test.js:192:9)

    console.log
      ⚠ System will continue — retry on next cycle

      at log (jobs/dailyManager.js:146:17)

    console.log
      
      ═══════════════════════════════════════════════════════════

      at log (jobs/dailyManager.js:111:13)

    console.log
      → ANALYTICS SYNC PHASE STARTED

      at log (jobs/dailyManager.js:112:13)

    console.log
      ═══════════════════════════════════════════════════════════

      at log (jobs/dailyManager.js:113:13)

    console.error
      
      ═══════════════════════════════════════════════════════════

      140 |
      141 |     } catch (error) {
    > 142 |         console.error('\n═══════════════════════════════════════════════════════════');
          |                 ^
      143 |         console.error('✗ ANALYTICS SYNC PHASE FAILED');
      144 |         console.error('═══════════════════════════════════════════════════════════');
      145 |         console.error('Error:', error.message);

      at error (jobs/dailyManager.js:142:17)
      at jobs/dailyManager.test.js:251:25
      at AsyncProperty.run (node_modules/fast-check/lib/cjs/fast-check.js:1208:19)
      at asyncRunIt (node_modules/fast-check/lib/cjs/fast-check.js:2503:15)
      at Object.<anonymous> (jobs/dailyManager.test.js:192:9)

    console.error
      ✗ ANALYTICS SYNC PHASE FAILED

      141 |     } catch (error) {
      142 |         console.error('\n═══════════════════════════════════════════════════════════');
    > 143 |         console.error('✗ ANALYTICS SYNC PHASE FAILED');
          |                 ^
      144 |         console.error('═══════════════════════════════════════════════════════════');
      145 |         console.error('Error:', error.message);
      146 |         console.log('⚠ System will continue — retry on next cycle\n');

      at error (jobs/dailyManager.js:143:17)
      at jobs/dailyManager.test.js:251:25
      at AsyncProperty.run (node_modules/fast-check/lib/cjs/fast-check.js:1208:19)
      at asyncRunIt (node_modules/fast-check/lib/cjs/fast-check.js:2503:15)
      at Object.<anonymous> (jobs/dailyManager.test.js:192:9)

    console.error
      ═══════════════════════════════════════════════════════════

      142 |         console.error('\n═══════════════════════════════════════════════════════════');
      143 |         console.error('✗ ANALYTICS SYNC PHASE FAILED');
    > 144 |         console.error('═══════════════════════════════════════════════════════════');
          |                 ^
      145 |         console.error('Error:', error.message);
      146 |         console.log('⚠ System will continue — retry on next cycle\n');
      147 |     }

      at error (jobs/dailyManager.js:144:17)
      at jobs/dailyManager.test.js:251:25
      at AsyncProperty.run (node_modules/fast-check/lib/cjs/fast-check.js:1208:19)
      at asyncRunIt (node_modules/fast-check/lib/cjs/fast-check.js:2503:15)
      at Object.<anonymous> (jobs/dailyManager.test.js:192:9)

    console.error
      Error: Database query failed

      143 |         console.error('✗ ANALYTICS SYNC PHASE FAILED');
      144 |         console.error('═══════════════════════════════════════════════════════════');
    > 145 |         console.error('Error:', error.message);
          |                 ^
      146 |         console.log('⚠ System will continue — retry on next cycle\n');
      147 |     }
      148 | }

      at error (jobs/dailyManager.js:145:17)
      at jobs/dailyManager.test.js:251:25
      at AsyncProperty.run (node_modules/fast-check/lib/cjs/fast-check.js:1208:19)
      at asyncRunIt (node_modules/fast-check/lib/cjs/fast-check.js:2503:15)
      at Object.<anonymous> (jobs/dailyManager.test.js:192:9)

    console.log
      ⚠ System will continue — retry on next cycle

      at log (jobs/dailyManager.js:146:17)

    console.log
      
      ═══════════════════════════════════════════════════════════

      at log (jobs/dailyManager.js:58:13)

    console.log
      → EXECUTION PHASE STARTED

      at log (jobs/dailyManager.js:59:13)

    console.log
      ═══════════════════════════════════════════════════════════

      at log (jobs/dailyManager.js:60:13)

    console.log
      → Post ID 1 | Format: post | Platform: facebook

      at log (jobs/dailyManager.js:71:17)

    console.log
        Topic: Test

      at log (jobs/dailyManager.js:72:17)

    console.error
      
      ═══════════════════════════════════════════════════════════

       98 |
       99 |     } catch (error) {
    > 100 |         console.error('\n═══════════════════════════════════════════════════════════');
          |                 ^
      101 |         console.error('✗ EXECUTION PHASE FAILED');
      102 |         console.error('═══════════════════════════════════════════════════════════');
      103 |         console.error('Error:', error.message);

      at error (jobs/dailyManager.js:100:17)
      at jobs/dailyManager.test.js:239:25
      at AsyncProperty.run (node_modules/fast-check/lib/cjs/fast-check.js:1208:19)
      at asyncRunIt (node_modules/fast-check/lib/cjs/fast-check.js:2503:15)
      at Object.<anonymous> (jobs/dailyManager.test.js:192:9)

    console.error
      ✗ EXECUTION PHASE FAILED

       99 |     } catch (error) {
      100 |         console.error('\n═══════════════════════════════════════════════════════════');
    > 101 |         console.error('✗ EXECUTION PHASE FAILED');
          |                 ^
      102 |         console.error('═══════════════════════════════════════════════════════════');
      103 |         console.error('Error:', error.message);
      104 |         console.log('⚠ System will continue — retry on next cycle\n');

      at error (jobs/dailyManager.js:101:17)
      at jobs/dailyManager.test.js:239:25
      at AsyncProperty.run (node_modules/fast-check/lib/cjs/fast-check.js:1208:19)
      at asyncRunIt (node_modules/fast-check/lib/cjs/fast-check.js:2503:15)
      at Object.<anonymous> (jobs/dailyManager.test.js:192:9)

    console.error
      ═══════════════════════════════════════════════════════════

      100 |         console.error('\n═══════════════════════════════════════════════════════════');
      101 |         console.error('✗ EXECUTION PHASE FAILED');
    > 102 |         console.error('═══════════════════════════════════════════════════════════');
          |                 ^
      103 |         console.error('Error:', error.message);
      104 |         console.log('⚠ System will continue — retry on next cycle\n');
      105 |     }

      at error (jobs/dailyManager.js:102:17)
      at jobs/dailyManager.test.js:239:25
      at AsyncProperty.run (node_modules/fast-check/lib/cjs/fast-check.js:1208:19)
      at asyncRunIt (node_modules/fast-check/lib/cjs/fast-check.js:2503:15)
      at Object.<anonymous> (jobs/dailyManager.test.js:192:9)

    console.error
      Error: Publish failed

      101 |         console.error('✗ EXECUTION PHASE FAILED');
      102 |         console.error('═══════════════════════════════════════════════════════════');
    > 103 |         console.error('Error:', error.message);
          |                 ^
      104 |         console.log('⚠ System will continue — retry on next cycle\n');
      105 |     }
      106 | }

      at error (jobs/dailyManager.js:103:17)
      at jobs/dailyManager.test.js:239:25
      at AsyncProperty.run (node_modules/fast-check/lib/cjs/fast-check.js:1208:19)
      at asyncRunIt (node_modules/fast-check/lib/cjs/fast-check.js:2503:15)
      at Object.<anonymous> (jobs/dailyManager.test.js:192:9)

    console.log
      ⚠ System will continue — retry on next cycle

      at log (jobs/dailyManager.js:104:17)

    console.log
      
      ═══════════════════════════════════════════════════════════

      at log (jobs/dailyManager.js:58:13)

    console.log
      → EXECUTION PHASE STARTED

      at log (jobs/dailyManager.js:59:13)

    console.log
      ═══════════════════════════════════════════════════════════

      at log (jobs/dailyManager.js:60:13)

    console.log
      → Post ID 1 | Format: post | Platform: facebook

      at log (jobs/dailyManager.js:71:17)

    console.log
        Topic: Test

      at log (jobs/dailyManager.js:72:17)

    console.error
      
      ═══════════════════════════════════════════════════════════

       98 |
       99 |     } catch (error) {
    > 100 |         console.error('\n═══════════════════════════════════════════════════════════');
          |                 ^
      101 |         console.error('✗ EXECUTION PHASE FAILED');
      102 |         console.error('═══════════════════════════════════════════════════════════');
      103 |         console.error('Error:', error.message);

      at error (jobs/dailyManager.js:100:17)
      at jobs/dailyManager.test.js:239:25
      at AsyncProperty.run (node_modules/fast-check/lib/cjs/fast-check.js:1208:19)
      at asyncRunIt (node_modules/fast-check/lib/cjs/fast-check.js:2503:15)
      at Object.<anonymous> (jobs/dailyManager.test.js:192:9)

    console.error
      ✗ EXECUTION PHASE FAILED

       99 |     } catch (error) {
      100 |         console.error('\n═══════════════════════════════════════════════════════════');
    > 101 |         console.error('✗ EXECUTION PHASE FAILED');
          |                 ^
      102 |         console.error('═══════════════════════════════════════════════════════════');
      103 |         console.error('Error:', error.message);
      104 |         console.log('⚠ System will continue — retry on next cycle\n');

      at error (jobs/dailyManager.js:101:17)
      at jobs/dailyManager.test.js:239:25
      at AsyncProperty.run (node_modules/fast-check/lib/cjs/fast-check.js:1208:19)
      at asyncRunIt (node_modules/fast-check/lib/cjs/fast-check.js:2503:15)
      at Object.<anonymous> (jobs/dailyManager.test.js:192:9)

    console.error
      ═══════════════════════════════════════════════════════════

      100 |         console.error('\n═══════════════════════════════════════════════════════════');
      101 |         console.error('✗ EXECUTION PHASE FAILED');
    > 102 |         console.error('═══════════════════════════════════════════════════════════');
          |                 ^
      103 |         console.error('Error:', error.message);
      104 |         console.log('⚠ System will continue — retry on next cycle\n');
      105 |     }

      at error (jobs/dailyManager.js:102:17)
      at jobs/dailyManager.test.js:239:25
      at AsyncProperty.run (node_modules/fast-check/lib/cjs/fast-check.js:1208:19)
      at asyncRunIt (node_modules/fast-check/lib/cjs/fast-check.js:2503:15)
      at Object.<anonymous> (jobs/dailyManager.test.js:192:9)

    console.error
      Error: Publish failed

      101 |         console.error('✗ EXECUTION PHASE FAILED');
      102 |         console.error('═══════════════════════════════════════════════════════════');
    > 103 |         console.error('Error:', error.message);
          |                 ^
      104 |         console.log('⚠ System will continue — retry on next cycle\n');
      105 |     }
      106 | }

      at error (jobs/dailyManager.js:103:17)
      at jobs/dailyManager.test.js:239:25
      at AsyncProperty.run (node_modules/fast-check/lib/cjs/fast-check.js:1208:19)
      at asyncRunIt (node_modules/fast-check/lib/cjs/fast-check.js:2503:15)
      at Object.<anonymous> (jobs/dailyManager.test.js:192:9)

    console.log
      ⚠ System will continue — retry on next cycle

      at log (jobs/dailyManager.js:104:17)

    console.log
      
      ═══════════════════════════════════════════════════════════

      at log (jobs/dailyManager.js:111:13)

    console.log
      → ANALYTICS SYNC PHASE STARTED

      at log (jobs/dailyManager.js:112:13)

    console.log
      ═══════════════════════════════════════════════════════════

      at log (jobs/dailyManager.js:113:13)

    console.error
      
      ═══════════════════════════════════════════════════════════

      140 |
      141 |     } catch (error) {
    > 142 |         console.error('\n═══════════════════════════════════════════════════════════');
          |                 ^
      143 |         console.error('✗ ANALYTICS SYNC PHASE FAILED');
      144 |         console.error('═══════════════════════════════════════════════════════════');
      145 |         console.error('Error:', error.message);

      at error (jobs/dailyManager.js:142:17)
      at jobs/dailyManager.test.js:251:25
      at AsyncProperty.run (node_modules/fast-check/lib/cjs/fast-check.js:1208:19)
      at asyncRunIt (node_modules/fast-check/lib/cjs/fast-check.js:2503:15)
      at Object.<anonymous> (jobs/dailyManager.test.js:192:9)

    console.error
      ✗ ANALYTICS SYNC PHASE FAILED

      141 |     } catch (error) {
      142 |         console.error('\n═══════════════════════════════════════════════════════════');
    > 143 |         console.error('✗ ANALYTICS SYNC PHASE FAILED');
          |                 ^
      144 |         console.error('═══════════════════════════════════════════════════════════');
      145 |         console.error('Error:', error.message);
      146 |         console.log('⚠ System will continue — retry on next cycle\n');

      at error (jobs/dailyManager.js:143:17)
      at jobs/dailyManager.test.js:251:25
      at AsyncProperty.run (node_modules/fast-check/lib/cjs/fast-check.js:1208:19)
      at asyncRunIt (node_modules/fast-check/lib/cjs/fast-check.js:2503:15)
      at Object.<anonymous> (jobs/dailyManager.test.js:192:9)

    console.error
      ═══════════════════════════════════════════════════════════

      142 |         console.error('\n═══════════════════════════════════════════════════════════');
      143 |         console.error('✗ ANALYTICS SYNC PHASE FAILED');
    > 144 |         console.error('═══════════════════════════════════════════════════════════');
          |                 ^
      145 |         console.error('Error:', error.message);
      146 |         console.log('⚠ System will continue — retry on next cycle\n');
      147 |     }

      at error (jobs/dailyManager.js:144:17)
      at jobs/dailyManager.test.js:251:25
      at AsyncProperty.run (node_modules/fast-check/lib/cjs/fast-check.js:1208:19)
      at asyncRunIt (node_modules/fast-check/lib/cjs/fast-check.js:2503:15)
      at Object.<anonymous> (jobs/dailyManager.test.js:192:9)

    console.error
      Error: Database query failed

      143 |         console.error('✗ ANALYTICS SYNC PHASE FAILED');
      144 |         console.error('═══════════════════════════════════════════════════════════');
    > 145 |         console.error('Error:', error.message);
          |                 ^
      146 |         console.log('⚠ System will continue — retry on next cycle\n');
      147 |     }
      148 | }

      at error (jobs/dailyManager.js:145:17)
      at jobs/dailyManager.test.js:251:25
      at AsyncProperty.run (node_modules/fast-check/lib/cjs/fast-check.js:1208:19)
      at asyncRunIt (node_modules/fast-check/lib/cjs/fast-check.js:2503:15)
      at Object.<anonymous> (jobs/dailyManager.test.js:192:9)

    console.log
      ⚠ System will continue — retry on next cycle

      at log (jobs/dailyManager.js:146:17)

    console.log
      
      ═══════════════════════════════════════════════════════════

      at log (jobs/dailyManager.js:111:13)

    console.log
      → ANALYTICS SYNC PHASE STARTED

      at log (jobs/dailyManager.js:112:13)

    console.log
      ═══════════════════════════════════════════════════════════

      at log (jobs/dailyManager.js:113:13)

    console.error
      
      ═══════════════════════════════════════════════════════════

      140 |
      141 |     } catch (error) {
    > 142 |         console.error('\n═══════════════════════════════════════════════════════════');
          |                 ^
      143 |         console.error('✗ ANALYTICS SYNC PHASE FAILED');
      144 |         console.error('═══════════════════════════════════════════════════════════');
      145 |         console.error('Error:', error.message);

      at error (jobs/dailyManager.js:142:17)
      at jobs/dailyManager.test.js:251:25
      at AsyncProperty.run (node_modules/fast-check/lib/cjs/fast-check.js:1208:19)
      at asyncRunIt (node_modules/fast-check/lib/cjs/fast-check.js:2503:15)
      at Object.<anonymous> (jobs/dailyManager.test.js:192:9)

    console.error
      ✗ ANALYTICS SYNC PHASE FAILED

      141 |     } catch (error) {
      142 |         console.error('\n═══════════════════════════════════════════════════════════');
    > 143 |         console.error('✗ ANALYTICS SYNC PHASE FAILED');
          |                 ^
      144 |         console.error('═══════════════════════════════════════════════════════════');
      145 |         console.error('Error:', error.message);
      146 |         console.log('⚠ System will continue — retry on next cycle\n');

      at error (jobs/dailyManager.js:143:17)
      at jobs/dailyManager.test.js:251:25
      at AsyncProperty.run (node_modules/fast-check/lib/cjs/fast-check.js:1208:19)
      at asyncRunIt (node_modules/fast-check/lib/cjs/fast-check.js:2503:15)
      at Object.<anonymous> (jobs/dailyManager.test.js:192:9)

    console.error
      ═══════════════════════════════════════════════════════════

      142 |         console.error('\n═══════════════════════════════════════════════════════════');
      143 |         console.error('✗ ANALYTICS SYNC PHASE FAILED');
    > 144 |         console.error('═══════════════════════════════════════════════════════════');
          |                 ^
      145 |         console.error('Error:', error.message);
      146 |         console.log('⚠ System will continue — retry on next cycle\n');
      147 |     }

      at error (jobs/dailyManager.js:144:17)
      at jobs/dailyManager.test.js:251:25
      at AsyncProperty.run (node_modules/fast-check/lib/cjs/fast-check.js:1208:19)
      at asyncRunIt (node_modules/fast-check/lib/cjs/fast-check.js:2503:15)
      at Object.<anonymous> (jobs/dailyManager.test.js:192:9)

    console.error
      Error: Database query failed

      143 |         console.error('✗ ANALYTICS SYNC PHASE FAILED');
      144 |         console.error('═══════════════════════════════════════════════════════════');
    > 145 |         console.error('Error:', error.message);
          |                 ^
      146 |         console.log('⚠ System will continue — retry on next cycle\n');
      147 |     }
      148 | }

      at error (jobs/dailyManager.js:145:17)
      at jobs/dailyManager.test.js:251:25
      at AsyncProperty.run (node_modules/fast-check/lib/cjs/fast-check.js:1208:19)
      at asyncRunIt (node_modules/fast-check/lib/cjs/fast-check.js:2503:15)
      at Object.<anonymous> (jobs/dailyManager.test.js:192:9)

    console.log
      ⚠ System will continue — retry on next cycle

      at log (jobs/dailyManager.js:146:17)

    console.log
      
      ═══════════════════════════════════════════════════════════

      at log (jobs/dailyManager.js:58:13)

    console.log
      → EXECUTION PHASE STARTED

      at log (jobs/dailyManager.js:59:13)

    console.log
      ═══════════════════════════════════════════════════════════

      at log (jobs/dailyManager.js:60:13)

    console.log
      → Post ID 1 | Format: post | Platform: facebook

      at log (jobs/dailyManager.js:71:17)

    console.log
        Topic: Test

      at log (jobs/dailyManager.js:72:17)

    console.error
      
      ═══════════════════════════════════════════════════════════

       98 |
       99 |     } catch (error) {
    > 100 |         console.error('\n═══════════════════════════════════════════════════════════');
          |                 ^
      101 |         console.error('✗ EXECUTION PHASE FAILED');
      102 |         console.error('═══════════════════════════════════════════════════════════');
      103 |         console.error('Error:', error.message);

      at error (jobs/dailyManager.js:100:17)
      at jobs/dailyManager.test.js:239:25
      at AsyncProperty.run (node_modules/fast-check/lib/cjs/fast-check.js:1208:19)
      at asyncRunIt (node_modules/fast-check/lib/cjs/fast-check.js:2503:15)
      at Object.<anonymous> (jobs/dailyManager.test.js:192:9)

    console.error
      ✗ EXECUTION PHASE FAILED

       99 |     } catch (error) {
      100 |         console.error('\n═══════════════════════════════════════════════════════════');
    > 101 |         console.error('✗ EXECUTION PHASE FAILED');
          |                 ^
      102 |         console.error('═══════════════════════════════════════════════════════════');
      103 |         console.error('Error:', error.message);
      104 |         console.log('⚠ System will continue — retry on next cycle\n');

      at error (jobs/dailyManager.js:101:17)
      at jobs/dailyManager.test.js:239:25
      at AsyncProperty.run (node_modules/fast-check/lib/cjs/fast-check.js:1208:19)
      at asyncRunIt (node_modules/fast-check/lib/cjs/fast-check.js:2503:15)
      at Object.<anonymous> (jobs/dailyManager.test.js:192:9)

    console.error
      ═══════════════════════════════════════════════════════════

      100 |         console.error('\n═══════════════════════════════════════════════════════════');
      101 |         console.error('✗ EXECUTION PHASE FAILED');
    > 102 |         console.error('═══════════════════════════════════════════════════════════');
          |                 ^
      103 |         console.error('Error:', error.message);
      104 |         console.log('⚠ System will continue — retry on next cycle\n');
      105 |     }

      at error (jobs/dailyManager.js:102:17)
      at jobs/dailyManager.test.js:239:25
      at AsyncProperty.run (node_modules/fast-check/lib/cjs/fast-check.js:1208:19)
      at asyncRunIt (node_modules/fast-check/lib/cjs/fast-check.js:2503:15)
      at Object.<anonymous> (jobs/dailyManager.test.js:192:9)

    console.error
      Error: Publish failed

      101 |         console.error('✗ EXECUTION PHASE FAILED');
      102 |         console.error('═══════════════════════════════════════════════════════════');
    > 103 |         console.error('Error:', error.message);
          |                 ^
      104 |         console.log('⚠ System will continue — retry on next cycle\n');
      105 |     }
      106 | }

      at error (jobs/dailyManager.js:103:17)
      at jobs/dailyManager.test.js:239:25
      at AsyncProperty.run (node_modules/fast-check/lib/cjs/fast-check.js:1208:19)
      at asyncRunIt (node_modules/fast-check/lib/cjs/fast-check.js:2503:15)
      at Object.<anonymous> (jobs/dailyManager.test.js:192:9)

    console.log
      ⚠ System will continue — retry on next cycle

      at log (jobs/dailyManager.js:104:17)

    console.log
      
      ═══════════════════════════════════════════════════════════

      at log (jobs/dailyManager.js:111:13)

    console.log
      → ANALYTICS SYNC PHASE STARTED

      at log (jobs/dailyManager.js:112:13)

    console.log
      ═══════════════════════════════════════════════════════════

      at log (jobs/dailyManager.js:113:13)

    console.error
      
      ═══════════════════════════════════════════════════════════

      140 |
      141 |     } catch (error) {
    > 142 |         console.error('\n═══════════════════════════════════════════════════════════');
          |                 ^
      143 |         console.error('✗ ANALYTICS SYNC PHASE FAILED');
      144 |         console.error('═══════════════════════════════════════════════════════════');
      145 |         console.error('Error:', error.message);

      at error (jobs/dailyManager.js:142:17)
      at jobs/dailyManager.test.js:251:25
      at AsyncProperty.run (node_modules/fast-check/lib/cjs/fast-check.js:1208:19)
      at asyncRunIt (node_modules/fast-check/lib/cjs/fast-check.js:2503:15)
      at Object.<anonymous> (jobs/dailyManager.test.js:192:9)

    console.error
      ✗ ANALYTICS SYNC PHASE FAILED

      141 |     } catch (error) {
      142 |         console.error('\n═══════════════════════════════════════════════════════════');
    > 143 |         console.error('✗ ANALYTICS SYNC PHASE FAILED');
          |                 ^
      144 |         console.error('═══════════════════════════════════════════════════════════');
      145 |         console.error('Error:', error.message);
      146 |         console.log('⚠ System will continue — retry on next cycle\n');

      at error (jobs/dailyManager.js:143:17)
      at jobs/dailyManager.test.js:251:25
      at AsyncProperty.run (node_modules/fast-check/lib/cjs/fast-check.js:1208:19)
      at asyncRunIt (node_modules/fast-check/lib/cjs/fast-check.js:2503:15)
      at Object.<anonymous> (jobs/dailyManager.test.js:192:9)

    console.error
      ═══════════════════════════════════════════════════════════

      142 |         console.error('\n═══════════════════════════════════════════════════════════');
      143 |         console.error('✗ ANALYTICS SYNC PHASE FAILED');
    > 144 |         console.error('═══════════════════════════════════════════════════════════');
          |                 ^
      145 |         console.error('Error:', error.message);
      146 |         console.log('⚠ System will continue — retry on next cycle\n');
      147 |     }

      at error (jobs/dailyManager.js:144:17)
      at jobs/dailyManager.test.js:251:25
      at AsyncProperty.run (node_modules/fast-check/lib/cjs/fast-check.js:1208:19)
      at asyncRunIt (node_modules/fast-check/lib/cjs/fast-check.js:2503:15)
      at Object.<anonymous> (jobs/dailyManager.test.js:192:9)

    console.error
      Error: Database query failed

      143 |         console.error('✗ ANALYTICS SYNC PHASE FAILED');
      144 |         console.error('═══════════════════════════════════════════════════════════');
    > 145 |         console.error('Error:', error.message);
          |                 ^
      146 |         console.log('⚠ System will continue — retry on next cycle\n');
      147 |     }
      148 | }

      at error (jobs/dailyManager.js:145:17)
      at jobs/dailyManager.test.js:251:25
      at AsyncProperty.run (node_modules/fast-check/lib/cjs/fast-check.js:1208:19)
      at asyncRunIt (node_modules/fast-check/lib/cjs/fast-check.js:2503:15)
      at Object.<anonymous> (jobs/dailyManager.test.js:192:9)

    console.log
      ⚠ System will continue — retry on next cycle

      at log (jobs/dailyManager.js:146:17)

    console.log
      
      ═══════════════════════════════════════════════════════════

      at log (jobs/dailyManager.js:27:13)

    console.log
      → NIGHTLY ANALYSIS PHASE STARTED

      at log (jobs/dailyManager.js:28:13)

    console.log
      ═══════════════════════════════════════════════════════════

      at log (jobs/dailyManager.js:29:13)

    console.error
      
      ═══════════════════════════════════════════════════════════

      45 |
      46 |     } catch (error) {
    > 47 |         console.error('\n═══════════════════════════════════════════════════════════');
         |                 ^
      48 |         console.error('✗ NIGHTLY ANALYSIS PHASE FAILED');
      49 |         console.error('═══════════════════════════════════════════════════════════');
      50 |         console.error('Error:', error.message);

      at error (jobs/dailyManager.js:47:17)
      at jobs/dailyManager.test.js:213:25
      at AsyncProperty.run (node_modules/fast-check/lib/cjs/fast-check.js:1208:19)
      at asyncRunIt (node_modules/fast-check/lib/cjs/fast-check.js:2503:15)
      at Object.<anonymous> (jobs/dailyManager.test.js:192:9)

    console.error
      ✗ NIGHTLY ANALYSIS PHASE FAILED

      46 |     } catch (error) {
      47 |         console.error('\n═══════════════════════════════════════════════════════════');
    > 48 |         console.error('✗ NIGHTLY ANALYSIS PHASE FAILED');
         |                 ^
      49 |         console.error('═══════════════════════════════════════════════════════════');
      50 |         console.error('Error:', error.message);
      51 |         console.log('⚠ System will continue — retry on next cycle\n');

      at error (jobs/dailyManager.js:48:17)
      at jobs/dailyManager.test.js:213:25
      at AsyncProperty.run (node_modules/fast-check/lib/cjs/fast-check.js:1208:19)
      at asyncRunIt (node_modules/fast-check/lib/cjs/fast-check.js:2503:15)
      at Object.<anonymous> (jobs/dailyManager.test.js:192:9)

    console.error
      ═══════════════════════════════════════════════════════════

      47 |         console.error('\n═══════════════════════════════════════════════════════════');
      48 |         console.error('✗ NIGHTLY ANALYSIS PHASE FAILED');
    > 49 |         console.error('═══════════════════════════════════════════════════════════');
         |                 ^
      50 |         console.error('Error:', error.message);
      51 |         console.log('⚠ System will continue — retry on next cycle\n');
      52 |     }

      at error (jobs/dailyManager.js:49:17)
      at jobs/dailyManager.test.js:213:25
      at AsyncProperty.run (node_modules/fast-check/lib/cjs/fast-check.js:1208:19)
      at asyncRunIt (node_modules/fast-check/lib/cjs/fast-check.js:2503:15)
      at Object.<anonymous> (jobs/dailyManager.test.js:192:9)

    console.error
      Error: Cannot read properties of undefined (reading 'length')

      48 |         console.error('✗ NIGHTLY ANALYSIS PHASE FAILED');
      49 |         console.error('═══════════════════════════════════════════════════════════');
    > 50 |         console.error('Error:', error.message);
         |                 ^
      51 |         console.log('⚠ System will continue — retry on next cycle\n');
      52 |     }
      53 | }

      at error (jobs/dailyManager.js:50:17)
      at jobs/dailyManager.test.js:213:25
      at AsyncProperty.run (node_modules/fast-check/lib/cjs/fast-check.js:1208:19)
      at asyncRunIt (node_modules/fast-check/lib/cjs/fast-check.js:2503:15)
      at Object.<anonymous> (jobs/dailyManager.test.js:192:9)

    console.log
      ⚠ System will continue — retry on next cycle

      at log (jobs/dailyManager.js:51:17)

    console.log
      
      ═══════════════════════════════════════════════════════════

      at log (jobs/dailyManager.js:111:13)

    console.log
      → ANALYTICS SYNC PHASE STARTED

      at log (jobs/dailyManager.js:112:13)

    console.log
      ═══════════════════════════════════════════════════════════

      at log (jobs/dailyManager.js:113:13)

    console.error
      
      ═══════════════════════════════════════════════════════════

      140 |
      141 |     } catch (error) {
    > 142 |         console.error('\n═══════════════════════════════════════════════════════════');
          |                 ^
      143 |         console.error('✗ ANALYTICS SYNC PHASE FAILED');
      144 |         console.error('═══════════════════════════════════════════════════════════');
      145 |         console.error('Error:', error.message);

      at error (jobs/dailyManager.js:142:17)
      at jobs/dailyManager.test.js:251:25
      at AsyncProperty.run (node_modules/fast-check/lib/cjs/fast-check.js:1208:19)
      at asyncRunIt (node_modules/fast-check/lib/cjs/fast-check.js:2503:15)
      at Object.<anonymous> (jobs/dailyManager.test.js:192:9)

    console.error
      ✗ ANALYTICS SYNC PHASE FAILED

      141 |     } catch (error) {
      142 |         console.error('\n═══════════════════════════════════════════════════════════');
    > 143 |         console.error('✗ ANALYTICS SYNC PHASE FAILED');
          |                 ^
      144 |         console.error('═══════════════════════════════════════════════════════════');
      145 |         console.error('Error:', error.message);
      146 |         console.log('⚠ System will continue — retry on next cycle\n');

      at error (jobs/dailyManager.js:143:17)
      at jobs/dailyManager.test.js:251:25
      at AsyncProperty.run (node_modules/fast-check/lib/cjs/fast-check.js:1208:19)
      at asyncRunIt (node_modules/fast-check/lib/cjs/fast-check.js:2503:15)
      at Object.<anonymous> (jobs/dailyManager.test.js:192:9)

    console.error
      ═══════════════════════════════════════════════════════════

      142 |         console.error('\n═══════════════════════════════════════════════════════════');
      143 |         console.error('✗ ANALYTICS SYNC PHASE FAILED');
    > 144 |         console.error('═══════════════════════════════════════════════════════════');
          |                 ^
      145 |         console.error('Error:', error.message);
      146 |         console.log('⚠ System will continue — retry on next cycle\n');
      147 |     }

      at error (jobs/dailyManager.js:144:17)
      at jobs/dailyManager.test.js:251:25
      at AsyncProperty.run (node_modules/fast-check/lib/cjs/fast-check.js:1208:19)
      at asyncRunIt (node_modules/fast-check/lib/cjs/fast-check.js:2503:15)
      at Object.<anonymous> (jobs/dailyManager.test.js:192:9)

    console.error
      Error: Database query failed

      143 |         console.error('✗ ANALYTICS SYNC PHASE FAILED');
      144 |         console.error('═══════════════════════════════════════════════════════════');
    > 145 |         console.error('Error:', error.message);
          |                 ^
      146 |         console.log('⚠ System will continue — retry on next cycle\n');
      147 |     }
      148 | }

      at error (jobs/dailyManager.js:145:17)
      at jobs/dailyManager.test.js:251:25
      at AsyncProperty.run (node_modules/fast-check/lib/cjs/fast-check.js:1208:19)
      at asyncRunIt (node_modules/fast-check/lib/cjs/fast-check.js:2503:15)
      at Object.<anonymous> (jobs/dailyManager.test.js:192:9)

    console.log
      ⚠ System will continue — retry on next cycle

      at log (jobs/dailyManager.js:146:17)

    console.log
      
      ═══════════════════════════════════════════════════════════

      at log (jobs/dailyManager.js:111:13)

    console.log
      → ANALYTICS SYNC PHASE STARTED

      at log (jobs/dailyManager.js:112:13)

    console.log
      ═══════════════════════════════════════════════════════════

      at log (jobs/dailyManager.js:113:13)

    console.error
      
      ═══════════════════════════════════════════════════════════

      140 |
      141 |     } catch (error) {
    > 142 |         console.error('\n═══════════════════════════════════════════════════════════');
          |                 ^
      143 |         console.error('✗ ANALYTICS SYNC PHASE FAILED');
      144 |         console.error('═══════════════════════════════════════════════════════════');
      145 |         console.error('Error:', error.message);

      at error (jobs/dailyManager.js:142:17)
      at jobs/dailyManager.test.js:251:25
      at AsyncProperty.run (node_modules/fast-check/lib/cjs/fast-check.js:1208:19)
      at asyncRunIt (node_modules/fast-check/lib/cjs/fast-check.js:2503:15)
      at Object.<anonymous> (jobs/dailyManager.test.js:192:9)

    console.error
      ✗ ANALYTICS SYNC PHASE FAILED

      141 |     } catch (error) {
      142 |         console.error('\n═══════════════════════════════════════════════════════════');
    > 143 |         console.error('✗ ANALYTICS SYNC PHASE FAILED');
          |                 ^
      144 |         console.error('═══════════════════════════════════════════════════════════');
      145 |         console.error('Error:', error.message);
      146 |         console.log('⚠ System will continue — retry on next cycle\n');

      at error (jobs/dailyManager.js:143:17)
      at jobs/dailyManager.test.js:251:25
      at AsyncProperty.run (node_modules/fast-check/lib/cjs/fast-check.js:1208:19)
      at asyncRunIt (node_modules/fast-check/lib/cjs/fast-check.js:2503:15)
      at Object.<anonymous> (jobs/dailyManager.test.js:192:9)

    console.error
      ═══════════════════════════════════════════════════════════

      142 |         console.error('\n═══════════════════════════════════════════════════════════');
      143 |         console.error('✗ ANALYTICS SYNC PHASE FAILED');
    > 144 |         console.error('═══════════════════════════════════════════════════════════');
          |                 ^
      145 |         console.error('Error:', error.message);
      146 |         console.log('⚠ System will continue — retry on next cycle\n');
      147 |     }

      at error (jobs/dailyManager.js:144:17)
      at jobs/dailyManager.test.js:251:25
      at AsyncProperty.run (node_modules/fast-check/lib/cjs/fast-check.js:1208:19)
      at asyncRunIt (node_modules/fast-check/lib/cjs/fast-check.js:2503:15)
      at Object.<anonymous> (jobs/dailyManager.test.js:192:9)

    console.error
      Error: Database query failed

      143 |         console.error('✗ ANALYTICS SYNC PHASE FAILED');
      144 |         console.error('═══════════════════════════════════════════════════════════');
    > 145 |         console.error('Error:', error.message);
          |                 ^
      146 |         console.log('⚠ System will continue — retry on next cycle\n');
      147 |     }
      148 | }

      at error (jobs/dailyManager.js:145:17)
      at jobs/dailyManager.test.js:251:25
      at AsyncProperty.run (node_modules/fast-check/lib/cjs/fast-check.js:1208:19)
      at asyncRunIt (node_modules/fast-check/lib/cjs/fast-check.js:2503:15)
      at Object.<anonymous> (jobs/dailyManager.test.js:192:9)

    console.log
      ⚠ System will continue — retry on next cycle

      at log (jobs/dailyManager.js:146:17)

    console.log
      
      ═══════════════════════════════════════════════════════════

      at log (jobs/dailyManager.js:27:13)

    console.log
      → NIGHTLY ANALYSIS PHASE STARTED

      at log (jobs/dailyManager.js:28:13)

    console.log
      ═══════════════════════════════════════════════════════════

      at log (jobs/dailyManager.js:29:13)

    console.error
      
      ═══════════════════════════════════════════════════════════

      45 |
      46 |     } catch (error) {
    > 47 |         console.error('\n═══════════════════════════════════════════════════════════');
         |                 ^
      48 |         console.error('✗ NIGHTLY ANALYSIS PHASE FAILED');
      49 |         console.error('═══════════════════════════════════════════════════════════');
      50 |         console.error('Error:', error.message);

      at error (jobs/dailyManager.js:47:17)
      at Object.<anonymous> (jobs/dailyManager.test.js:316:9)

    console.error
      ✗ NIGHTLY ANALYSIS PHASE FAILED

      46 |     } catch (error) {
      47 |         console.error('\n═══════════════════════════════════════════════════════════');
    > 48 |         console.error('✗ NIGHTLY ANALYSIS PHASE FAILED');
         |                 ^
      49 |         console.error('═══════════════════════════════════════════════════════════');
      50 |         console.error('Error:', error.message);
      51 |         console.log('⚠ System will continue — retry on next cycle\n');

      at error (jobs/dailyManager.js:48:17)
      at Object.<anonymous> (jobs/dailyManager.test.js:316:9)

    console.error
      ═══════════════════════════════════════════════════════════

      47 |         console.error('\n═══════════════════════════════════════════════════════════');
      48 |         console.error('✗ NIGHTLY ANALYSIS PHASE FAILED');
    > 49 |         console.error('═══════════════════════════════════════════════════════════');
         |                 ^
      50 |         console.error('Error:', error.message);
      51 |         console.log('⚠ System will continue — retry on next cycle\n');
      52 |     }

      at error (jobs/dailyManager.js:49:17)
      at Object.<anonymous> (jobs/dailyManager.test.js:316:9)

    console.error
      Error: Cannot read properties of undefined (reading 'length')

      48 |         console.error('✗ NIGHTLY ANALYSIS PHASE FAILED');
      49 |         console.error('═══════════════════════════════════════════════════════════');
    > 50 |         console.error('Error:', error.message);
         |                 ^
      51 |         console.log('⚠ System will continue — retry on next cycle\n');
      52 |     }
      53 | }

      at error (jobs/dailyManager.js:50:17)
      at Object.<anonymous> (jobs/dailyManager.test.js:316:9)

    console.log
      ⚠ System will continue — retry on next cycle

      at log (jobs/dailyManager.js:51:17)

    console.log
      
      ═══════════════════════════════════════════════════════════

      at log (jobs/dailyManager.js:27:13)

    console.log
      → NIGHTLY ANALYSIS PHASE STARTED

      at log (jobs/dailyManager.js:28:13)

    console.log
      ═══════════════════════════════════════════════════════════

      at log (jobs/dailyManager.js:29:13)

    console.error
      
      ═══════════════════════════════════════════════════════════

      45 |
      46 |     } catch (error) {
    > 47 |         console.error('\n═══════════════════════════════════════════════════════════');
         |                 ^
      48 |         console.error('✗ NIGHTLY ANALYSIS PHASE FAILED');
      49 |         console.error('═══════════════════════════════════════════════════════════');
      50 |         console.error('Error:', error.message);

      at error (jobs/dailyManager.js:47:17)
      at Object.<anonymous> (jobs/dailyManager.test.js:407:9)

    console.error
      ✗ NIGHTLY ANALYSIS PHASE FAILED

      46 |     } catch (error) {
      47 |         console.error('\n═══════════════════════════════════════════════════════════');
    > 48 |         console.error('✗ NIGHTLY ANALYSIS PHASE FAILED');
         |                 ^
      49 |         console.error('═══════════════════════════════════════════════════════════');
      50 |         console.error('Error:', error.message);
      51 |         console.log('⚠ System will continue — retry on next cycle\n');

      at error (jobs/dailyManager.js:48:17)
      at Object.<anonymous> (jobs/dailyManager.test.js:407:9)

    console.error
      ═══════════════════════════════════════════════════════════

      47 |         console.error('\n═══════════════════════════════════════════════════════════');
      48 |         console.error('✗ NIGHTLY ANALYSIS PHASE FAILED');
    > 49 |         console.error('═══════════════════════════════════════════════════════════');
         |                 ^
      50 |         console.error('Error:', error.message);
      51 |         console.log('⚠ System will continue — retry on next cycle\n');
      52 |     }

      at error (jobs/dailyManager.js:49:17)
      at Object.<anonymous> (jobs/dailyManager.test.js:407:9)

    console.error
      Error: Cannot read properties of undefined (reading 'length')

      48 |         console.error('✗ NIGHTLY ANALYSIS PHASE FAILED');
      49 |         console.error('═══════════════════════════════════════════════════════════');
    > 50 |         console.error('Error:', error.message);
         |                 ^
      51 |         console.log('⚠ System will continue — retry on next cycle\n');
      52 |     }
      53 | }

      at error (jobs/dailyManager.js:50:17)
      at Object.<anonymous> (jobs/dailyManager.test.js:407:9)

    console.log
      ⚠ System will continue — retry on next cycle

      at log (jobs/dailyManager.js:51:17)

    console.log
      
      ═══════════════════════════════════════════════════════════

      at log (jobs/dailyManager.js:58:13)

    console.log
      → EXECUTION PHASE STARTED

      at log (jobs/dailyManager.js:59:13)

    console.log
      ═══════════════════════════════════════════════════════════

      at log (jobs/dailyManager.js:60:13)

    console.log
      → Post ID 1 | Format: post | Platform: facebook

      at log (jobs/dailyManager.js:71:17)

    console.log
        Topic: Test

      at log (jobs/dailyManager.js:72:17)

    console.log
      
      ═══════════════════════════════════════════════════════════

      at log (jobs/dailyManager.js:89:21)

    console.log
      ✓ EXECUTION PHASE COMPLETED - Post ID: 1

      at log (jobs/dailyManager.js:90:21)

    console.log
        Published to: facebook

      at log (jobs/dailyManager.js:91:21)

    console.log
      ═══════════════════════════════════════════════════════════

      at log (jobs/dailyManager.js:92:21)

    console.log
      
      ═══════════════════════════════════════════════════════════

      at log (jobs/dailyManager.js:27:13)

    console.log
      → NIGHTLY ANALYSIS PHASE STARTED

      at log (jobs/dailyManager.js:28:13)

    console.log
      ═══════════════════════════════════════════════════════════

      at log (jobs/dailyManager.js:29:13)

    console.error
      
      ═══════════════════════════════════════════════════════════

      45 |
      46 |     } catch (error) {
    > 47 |         console.error('\n═══════════════════════════════════════════════════════════');
         |                 ^
      48 |         console.error('✗ NIGHTLY ANALYSIS PHASE FAILED');
      49 |         console.error('═══════════════════════════════════════════════════════════');
      50 |         console.error('Error:', error.message);

      at error (jobs/dailyManager.js:47:17)
      at Object.<anonymous> (jobs/dailyManager.test.js:460:9)

    console.error
      ✗ NIGHTLY ANALYSIS PHASE FAILED

      46 |     } catch (error) {
      47 |         console.error('\n═══════════════════════════════════════════════════════════');
    > 48 |         console.error('✗ NIGHTLY ANALYSIS PHASE FAILED');
         |                 ^
      49 |         console.error('═══════════════════════════════════════════════════════════');
      50 |         console.error('Error:', error.message);
      51 |         console.log('⚠ System will continue — retry on next cycle\n');

      at error (jobs/dailyManager.js:48:17)
      at Object.<anonymous> (jobs/dailyManager.test.js:460:9)

    console.error
      ═══════════════════════════════════════════════════════════

      47 |         console.error('\n═══════════════════════════════════════════════════════════');
      48 |         console.error('✗ NIGHTLY ANALYSIS PHASE FAILED');
    > 49 |         console.error('═══════════════════════════════════════════════════════════');
         |                 ^
      50 |         console.error('Error:', error.message);
      51 |         console.log('⚠ System will continue — retry on next cycle\n');
      52 |     }

      at error (jobs/dailyManager.js:49:17)
      at Object.<anonymous> (jobs/dailyManager.test.js:460:9)

    console.error
      Error: Database error

      48 |         console.error('✗ NIGHTLY ANALYSIS PHASE FAILED');
      49 |         console.error('═══════════════════════════════════════════════════════════');
    > 50 |         console.error('Error:', error.message);
         |                 ^
      51 |         console.log('⚠ System will continue — retry on next cycle\n');
      52 |     }
      53 | }

      at error (jobs/dailyManager.js:50:17)
      at Object.<anonymous> (jobs/dailyManager.test.js:460:9)

    console.log
      ⚠ System will continue — retry on next cycle

      at log (jobs/dailyManager.js:51:17)

    console.log
      
      ═══════════════════════════════════════════════════════════

      at log (jobs/dailyManager.js:58:13)

    console.log
      → EXECUTION PHASE STARTED

      at log (jobs/dailyManager.js:59:13)

    console.log
      ═══════════════════════════════════════════════════════════

      at log (jobs/dailyManager.js:60:13)

    console.error
      
      ═══════════════════════════════════════════════════════════

       98 |
       99 |     } catch (error) {
    > 100 |         console.error('\n═══════════════════════════════════════════════════════════');
          |                 ^
      101 |         console.error('✗ EXECUTION PHASE FAILED');
      102 |         console.error('═══════════════════════════════════════════════════════════');
      103 |         console.error('Error:', error.message);

      at error (jobs/dailyManager.js:100:17)
      at Object.<anonymous> (jobs/dailyManager.test.js:465:9)

    console.error
      ✗ EXECUTION PHASE FAILED

       99 |     } catch (error) {
      100 |         console.error('\n═══════════════════════════════════════════════════════════');
    > 101 |         console.error('✗ EXECUTION PHASE FAILED');
          |                 ^
      102 |         console.error('═══════════════════════════════════════════════════════════');
      103 |         console.error('Error:', error.message);
      104 |         console.log('⚠ System will continue — retry on next cycle\n');

      at error (jobs/dailyManager.js:101:17)
      at Object.<anonymous> (jobs/dailyManager.test.js:465:9)

    console.error
      ═══════════════════════════════════════════════════════════

      100 |         console.error('\n═══════════════════════════════════════════════════════════');
      101 |         console.error('✗ EXECUTION PHASE FAILED');
    > 102 |         console.error('═══════════════════════════════════════════════════════════');
          |                 ^
      103 |         console.error('Error:', error.message);
      104 |         console.log('⚠ System will continue — retry on next cycle\n');
      105 |     }

      at error (jobs/dailyManager.js:102:17)
      at Object.<anonymous> (jobs/dailyManager.test.js:465:9)

    console.error
      Error: Database error

      101 |         console.error('✗ EXECUTION PHASE FAILED');
      102 |         console.error('═══════════════════════════════════════════════════════════');
    > 103 |         console.error('Error:', error.message);
          |                 ^
      104 |         console.log('⚠ System will continue — retry on next cycle\n');
      105 |     }
      106 | }

      at error (jobs/dailyManager.js:103:17)
      at Object.<anonymous> (jobs/dailyManager.test.js:465:9)

    console.log
      ⚠ System will continue — retry on next cycle

      at log (jobs/dailyManager.js:104:17)

    console.log
      
      ═══════════════════════════════════════════════════════════

      at log (jobs/dailyManager.js:111:13)

    console.log
      → ANALYTICS SYNC PHASE STARTED

      at log (jobs/dailyManager.js:112:13)

    console.log
      ═══════════════════════════════════════════════════════════

      at log (jobs/dailyManager.js:113:13)

    console.error
      
      ═══════════════════════════════════════════════════════════

      140 |
      141 |     } catch (error) {
    > 142 |         console.error('\n═══════════════════════════════════════════════════════════');
          |                 ^
      143 |         console.error('✗ ANALYTICS SYNC PHASE FAILED');
      144 |         console.error('═══════════════════════════════════════════════════════════');
      145 |         console.error('Error:', error.message);

      at error (jobs/dailyManager.js:142:17)
      at Object.<anonymous> (jobs/dailyManager.test.js:475:9)

    console.error
      ✗ ANALYTICS SYNC PHASE FAILED

      141 |     } catch (error) {
      142 |         console.error('\n═══════════════════════════════════════════════════════════');
    > 143 |         console.error('✗ ANALYTICS SYNC PHASE FAILED');
          |                 ^
      144 |         console.error('═══════════════════════════════════════════════════════════');
      145 |         console.error('Error:', error.message);
      146 |         console.log('⚠ System will continue — retry on next cycle\n');

      at error (jobs/dailyManager.js:143:17)
      at Object.<anonymous> (jobs/dailyManager.test.js:475:9)

    console.error
      ═══════════════════════════════════════════════════════════

      142 |         console.error('\n═══════════════════════════════════════════════════════════');
      143 |         console.error('✗ ANALYTICS SYNC PHASE FAILED');
    > 144 |         console.error('═══════════════════════════════════════════════════════════');
          |                 ^
      145 |         console.error('Error:', error.message);
      146 |         console.log('⚠ System will continue — retry on next cycle\n');
      147 |     }

      at error (jobs/dailyManager.js:144:17)
      at Object.<anonymous> (jobs/dailyManager.test.js:475:9)

    console.error
      Error: Query failed

      143 |         console.error('✗ ANALYTICS SYNC PHASE FAILED');
      144 |         console.error('═══════════════════════════════════════════════════════════');
    > 145 |         console.error('Error:', error.message);
          |                 ^
      146 |         console.log('⚠ System will continue — retry on next cycle\n');
      147 |     }
      148 | }

      at error (jobs/dailyManager.js:145:17)
      at Object.<anonymous> (jobs/dailyManager.test.js:475:9)

    console.log
      ⚠ System will continue — retry on next cycle

      at log (jobs/dailyManager.js:146:17)

  ● Daily Manager - Property Tests › Feature: ai-social-media-manager, Property 10: Media URL persistence

    Property failed after 1 tests
    { seed: 44735732, path: "0:0:0:0:0:0:0:0", endOnFailure: true }
    Counterexample: [{"id":1,"format":"post","caption":" ","media_prompt":" ","platform":"facebook","topic":" ","target_date":"1970-01-01","status":"planned"}]
    Shrunk 7 time(s)

    Hint: Enable verbose mode in order to have the list of all failing values encountered during the run

      at buildError (node_modules/fast-check/lib/cjs/fast-check.js:2449:16)
      at asyncThrowIfFailed (node_modules/fast-check/lib/cjs/fast-check.js:2461:8)

    Cause:
    expect(jest.fn()).toHaveBeenCalledWith(...expected)

    Expected: "post", Any<String>

    Number of calls: 0

    [0m [90m 93 |[39m                     
     [90m 94 |[39m                     [90m// Verify media was generated[39m
    [31m[1m>[22m[39m[90m 95 |[39m                     expect(mediaService[33m.[39mgenerateMedia)[33m.[39mtoHaveBeenCalledWith(
     [90m    |[39m                                                        [31m[1m^[22m[39m
     [90m 96 |[39m                         plannedPost[33m.[39mformat[33m,[39m
     [90m 97 |[39m                         expect[33m.[39many([33mString[39m)
     [90m 98 |[39m                     )[33m;[39m[0m

      at toHaveBeenCalledWith (jobs/dailyManager.test.js:95:56)
      at AsyncProperty.run (node_modules/fast-check/lib/cjs/fast-check.js:1208:19)
      at asyncRunIt (node_modules/fast-check/lib/cjs/fast-check.js:2503:15)
      at Object.<anonymous> (jobs/dailyManager.test.js:52:9)

  ● Daily Manager - Property Tests › Feature: ai-social-media-manager, Property 17: Operation lifecycle logging

    Property failed after 1 tests
    { seed: -1029341762, path: "0:0", endOnFailure: true }
    Counterexample: ["nightly"]
    Shrunk 1 time(s)

    Hint: Enable verbose mode in order to have the list of all failing values encountered during the run

      at buildError (node_modules/fast-check/lib/cjs/fast-check.js:2449:16)
      at asyncThrowIfFailed (node_modules/fast-check/lib/cjs/fast-check.js:2461:8)

    Cause:
    expect(received).toBeDefined()

    Received: undefined

    [0m [90m 174 |[39m                         log[33m.[39mmessage[33m.[39mincludes([32m'✓'[39m)
     [90m 175 |[39m                     )[33m;[39m
    [31m[1m>[22m[39m[90m 176 |[39m                     expect(completionMessage)[33m.[39mtoBeDefined()[33m;[39m
     [90m     |[39m                                               [31m[1m^[22m[39m
     [90m 177 |[39m                 }
     [90m 178 |[39m             )[33m,[39m
     [90m 179 |[39m             { numRuns[33m:[39m [35m50[39m }[0m

      at toBeDefined (jobs/dailyManager.test.js:176:47)
      at AsyncProperty.run (node_modules/fast-check/lib/cjs/fast-check.js:1208:19)
      at asyncRunIt (node_modules/fast-check/lib/cjs/fast-check.js:2503:15)
      at Object.<anonymous> (jobs/dailyManager.test.js:122:9)

  ● Daily Manager - Integration Tests › should execute complete daily workflow

    expect(jest.fn()).toHaveBeenCalledWith(...expected)

    Expected: [{"format": "post", "id": 1, "likes": 100, "platform": "facebook", "reach": 5000, "status": "published", "topic": "Social Media Tips"}]

    Number of calls: 0

    [0m [90m 318 |[39m         [90m// Verify nightly analysis executed correctly[39m
     [90m 319 |[39m         expect(db[33m.[39mgetHistoricalPosts)[33m.[39mtoHaveBeenCalledWith([35m7[39m)[33m;[39m
    [31m[1m>[22m[39m[90m 320 |[39m         expect(aiService[33m.[39mgenerateContentPlan)[33m.[39mtoHaveBeenCalledWith(historicalPosts)[33m;[39m
     [90m     |[39m                                               [31m[1m^[22m[39m
     [90m 321 |[39m         expect(db[33m.[39minsertContentPlan)[33m.[39mtoHaveBeenCalledWith(generatedPlan)[33m;[39m
     [90m 322 |[39m         
     [90m 323 |[39m         [90m// Phase 2: Execution[39m[0m

      at Object.toHaveBeenCalledWith (jobs/dailyManager.test.js:320:47)

  ● Daily Manager - Integration Tests › should persist data across workflow phases

    expect(received).toBe(expected) // Object.is equality

    Expected: true
    Received: false

    [0m [90m 445 |[39m         [90m// Verify data persisted across all phases[39m
     [90m 446 |[39m         expect(dbOperations[33m.[39mlength)[33m.[39mtoBeGreaterThan([35m0[39m)[33m;[39m
    [31m[1m>[22m[39m[90m 447 |[39m         expect(dbOperations[33m.[39msome(op [33m=>[39m op[33m.[39moperation [33m===[39m [32m'insert'[39m))[33m.[39mtoBe([36mtrue[39m)[33m;[39m
     [90m     |[39m                                                                    [31m[1m^[22m[39m
     [90m 448 |[39m         expect(dbOperations[33m.[39msome(op [33m=>[39m op[33m.[39moperation [33m===[39m [32m'update'[39m [33m||[39m op[33m.[39moperation [33m===[39m [32m'updateStatus'[39m))[33m.[39mtoBe([36mtrue[39m)[33m;[39m
     [90m 449 |[39m     })[33m;[39m
     [90m 450 |[39m     [0m

      at Object.toBe (jobs/dailyManager.test.js:447:68)

FAIL services/metaService.test.js
  ● Console

    console.log
      → Publishing to Facebook...

      at log (services/metaService.js:21:13)

    console.warn
      ⚠ FB_PAGE_ACCESS_TOKEN or FB_PAGE_ID not configured — simulating publish

      25 |
      26 |     if (!accessToken || !pageId) {
    > 27 |         console.warn('⚠ FB_PAGE_ACCESS_TOKEN or FB_PAGE_ID not configured — simulating publish');
         |                 ^
      28 |         const simulatedId = `simulated_fb_${Date.now()}`;
      29 |         console.log(`✓ Simulated Facebook publish - ID: ${simulatedId}`);
      30 |         return { id: simulatedId };

      at warn (services/metaService.js:27:17)
      at publishToFacebook (services/metaService.test.js:81:42)
      at AsyncProperty.predicate (node_modules/fast-check/lib/cjs/fast-check.js:1272:104)
      at AsyncProperty.run (node_modules/fast-check/lib/cjs/fast-check.js:1208:30)
      at asyncRunIt (node_modules/fast-check/lib/cjs/fast-check.js:2503:30)
      at Object.<anonymous> (services/metaService.test.js:75:9)

    console.log
      ✓ Simulated Facebook publish - ID: simulated_fb_1773772090576

      at log (services/metaService.js:29:17)

    console.log
      → Publishing to Facebook...

      at log (services/metaService.js:21:13)

    console.warn
      ⚠ FB_PAGE_ACCESS_TOKEN or FB_PAGE_ID not configured — simulating publish

      25 |
      26 |     if (!accessToken || !pageId) {
    > 27 |         console.warn('⚠ FB_PAGE_ACCESS_TOKEN or FB_PAGE_ID not configured — simulating publish');
         |                 ^
      28 |         const simulatedId = `simulated_fb_${Date.now()}`;
      29 |         console.log(`✓ Simulated Facebook publish - ID: ${simulatedId}`);
      30 |         return { id: simulatedId };

      at warn (services/metaService.js:27:17)
      at publishToFacebook (services/metaService.test.js:81:42)
      at AsyncProperty.predicate (node_modules/fast-check/lib/cjs/fast-check.js:1272:104)
      at AsyncProperty.run (node_modules/fast-check/lib/cjs/fast-check.js:1208:30)
      at asyncRunIt (node_modules/fast-check/lib/cjs/fast-check.js:2503:30)
      at Object.<anonymous> (services/metaService.test.js:75:9)

    console.log
      ✓ Simulated Facebook publish - ID: simulated_fb_1773772090580

      at log (services/metaService.js:29:17)

    console.log
      → Publishing to Facebook...

      at log (services/metaService.js:21:13)

    console.warn
      ⚠ FB_PAGE_ACCESS_TOKEN or FB_PAGE_ID not configured — simulating publish

      25 |
      26 |     if (!accessToken || !pageId) {
    > 27 |         console.warn('⚠ FB_PAGE_ACCESS_TOKEN or FB_PAGE_ID not configured — simulating publish');
         |                 ^
      28 |         const simulatedId = `simulated_fb_${Date.now()}`;
      29 |         console.log(`✓ Simulated Facebook publish - ID: ${simulatedId}`);
      30 |         return { id: simulatedId };

      at warn (services/metaService.js:27:17)
      at publishToFacebook (services/metaService.test.js:81:42)
      at AsyncProperty.predicate (node_modules/fast-check/lib/cjs/fast-check.js:1272:104)
      at AsyncProperty.run (node_modules/fast-check/lib/cjs/fast-check.js:1208:30)
      at asyncRunIt (node_modules/fast-check/lib/cjs/fast-check.js:2503:30)
      at Object.<anonymous> (services/metaService.test.js:75:9)

    console.log
      ✓ Simulated Facebook publish - ID: simulated_fb_1773772090583

      at log (services/metaService.js:29:17)

    console.log
      → Publishing to Facebook...

      at log (services/metaService.js:21:13)

    console.warn
      ⚠ FB_PAGE_ACCESS_TOKEN or FB_PAGE_ID not configured — simulating publish

      25 |
      26 |     if (!accessToken || !pageId) {
    > 27 |         console.warn('⚠ FB_PAGE_ACCESS_TOKEN or FB_PAGE_ID not configured — simulating publish');
         |                 ^
      28 |         const simulatedId = `simulated_fb_${Date.now()}`;
      29 |         console.log(`✓ Simulated Facebook publish - ID: ${simulatedId}`);
      30 |         return { id: simulatedId };

      at warn (services/metaService.js:27:17)
      at publishToFacebook (services/metaService.test.js:81:42)
      at AsyncProperty.predicate (node_modules/fast-check/lib/cjs/fast-check.js:1272:104)
      at AsyncProperty.run (node_modules/fast-check/lib/cjs/fast-check.js:1208:30)
      at asyncRunIt (node_modules/fast-check/lib/cjs/fast-check.js:2503:30)
      at Object.<anonymous> (services/metaService.test.js:75:9)

    console.log
      ✓ Simulated Facebook publish - ID: simulated_fb_1773772090584

      at log (services/metaService.js:29:17)

    console.log
      → Publishing to Facebook...

      at log (services/metaService.js:21:13)

    console.warn
      ⚠ FB_PAGE_ACCESS_TOKEN or FB_PAGE_ID not configured — simulating publish

      25 |
      26 |     if (!accessToken || !pageId) {
    > 27 |         console.warn('⚠ FB_PAGE_ACCESS_TOKEN or FB_PAGE_ID not configured — simulating publish');
         |                 ^
      28 |         const simulatedId = `simulated_fb_${Date.now()}`;
      29 |         console.log(`✓ Simulated Facebook publish - ID: ${simulatedId}`);
      30 |         return { id: simulatedId };

      at warn (services/metaService.js:27:17)
      at publishToFacebook (services/metaService.test.js:81:42)
      at AsyncProperty.predicate (node_modules/fast-check/lib/cjs/fast-check.js:1272:104)
      at AsyncProperty.run (node_modules/fast-check/lib/cjs/fast-check.js:1208:30)
      at asyncRunIt (node_modules/fast-check/lib/cjs/fast-check.js:2503:30)
      at Object.<anonymous> (services/metaService.test.js:75:9)

    console.log
      ✓ Simulated Facebook publish - ID: simulated_fb_1773772090587

      at log (services/metaService.js:29:17)

    console.log
      → Publishing to Facebook...

      at log (services/metaService.js:21:13)

    console.warn
      ⚠ FB_PAGE_ACCESS_TOKEN or FB_PAGE_ID not configured — simulating publish

      25 |
      26 |     if (!accessToken || !pageId) {
    > 27 |         console.warn('⚠ FB_PAGE_ACCESS_TOKEN or FB_PAGE_ID not configured — simulating publish');
         |                 ^
      28 |         const simulatedId = `simulated_fb_${Date.now()}`;
      29 |         console.log(`✓ Simulated Facebook publish - ID: ${simulatedId}`);
      30 |         return { id: simulatedId };

      at warn (services/metaService.js:27:17)
      at publishToFacebook (services/metaService.test.js:81:42)
      at AsyncProperty.predicate (node_modules/fast-check/lib/cjs/fast-check.js:1272:104)
      at AsyncProperty.run (node_modules/fast-check/lib/cjs/fast-check.js:1208:30)
      at asyncRunIt (node_modules/fast-check/lib/cjs/fast-check.js:2503:30)
      at Object.<anonymous> (services/metaService.test.js:75:9)

    console.log
      ✓ Simulated Facebook publish - ID: simulated_fb_1773772090590

      at log (services/metaService.js:29:17)

    console.log
      → Publishing to Facebook...

      at log (services/metaService.js:21:13)

    console.warn
      ⚠ FB_PAGE_ACCESS_TOKEN or FB_PAGE_ID not configured — simulating publish

      25 |
      26 |     if (!accessToken || !pageId) {
    > 27 |         console.warn('⚠ FB_PAGE_ACCESS_TOKEN or FB_PAGE_ID not configured — simulating publish');
         |                 ^
      28 |         const simulatedId = `simulated_fb_${Date.now()}`;
      29 |         console.log(`✓ Simulated Facebook publish - ID: ${simulatedId}`);
      30 |         return { id: simulatedId };

      at warn (services/metaService.js:27:17)
      at publishToFacebook (services/metaService.test.js:81:42)
      at AsyncProperty.predicate (node_modules/fast-check/lib/cjs/fast-check.js:1272:104)
      at AsyncProperty.run (node_modules/fast-check/lib/cjs/fast-check.js:1208:30)
      at asyncRunIt (node_modules/fast-check/lib/cjs/fast-check.js:2503:30)
      at Object.<anonymous> (services/metaService.test.js:75:9)

    console.log
      ✓ Simulated Facebook publish - ID: simulated_fb_1773772090591

      at log (services/metaService.js:29:17)

    console.log
      → Publishing to Facebook...

      at log (services/metaService.js:21:13)

    console.warn
      ⚠ FB_PAGE_ACCESS_TOKEN or FB_PAGE_ID not configured — simulating publish

      25 |
      26 |     if (!accessToken || !pageId) {
    > 27 |         console.warn('⚠ FB_PAGE_ACCESS_TOKEN or FB_PAGE_ID not configured — simulating publish');
         |                 ^
      28 |         const simulatedId = `simulated_fb_${Date.now()}`;
      29 |         console.log(`✓ Simulated Facebook publish - ID: ${simulatedId}`);
      30 |         return { id: simulatedId };

      at warn (services/metaService.js:27:17)
      at publishToFacebook (services/metaService.test.js:81:42)
      at AsyncProperty.predicate (node_modules/fast-check/lib/cjs/fast-check.js:1272:104)
      at AsyncProperty.run (node_modules/fast-check/lib/cjs/fast-check.js:1208:30)
      at asyncRunIt (node_modules/fast-check/lib/cjs/fast-check.js:2503:30)
      at Object.<anonymous> (services/metaService.test.js:75:9)

    console.log
      ✓ Simulated Facebook publish - ID: simulated_fb_1773772090593

      at log (services/metaService.js:29:17)

    console.log
      → Publishing to Facebook...

      at log (services/metaService.js:21:13)

    console.warn
      ⚠ FB_PAGE_ACCESS_TOKEN or FB_PAGE_ID not configured — simulating publish

      25 |
      26 |     if (!accessToken || !pageId) {
    > 27 |         console.warn('⚠ FB_PAGE_ACCESS_TOKEN or FB_PAGE_ID not configured — simulating publish');
         |                 ^
      28 |         const simulatedId = `simulated_fb_${Date.now()}`;
      29 |         console.log(`✓ Simulated Facebook publish - ID: ${simulatedId}`);
      30 |         return { id: simulatedId };

      at warn (services/metaService.js:27:17)
      at publishToFacebook (services/metaService.test.js:81:42)
      at AsyncProperty.predicate (node_modules/fast-check/lib/cjs/fast-check.js:1272:104)
      at AsyncProperty.run (node_modules/fast-check/lib/cjs/fast-check.js:1208:30)
      at asyncRunIt (node_modules/fast-check/lib/cjs/fast-check.js:2503:30)
      at Object.<anonymous> (services/metaService.test.js:75:9)

    console.log
      ✓ Simulated Facebook publish - ID: simulated_fb_1773772090596

      at log (services/metaService.js:29:17)

    console.log
      → Publishing to Facebook...

      at log (services/metaService.js:21:13)

    console.warn
      ⚠ FB_PAGE_ACCESS_TOKEN or FB_PAGE_ID not configured — simulating publish

      25 |
      26 |     if (!accessToken || !pageId) {
    > 27 |         console.warn('⚠ FB_PAGE_ACCESS_TOKEN or FB_PAGE_ID not configured — simulating publish');
         |                 ^
      28 |         const simulatedId = `simulated_fb_${Date.now()}`;
      29 |         console.log(`✓ Simulated Facebook publish - ID: ${simulatedId}`);
      30 |         return { id: simulatedId };

      at warn (services/metaService.js:27:17)
      at publishToFacebook (services/metaService.test.js:81:42)
      at AsyncProperty.predicate (node_modules/fast-check/lib/cjs/fast-check.js:1272:104)
      at AsyncProperty.run (node_modules/fast-check/lib/cjs/fast-check.js:1208:30)
      at asyncRunIt (node_modules/fast-check/lib/cjs/fast-check.js:2503:30)
      at Object.<anonymous> (services/metaService.test.js:75:9)

    console.log
      ✓ Simulated Facebook publish - ID: simulated_fb_1773772090597

      at log (services/metaService.js:29:17)

    console.log
      → Publishing to Facebook...

      at log (services/metaService.js:21:13)

    console.warn
      ⚠ FB_PAGE_ACCESS_TOKEN or FB_PAGE_ID not configured — simulating publish

      25 |
      26 |     if (!accessToken || !pageId) {
    > 27 |         console.warn('⚠ FB_PAGE_ACCESS_TOKEN or FB_PAGE_ID not configured — simulating publish');
         |                 ^
      28 |         const simulatedId = `simulated_fb_${Date.now()}`;
      29 |         console.log(`✓ Simulated Facebook publish - ID: ${simulatedId}`);
      30 |         return { id: simulatedId };

      at warn (services/metaService.js:27:17)
      at publishToFacebook (services/metaService.test.js:81:42)
      at AsyncProperty.predicate (node_modules/fast-check/lib/cjs/fast-check.js:1272:104)
      at AsyncProperty.run (node_modules/fast-check/lib/cjs/fast-check.js:1208:30)
      at asyncRunIt (node_modules/fast-check/lib/cjs/fast-check.js:2503:30)
      at Object.<anonymous> (services/metaService.test.js:75:9)

    console.log
      ✓ Simulated Facebook publish - ID: simulated_fb_1773772090599

      at log (services/metaService.js:29:17)

    console.log
      → Publishing to Facebook...

      at log (services/metaService.js:21:13)

    console.warn
      ⚠ FB_PAGE_ACCESS_TOKEN or FB_PAGE_ID not configured — simulating publish

      25 |
      26 |     if (!accessToken || !pageId) {
    > 27 |         console.warn('⚠ FB_PAGE_ACCESS_TOKEN or FB_PAGE_ID not configured — simulating publish');
         |                 ^
      28 |         const simulatedId = `simulated_fb_${Date.now()}`;
      29 |         console.log(`✓ Simulated Facebook publish - ID: ${simulatedId}`);
      30 |         return { id: simulatedId };

      at warn (services/metaService.js:27:17)
      at publishToFacebook (services/metaService.test.js:81:42)
      at AsyncProperty.predicate (node_modules/fast-check/lib/cjs/fast-check.js:1272:104)
      at AsyncProperty.run (node_modules/fast-check/lib/cjs/fast-check.js:1208:30)
      at asyncRunIt (node_modules/fast-check/lib/cjs/fast-check.js:2503:30)
      at Object.<anonymous> (services/metaService.test.js:75:9)

    console.log
      ✓ Simulated Facebook publish - ID: simulated_fb_1773772090601

      at log (services/metaService.js:29:17)

    console.log
      → Publishing to Facebook...

      at log (services/metaService.js:21:13)

    console.warn
      ⚠ FB_PAGE_ACCESS_TOKEN or FB_PAGE_ID not configured — simulating publish

      25 |
      26 |     if (!accessToken || !pageId) {
    > 27 |         console.warn('⚠ FB_PAGE_ACCESS_TOKEN or FB_PAGE_ID not configured — simulating publish');
         |                 ^
      28 |         const simulatedId = `simulated_fb_${Date.now()}`;
      29 |         console.log(`✓ Simulated Facebook publish - ID: ${simulatedId}`);
      30 |         return { id: simulatedId };

      at warn (services/metaService.js:27:17)
      at publishToFacebook (services/metaService.test.js:81:42)
      at AsyncProperty.predicate (node_modules/fast-check/lib/cjs/fast-check.js:1272:104)
      at AsyncProperty.run (node_modules/fast-check/lib/cjs/fast-check.js:1208:30)
      at asyncRunIt (node_modules/fast-check/lib/cjs/fast-check.js:2503:30)
      at Object.<anonymous> (services/metaService.test.js:75:9)

    console.log
      ✓ Simulated Facebook publish - ID: simulated_fb_1773772090602

      at log (services/metaService.js:29:17)

    console.log
      → Publishing to Facebook...

      at log (services/metaService.js:21:13)

    console.warn
      ⚠ FB_PAGE_ACCESS_TOKEN or FB_PAGE_ID not configured — simulating publish

      25 |
      26 |     if (!accessToken || !pageId) {
    > 27 |         console.warn('⚠ FB_PAGE_ACCESS_TOKEN or FB_PAGE_ID not configured — simulating publish');
         |                 ^
      28 |         const simulatedId = `simulated_fb_${Date.now()}`;
      29 |         console.log(`✓ Simulated Facebook publish - ID: ${simulatedId}`);
      30 |         return { id: simulatedId };

      at warn (services/metaService.js:27:17)
      at publishToFacebook (services/metaService.test.js:81:42)
      at AsyncProperty.predicate (node_modules/fast-check/lib/cjs/fast-check.js:1272:104)
      at AsyncProperty.run (node_modules/fast-check/lib/cjs/fast-check.js:1208:30)
      at asyncRunIt (node_modules/fast-check/lib/cjs/fast-check.js:2503:30)
      at Object.<anonymous> (services/metaService.test.js:75:9)

    console.log
      ✓ Simulated Facebook publish - ID: simulated_fb_1773772090605

      at log (services/metaService.js:29:17)

    console.log
      → Publishing to Facebook...

      at log (services/metaService.js:21:13)

    console.warn
      ⚠ FB_PAGE_ACCESS_TOKEN or FB_PAGE_ID not configured — simulating publish

      25 |
      26 |     if (!accessToken || !pageId) {
    > 27 |         console.warn('⚠ FB_PAGE_ACCESS_TOKEN or FB_PAGE_ID not configured — simulating publish');
         |                 ^
      28 |         const simulatedId = `simulated_fb_${Date.now()}`;
      29 |         console.log(`✓ Simulated Facebook publish - ID: ${simulatedId}`);
      30 |         return { id: simulatedId };

      at warn (services/metaService.js:27:17)
      at publishToFacebook (services/metaService.test.js:81:42)
      at AsyncProperty.predicate (node_modules/fast-check/lib/cjs/fast-check.js:1272:104)
      at AsyncProperty.run (node_modules/fast-check/lib/cjs/fast-check.js:1208:30)
      at asyncRunIt (node_modules/fast-check/lib/cjs/fast-check.js:2503:30)
      at Object.<anonymous> (services/metaService.test.js:75:9)

    console.log
      ✓ Simulated Facebook publish - ID: simulated_fb_1773772090606

      at log (services/metaService.js:29:17)

    console.log
      → Publishing to Facebook...

      at log (services/metaService.js:21:13)

    console.warn
      ⚠ FB_PAGE_ACCESS_TOKEN or FB_PAGE_ID not configured — simulating publish

      25 |
      26 |     if (!accessToken || !pageId) {
    > 27 |         console.warn('⚠ FB_PAGE_ACCESS_TOKEN or FB_PAGE_ID not configured — simulating publish');
         |                 ^
      28 |         const simulatedId = `simulated_fb_${Date.now()}`;
      29 |         console.log(`✓ Simulated Facebook publish - ID: ${simulatedId}`);
      30 |         return { id: simulatedId };

      at warn (services/metaService.js:27:17)
      at publishToFacebook (services/metaService.test.js:81:42)
      at AsyncProperty.predicate (node_modules/fast-check/lib/cjs/fast-check.js:1272:104)
      at AsyncProperty.run (node_modules/fast-check/lib/cjs/fast-check.js:1208:30)
      at asyncRunIt (node_modules/fast-check/lib/cjs/fast-check.js:2503:30)
      at Object.<anonymous> (services/metaService.test.js:75:9)

    console.log
      ✓ Simulated Facebook publish - ID: simulated_fb_1773772090608

      at log (services/metaService.js:29:17)

    console.log
      → Publishing to Facebook...

      at log (services/metaService.js:21:13)

    console.warn
      ⚠ FB_PAGE_ACCESS_TOKEN or FB_PAGE_ID not configured — simulating publish

      25 |
      26 |     if (!accessToken || !pageId) {
    > 27 |         console.warn('⚠ FB_PAGE_ACCESS_TOKEN or FB_PAGE_ID not configured — simulating publish');
         |                 ^
      28 |         const simulatedId = `simulated_fb_${Date.now()}`;
      29 |         console.log(`✓ Simulated Facebook publish - ID: ${simulatedId}`);
      30 |         return { id: simulatedId };

      at warn (services/metaService.js:27:17)
      at publishToFacebook (services/metaService.test.js:81:42)
      at AsyncProperty.predicate (node_modules/fast-check/lib/cjs/fast-check.js:1272:104)
      at AsyncProperty.run (node_modules/fast-check/lib/cjs/fast-check.js:1208:30)
      at asyncRunIt (node_modules/fast-check/lib/cjs/fast-check.js:2503:30)
      at Object.<anonymous> (services/metaService.test.js:75:9)

    console.log
      ✓ Simulated Facebook publish - ID: simulated_fb_1773772090610

      at log (services/metaService.js:29:17)

    console.log
      → Publishing to Facebook...

      at log (services/metaService.js:21:13)

    console.warn
      ⚠ FB_PAGE_ACCESS_TOKEN or FB_PAGE_ID not configured — simulating publish

      25 |
      26 |     if (!accessToken || !pageId) {
    > 27 |         console.warn('⚠ FB_PAGE_ACCESS_TOKEN or FB_PAGE_ID not configured — simulating publish');
         |                 ^
      28 |         const simulatedId = `simulated_fb_${Date.now()}`;
      29 |         console.log(`✓ Simulated Facebook publish - ID: ${simulatedId}`);
      30 |         return { id: simulatedId };

      at warn (services/metaService.js:27:17)
      at publishToFacebook (services/metaService.test.js:81:42)
      at AsyncProperty.predicate (node_modules/fast-check/lib/cjs/fast-check.js:1272:104)
      at AsyncProperty.run (node_modules/fast-check/lib/cjs/fast-check.js:1208:30)
      at asyncRunIt (node_modules/fast-check/lib/cjs/fast-check.js:2503:30)
      at Object.<anonymous> (services/metaService.test.js:75:9)

    console.log
      ✓ Simulated Facebook publish - ID: simulated_fb_1773772090612

      at log (services/metaService.js:29:17)

    console.log
      → Publishing to Facebook...

      at log (services/metaService.js:21:13)

    console.warn
      ⚠ FB_PAGE_ACCESS_TOKEN or FB_PAGE_ID not configured — simulating publish

      25 |
      26 |     if (!accessToken || !pageId) {
    > 27 |         console.warn('⚠ FB_PAGE_ACCESS_TOKEN or FB_PAGE_ID not configured — simulating publish');
         |                 ^
      28 |         const simulatedId = `simulated_fb_${Date.now()}`;
      29 |         console.log(`✓ Simulated Facebook publish - ID: ${simulatedId}`);
      30 |         return { id: simulatedId };

      at warn (services/metaService.js:27:17)
      at publishToFacebook (services/metaService.test.js:81:42)
      at AsyncProperty.predicate (node_modules/fast-check/lib/cjs/fast-check.js:1272:104)
      at AsyncProperty.run (node_modules/fast-check/lib/cjs/fast-check.js:1208:30)
      at asyncRunIt (node_modules/fast-check/lib/cjs/fast-check.js:2503:30)
      at Object.<anonymous> (services/metaService.test.js:75:9)

    console.log
      ✓ Simulated Facebook publish - ID: simulated_fb_1773772090613

      at log (services/metaService.js:29:17)

    console.log
      → Publishing to Facebook...

      at log (services/metaService.js:21:13)

    console.warn
      ⚠ FB_PAGE_ACCESS_TOKEN or FB_PAGE_ID not configured — simulating publish

      25 |
      26 |     if (!accessToken || !pageId) {
    > 27 |         console.warn('⚠ FB_PAGE_ACCESS_TOKEN or FB_PAGE_ID not configured — simulating publish');
         |                 ^
      28 |         const simulatedId = `simulated_fb_${Date.now()}`;
      29 |         console.log(`✓ Simulated Facebook publish - ID: ${simulatedId}`);
      30 |         return { id: simulatedId };

      at warn (services/metaService.js:27:17)
      at publishToFacebook (services/metaService.test.js:81:42)
      at AsyncProperty.predicate (node_modules/fast-check/lib/cjs/fast-check.js:1272:104)
      at AsyncProperty.run (node_modules/fast-check/lib/cjs/fast-check.js:1208:30)
      at asyncRunIt (node_modules/fast-check/lib/cjs/fast-check.js:2503:30)
      at Object.<anonymous> (services/metaService.test.js:75:9)

    console.log
      ✓ Simulated Facebook publish - ID: simulated_fb_1773772090616

      at log (services/metaService.js:29:17)

    console.log
      → Publishing to Facebook...

      at log (services/metaService.js:21:13)

    console.warn
      ⚠ FB_PAGE_ACCESS_TOKEN or FB_PAGE_ID not configured — simulating publish

      25 |
      26 |     if (!accessToken || !pageId) {
    > 27 |         console.warn('⚠ FB_PAGE_ACCESS_TOKEN or FB_PAGE_ID not configured — simulating publish');
         |                 ^
      28 |         const simulatedId = `simulated_fb_${Date.now()}`;
      29 |         console.log(`✓ Simulated Facebook publish - ID: ${simulatedId}`);
      30 |         return { id: simulatedId };

      at warn (services/metaService.js:27:17)
      at publishToFacebook (services/metaService.test.js:81:42)
      at AsyncProperty.predicate (node_modules/fast-check/lib/cjs/fast-check.js:1272:104)
      at AsyncProperty.run (node_modules/fast-check/lib/cjs/fast-check.js:1208:30)
      at asyncRunIt (node_modules/fast-check/lib/cjs/fast-check.js:2503:30)
      at Object.<anonymous> (services/metaService.test.js:75:9)

    console.log
      ✓ Simulated Facebook publish - ID: simulated_fb_1773772090617

      at log (services/metaService.js:29:17)

    console.log
      → Publishing to Facebook...

      at log (services/metaService.js:21:13)

    console.warn
      ⚠ FB_PAGE_ACCESS_TOKEN or FB_PAGE_ID not configured — simulating publish

      25 |
      26 |     if (!accessToken || !pageId) {
    > 27 |         console.warn('⚠ FB_PAGE_ACCESS_TOKEN or FB_PAGE_ID not configured — simulating publish');
         |                 ^
      28 |         const simulatedId = `simulated_fb_${Date.now()}`;
      29 |         console.log(`✓ Simulated Facebook publish - ID: ${simulatedId}`);
      30 |         return { id: simulatedId };

      at warn (services/metaService.js:27:17)
      at publishToFacebook (services/metaService.test.js:81:42)
      at AsyncProperty.predicate (node_modules/fast-check/lib/cjs/fast-check.js:1272:104)
      at AsyncProperty.run (node_modules/fast-check/lib/cjs/fast-check.js:1208:30)
      at asyncRunIt (node_modules/fast-check/lib/cjs/fast-check.js:2503:30)
      at Object.<anonymous> (services/metaService.test.js:75:9)

    console.log
      ✓ Simulated Facebook publish - ID: simulated_fb_1773772090620

      at log (services/metaService.js:29:17)

    console.log
      → Publishing to Facebook...

      at log (services/metaService.js:21:13)

    console.warn
      ⚠ FB_PAGE_ACCESS_TOKEN or FB_PAGE_ID not configured — simulating publish

      25 |
      26 |     if (!accessToken || !pageId) {
    > 27 |         console.warn('⚠ FB_PAGE_ACCESS_TOKEN or FB_PAGE_ID not configured — simulating publish');
         |                 ^
      28 |         const simulatedId = `simulated_fb_${Date.now()}`;
      29 |         console.log(`✓ Simulated Facebook publish - ID: ${simulatedId}`);
      30 |         return { id: simulatedId };

      at warn (services/metaService.js:27:17)
      at publishToFacebook (services/metaService.test.js:81:42)
      at AsyncProperty.predicate (node_modules/fast-check/lib/cjs/fast-check.js:1272:104)
      at AsyncProperty.run (node_modules/fast-check/lib/cjs/fast-check.js:1208:30)
      at asyncRunIt (node_modules/fast-check/lib/cjs/fast-check.js:2503:30)
      at Object.<anonymous> (services/metaService.test.js:75:9)

    console.log
      ✓ Simulated Facebook publish - ID: simulated_fb_1773772090624

      at log (services/metaService.js:29:17)

    console.log
      → Publishing to Facebook...

      at log (services/metaService.js:21:13)

    console.warn
      ⚠ FB_PAGE_ACCESS_TOKEN or FB_PAGE_ID not configured — simulating publish

      25 |
      26 |     if (!accessToken || !pageId) {
    > 27 |         console.warn('⚠ FB_PAGE_ACCESS_TOKEN or FB_PAGE_ID not configured — simulating publish');
         |                 ^
      28 |         const simulatedId = `simulated_fb_${Date.now()}`;
      29 |         console.log(`✓ Simulated Facebook publish - ID: ${simulatedId}`);
      30 |         return { id: simulatedId };

      at warn (services/metaService.js:27:17)
      at publishToFacebook (services/metaService.test.js:81:42)
      at AsyncProperty.predicate (node_modules/fast-check/lib/cjs/fast-check.js:1272:104)
      at AsyncProperty.run (node_modules/fast-check/lib/cjs/fast-check.js:1208:30)
      at asyncRunIt (node_modules/fast-check/lib/cjs/fast-check.js:2503:30)
      at Object.<anonymous> (services/metaService.test.js:75:9)

    console.log
      ✓ Simulated Facebook publish - ID: simulated_fb_1773772090627

      at log (services/metaService.js:29:17)

    console.log
      → Publishing to Facebook...

      at log (services/metaService.js:21:13)

    console.warn
      ⚠ FB_PAGE_ACCESS_TOKEN or FB_PAGE_ID not configured — simulating publish

      25 |
      26 |     if (!accessToken || !pageId) {
    > 27 |         console.warn('⚠ FB_PAGE_ACCESS_TOKEN or FB_PAGE_ID not configured — simulating publish');
         |                 ^
      28 |         const simulatedId = `simulated_fb_${Date.now()}`;
      29 |         console.log(`✓ Simulated Facebook publish - ID: ${simulatedId}`);
      30 |         return { id: simulatedId };

      at warn (services/metaService.js:27:17)
      at publishToFacebook (services/metaService.test.js:81:42)
      at AsyncProperty.predicate (node_modules/fast-check/lib/cjs/fast-check.js:1272:104)
      at AsyncProperty.run (node_modules/fast-check/lib/cjs/fast-check.js:1208:30)
      at asyncRunIt (node_modules/fast-check/lib/cjs/fast-check.js:2503:30)
      at Object.<anonymous> (services/metaService.test.js:75:9)

    console.log
      ✓ Simulated Facebook publish - ID: simulated_fb_1773772090630

      at log (services/metaService.js:29:17)

    console.log
      → Publishing to Facebook...

      at log (services/metaService.js:21:13)

    console.warn
      ⚠ FB_PAGE_ACCESS_TOKEN or FB_PAGE_ID not configured — simulating publish

      25 |
      26 |     if (!accessToken || !pageId) {
    > 27 |         console.warn('⚠ FB_PAGE_ACCESS_TOKEN or FB_PAGE_ID not configured — simulating publish');
         |                 ^
      28 |         const simulatedId = `simulated_fb_${Date.now()}`;
      29 |         console.log(`✓ Simulated Facebook publish - ID: ${simulatedId}`);
      30 |         return { id: simulatedId };

      at warn (services/metaService.js:27:17)
      at publishToFacebook (services/metaService.test.js:81:42)
      at AsyncProperty.predicate (node_modules/fast-check/lib/cjs/fast-check.js:1272:104)
      at AsyncProperty.run (node_modules/fast-check/lib/cjs/fast-check.js:1208:30)
      at asyncRunIt (node_modules/fast-check/lib/cjs/fast-check.js:2503:30)
      at Object.<anonymous> (services/metaService.test.js:75:9)

    console.log
      ✓ Simulated Facebook publish - ID: simulated_fb_1773772090633

      at log (services/metaService.js:29:17)

    console.log
      → Publishing to Facebook...

      at log (services/metaService.js:21:13)

    console.warn
      ⚠ FB_PAGE_ACCESS_TOKEN or FB_PAGE_ID not configured — simulating publish

      25 |
      26 |     if (!accessToken || !pageId) {
    > 27 |         console.warn('⚠ FB_PAGE_ACCESS_TOKEN or FB_PAGE_ID not configured — simulating publish');
         |                 ^
      28 |         const simulatedId = `simulated_fb_${Date.now()}`;
      29 |         console.log(`✓ Simulated Facebook publish - ID: ${simulatedId}`);
      30 |         return { id: simulatedId };

      at warn (services/metaService.js:27:17)
      at publishToFacebook (services/metaService.test.js:81:42)
      at AsyncProperty.predicate (node_modules/fast-check/lib/cjs/fast-check.js:1272:104)
      at AsyncProperty.run (node_modules/fast-check/lib/cjs/fast-check.js:1208:30)
      at asyncRunIt (node_modules/fast-check/lib/cjs/fast-check.js:2503:30)
      at Object.<anonymous> (services/metaService.test.js:75:9)

    console.log
      ✓ Simulated Facebook publish - ID: simulated_fb_1773772090636

      at log (services/metaService.js:29:17)

    console.log
      → Publishing to Facebook...

      at log (services/metaService.js:21:13)

    console.warn
      ⚠ FB_PAGE_ACCESS_TOKEN or FB_PAGE_ID not configured — simulating publish

      25 |
      26 |     if (!accessToken || !pageId) {
    > 27 |         console.warn('⚠ FB_PAGE_ACCESS_TOKEN or FB_PAGE_ID not configured — simulating publish');
         |                 ^
      28 |         const simulatedId = `simulated_fb_${Date.now()}`;
      29 |         console.log(`✓ Simulated Facebook publish - ID: ${simulatedId}`);
      30 |         return { id: simulatedId };

      at warn (services/metaService.js:27:17)
      at publishToFacebook (services/metaService.test.js:81:42)
      at AsyncProperty.predicate (node_modules/fast-check/lib/cjs/fast-check.js:1272:104)
      at AsyncProperty.run (node_modules/fast-check/lib/cjs/fast-check.js:1208:30)
      at asyncRunIt (node_modules/fast-check/lib/cjs/fast-check.js:2503:30)
      at Object.<anonymous> (services/metaService.test.js:75:9)

    console.log
      ✓ Simulated Facebook publish - ID: simulated_fb_1773772090640

      at log (services/metaService.js:29:17)

    console.log
      → Publishing to Facebook...

      at log (services/metaService.js:21:13)

    console.warn
      ⚠ FB_PAGE_ACCESS_TOKEN or FB_PAGE_ID not configured — simulating publish

      25 |
      26 |     if (!accessToken || !pageId) {
    > 27 |         console.warn('⚠ FB_PAGE_ACCESS_TOKEN or FB_PAGE_ID not configured — simulating publish');
         |                 ^
      28 |         const simulatedId = `simulated_fb_${Date.now()}`;
      29 |         console.log(`✓ Simulated Facebook publish - ID: ${simulatedId}`);
      30 |         return { id: simulatedId };

      at warn (services/metaService.js:27:17)
      at publishToFacebook (services/metaService.test.js:81:42)
      at AsyncProperty.predicate (node_modules/fast-check/lib/cjs/fast-check.js:1272:104)
      at AsyncProperty.run (node_modules/fast-check/lib/cjs/fast-check.js:1208:30)
      at asyncRunIt (node_modules/fast-check/lib/cjs/fast-check.js:2503:30)
      at Object.<anonymous> (services/metaService.test.js:75:9)

    console.log
      ✓ Simulated Facebook publish - ID: simulated_fb_1773772090644

      at log (services/metaService.js:29:17)

    console.log
      → Publishing to Facebook...

      at log (services/metaService.js:21:13)

    console.warn
      ⚠ FB_PAGE_ACCESS_TOKEN or FB_PAGE_ID not configured — simulating publish

      25 |
      26 |     if (!accessToken || !pageId) {
    > 27 |         console.warn('⚠ FB_PAGE_ACCESS_TOKEN or FB_PAGE_ID not configured — simulating publish');
         |                 ^
      28 |         const simulatedId = `simulated_fb_${Date.now()}`;
      29 |         console.log(`✓ Simulated Facebook publish - ID: ${simulatedId}`);
      30 |         return { id: simulatedId };

      at warn (services/metaService.js:27:17)
      at publishToFacebook (services/metaService.test.js:81:42)
      at AsyncProperty.predicate (node_modules/fast-check/lib/cjs/fast-check.js:1272:104)
      at AsyncProperty.run (node_modules/fast-check/lib/cjs/fast-check.js:1208:30)
      at asyncRunIt (node_modules/fast-check/lib/cjs/fast-check.js:2503:30)
      at Object.<anonymous> (services/metaService.test.js:75:9)

    console.log
      ✓ Simulated Facebook publish - ID: simulated_fb_1773772090647

      at log (services/metaService.js:29:17)

    console.log
      → Publishing to Facebook...

      at log (services/metaService.js:21:13)

    console.warn
      ⚠ FB_PAGE_ACCESS_TOKEN or FB_PAGE_ID not configured — simulating publish

      25 |
      26 |     if (!accessToken || !pageId) {
    > 27 |         console.warn('⚠ FB_PAGE_ACCESS_TOKEN or FB_PAGE_ID not configured — simulating publish');
         |                 ^
      28 |         const simulatedId = `simulated_fb_${Date.now()}`;
      29 |         console.log(`✓ Simulated Facebook publish - ID: ${simulatedId}`);
      30 |         return { id: simulatedId };

      at warn (services/metaService.js:27:17)
      at publishToFacebook (services/metaService.test.js:81:42)
      at AsyncProperty.predicate (node_modules/fast-check/lib/cjs/fast-check.js:1272:104)
      at AsyncProperty.run (node_modules/fast-check/lib/cjs/fast-check.js:1208:30)
      at asyncRunIt (node_modules/fast-check/lib/cjs/fast-check.js:2503:30)
      at Object.<anonymous> (services/metaService.test.js:75:9)

    console.log
      ✓ Simulated Facebook publish - ID: simulated_fb_1773772090649

      at log (services/metaService.js:29:17)

    console.log
      → Publishing to Facebook...

      at log (services/metaService.js:21:13)

    console.warn
      ⚠ FB_PAGE_ACCESS_TOKEN or FB_PAGE_ID not configured — simulating publish

      25 |
      26 |     if (!accessToken || !pageId) {
    > 27 |         console.warn('⚠ FB_PAGE_ACCESS_TOKEN or FB_PAGE_ID not configured — simulating publish');
         |                 ^
      28 |         const simulatedId = `simulated_fb_${Date.now()}`;
      29 |         console.log(`✓ Simulated Facebook publish - ID: ${simulatedId}`);
      30 |         return { id: simulatedId };

      at warn (services/metaService.js:27:17)
      at publishToFacebook (services/metaService.test.js:81:42)
      at AsyncProperty.predicate (node_modules/fast-check/lib/cjs/fast-check.js:1272:104)
      at AsyncProperty.run (node_modules/fast-check/lib/cjs/fast-check.js:1208:30)
      at asyncRunIt (node_modules/fast-check/lib/cjs/fast-check.js:2503:30)
      at Object.<anonymous> (services/metaService.test.js:75:9)

    console.log
      ✓ Simulated Facebook publish - ID: simulated_fb_1773772090654

      at log (services/metaService.js:29:17)

    console.log
      → Publishing to Facebook...

      at log (services/metaService.js:21:13)

    console.warn
      ⚠ FB_PAGE_ACCESS_TOKEN or FB_PAGE_ID not configured — simulating publish

      25 |
      26 |     if (!accessToken || !pageId) {
    > 27 |         console.warn('⚠ FB_PAGE_ACCESS_TOKEN or FB_PAGE_ID not configured — simulating publish');
         |                 ^
      28 |         const simulatedId = `simulated_fb_${Date.now()}`;
      29 |         console.log(`✓ Simulated Facebook publish - ID: ${simulatedId}`);
      30 |         return { id: simulatedId };

      at warn (services/metaService.js:27:17)
      at publishToFacebook (services/metaService.test.js:81:42)
      at AsyncProperty.predicate (node_modules/fast-check/lib/cjs/fast-check.js:1272:104)
      at AsyncProperty.run (node_modules/fast-check/lib/cjs/fast-check.js:1208:30)
      at asyncRunIt (node_modules/fast-check/lib/cjs/fast-check.js:2503:30)
      at Object.<anonymous> (services/metaService.test.js:75:9)

    console.log
      ✓ Simulated Facebook publish - ID: simulated_fb_1773772090658

      at log (services/metaService.js:29:17)

    console.log
      → Publishing to Facebook...

      at log (services/metaService.js:21:13)

    console.warn
      ⚠ FB_PAGE_ACCESS_TOKEN or FB_PAGE_ID not configured — simulating publish

      25 |
      26 |     if (!accessToken || !pageId) {
    > 27 |         console.warn('⚠ FB_PAGE_ACCESS_TOKEN or FB_PAGE_ID not configured — simulating publish');
         |                 ^
      28 |         const simulatedId = `simulated_fb_${Date.now()}`;
      29 |         console.log(`✓ Simulated Facebook publish - ID: ${simulatedId}`);
      30 |         return { id: simulatedId };

      at warn (services/metaService.js:27:17)
      at publishToFacebook (services/metaService.test.js:81:42)
      at AsyncProperty.predicate (node_modules/fast-check/lib/cjs/fast-check.js:1272:104)
      at AsyncProperty.run (node_modules/fast-check/lib/cjs/fast-check.js:1208:30)
      at asyncRunIt (node_modules/fast-check/lib/cjs/fast-check.js:2503:30)
      at Object.<anonymous> (services/metaService.test.js:75:9)

    console.log
      ✓ Simulated Facebook publish - ID: simulated_fb_1773772090660

      at log (services/metaService.js:29:17)

    console.log
      → Publishing to Facebook...

      at log (services/metaService.js:21:13)

    console.warn
      ⚠ FB_PAGE_ACCESS_TOKEN or FB_PAGE_ID not configured — simulating publish

      25 |
      26 |     if (!accessToken || !pageId) {
    > 27 |         console.warn('⚠ FB_PAGE_ACCESS_TOKEN or FB_PAGE_ID not configured — simulating publish');
         |                 ^
      28 |         const simulatedId = `simulated_fb_${Date.now()}`;
      29 |         console.log(`✓ Simulated Facebook publish - ID: ${simulatedId}`);
      30 |         return { id: simulatedId };

      at warn (services/metaService.js:27:17)
      at publishToFacebook (services/metaService.test.js:81:42)
      at AsyncProperty.predicate (node_modules/fast-check/lib/cjs/fast-check.js:1272:104)
      at AsyncProperty.run (node_modules/fast-check/lib/cjs/fast-check.js:1208:30)
      at asyncRunIt (node_modules/fast-check/lib/cjs/fast-check.js:2503:30)
      at Object.<anonymous> (services/metaService.test.js:75:9)

    console.log
      ✓ Simulated Facebook publish - ID: simulated_fb_1773772090662

      at log (services/metaService.js:29:17)

    console.log
      → Publishing to Facebook...

      at log (services/metaService.js:21:13)

    console.warn
      ⚠ FB_PAGE_ACCESS_TOKEN or FB_PAGE_ID not configured — simulating publish

      25 |
      26 |     if (!accessToken || !pageId) {
    > 27 |         console.warn('⚠ FB_PAGE_ACCESS_TOKEN or FB_PAGE_ID not configured — simulating publish');
         |                 ^
      28 |         const simulatedId = `simulated_fb_${Date.now()}`;
      29 |         console.log(`✓ Simulated Facebook publish - ID: ${simulatedId}`);
      30 |         return { id: simulatedId };

      at warn (services/metaService.js:27:17)
      at publishToFacebook (services/metaService.test.js:81:42)
      at AsyncProperty.predicate (node_modules/fast-check/lib/cjs/fast-check.js:1272:104)
      at AsyncProperty.run (node_modules/fast-check/lib/cjs/fast-check.js:1208:30)
      at asyncRunIt (node_modules/fast-check/lib/cjs/fast-check.js:2503:30)
      at Object.<anonymous> (services/metaService.test.js:75:9)

    console.log
      ✓ Simulated Facebook publish - ID: simulated_fb_1773772090664

      at log (services/metaService.js:29:17)

    console.log
      → Publishing to Facebook...

      at log (services/metaService.js:21:13)

    console.warn
      ⚠ FB_PAGE_ACCESS_TOKEN or FB_PAGE_ID not configured — simulating publish

      25 |
      26 |     if (!accessToken || !pageId) {
    > 27 |         console.warn('⚠ FB_PAGE_ACCESS_TOKEN or FB_PAGE_ID not configured — simulating publish');
         |                 ^
      28 |         const simulatedId = `simulated_fb_${Date.now()}`;
      29 |         console.log(`✓ Simulated Facebook publish - ID: ${simulatedId}`);
      30 |         return { id: simulatedId };

      at warn (services/metaService.js:27:17)
      at publishToFacebook (services/metaService.test.js:81:42)
      at AsyncProperty.predicate (node_modules/fast-check/lib/cjs/fast-check.js:1272:104)
      at AsyncProperty.run (node_modules/fast-check/lib/cjs/fast-check.js:1208:30)
      at asyncRunIt (node_modules/fast-check/lib/cjs/fast-check.js:2503:30)
      at Object.<anonymous> (services/metaService.test.js:75:9)

    console.log
      ✓ Simulated Facebook publish - ID: simulated_fb_1773772090667

      at log (services/metaService.js:29:17)

    console.log
      → Publishing to Facebook...

      at log (services/metaService.js:21:13)

    console.warn
      ⚠ FB_PAGE_ACCESS_TOKEN or FB_PAGE_ID not configured — simulating publish

      25 |
      26 |     if (!accessToken || !pageId) {
    > 27 |         console.warn('⚠ FB_PAGE_ACCESS_TOKEN or FB_PAGE_ID not configured — simulating publish');
         |                 ^
      28 |         const simulatedId = `simulated_fb_${Date.now()}`;
      29 |         console.log(`✓ Simulated Facebook publish - ID: ${simulatedId}`);
      30 |         return { id: simulatedId };

      at warn (services/metaService.js:27:17)
      at publishToFacebook (services/metaService.test.js:81:42)
      at AsyncProperty.predicate (node_modules/fast-check/lib/cjs/fast-check.js:1272:104)
      at AsyncProperty.run (node_modules/fast-check/lib/cjs/fast-check.js:1208:30)
      at asyncRunIt (node_modules/fast-check/lib/cjs/fast-check.js:2503:30)
      at Object.<anonymous> (services/metaService.test.js:75:9)

    console.log
      ✓ Simulated Facebook publish - ID: simulated_fb_1773772090670

      at log (services/metaService.js:29:17)

    console.log
      → Publishing to Facebook...

      at log (services/metaService.js:21:13)

    console.warn
      ⚠ FB_PAGE_ACCESS_TOKEN or FB_PAGE_ID not configured — simulating publish

      25 |
      26 |     if (!accessToken || !pageId) {
    > 27 |         console.warn('⚠ FB_PAGE_ACCESS_TOKEN or FB_PAGE_ID not configured — simulating publish');
         |                 ^
      28 |         const simulatedId = `simulated_fb_${Date.now()}`;
      29 |         console.log(`✓ Simulated Facebook publish - ID: ${simulatedId}`);
      30 |         return { id: simulatedId };

      at warn (services/metaService.js:27:17)
      at publishToFacebook (services/metaService.test.js:81:42)
      at AsyncProperty.predicate (node_modules/fast-check/lib/cjs/fast-check.js:1272:104)
      at AsyncProperty.run (node_modules/fast-check/lib/cjs/fast-check.js:1208:30)
      at asyncRunIt (node_modules/fast-check/lib/cjs/fast-check.js:2503:30)
      at Object.<anonymous> (services/metaService.test.js:75:9)

    console.log
      ✓ Simulated Facebook publish - ID: simulated_fb_1773772090674

      at log (services/metaService.js:29:17)

    console.log
      → Publishing to Facebook...

      at log (services/metaService.js:21:13)

    console.warn
      ⚠ FB_PAGE_ACCESS_TOKEN or FB_PAGE_ID not configured — simulating publish

      25 |
      26 |     if (!accessToken || !pageId) {
    > 27 |         console.warn('⚠ FB_PAGE_ACCESS_TOKEN or FB_PAGE_ID not configured — simulating publish');
         |                 ^
      28 |         const simulatedId = `simulated_fb_${Date.now()}`;
      29 |         console.log(`✓ Simulated Facebook publish - ID: ${simulatedId}`);
      30 |         return { id: simulatedId };

      at warn (services/metaService.js:27:17)
      at publishToFacebook (services/metaService.test.js:81:42)
      at AsyncProperty.predicate (node_modules/fast-check/lib/cjs/fast-check.js:1272:104)
      at AsyncProperty.run (node_modules/fast-check/lib/cjs/fast-check.js:1208:30)
      at asyncRunIt (node_modules/fast-check/lib/cjs/fast-check.js:2503:30)
      at Object.<anonymous> (services/metaService.test.js:75:9)

    console.log
      ✓ Simulated Facebook publish - ID: simulated_fb_1773772090676

      at log (services/metaService.js:29:17)

    console.log
      → Publishing to Facebook...

      at log (services/metaService.js:21:13)

    console.warn
      ⚠ FB_PAGE_ACCESS_TOKEN or FB_PAGE_ID not configured — simulating publish

      25 |
      26 |     if (!accessToken || !pageId) {
    > 27 |         console.warn('⚠ FB_PAGE_ACCESS_TOKEN or FB_PAGE_ID not configured — simulating publish');
         |                 ^
      28 |         const simulatedId = `simulated_fb_${Date.now()}`;
      29 |         console.log(`✓ Simulated Facebook publish - ID: ${simulatedId}`);
      30 |         return { id: simulatedId };

      at warn (services/metaService.js:27:17)
      at publishToFacebook (services/metaService.test.js:81:42)
      at AsyncProperty.predicate (node_modules/fast-check/lib/cjs/fast-check.js:1272:104)
      at AsyncProperty.run (node_modules/fast-check/lib/cjs/fast-check.js:1208:30)
      at asyncRunIt (node_modules/fast-check/lib/cjs/fast-check.js:2503:30)
      at Object.<anonymous> (services/metaService.test.js:75:9)

    console.log
      ✓ Simulated Facebook publish - ID: simulated_fb_1773772090678

      at log (services/metaService.js:29:17)

    console.log
      → Publishing to Facebook...

      at log (services/metaService.js:21:13)

    console.warn
      ⚠ FB_PAGE_ACCESS_TOKEN or FB_PAGE_ID not configured — simulating publish

      25 |
      26 |     if (!accessToken || !pageId) {
    > 27 |         console.warn('⚠ FB_PAGE_ACCESS_TOKEN or FB_PAGE_ID not configured — simulating publish');
         |                 ^
      28 |         const simulatedId = `simulated_fb_${Date.now()}`;
      29 |         console.log(`✓ Simulated Facebook publish - ID: ${simulatedId}`);
      30 |         return { id: simulatedId };

      at warn (services/metaService.js:27:17)
      at publishToFacebook (services/metaService.test.js:81:42)
      at AsyncProperty.predicate (node_modules/fast-check/lib/cjs/fast-check.js:1272:104)
      at AsyncProperty.run (node_modules/fast-check/lib/cjs/fast-check.js:1208:30)
      at asyncRunIt (node_modules/fast-check/lib/cjs/fast-check.js:2503:30)
      at Object.<anonymous> (services/metaService.test.js:75:9)

    console.log
      ✓ Simulated Facebook publish - ID: simulated_fb_1773772090680

      at log (services/metaService.js:29:17)

    console.log
      → Publishing to Facebook...

      at log (services/metaService.js:21:13)

    console.warn
      ⚠ FB_PAGE_ACCESS_TOKEN or FB_PAGE_ID not configured — simulating publish

      25 |
      26 |     if (!accessToken || !pageId) {
    > 27 |         console.warn('⚠ FB_PAGE_ACCESS_TOKEN or FB_PAGE_ID not configured — simulating publish');
         |                 ^
      28 |         const simulatedId = `simulated_fb_${Date.now()}`;
      29 |         console.log(`✓ Simulated Facebook publish - ID: ${simulatedId}`);
      30 |         return { id: simulatedId };

      at warn (services/metaService.js:27:17)
      at publishToFacebook (services/metaService.test.js:81:42)
      at AsyncProperty.predicate (node_modules/fast-check/lib/cjs/fast-check.js:1272:104)
      at AsyncProperty.run (node_modules/fast-check/lib/cjs/fast-check.js:1208:30)
      at asyncRunIt (node_modules/fast-check/lib/cjs/fast-check.js:2503:30)
      at Object.<anonymous> (services/metaService.test.js:75:9)

    console.log
      ✓ Simulated Facebook publish - ID: simulated_fb_1773772090683

      at log (services/metaService.js:29:17)

    console.log
      → Publishing to Facebook...

      at log (services/metaService.js:21:13)

    console.warn
      ⚠ FB_PAGE_ACCESS_TOKEN or FB_PAGE_ID not configured — simulating publish

      25 |
      26 |     if (!accessToken || !pageId) {
    > 27 |         console.warn('⚠ FB_PAGE_ACCESS_TOKEN or FB_PAGE_ID not configured — simulating publish');
         |                 ^
      28 |         const simulatedId = `simulated_fb_${Date.now()}`;
      29 |         console.log(`✓ Simulated Facebook publish - ID: ${simulatedId}`);
      30 |         return { id: simulatedId };

      at warn (services/metaService.js:27:17)
      at publishToFacebook (services/metaService.test.js:81:42)
      at AsyncProperty.predicate (node_modules/fast-check/lib/cjs/fast-check.js:1272:104)
      at AsyncProperty.run (node_modules/fast-check/lib/cjs/fast-check.js:1208:30)
      at asyncRunIt (node_modules/fast-check/lib/cjs/fast-check.js:2503:30)
      at Object.<anonymous> (services/metaService.test.js:75:9)

    console.log
      ✓ Simulated Facebook publish - ID: simulated_fb_1773772090685

      at log (services/metaService.js:29:17)

    console.log
      → Publishing to Facebook...

      at log (services/metaService.js:21:13)

    console.warn
      ⚠ FB_PAGE_ACCESS_TOKEN or FB_PAGE_ID not configured — simulating publish

      25 |
      26 |     if (!accessToken || !pageId) {
    > 27 |         console.warn('⚠ FB_PAGE_ACCESS_TOKEN or FB_PAGE_ID not configured — simulating publish');
         |                 ^
      28 |         const simulatedId = `simulated_fb_${Date.now()}`;
      29 |         console.log(`✓ Simulated Facebook publish - ID: ${simulatedId}`);
      30 |         return { id: simulatedId };

      at warn (services/metaService.js:27:17)
      at publishToFacebook (services/metaService.test.js:81:42)
      at AsyncProperty.predicate (node_modules/fast-check/lib/cjs/fast-check.js:1272:104)
      at AsyncProperty.run (node_modules/fast-check/lib/cjs/fast-check.js:1208:30)
      at asyncRunIt (node_modules/fast-check/lib/cjs/fast-check.js:2503:30)
      at Object.<anonymous> (services/metaService.test.js:75:9)

    console.log
      ✓ Simulated Facebook publish - ID: simulated_fb_1773772090688

      at log (services/metaService.js:29:17)

    console.log
      → Publishing to Facebook...

      at log (services/metaService.js:21:13)

    console.warn
      ⚠ FB_PAGE_ACCESS_TOKEN or FB_PAGE_ID not configured — simulating publish

      25 |
      26 |     if (!accessToken || !pageId) {
    > 27 |         console.warn('⚠ FB_PAGE_ACCESS_TOKEN or FB_PAGE_ID not configured — simulating publish');
         |                 ^
      28 |         const simulatedId = `simulated_fb_${Date.now()}`;
      29 |         console.log(`✓ Simulated Facebook publish - ID: ${simulatedId}`);
      30 |         return { id: simulatedId };

      at warn (services/metaService.js:27:17)
      at publishToFacebook (services/metaService.test.js:81:42)
      at AsyncProperty.predicate (node_modules/fast-check/lib/cjs/fast-check.js:1272:104)
      at AsyncProperty.run (node_modules/fast-check/lib/cjs/fast-check.js:1208:30)
      at asyncRunIt (node_modules/fast-check/lib/cjs/fast-check.js:2503:30)
      at Object.<anonymous> (services/metaService.test.js:75:9)

    console.log
      ✓ Simulated Facebook publish - ID: simulated_fb_1773772090690

      at log (services/metaService.js:29:17)

    console.log
      → Publishing to Facebook...

      at log (services/metaService.js:21:13)

    console.warn
      ⚠ FB_PAGE_ACCESS_TOKEN or FB_PAGE_ID not configured — simulating publish

      25 |
      26 |     if (!accessToken || !pageId) {
    > 27 |         console.warn('⚠ FB_PAGE_ACCESS_TOKEN or FB_PAGE_ID not configured — simulating publish');
         |                 ^
      28 |         const simulatedId = `simulated_fb_${Date.now()}`;
      29 |         console.log(`✓ Simulated Facebook publish - ID: ${simulatedId}`);
      30 |         return { id: simulatedId };

      at warn (services/metaService.js:27:17)
      at publishToFacebook (services/metaService.test.js:81:42)
      at AsyncProperty.predicate (node_modules/fast-check/lib/cjs/fast-check.js:1272:104)
      at AsyncProperty.run (node_modules/fast-check/lib/cjs/fast-check.js:1208:30)
      at asyncRunIt (node_modules/fast-check/lib/cjs/fast-check.js:2503:30)
      at Object.<anonymous> (services/metaService.test.js:75:9)

    console.log
      ✓ Simulated Facebook publish - ID: simulated_fb_1773772090691

      at log (services/metaService.js:29:17)

    console.log
      → Publishing to Facebook...

      at log (services/metaService.js:21:13)

    console.warn
      ⚠ FB_PAGE_ACCESS_TOKEN or FB_PAGE_ID not configured — simulating publish

      25 |
      26 |     if (!accessToken || !pageId) {
    > 27 |         console.warn('⚠ FB_PAGE_ACCESS_TOKEN or FB_PAGE_ID not configured — simulating publish');
         |                 ^
      28 |         const simulatedId = `simulated_fb_${Date.now()}`;
      29 |         console.log(`✓ Simulated Facebook publish - ID: ${simulatedId}`);
      30 |         return { id: simulatedId };

      at warn (services/metaService.js:27:17)
      at publishToFacebook (services/metaService.test.js:81:42)
      at AsyncProperty.predicate (node_modules/fast-check/lib/cjs/fast-check.js:1272:104)
      at AsyncProperty.run (node_modules/fast-check/lib/cjs/fast-check.js:1208:30)
      at asyncRunIt (node_modules/fast-check/lib/cjs/fast-check.js:2503:30)
      at Object.<anonymous> (services/metaService.test.js:75:9)

    console.log
      ✓ Simulated Facebook publish - ID: simulated_fb_1773772090693

      at log (services/metaService.js:29:17)

    console.log
      → Publishing to Facebook...

      at log (services/metaService.js:21:13)

    console.warn
      ⚠ FB_PAGE_ACCESS_TOKEN or FB_PAGE_ID not configured — simulating publish

      25 |
      26 |     if (!accessToken || !pageId) {
    > 27 |         console.warn('⚠ FB_PAGE_ACCESS_TOKEN or FB_PAGE_ID not configured — simulating publish');
         |                 ^
      28 |         const simulatedId = `simulated_fb_${Date.now()}`;
      29 |         console.log(`✓ Simulated Facebook publish - ID: ${simulatedId}`);
      30 |         return { id: simulatedId };

      at warn (services/metaService.js:27:17)
      at publishToFacebook (services/metaService.test.js:81:42)
      at AsyncProperty.predicate (node_modules/fast-check/lib/cjs/fast-check.js:1272:104)
      at AsyncProperty.run (node_modules/fast-check/lib/cjs/fast-check.js:1208:30)
      at asyncRunIt (node_modules/fast-check/lib/cjs/fast-check.js:2503:30)
      at Object.<anonymous> (services/metaService.test.js:75:9)

    console.log
      ✓ Simulated Facebook publish - ID: simulated_fb_1773772090696

      at log (services/metaService.js:29:17)

    console.log
      → Publishing to Facebook...

      at log (services/metaService.js:21:13)

    console.warn
      ⚠ FB_PAGE_ACCESS_TOKEN or FB_PAGE_ID not configured — simulating publish

      25 |
      26 |     if (!accessToken || !pageId) {
    > 27 |         console.warn('⚠ FB_PAGE_ACCESS_TOKEN or FB_PAGE_ID not configured — simulating publish');
         |                 ^
      28 |         const simulatedId = `simulated_fb_${Date.now()}`;
      29 |         console.log(`✓ Simulated Facebook publish - ID: ${simulatedId}`);
      30 |         return { id: simulatedId };

      at warn (services/metaService.js:27:17)
      at publishToFacebook (services/metaService.test.js:81:42)
      at AsyncProperty.predicate (node_modules/fast-check/lib/cjs/fast-check.js:1272:104)
      at AsyncProperty.run (node_modules/fast-check/lib/cjs/fast-check.js:1208:30)
      at asyncRunIt (node_modules/fast-check/lib/cjs/fast-check.js:2503:30)
      at Object.<anonymous> (services/metaService.test.js:75:9)

    console.log
      ✓ Simulated Facebook publish - ID: simulated_fb_1773772090698

      at log (services/metaService.js:29:17)

    console.log
      → Publishing to Facebook...

      at log (services/metaService.js:21:13)

    console.warn
      ⚠ FB_PAGE_ACCESS_TOKEN or FB_PAGE_ID not configured — simulating publish

      25 |
      26 |     if (!accessToken || !pageId) {
    > 27 |         console.warn('⚠ FB_PAGE_ACCESS_TOKEN or FB_PAGE_ID not configured — simulating publish');
         |                 ^
      28 |         const simulatedId = `simulated_fb_${Date.now()}`;
      29 |         console.log(`✓ Simulated Facebook publish - ID: ${simulatedId}`);
      30 |         return { id: simulatedId };

      at warn (services/metaService.js:27:17)
      at publishToFacebook (services/metaService.test.js:81:42)
      at AsyncProperty.predicate (node_modules/fast-check/lib/cjs/fast-check.js:1272:104)
      at AsyncProperty.run (node_modules/fast-check/lib/cjs/fast-check.js:1208:30)
      at asyncRunIt (node_modules/fast-check/lib/cjs/fast-check.js:2503:30)
      at Object.<anonymous> (services/metaService.test.js:75:9)

    console.log
      ✓ Simulated Facebook publish - ID: simulated_fb_1773772090700

      at log (services/metaService.js:29:17)

    console.log
      → Publishing to Facebook...

      at log (services/metaService.js:21:13)

    console.warn
      ⚠ FB_PAGE_ACCESS_TOKEN or FB_PAGE_ID not configured — simulating publish

      25 |
      26 |     if (!accessToken || !pageId) {
    > 27 |         console.warn('⚠ FB_PAGE_ACCESS_TOKEN or FB_PAGE_ID not configured — simulating publish');
         |                 ^
      28 |         const simulatedId = `simulated_fb_${Date.now()}`;
      29 |         console.log(`✓ Simulated Facebook publish - ID: ${simulatedId}`);
      30 |         return { id: simulatedId };

      at warn (services/metaService.js:27:17)
      at publishToFacebook (services/metaService.test.js:81:42)
      at AsyncProperty.predicate (node_modules/fast-check/lib/cjs/fast-check.js:1272:104)
      at AsyncProperty.run (node_modules/fast-check/lib/cjs/fast-check.js:1208:30)
      at asyncRunIt (node_modules/fast-check/lib/cjs/fast-check.js:2503:30)
      at Object.<anonymous> (services/metaService.test.js:75:9)

    console.log
      ✓ Simulated Facebook publish - ID: simulated_fb_1773772090704

      at log (services/metaService.js:29:17)

    console.log
      → Publishing to Facebook...

      at log (services/metaService.js:21:13)

    console.warn
      ⚠ FB_PAGE_ACCESS_TOKEN or FB_PAGE_ID not configured — simulating publish

      25 |
      26 |     if (!accessToken || !pageId) {
    > 27 |         console.warn('⚠ FB_PAGE_ACCESS_TOKEN or FB_PAGE_ID not configured — simulating publish');
         |                 ^
      28 |         const simulatedId = `simulated_fb_${Date.now()}`;
      29 |         console.log(`✓ Simulated Facebook publish - ID: ${simulatedId}`);
      30 |         return { id: simulatedId };

      at warn (services/metaService.js:27:17)
      at publishToFacebook (services/metaService.test.js:81:42)
      at AsyncProperty.predicate (node_modules/fast-check/lib/cjs/fast-check.js:1272:104)
      at AsyncProperty.run (node_modules/fast-check/lib/cjs/fast-check.js:1208:30)
      at asyncRunIt (node_modules/fast-check/lib/cjs/fast-check.js:2503:30)
      at Object.<anonymous> (services/metaService.test.js:75:9)

    console.log
      ✓ Simulated Facebook publish - ID: simulated_fb_1773772090707

      at log (services/metaService.js:29:17)

    console.log
      → Publishing to Facebook...

      at log (services/metaService.js:21:13)

    console.warn
      ⚠ FB_PAGE_ACCESS_TOKEN or FB_PAGE_ID not configured — simulating publish

      25 |
      26 |     if (!accessToken || !pageId) {
    > 27 |         console.warn('⚠ FB_PAGE_ACCESS_TOKEN or FB_PAGE_ID not configured — simulating publish');
         |                 ^
      28 |         const simulatedId = `simulated_fb_${Date.now()}`;
      29 |         console.log(`✓ Simulated Facebook publish - ID: ${simulatedId}`);
      30 |         return { id: simulatedId };

      at warn (services/metaService.js:27:17)
      at publishToFacebook (services/metaService.test.js:81:42)
      at AsyncProperty.predicate (node_modules/fast-check/lib/cjs/fast-check.js:1272:104)
      at AsyncProperty.run (node_modules/fast-check/lib/cjs/fast-check.js:1208:30)
      at asyncRunIt (node_modules/fast-check/lib/cjs/fast-check.js:2503:30)
      at Object.<anonymous> (services/metaService.test.js:75:9)

    console.log
      ✓ Simulated Facebook publish - ID: simulated_fb_1773772090709

      at log (services/metaService.js:29:17)

    console.log
      → Publishing to Facebook...

      at log (services/metaService.js:21:13)

    console.warn
      ⚠ FB_PAGE_ACCESS_TOKEN or FB_PAGE_ID not configured — simulating publish

      25 |
      26 |     if (!accessToken || !pageId) {
    > 27 |         console.warn('⚠ FB_PAGE_ACCESS_TOKEN or FB_PAGE_ID not configured — simulating publish');
         |                 ^
      28 |         const simulatedId = `simulated_fb_${Date.now()}`;
      29 |         console.log(`✓ Simulated Facebook publish - ID: ${simulatedId}`);
      30 |         return { id: simulatedId };

      at warn (services/metaService.js:27:17)
      at publishToFacebook (services/metaService.test.js:81:42)
      at AsyncProperty.predicate (node_modules/fast-check/lib/cjs/fast-check.js:1272:104)
      at AsyncProperty.run (node_modules/fast-check/lib/cjs/fast-check.js:1208:30)
      at asyncRunIt (node_modules/fast-check/lib/cjs/fast-check.js:2503:30)
      at Object.<anonymous> (services/metaService.test.js:75:9)

    console.log
      ✓ Simulated Facebook publish - ID: simulated_fb_1773772090711

      at log (services/metaService.js:29:17)

    console.log
      → Publishing to Facebook...

      at log (services/metaService.js:21:13)

    console.warn
      ⚠ FB_PAGE_ACCESS_TOKEN or FB_PAGE_ID not configured — simulating publish

      25 |
      26 |     if (!accessToken || !pageId) {
    > 27 |         console.warn('⚠ FB_PAGE_ACCESS_TOKEN or FB_PAGE_ID not configured — simulating publish');
         |                 ^
      28 |         const simulatedId = `simulated_fb_${Date.now()}`;
      29 |         console.log(`✓ Simulated Facebook publish - ID: ${simulatedId}`);
      30 |         return { id: simulatedId };

      at warn (services/metaService.js:27:17)
      at publishToFacebook (services/metaService.test.js:81:42)
      at AsyncProperty.predicate (node_modules/fast-check/lib/cjs/fast-check.js:1272:104)
      at AsyncProperty.run (node_modules/fast-check/lib/cjs/fast-check.js:1208:30)
      at asyncRunIt (node_modules/fast-check/lib/cjs/fast-check.js:2503:30)
      at Object.<anonymous> (services/metaService.test.js:75:9)

    console.log
      ✓ Simulated Facebook publish - ID: simulated_fb_1773772090713

      at log (services/metaService.js:29:17)

    console.log
      → Publishing to Facebook...

      at log (services/metaService.js:21:13)

    console.warn
      ⚠ FB_PAGE_ACCESS_TOKEN or FB_PAGE_ID not configured — simulating publish

      25 |
      26 |     if (!accessToken || !pageId) {
    > 27 |         console.warn('⚠ FB_PAGE_ACCESS_TOKEN or FB_PAGE_ID not configured — simulating publish');
         |                 ^
      28 |         const simulatedId = `simulated_fb_${Date.now()}`;
      29 |         console.log(`✓ Simulated Facebook publish - ID: ${simulatedId}`);
      30 |         return { id: simulatedId };

      at warn (services/metaService.js:27:17)
      at publishToFacebook (services/metaService.test.js:81:42)
      at AsyncProperty.predicate (node_modules/fast-check/lib/cjs/fast-check.js:1272:104)
      at AsyncProperty.run (node_modules/fast-check/lib/cjs/fast-check.js:1208:30)
      at asyncRunIt (node_modules/fast-check/lib/cjs/fast-check.js:2503:30)
      at Object.<anonymous> (services/metaService.test.js:75:9)

    console.log
      ✓ Simulated Facebook publish - ID: simulated_fb_1773772090715

      at log (services/metaService.js:29:17)

    console.log
      → Publishing to Facebook...

      at log (services/metaService.js:21:13)

    console.warn
      ⚠ FB_PAGE_ACCESS_TOKEN or FB_PAGE_ID not configured — simulating publish

      25 |
      26 |     if (!accessToken || !pageId) {
    > 27 |         console.warn('⚠ FB_PAGE_ACCESS_TOKEN or FB_PAGE_ID not configured — simulating publish');
         |                 ^
      28 |         const simulatedId = `simulated_fb_${Date.now()}`;
      29 |         console.log(`✓ Simulated Facebook publish - ID: ${simulatedId}`);
      30 |         return { id: simulatedId };

      at warn (services/metaService.js:27:17)
      at publishToFacebook (services/metaService.test.js:81:42)
      at AsyncProperty.predicate (node_modules/fast-check/lib/cjs/fast-check.js:1272:104)
      at AsyncProperty.run (node_modules/fast-check/lib/cjs/fast-check.js:1208:30)
      at asyncRunIt (node_modules/fast-check/lib/cjs/fast-check.js:2503:30)
      at Object.<anonymous> (services/metaService.test.js:75:9)

    console.log
      ✓ Simulated Facebook publish - ID: simulated_fb_1773772090717

      at log (services/metaService.js:29:17)

    console.log
      → Publishing to Facebook...

      at log (services/metaService.js:21:13)

    console.warn
      ⚠ FB_PAGE_ACCESS_TOKEN or FB_PAGE_ID not configured — simulating publish

      25 |
      26 |     if (!accessToken || !pageId) {
    > 27 |         console.warn('⚠ FB_PAGE_ACCESS_TOKEN or FB_PAGE_ID not configured — simulating publish');
         |                 ^
      28 |         const simulatedId = `simulated_fb_${Date.now()}`;
      29 |         console.log(`✓ Simulated Facebook publish - ID: ${simulatedId}`);
      30 |         return { id: simulatedId };

      at warn (services/metaService.js:27:17)
      at publishToFacebook (services/metaService.test.js:81:42)
      at AsyncProperty.predicate (node_modules/fast-check/lib/cjs/fast-check.js:1272:104)
      at AsyncProperty.run (node_modules/fast-check/lib/cjs/fast-check.js:1208:30)
      at asyncRunIt (node_modules/fast-check/lib/cjs/fast-check.js:2503:30)
      at Object.<anonymous> (services/metaService.test.js:75:9)

    console.log
      ✓ Simulated Facebook publish - ID: simulated_fb_1773772090720

      at log (services/metaService.js:29:17)

    console.log
      → Publishing to Facebook...

      at log (services/metaService.js:21:13)

    console.warn
      ⚠ FB_PAGE_ACCESS_TOKEN or FB_PAGE_ID not configured — simulating publish

      25 |
      26 |     if (!accessToken || !pageId) {
    > 27 |         console.warn('⚠ FB_PAGE_ACCESS_TOKEN or FB_PAGE_ID not configured — simulating publish');
         |                 ^
      28 |         const simulatedId = `simulated_fb_${Date.now()}`;
      29 |         console.log(`✓ Simulated Facebook publish - ID: ${simulatedId}`);
      30 |         return { id: simulatedId };

      at warn (services/metaService.js:27:17)
      at publishToFacebook (services/metaService.test.js:81:42)
      at AsyncProperty.predicate (node_modules/fast-check/lib/cjs/fast-check.js:1272:104)
      at AsyncProperty.run (node_modules/fast-check/lib/cjs/fast-check.js:1208:30)
      at asyncRunIt (node_modules/fast-check/lib/cjs/fast-check.js:2503:30)
      at Object.<anonymous> (services/metaService.test.js:75:9)

    console.log
      ✓ Simulated Facebook publish - ID: simulated_fb_1773772090723

      at log (services/metaService.js:29:17)

    console.log
      → Publishing to Facebook...

      at log (services/metaService.js:21:13)

    console.warn
      ⚠ FB_PAGE_ACCESS_TOKEN or FB_PAGE_ID not configured — simulating publish

      25 |
      26 |     if (!accessToken || !pageId) {
    > 27 |         console.warn('⚠ FB_PAGE_ACCESS_TOKEN or FB_PAGE_ID not configured — simulating publish');
         |                 ^
      28 |         const simulatedId = `simulated_fb_${Date.now()}`;
      29 |         console.log(`✓ Simulated Facebook publish - ID: ${simulatedId}`);
      30 |         return { id: simulatedId };

      at warn (services/metaService.js:27:17)
      at publishToFacebook (services/metaService.test.js:81:42)
      at AsyncProperty.predicate (node_modules/fast-check/lib/cjs/fast-check.js:1272:104)
      at AsyncProperty.run (node_modules/fast-check/lib/cjs/fast-check.js:1208:30)
      at asyncRunIt (node_modules/fast-check/lib/cjs/fast-check.js:2503:30)
      at Object.<anonymous> (services/metaService.test.js:75:9)

    console.log
      ✓ Simulated Facebook publish - ID: simulated_fb_1773772090725

      at log (services/metaService.js:29:17)

    console.log
      → Publishing to Facebook...

      at log (services/metaService.js:21:13)

    console.warn
      ⚠ FB_PAGE_ACCESS_TOKEN or FB_PAGE_ID not configured — simulating publish

      25 |
      26 |     if (!accessToken || !pageId) {
    > 27 |         console.warn('⚠ FB_PAGE_ACCESS_TOKEN or FB_PAGE_ID not configured — simulating publish');
         |                 ^
      28 |         const simulatedId = `simulated_fb_${Date.now()}`;
      29 |         console.log(`✓ Simulated Facebook publish - ID: ${simulatedId}`);
      30 |         return { id: simulatedId };

      at warn (services/metaService.js:27:17)
      at publishToFacebook (services/metaService.test.js:81:42)
      at AsyncProperty.predicate (node_modules/fast-check/lib/cjs/fast-check.js:1272:104)
      at AsyncProperty.run (node_modules/fast-check/lib/cjs/fast-check.js:1208:30)
      at asyncRunIt (node_modules/fast-check/lib/cjs/fast-check.js:2503:30)
      at Object.<anonymous> (services/metaService.test.js:75:9)

    console.log
      ✓ Simulated Facebook publish - ID: simulated_fb_1773772090741

      at log (services/metaService.js:29:17)

    console.log
      → Publishing to Facebook...

      at log (services/metaService.js:21:13)

    console.warn
      ⚠ FB_PAGE_ACCESS_TOKEN or FB_PAGE_ID not configured — simulating publish

      25 |
      26 |     if (!accessToken || !pageId) {
    > 27 |         console.warn('⚠ FB_PAGE_ACCESS_TOKEN or FB_PAGE_ID not configured — simulating publish');
         |                 ^
      28 |         const simulatedId = `simulated_fb_${Date.now()}`;
      29 |         console.log(`✓ Simulated Facebook publish - ID: ${simulatedId}`);
      30 |         return { id: simulatedId };

      at warn (services/metaService.js:27:17)
      at publishToFacebook (services/metaService.test.js:81:42)
      at AsyncProperty.predicate (node_modules/fast-check/lib/cjs/fast-check.js:1272:104)
      at AsyncProperty.run (node_modules/fast-check/lib/cjs/fast-check.js:1208:30)
      at asyncRunIt (node_modules/fast-check/lib/cjs/fast-check.js:2503:30)
      at Object.<anonymous> (services/metaService.test.js:75:9)

    console.log
      ✓ Simulated Facebook publish - ID: simulated_fb_1773772090743

      at log (services/metaService.js:29:17)

    console.log
      → Publishing to Facebook...

      at log (services/metaService.js:21:13)

    console.warn
      ⚠ FB_PAGE_ACCESS_TOKEN or FB_PAGE_ID not configured — simulating publish

      25 |
      26 |     if (!accessToken || !pageId) {
    > 27 |         console.warn('⚠ FB_PAGE_ACCESS_TOKEN or FB_PAGE_ID not configured — simulating publish');
         |                 ^
      28 |         const simulatedId = `simulated_fb_${Date.now()}`;
      29 |         console.log(`✓ Simulated Facebook publish - ID: ${simulatedId}`);
      30 |         return { id: simulatedId };

      at warn (services/metaService.js:27:17)
      at publishToFacebook (services/metaService.test.js:81:42)
      at AsyncProperty.predicate (node_modules/fast-check/lib/cjs/fast-check.js:1272:104)
      at AsyncProperty.run (node_modules/fast-check/lib/cjs/fast-check.js:1208:30)
      at asyncRunIt (node_modules/fast-check/lib/cjs/fast-check.js:2503:30)
      at Object.<anonymous> (services/metaService.test.js:75:9)

    console.log
      ✓ Simulated Facebook publish - ID: simulated_fb_1773772090745

      at log (services/metaService.js:29:17)

    console.log
      → Publishing to Facebook...

      at log (services/metaService.js:21:13)

    console.warn
      ⚠ FB_PAGE_ACCESS_TOKEN or FB_PAGE_ID not configured — simulating publish

      25 |
      26 |     if (!accessToken || !pageId) {
    > 27 |         console.warn('⚠ FB_PAGE_ACCESS_TOKEN or FB_PAGE_ID not configured — simulating publish');
         |                 ^
      28 |         const simulatedId = `simulated_fb_${Date.now()}`;
      29 |         console.log(`✓ Simulated Facebook publish - ID: ${simulatedId}`);
      30 |         return { id: simulatedId };

      at warn (services/metaService.js:27:17)
      at publishToFacebook (services/metaService.test.js:81:42)
      at AsyncProperty.predicate (node_modules/fast-check/lib/cjs/fast-check.js:1272:104)
      at AsyncProperty.run (node_modules/fast-check/lib/cjs/fast-check.js:1208:30)
      at asyncRunIt (node_modules/fast-check/lib/cjs/fast-check.js:2503:30)
      at Object.<anonymous> (services/metaService.test.js:75:9)

    console.log
      ✓ Simulated Facebook publish - ID: simulated_fb_1773772090747

      at log (services/metaService.js:29:17)

    console.log
      → Publishing to Facebook...

      at log (services/metaService.js:21:13)

    console.warn
      ⚠ FB_PAGE_ACCESS_TOKEN or FB_PAGE_ID not configured — simulating publish

      25 |
      26 |     if (!accessToken || !pageId) {
    > 27 |         console.warn('⚠ FB_PAGE_ACCESS_TOKEN or FB_PAGE_ID not configured — simulating publish');
         |                 ^
      28 |         const simulatedId = `simulated_fb_${Date.now()}`;
      29 |         console.log(`✓ Simulated Facebook publish - ID: ${simulatedId}`);
      30 |         return { id: simulatedId };

      at warn (services/metaService.js:27:17)
      at publishToFacebook (services/metaService.test.js:81:42)
      at AsyncProperty.predicate (node_modules/fast-check/lib/cjs/fast-check.js:1272:104)
      at AsyncProperty.run (node_modules/fast-check/lib/cjs/fast-check.js:1208:30)
      at asyncRunIt (node_modules/fast-check/lib/cjs/fast-check.js:2503:30)
      at Object.<anonymous> (services/metaService.test.js:75:9)

    console.log
      ✓ Simulated Facebook publish - ID: simulated_fb_1773772090749

      at log (services/metaService.js:29:17)

    console.log
      → Publishing to Facebook...

      at log (services/metaService.js:21:13)

    console.warn
      ⚠ FB_PAGE_ACCESS_TOKEN or FB_PAGE_ID not configured — simulating publish

      25 |
      26 |     if (!accessToken || !pageId) {
    > 27 |         console.warn('⚠ FB_PAGE_ACCESS_TOKEN or FB_PAGE_ID not configured — simulating publish');
         |                 ^
      28 |         const simulatedId = `simulated_fb_${Date.now()}`;
      29 |         console.log(`✓ Simulated Facebook publish - ID: ${simulatedId}`);
      30 |         return { id: simulatedId };

      at warn (services/metaService.js:27:17)
      at publishToFacebook (services/metaService.test.js:81:42)
      at AsyncProperty.predicate (node_modules/fast-check/lib/cjs/fast-check.js:1272:104)
      at AsyncProperty.run (node_modules/fast-check/lib/cjs/fast-check.js:1208:30)
      at asyncRunIt (node_modules/fast-check/lib/cjs/fast-check.js:2503:30)
      at Object.<anonymous> (services/metaService.test.js:75:9)

    console.log
      ✓ Simulated Facebook publish - ID: simulated_fb_1773772090750

      at log (services/metaService.js:29:17)

    console.log
      → Publishing to Facebook...

      at log (services/metaService.js:21:13)

    console.warn
      ⚠ FB_PAGE_ACCESS_TOKEN or FB_PAGE_ID not configured — simulating publish

      25 |
      26 |     if (!accessToken || !pageId) {
    > 27 |         console.warn('⚠ FB_PAGE_ACCESS_TOKEN or FB_PAGE_ID not configured — simulating publish');
         |                 ^
      28 |         const simulatedId = `simulated_fb_${Date.now()}`;
      29 |         console.log(`✓ Simulated Facebook publish - ID: ${simulatedId}`);
      30 |         return { id: simulatedId };

      at warn (services/metaService.js:27:17)
      at publishToFacebook (services/metaService.test.js:81:42)
      at AsyncProperty.predicate (node_modules/fast-check/lib/cjs/fast-check.js:1272:104)
      at AsyncProperty.run (node_modules/fast-check/lib/cjs/fast-check.js:1208:30)
      at asyncRunIt (node_modules/fast-check/lib/cjs/fast-check.js:2503:30)
      at Object.<anonymous> (services/metaService.test.js:75:9)

    console.log
      ✓ Simulated Facebook publish - ID: simulated_fb_1773772090752

      at log (services/metaService.js:29:17)

    console.log
      → Publishing to Facebook...

      at log (services/metaService.js:21:13)

    console.warn
      ⚠ FB_PAGE_ACCESS_TOKEN or FB_PAGE_ID not configured — simulating publish

      25 |
      26 |     if (!accessToken || !pageId) {
    > 27 |         console.warn('⚠ FB_PAGE_ACCESS_TOKEN or FB_PAGE_ID not configured — simulating publish');
         |                 ^
      28 |         const simulatedId = `simulated_fb_${Date.now()}`;
      29 |         console.log(`✓ Simulated Facebook publish - ID: ${simulatedId}`);
      30 |         return { id: simulatedId };

      at warn (services/metaService.js:27:17)
      at publishToFacebook (services/metaService.test.js:81:42)
      at AsyncProperty.predicate (node_modules/fast-check/lib/cjs/fast-check.js:1272:104)
      at AsyncProperty.run (node_modules/fast-check/lib/cjs/fast-check.js:1208:30)
      at asyncRunIt (node_modules/fast-check/lib/cjs/fast-check.js:2503:30)
      at Object.<anonymous> (services/metaService.test.js:75:9)

    console.log
      ✓ Simulated Facebook publish - ID: simulated_fb_1773772090754

      at log (services/metaService.js:29:17)

    console.log
      → Publishing to Facebook...

      at log (services/metaService.js:21:13)

    console.warn
      ⚠ FB_PAGE_ACCESS_TOKEN or FB_PAGE_ID not configured — simulating publish

      25 |
      26 |     if (!accessToken || !pageId) {
    > 27 |         console.warn('⚠ FB_PAGE_ACCESS_TOKEN or FB_PAGE_ID not configured — simulating publish');
         |                 ^
      28 |         const simulatedId = `simulated_fb_${Date.now()}`;
      29 |         console.log(`✓ Simulated Facebook publish - ID: ${simulatedId}`);
      30 |         return { id: simulatedId };

      at warn (services/metaService.js:27:17)
      at publishToFacebook (services/metaService.test.js:81:42)
      at AsyncProperty.predicate (node_modules/fast-check/lib/cjs/fast-check.js:1272:104)
      at AsyncProperty.run (node_modules/fast-check/lib/cjs/fast-check.js:1208:30)
      at asyncRunIt (node_modules/fast-check/lib/cjs/fast-check.js:2503:30)
      at Object.<anonymous> (services/metaService.test.js:75:9)

    console.log
      ✓ Simulated Facebook publish - ID: simulated_fb_1773772090756

      at log (services/metaService.js:29:17)

    console.log
      → Publishing to Facebook...

      at log (services/metaService.js:21:13)

    console.warn
      ⚠ FB_PAGE_ACCESS_TOKEN or FB_PAGE_ID not configured — simulating publish

      25 |
      26 |     if (!accessToken || !pageId) {
    > 27 |         console.warn('⚠ FB_PAGE_ACCESS_TOKEN or FB_PAGE_ID not configured — simulating publish');
         |                 ^
      28 |         const simulatedId = `simulated_fb_${Date.now()}`;
      29 |         console.log(`✓ Simulated Facebook publish - ID: ${simulatedId}`);
      30 |         return { id: simulatedId };

      at warn (services/metaService.js:27:17)
      at publishToFacebook (services/metaService.test.js:81:42)
      at AsyncProperty.predicate (node_modules/fast-check/lib/cjs/fast-check.js:1272:104)
      at AsyncProperty.run (node_modules/fast-check/lib/cjs/fast-check.js:1208:30)
      at asyncRunIt (node_modules/fast-check/lib/cjs/fast-check.js:2503:30)
      at Object.<anonymous> (services/metaService.test.js:75:9)

    console.log
      ✓ Simulated Facebook publish - ID: simulated_fb_1773772090757

      at log (services/metaService.js:29:17)

    console.log
      → Publishing to Facebook...

      at log (services/metaService.js:21:13)

    console.warn
      ⚠ FB_PAGE_ACCESS_TOKEN or FB_PAGE_ID not configured — simulating publish

      25 |
      26 |     if (!accessToken || !pageId) {
    > 27 |         console.warn('⚠ FB_PAGE_ACCESS_TOKEN or FB_PAGE_ID not configured — simulating publish');
         |                 ^
      28 |         const simulatedId = `simulated_fb_${Date.now()}`;
      29 |         console.log(`✓ Simulated Facebook publish - ID: ${simulatedId}`);
      30 |         return { id: simulatedId };

      at warn (services/metaService.js:27:17)
      at publishToFacebook (services/metaService.test.js:81:42)
      at AsyncProperty.predicate (node_modules/fast-check/lib/cjs/fast-check.js:1272:104)
      at AsyncProperty.run (node_modules/fast-check/lib/cjs/fast-check.js:1208:30)
      at asyncRunIt (node_modules/fast-check/lib/cjs/fast-check.js:2503:30)
      at Object.<anonymous> (services/metaService.test.js:75:9)

    console.log
      ✓ Simulated Facebook publish - ID: simulated_fb_1773772090759

      at log (services/metaService.js:29:17)

    console.log
      → Publishing to Facebook...

      at log (services/metaService.js:21:13)

    console.warn
      ⚠ FB_PAGE_ACCESS_TOKEN or FB_PAGE_ID not configured — simulating publish

      25 |
      26 |     if (!accessToken || !pageId) {
    > 27 |         console.warn('⚠ FB_PAGE_ACCESS_TOKEN or FB_PAGE_ID not configured — simulating publish');
         |                 ^
      28 |         const simulatedId = `simulated_fb_${Date.now()}`;
      29 |         console.log(`✓ Simulated Facebook publish - ID: ${simulatedId}`);
      30 |         return { id: simulatedId };

      at warn (services/metaService.js:27:17)
      at publishToFacebook (services/metaService.test.js:81:42)
      at AsyncProperty.predicate (node_modules/fast-check/lib/cjs/fast-check.js:1272:104)
      at AsyncProperty.run (node_modules/fast-check/lib/cjs/fast-check.js:1208:30)
      at asyncRunIt (node_modules/fast-check/lib/cjs/fast-check.js:2503:30)
      at Object.<anonymous> (services/metaService.test.js:75:9)

    console.log
      ✓ Simulated Facebook publish - ID: simulated_fb_1773772090761

      at log (services/metaService.js:29:17)

    console.log
      → Publishing to Facebook...

      at log (services/metaService.js:21:13)

    console.warn
      ⚠ FB_PAGE_ACCESS_TOKEN or FB_PAGE_ID not configured — simulating publish

      25 |
      26 |     if (!accessToken || !pageId) {
    > 27 |         console.warn('⚠ FB_PAGE_ACCESS_TOKEN or FB_PAGE_ID not configured — simulating publish');
         |                 ^
      28 |         const simulatedId = `simulated_fb_${Date.now()}`;
      29 |         console.log(`✓ Simulated Facebook publish - ID: ${simulatedId}`);
      30 |         return { id: simulatedId };

      at warn (services/metaService.js:27:17)
      at publishToFacebook (services/metaService.test.js:81:42)
      at AsyncProperty.predicate (node_modules/fast-check/lib/cjs/fast-check.js:1272:104)
      at AsyncProperty.run (node_modules/fast-check/lib/cjs/fast-check.js:1208:30)
      at asyncRunIt (node_modules/fast-check/lib/cjs/fast-check.js:2503:30)
      at Object.<anonymous> (services/metaService.test.js:75:9)

    console.log
      ✓ Simulated Facebook publish - ID: simulated_fb_1773772090763

      at log (services/metaService.js:29:17)

    console.log
      → Publishing to Facebook...

      at log (services/metaService.js:21:13)

    console.warn
      ⚠ FB_PAGE_ACCESS_TOKEN or FB_PAGE_ID not configured — simulating publish

      25 |
      26 |     if (!accessToken || !pageId) {
    > 27 |         console.warn('⚠ FB_PAGE_ACCESS_TOKEN or FB_PAGE_ID not configured — simulating publish');
         |                 ^
      28 |         const simulatedId = `simulated_fb_${Date.now()}`;
      29 |         console.log(`✓ Simulated Facebook publish - ID: ${simulatedId}`);
      30 |         return { id: simulatedId };

      at warn (services/metaService.js:27:17)
      at publishToFacebook (services/metaService.test.js:81:42)
      at AsyncProperty.predicate (node_modules/fast-check/lib/cjs/fast-check.js:1272:104)
      at AsyncProperty.run (node_modules/fast-check/lib/cjs/fast-check.js:1208:30)
      at asyncRunIt (node_modules/fast-check/lib/cjs/fast-check.js:2503:30)
      at Object.<anonymous> (services/metaService.test.js:75:9)

    console.log
      ✓ Simulated Facebook publish - ID: simulated_fb_1773772090765

      at log (services/metaService.js:29:17)

    console.log
      → Publishing to Facebook...

      at log (services/metaService.js:21:13)

    console.warn
      ⚠ FB_PAGE_ACCESS_TOKEN or FB_PAGE_ID not configured — simulating publish

      25 |
      26 |     if (!accessToken || !pageId) {
    > 27 |         console.warn('⚠ FB_PAGE_ACCESS_TOKEN or FB_PAGE_ID not configured — simulating publish');
         |                 ^
      28 |         const simulatedId = `simulated_fb_${Date.now()}`;
      29 |         console.log(`✓ Simulated Facebook publish - ID: ${simulatedId}`);
      30 |         return { id: simulatedId };

      at warn (services/metaService.js:27:17)
      at publishToFacebook (services/metaService.test.js:81:42)
      at AsyncProperty.predicate (node_modules/fast-check/lib/cjs/fast-check.js:1272:104)
      at AsyncProperty.run (node_modules/fast-check/lib/cjs/fast-check.js:1208:30)
      at asyncRunIt (node_modules/fast-check/lib/cjs/fast-check.js:2503:30)
      at Object.<anonymous> (services/metaService.test.js:75:9)

    console.log
      ✓ Simulated Facebook publish - ID: simulated_fb_1773772090766

      at log (services/metaService.js:29:17)

    console.log
      → Publishing to Facebook...

      at log (services/metaService.js:21:13)

    console.warn
      ⚠ FB_PAGE_ACCESS_TOKEN or FB_PAGE_ID not configured — simulating publish

      25 |
      26 |     if (!accessToken || !pageId) {
    > 27 |         console.warn('⚠ FB_PAGE_ACCESS_TOKEN or FB_PAGE_ID not configured — simulating publish');
         |                 ^
      28 |         const simulatedId = `simulated_fb_${Date.now()}`;
      29 |         console.log(`✓ Simulated Facebook publish - ID: ${simulatedId}`);
      30 |         return { id: simulatedId };

      at warn (services/metaService.js:27:17)
      at publishToFacebook (services/metaService.test.js:81:42)
      at AsyncProperty.predicate (node_modules/fast-check/lib/cjs/fast-check.js:1272:104)
      at AsyncProperty.run (node_modules/fast-check/lib/cjs/fast-check.js:1208:30)
      at asyncRunIt (node_modules/fast-check/lib/cjs/fast-check.js:2503:30)
      at Object.<anonymous> (services/metaService.test.js:75:9)

    console.log
      ✓ Simulated Facebook publish - ID: simulated_fb_1773772090768

      at log (services/metaService.js:29:17)

    console.log
      → Publishing to Facebook...

      at log (services/metaService.js:21:13)

    console.warn
      ⚠ FB_PAGE_ACCESS_TOKEN or FB_PAGE_ID not configured — simulating publish

      25 |
      26 |     if (!accessToken || !pageId) {
    > 27 |         console.warn('⚠ FB_PAGE_ACCESS_TOKEN or FB_PAGE_ID not configured — simulating publish');
         |                 ^
      28 |         const simulatedId = `simulated_fb_${Date.now()}`;
      29 |         console.log(`✓ Simulated Facebook publish - ID: ${simulatedId}`);
      30 |         return { id: simulatedId };

      at warn (services/metaService.js:27:17)
      at publishToFacebook (services/metaService.test.js:81:42)
      at AsyncProperty.predicate (node_modules/fast-check/lib/cjs/fast-check.js:1272:104)
      at AsyncProperty.run (node_modules/fast-check/lib/cjs/fast-check.js:1208:30)
      at asyncRunIt (node_modules/fast-check/lib/cjs/fast-check.js:2503:30)
      at Object.<anonymous> (services/metaService.test.js:75:9)

    console.log
      ✓ Simulated Facebook publish - ID: simulated_fb_1773772090769

      at log (services/metaService.js:29:17)

    console.log
      → Publishing to Facebook...

      at log (services/metaService.js:21:13)

    console.warn
      ⚠ FB_PAGE_ACCESS_TOKEN or FB_PAGE_ID not configured — simulating publish

      25 |
      26 |     if (!accessToken || !pageId) {
    > 27 |         console.warn('⚠ FB_PAGE_ACCESS_TOKEN or FB_PAGE_ID not configured — simulating publish');
         |                 ^
      28 |         const simulatedId = `simulated_fb_${Date.now()}`;
      29 |         console.log(`✓ Simulated Facebook publish - ID: ${simulatedId}`);
      30 |         return { id: simulatedId };

      at warn (services/metaService.js:27:17)
      at publishToFacebook (services/metaService.test.js:81:42)
      at AsyncProperty.predicate (node_modules/fast-check/lib/cjs/fast-check.js:1272:104)
      at AsyncProperty.run (node_modules/fast-check/lib/cjs/fast-check.js:1208:30)
      at asyncRunIt (node_modules/fast-check/lib/cjs/fast-check.js:2503:30)
      at Object.<anonymous> (services/metaService.test.js:75:9)

    console.log
      ✓ Simulated Facebook publish - ID: simulated_fb_1773772090771

      at log (services/metaService.js:29:17)

    console.log
      → Publishing to Facebook...

      at log (services/metaService.js:21:13)

    console.warn
      ⚠ FB_PAGE_ACCESS_TOKEN or FB_PAGE_ID not configured — simulating publish

      25 |
      26 |     if (!accessToken || !pageId) {
    > 27 |         console.warn('⚠ FB_PAGE_ACCESS_TOKEN or FB_PAGE_ID not configured — simulating publish');
         |                 ^
      28 |         const simulatedId = `simulated_fb_${Date.now()}`;
      29 |         console.log(`✓ Simulated Facebook publish - ID: ${simulatedId}`);
      30 |         return { id: simulatedId };

      at warn (services/metaService.js:27:17)
      at publishToFacebook (services/metaService.test.js:81:42)
      at AsyncProperty.predicate (node_modules/fast-check/lib/cjs/fast-check.js:1272:104)
      at AsyncProperty.run (node_modules/fast-check/lib/cjs/fast-check.js:1208:30)
      at asyncRunIt (node_modules/fast-check/lib/cjs/fast-check.js:2503:30)
      at Object.<anonymous> (services/metaService.test.js:75:9)

    console.log
      ✓ Simulated Facebook publish - ID: simulated_fb_1773772090773

      at log (services/metaService.js:29:17)

    console.log
      → Publishing to Facebook...

      at log (services/metaService.js:21:13)

    console.warn
      ⚠ FB_PAGE_ACCESS_TOKEN or FB_PAGE_ID not configured — simulating publish

      25 |
      26 |     if (!accessToken || !pageId) {
    > 27 |         console.warn('⚠ FB_PAGE_ACCESS_TOKEN or FB_PAGE_ID not configured — simulating publish');
         |                 ^
      28 |         const simulatedId = `simulated_fb_${Date.now()}`;
      29 |         console.log(`✓ Simulated Facebook publish - ID: ${simulatedId}`);
      30 |         return { id: simulatedId };

      at warn (services/metaService.js:27:17)
      at publishToFacebook (services/metaService.test.js:81:42)
      at AsyncProperty.predicate (node_modules/fast-check/lib/cjs/fast-check.js:1272:104)
      at AsyncProperty.run (node_modules/fast-check/lib/cjs/fast-check.js:1208:30)
      at asyncRunIt (node_modules/fast-check/lib/cjs/fast-check.js:2503:30)
      at Object.<anonymous> (services/metaService.test.js:75:9)

    console.log
      ✓ Simulated Facebook publish - ID: simulated_fb_1773772090775

      at log (services/metaService.js:29:17)

    console.log
      → Publishing to Facebook...

      at log (services/metaService.js:21:13)

    console.warn
      ⚠ FB_PAGE_ACCESS_TOKEN or FB_PAGE_ID not configured — simulating publish

      25 |
      26 |     if (!accessToken || !pageId) {
    > 27 |         console.warn('⚠ FB_PAGE_ACCESS_TOKEN or FB_PAGE_ID not configured — simulating publish');
         |                 ^
      28 |         const simulatedId = `simulated_fb_${Date.now()}`;
      29 |         console.log(`✓ Simulated Facebook publish - ID: ${simulatedId}`);
      30 |         return { id: simulatedId };

      at warn (services/metaService.js:27:17)
      at publishToFacebook (services/metaService.test.js:81:42)
      at AsyncProperty.predicate (node_modules/fast-check/lib/cjs/fast-check.js:1272:104)
      at AsyncProperty.run (node_modules/fast-check/lib/cjs/fast-check.js:1208:30)
      at asyncRunIt (node_modules/fast-check/lib/cjs/fast-check.js:2503:30)
      at Object.<anonymous> (services/metaService.test.js:75:9)

    console.log
      ✓ Simulated Facebook publish - ID: simulated_fb_1773772090776

      at log (services/metaService.js:29:17)

    console.log
      → Publishing to Facebook...

      at log (services/metaService.js:21:13)

    console.warn
      ⚠ FB_PAGE_ACCESS_TOKEN or FB_PAGE_ID not configured — simulating publish

      25 |
      26 |     if (!accessToken || !pageId) {
    > 27 |         console.warn('⚠ FB_PAGE_ACCESS_TOKEN or FB_PAGE_ID not configured — simulating publish');
         |                 ^
      28 |         const simulatedId = `simulated_fb_${Date.now()}`;
      29 |         console.log(`✓ Simulated Facebook publish - ID: ${simulatedId}`);
      30 |         return { id: simulatedId };

      at warn (services/metaService.js:27:17)
      at publishToFacebook (services/metaService.test.js:81:42)
      at AsyncProperty.predicate (node_modules/fast-check/lib/cjs/fast-check.js:1272:104)
      at AsyncProperty.run (node_modules/fast-check/lib/cjs/fast-check.js:1208:30)
      at asyncRunIt (node_modules/fast-check/lib/cjs/fast-check.js:2503:30)
      at Object.<anonymous> (services/metaService.test.js:75:9)

    console.log
      ✓ Simulated Facebook publish - ID: simulated_fb_1773772090778

      at log (services/metaService.js:29:17)

    console.log
      → Publishing to Facebook...

      at log (services/metaService.js:21:13)

    console.warn
      ⚠ FB_PAGE_ACCESS_TOKEN or FB_PAGE_ID not configured — simulating publish

      25 |
      26 |     if (!accessToken || !pageId) {
    > 27 |         console.warn('⚠ FB_PAGE_ACCESS_TOKEN or FB_PAGE_ID not configured — simulating publish');
         |                 ^
      28 |         const simulatedId = `simulated_fb_${Date.now()}`;
      29 |         console.log(`✓ Simulated Facebook publish - ID: ${simulatedId}`);
      30 |         return { id: simulatedId };

      at warn (services/metaService.js:27:17)
      at publishToFacebook (services/metaService.test.js:81:42)
      at AsyncProperty.predicate (node_modules/fast-check/lib/cjs/fast-check.js:1272:104)
      at AsyncProperty.run (node_modules/fast-check/lib/cjs/fast-check.js:1208:30)
      at asyncRunIt (node_modules/fast-check/lib/cjs/fast-check.js:2503:30)
      at Object.<anonymous> (services/metaService.test.js:75:9)

    console.log
      ✓ Simulated Facebook publish - ID: simulated_fb_1773772090780

      at log (services/metaService.js:29:17)

    console.log
      → Publishing to Facebook...

      at log (services/metaService.js:21:13)

    console.warn
      ⚠ FB_PAGE_ACCESS_TOKEN or FB_PAGE_ID not configured — simulating publish

      25 |
      26 |     if (!accessToken || !pageId) {
    > 27 |         console.warn('⚠ FB_PAGE_ACCESS_TOKEN or FB_PAGE_ID not configured — simulating publish');
         |                 ^
      28 |         const simulatedId = `simulated_fb_${Date.now()}`;
      29 |         console.log(`✓ Simulated Facebook publish - ID: ${simulatedId}`);
      30 |         return { id: simulatedId };

      at warn (services/metaService.js:27:17)
      at publishToFacebook (services/metaService.test.js:81:42)
      at AsyncProperty.predicate (node_modules/fast-check/lib/cjs/fast-check.js:1272:104)
      at AsyncProperty.run (node_modules/fast-check/lib/cjs/fast-check.js:1208:30)
      at asyncRunIt (node_modules/fast-check/lib/cjs/fast-check.js:2503:30)
      at Object.<anonymous> (services/metaService.test.js:75:9)

    console.log
      ✓ Simulated Facebook publish - ID: simulated_fb_1773772090783

      at log (services/metaService.js:29:17)

    console.log
      → Publishing to Facebook...

      at log (services/metaService.js:21:13)

    console.warn
      ⚠ FB_PAGE_ACCESS_TOKEN or FB_PAGE_ID not configured — simulating publish

      25 |
      26 |     if (!accessToken || !pageId) {
    > 27 |         console.warn('⚠ FB_PAGE_ACCESS_TOKEN or FB_PAGE_ID not configured — simulating publish');
         |                 ^
      28 |         const simulatedId = `simulated_fb_${Date.now()}`;
      29 |         console.log(`✓ Simulated Facebook publish - ID: ${simulatedId}`);
      30 |         return { id: simulatedId };

      at warn (services/metaService.js:27:17)
      at publishToFacebook (services/metaService.test.js:81:42)
      at AsyncProperty.predicate (node_modules/fast-check/lib/cjs/fast-check.js:1272:104)
      at AsyncProperty.run (node_modules/fast-check/lib/cjs/fast-check.js:1208:30)
      at asyncRunIt (node_modules/fast-check/lib/cjs/fast-check.js:2503:30)
      at Object.<anonymous> (services/metaService.test.js:75:9)

    console.log
      ✓ Simulated Facebook publish - ID: simulated_fb_1773772090785

      at log (services/metaService.js:29:17)

    console.log
      → Publishing to Facebook...

      at log (services/metaService.js:21:13)

    console.warn
      ⚠ FB_PAGE_ACCESS_TOKEN or FB_PAGE_ID not configured — simulating publish

      25 |
      26 |     if (!accessToken || !pageId) {
    > 27 |         console.warn('⚠ FB_PAGE_ACCESS_TOKEN or FB_PAGE_ID not configured — simulating publish');
         |                 ^
      28 |         const simulatedId = `simulated_fb_${Date.now()}`;
      29 |         console.log(`✓ Simulated Facebook publish - ID: ${simulatedId}`);
      30 |         return { id: simulatedId };

      at warn (services/metaService.js:27:17)
      at publishToFacebook (services/metaService.test.js:81:42)
      at AsyncProperty.predicate (node_modules/fast-check/lib/cjs/fast-check.js:1272:104)
      at AsyncProperty.run (node_modules/fast-check/lib/cjs/fast-check.js:1208:30)
      at asyncRunIt (node_modules/fast-check/lib/cjs/fast-check.js:2503:30)
      at Object.<anonymous> (services/metaService.test.js:75:9)

    console.log
      ✓ Simulated Facebook publish - ID: simulated_fb_1773772090787

      at log (services/metaService.js:29:17)

    console.log
      → Publishing to Facebook...

      at log (services/metaService.js:21:13)

    console.warn
      ⚠ FB_PAGE_ACCESS_TOKEN or FB_PAGE_ID not configured — simulating publish

      25 |
      26 |     if (!accessToken || !pageId) {
    > 27 |         console.warn('⚠ FB_PAGE_ACCESS_TOKEN or FB_PAGE_ID not configured — simulating publish');
         |                 ^
      28 |         const simulatedId = `simulated_fb_${Date.now()}`;
      29 |         console.log(`✓ Simulated Facebook publish - ID: ${simulatedId}`);
      30 |         return { id: simulatedId };

      at warn (services/metaService.js:27:17)
      at publishToFacebook (services/metaService.test.js:81:42)
      at AsyncProperty.predicate (node_modules/fast-check/lib/cjs/fast-check.js:1272:104)
      at AsyncProperty.run (node_modules/fast-check/lib/cjs/fast-check.js:1208:30)
      at asyncRunIt (node_modules/fast-check/lib/cjs/fast-check.js:2503:30)
      at Object.<anonymous> (services/metaService.test.js:75:9)

    console.log
      ✓ Simulated Facebook publish - ID: simulated_fb_1773772090789

      at log (services/metaService.js:29:17)

    console.log
      → Publishing to Facebook...

      at log (services/metaService.js:21:13)

    console.warn
      ⚠ FB_PAGE_ACCESS_TOKEN or FB_PAGE_ID not configured — simulating publish

      25 |
      26 |     if (!accessToken || !pageId) {
    > 27 |         console.warn('⚠ FB_PAGE_ACCESS_TOKEN or FB_PAGE_ID not configured — simulating publish');
         |                 ^
      28 |         const simulatedId = `simulated_fb_${Date.now()}`;
      29 |         console.log(`✓ Simulated Facebook publish - ID: ${simulatedId}`);
      30 |         return { id: simulatedId };

      at warn (services/metaService.js:27:17)
      at publishToFacebook (services/metaService.test.js:81:42)
      at AsyncProperty.predicate (node_modules/fast-check/lib/cjs/fast-check.js:1272:104)
      at AsyncProperty.run (node_modules/fast-check/lib/cjs/fast-check.js:1208:30)
      at asyncRunIt (node_modules/fast-check/lib/cjs/fast-check.js:2503:30)
      at Object.<anonymous> (services/metaService.test.js:75:9)

    console.log
      ✓ Simulated Facebook publish - ID: simulated_fb_1773772090790

      at log (services/metaService.js:29:17)

    console.log
      → Publishing to Facebook...

      at log (services/metaService.js:21:13)

    console.warn
      ⚠ FB_PAGE_ACCESS_TOKEN or FB_PAGE_ID not configured — simulating publish

      25 |
      26 |     if (!accessToken || !pageId) {
    > 27 |         console.warn('⚠ FB_PAGE_ACCESS_TOKEN or FB_PAGE_ID not configured — simulating publish');
         |                 ^
      28 |         const simulatedId = `simulated_fb_${Date.now()}`;
      29 |         console.log(`✓ Simulated Facebook publish - ID: ${simulatedId}`);
      30 |         return { id: simulatedId };

      at warn (services/metaService.js:27:17)
      at publishToFacebook (services/metaService.test.js:81:42)
      at AsyncProperty.predicate (node_modules/fast-check/lib/cjs/fast-check.js:1272:104)
      at AsyncProperty.run (node_modules/fast-check/lib/cjs/fast-check.js:1208:30)
      at asyncRunIt (node_modules/fast-check/lib/cjs/fast-check.js:2503:30)
      at Object.<anonymous> (services/metaService.test.js:75:9)

    console.log
      ✓ Simulated Facebook publish - ID: simulated_fb_1773772090794

      at log (services/metaService.js:29:17)

    console.log
      → Publishing to Facebook...

      at log (services/metaService.js:21:13)

    console.warn
      ⚠ FB_PAGE_ACCESS_TOKEN or FB_PAGE_ID not configured — simulating publish

      25 |
      26 |     if (!accessToken || !pageId) {
    > 27 |         console.warn('⚠ FB_PAGE_ACCESS_TOKEN or FB_PAGE_ID not configured — simulating publish');
         |                 ^
      28 |         const simulatedId = `simulated_fb_${Date.now()}`;
      29 |         console.log(`✓ Simulated Facebook publish - ID: ${simulatedId}`);
      30 |         return { id: simulatedId };

      at warn (services/metaService.js:27:17)
      at publishToFacebook (services/metaService.test.js:81:42)
      at AsyncProperty.predicate (node_modules/fast-check/lib/cjs/fast-check.js:1272:104)
      at AsyncProperty.run (node_modules/fast-check/lib/cjs/fast-check.js:1208:30)
      at asyncRunIt (node_modules/fast-check/lib/cjs/fast-check.js:2503:30)
      at Object.<anonymous> (services/metaService.test.js:75:9)

    console.log
      ✓ Simulated Facebook publish - ID: simulated_fb_1773772090795

      at log (services/metaService.js:29:17)

    console.log
      → Publishing to Facebook...

      at log (services/metaService.js:21:13)

    console.warn
      ⚠ FB_PAGE_ACCESS_TOKEN or FB_PAGE_ID not configured — simulating publish

      25 |
      26 |     if (!accessToken || !pageId) {
    > 27 |         console.warn('⚠ FB_PAGE_ACCESS_TOKEN or FB_PAGE_ID not configured — simulating publish');
         |                 ^
      28 |         const simulatedId = `simulated_fb_${Date.now()}`;
      29 |         console.log(`✓ Simulated Facebook publish - ID: ${simulatedId}`);
      30 |         return { id: simulatedId };

      at warn (services/metaService.js:27:17)
      at publishToFacebook (services/metaService.test.js:81:42)
      at AsyncProperty.predicate (node_modules/fast-check/lib/cjs/fast-check.js:1272:104)
      at AsyncProperty.run (node_modules/fast-check/lib/cjs/fast-check.js:1208:30)
      at asyncRunIt (node_modules/fast-check/lib/cjs/fast-check.js:2503:30)
      at Object.<anonymous> (services/metaService.test.js:75:9)

    console.log
      ✓ Simulated Facebook publish - ID: simulated_fb_1773772090797

      at log (services/metaService.js:29:17)

    console.log
      → Publishing to Facebook...

      at log (services/metaService.js:21:13)

    console.warn
      ⚠ FB_PAGE_ACCESS_TOKEN or FB_PAGE_ID not configured — simulating publish

      25 |
      26 |     if (!accessToken || !pageId) {
    > 27 |         console.warn('⚠ FB_PAGE_ACCESS_TOKEN or FB_PAGE_ID not configured — simulating publish');
         |                 ^
      28 |         const simulatedId = `simulated_fb_${Date.now()}`;
      29 |         console.log(`✓ Simulated Facebook publish - ID: ${simulatedId}`);
      30 |         return { id: simulatedId };

      at warn (services/metaService.js:27:17)
      at publishToFacebook (services/metaService.test.js:81:42)
      at AsyncProperty.predicate (node_modules/fast-check/lib/cjs/fast-check.js:1272:104)
      at AsyncProperty.run (node_modules/fast-check/lib/cjs/fast-check.js:1208:30)
      at asyncRunIt (node_modules/fast-check/lib/cjs/fast-check.js:2503:30)
      at Object.<anonymous> (services/metaService.test.js:75:9)

    console.log
      ✓ Simulated Facebook publish - ID: simulated_fb_1773772090800

      at log (services/metaService.js:29:17)

    console.log
      → Publishing to Facebook...

      at log (services/metaService.js:21:13)

    console.warn
      ⚠ FB_PAGE_ACCESS_TOKEN or FB_PAGE_ID not configured — simulating publish

      25 |
      26 |     if (!accessToken || !pageId) {
    > 27 |         console.warn('⚠ FB_PAGE_ACCESS_TOKEN or FB_PAGE_ID not configured — simulating publish');
         |                 ^
      28 |         const simulatedId = `simulated_fb_${Date.now()}`;
      29 |         console.log(`✓ Simulated Facebook publish - ID: ${simulatedId}`);
      30 |         return { id: simulatedId };

      at warn (services/metaService.js:27:17)
      at publishToFacebook (services/metaService.test.js:81:42)
      at AsyncProperty.predicate (node_modules/fast-check/lib/cjs/fast-check.js:1272:104)
      at AsyncProperty.run (node_modules/fast-check/lib/cjs/fast-check.js:1208:30)
      at asyncRunIt (node_modules/fast-check/lib/cjs/fast-check.js:2503:30)
      at Object.<anonymous> (services/metaService.test.js:75:9)

    console.log
      ✓ Simulated Facebook publish - ID: simulated_fb_1773772090801

      at log (services/metaService.js:29:17)

    console.log
      → Publishing to Facebook...

      at log (services/metaService.js:21:13)

    console.warn
      ⚠ FB_PAGE_ACCESS_TOKEN or FB_PAGE_ID not configured — simulating publish

      25 |
      26 |     if (!accessToken || !pageId) {
    > 27 |         console.warn('⚠ FB_PAGE_ACCESS_TOKEN or FB_PAGE_ID not configured — simulating publish');
         |                 ^
      28 |         const simulatedId = `simulated_fb_${Date.now()}`;
      29 |         console.log(`✓ Simulated Facebook publish - ID: ${simulatedId}`);
      30 |         return { id: simulatedId };

      at warn (services/metaService.js:27:17)
      at publishToFacebook (services/metaService.test.js:81:42)
      at AsyncProperty.predicate (node_modules/fast-check/lib/cjs/fast-check.js:1272:104)
      at AsyncProperty.run (node_modules/fast-check/lib/cjs/fast-check.js:1208:30)
      at asyncRunIt (node_modules/fast-check/lib/cjs/fast-check.js:2503:30)
      at Object.<anonymous> (services/metaService.test.js:75:9)

    console.log
      ✓ Simulated Facebook publish - ID: simulated_fb_1773772090803

      at log (services/metaService.js:29:17)

    console.log
      → Publishing to Facebook...

      at log (services/metaService.js:21:13)

    console.warn
      ⚠ FB_PAGE_ACCESS_TOKEN or FB_PAGE_ID not configured — simulating publish

      25 |
      26 |     if (!accessToken || !pageId) {
    > 27 |         console.warn('⚠ FB_PAGE_ACCESS_TOKEN or FB_PAGE_ID not configured — simulating publish');
         |                 ^
      28 |         const simulatedId = `simulated_fb_${Date.now()}`;
      29 |         console.log(`✓ Simulated Facebook publish - ID: ${simulatedId}`);
      30 |         return { id: simulatedId };

      at warn (services/metaService.js:27:17)
      at publishToFacebook (services/metaService.test.js:81:42)
      at AsyncProperty.predicate (node_modules/fast-check/lib/cjs/fast-check.js:1272:104)
      at AsyncProperty.run (node_modules/fast-check/lib/cjs/fast-check.js:1208:30)
      at asyncRunIt (node_modules/fast-check/lib/cjs/fast-check.js:2503:30)
      at Object.<anonymous> (services/metaService.test.js:75:9)

    console.log
      ✓ Simulated Facebook publish - ID: simulated_fb_1773772090805

      at log (services/metaService.js:29:17)

    console.log
      → Publishing to Facebook...

      at log (services/metaService.js:21:13)

    console.warn
      ⚠ FB_PAGE_ACCESS_TOKEN or FB_PAGE_ID not configured — simulating publish

      25 |
      26 |     if (!accessToken || !pageId) {
    > 27 |         console.warn('⚠ FB_PAGE_ACCESS_TOKEN or FB_PAGE_ID not configured — simulating publish');
         |                 ^
      28 |         const simulatedId = `simulated_fb_${Date.now()}`;
      29 |         console.log(`✓ Simulated Facebook publish - ID: ${simulatedId}`);
      30 |         return { id: simulatedId };

      at warn (services/metaService.js:27:17)
      at publishToFacebook (services/metaService.test.js:81:42)
      at AsyncProperty.predicate (node_modules/fast-check/lib/cjs/fast-check.js:1272:104)
      at AsyncProperty.run (node_modules/fast-check/lib/cjs/fast-check.js:1208:30)
      at asyncRunIt (node_modules/fast-check/lib/cjs/fast-check.js:2503:30)
      at Object.<anonymous> (services/metaService.test.js:75:9)

    console.log
      ✓ Simulated Facebook publish - ID: simulated_fb_1773772090807

      at log (services/metaService.js:29:17)

    console.log
      → Publishing to Facebook...

      at log (services/metaService.js:21:13)

    console.warn
      ⚠ FB_PAGE_ACCESS_TOKEN or FB_PAGE_ID not configured — simulating publish

      25 |
      26 |     if (!accessToken || !pageId) {
    > 27 |         console.warn('⚠ FB_PAGE_ACCESS_TOKEN or FB_PAGE_ID not configured — simulating publish');
         |                 ^
      28 |         const simulatedId = `simulated_fb_${Date.now()}`;
      29 |         console.log(`✓ Simulated Facebook publish - ID: ${simulatedId}`);
      30 |         return { id: simulatedId };

      at warn (services/metaService.js:27:17)
      at publishToFacebook (services/metaService.test.js:81:42)
      at AsyncProperty.predicate (node_modules/fast-check/lib/cjs/fast-check.js:1272:104)
      at AsyncProperty.run (node_modules/fast-check/lib/cjs/fast-check.js:1208:30)
      at asyncRunIt (node_modules/fast-check/lib/cjs/fast-check.js:2503:30)
      at Object.<anonymous> (services/metaService.test.js:75:9)

    console.log
      ✓ Simulated Facebook publish - ID: simulated_fb_1773772090810

      at log (services/metaService.js:29:17)

    console.log
      → Publishing to Facebook...

      at log (services/metaService.js:21:13)

    console.warn
      ⚠ FB_PAGE_ACCESS_TOKEN or FB_PAGE_ID not configured — simulating publish

      25 |
      26 |     if (!accessToken || !pageId) {
    > 27 |         console.warn('⚠ FB_PAGE_ACCESS_TOKEN or FB_PAGE_ID not configured — simulating publish');
         |                 ^
      28 |         const simulatedId = `simulated_fb_${Date.now()}`;
      29 |         console.log(`✓ Simulated Facebook publish - ID: ${simulatedId}`);
      30 |         return { id: simulatedId };

      at warn (services/metaService.js:27:17)
      at publishToFacebook (services/metaService.test.js:81:42)
      at AsyncProperty.predicate (node_modules/fast-check/lib/cjs/fast-check.js:1272:104)
      at AsyncProperty.run (node_modules/fast-check/lib/cjs/fast-check.js:1208:30)
      at asyncRunIt (node_modules/fast-check/lib/cjs/fast-check.js:2503:30)
      at Object.<anonymous> (services/metaService.test.js:75:9)

    console.log
      ✓ Simulated Facebook publish - ID: simulated_fb_1773772090812

      at log (services/metaService.js:29:17)

    console.log
      → Publishing to Facebook...

      at log (services/metaService.js:21:13)

    console.warn
      ⚠ FB_PAGE_ACCESS_TOKEN or FB_PAGE_ID not configured — simulating publish

      25 |
      26 |     if (!accessToken || !pageId) {
    > 27 |         console.warn('⚠ FB_PAGE_ACCESS_TOKEN or FB_PAGE_ID not configured — simulating publish');
         |                 ^
      28 |         const simulatedId = `simulated_fb_${Date.now()}`;
      29 |         console.log(`✓ Simulated Facebook publish - ID: ${simulatedId}`);
      30 |         return { id: simulatedId };

      at warn (services/metaService.js:27:17)
      at publishToFacebook (services/metaService.test.js:81:42)
      at AsyncProperty.predicate (node_modules/fast-check/lib/cjs/fast-check.js:1272:104)
      at AsyncProperty.run (node_modules/fast-check/lib/cjs/fast-check.js:1208:30)
      at asyncRunIt (node_modules/fast-check/lib/cjs/fast-check.js:2503:30)
      at Object.<anonymous> (services/metaService.test.js:75:9)

    console.log
      ✓ Simulated Facebook publish - ID: simulated_fb_1773772090813

      at log (services/metaService.js:29:17)

    console.warn
      ⚠ Instagram publishing is disabled (text-only mode — no media available)

      52 |  */
      53 | async function publishToInstagram(format, caption) {
    > 54 |     console.warn('⚠ Instagram publishing is disabled (text-only mode — no media available)');
         |             ^
      55 |     return { id: 'skipped_instagram_no_media' };
      56 | }
      57 |

      at warn (services/metaService.js:54:13)
      at publishToInstagram (services/metaService.test.js:114:42)
      at AsyncProperty.predicate (node_modules/fast-check/lib/cjs/fast-check.js:1272:104)
      at AsyncProperty.run (node_modules/fast-check/lib/cjs/fast-check.js:1208:30)
      at asyncRunIt (node_modules/fast-check/lib/cjs/fast-check.js:2503:30)
      at Object.<anonymous> (services/metaService.test.js:107:9)

    console.warn
      ⚠ Instagram publishing is disabled (text-only mode — no media available)

      52 |  */
      53 | async function publishToInstagram(format, caption) {
    > 54 |     console.warn('⚠ Instagram publishing is disabled (text-only mode — no media available)');
         |             ^
      55 |     return { id: 'skipped_instagram_no_media' };
      56 | }
      57 |

      at warn (services/metaService.js:54:13)
      at publishToInstagram (services/metaService.test.js:114:42)
      at AsyncProperty.predicate (node_modules/fast-check/lib/cjs/fast-check.js:1272:104)
      at AsyncProperty.run (node_modules/fast-check/lib/cjs/fast-check.js:1208:30)
      at asyncRunIt (node_modules/fast-check/lib/cjs/fast-check.js:2503:30)
      at Object.<anonymous> (services/metaService.test.js:107:9)

    console.warn
      ⚠ Instagram publishing is disabled (text-only mode — no media available)

      52 |  */
      53 | async function publishToInstagram(format, caption) {
    > 54 |     console.warn('⚠ Instagram publishing is disabled (text-only mode — no media available)');
         |             ^
      55 |     return { id: 'skipped_instagram_no_media' };
      56 | }
      57 |

      at warn (services/metaService.js:54:13)
      at publishToInstagram (services/metaService.test.js:114:42)
      at AsyncProperty.predicate (node_modules/fast-check/lib/cjs/fast-check.js:1272:104)
      at AsyncProperty.run (node_modules/fast-check/lib/cjs/fast-check.js:1208:30)
      at asyncRunIt (node_modules/fast-check/lib/cjs/fast-check.js:2503:30)
      at Object.<anonymous> (services/metaService.test.js:107:9)

    console.warn
      ⚠ Instagram publishing is disabled (text-only mode — no media available)

      52 |  */
      53 | async function publishToInstagram(format, caption) {
    > 54 |     console.warn('⚠ Instagram publishing is disabled (text-only mode — no media available)');
         |             ^
      55 |     return { id: 'skipped_instagram_no_media' };
      56 | }
      57 |

      at warn (services/metaService.js:54:13)
      at publishToInstagram (services/metaService.test.js:114:42)
      at AsyncProperty.predicate (node_modules/fast-check/lib/cjs/fast-check.js:1272:104)
      at AsyncProperty.run (node_modules/fast-check/lib/cjs/fast-check.js:1208:30)
      at asyncRunIt (node_modules/fast-check/lib/cjs/fast-check.js:2503:30)
      at Object.<anonymous> (services/metaService.test.js:107:9)

    console.warn
      ⚠ Instagram publishing is disabled (text-only mode — no media available)

      52 |  */
      53 | async function publishToInstagram(format, caption) {
    > 54 |     console.warn('⚠ Instagram publishing is disabled (text-only mode — no media available)');
         |             ^
      55 |     return { id: 'skipped_instagram_no_media' };
      56 | }
      57 |

      at warn (services/metaService.js:54:13)
      at publishToInstagram (services/metaService.test.js:114:42)
      at AsyncProperty.predicate (node_modules/fast-check/lib/cjs/fast-check.js:1272:104)
      at AsyncProperty.run (node_modules/fast-check/lib/cjs/fast-check.js:1208:30)
      at asyncRunIt (node_modules/fast-check/lib/cjs/fast-check.js:2503:30)
      at Object.<anonymous> (services/metaService.test.js:107:9)

    console.warn
      ⚠ Instagram publishing is disabled (text-only mode — no media available)

      52 |  */
      53 | async function publishToInstagram(format, caption) {
    > 54 |     console.warn('⚠ Instagram publishing is disabled (text-only mode — no media available)');
         |             ^
      55 |     return { id: 'skipped_instagram_no_media' };
      56 | }
      57 |

      at warn (services/metaService.js:54:13)
      at publishToInstagram (services/metaService.test.js:114:42)
      at AsyncProperty.predicate (node_modules/fast-check/lib/cjs/fast-check.js:1272:104)
      at AsyncProperty.run (node_modules/fast-check/lib/cjs/fast-check.js:1208:30)
      at asyncRunIt (node_modules/fast-check/lib/cjs/fast-check.js:2503:30)
      at Object.<anonymous> (services/metaService.test.js:107:9)

    console.warn
      ⚠ Instagram publishing is disabled (text-only mode — no media available)

      52 |  */
      53 | async function publishToInstagram(format, caption) {
    > 54 |     console.warn('⚠ Instagram publishing is disabled (text-only mode — no media available)');
         |             ^
      55 |     return { id: 'skipped_instagram_no_media' };
      56 | }
      57 |

      at warn (services/metaService.js:54:13)
      at publishToInstagram (services/metaService.test.js:114:42)
      at AsyncProperty.predicate (node_modules/fast-check/lib/cjs/fast-check.js:1272:104)
      at AsyncProperty.run (node_modules/fast-check/lib/cjs/fast-check.js:1208:30)
      at asyncRunIt (node_modules/fast-check/lib/cjs/fast-check.js:2503:30)
      at Object.<anonymous> (services/metaService.test.js:107:9)

    console.warn
      ⚠ Instagram publishing is disabled (text-only mode — no media available)

      52 |  */
      53 | async function publishToInstagram(format, caption) {
    > 54 |     console.warn('⚠ Instagram publishing is disabled (text-only mode — no media available)');
         |             ^
      55 |     return { id: 'skipped_instagram_no_media' };
      56 | }
      57 |

      at warn (services/metaService.js:54:13)
      at publishToInstagram (services/metaService.test.js:114:42)
      at AsyncProperty.predicate (node_modules/fast-check/lib/cjs/fast-check.js:1272:104)
      at AsyncProperty.run (node_modules/fast-check/lib/cjs/fast-check.js:1208:30)
      at asyncRunIt (node_modules/fast-check/lib/cjs/fast-check.js:2503:30)
      at Object.<anonymous> (services/metaService.test.js:107:9)

    console.warn
      ⚠ Instagram publishing is disabled (text-only mode — no media available)

      52 |  */
      53 | async function publishToInstagram(format, caption) {
    > 54 |     console.warn('⚠ Instagram publishing is disabled (text-only mode — no media available)');
         |             ^
      55 |     return { id: 'skipped_instagram_no_media' };
      56 | }
      57 |

      at warn (services/metaService.js:54:13)
      at publishToInstagram (services/metaService.test.js:114:42)
      at AsyncProperty.predicate (node_modules/fast-check/lib/cjs/fast-check.js:1272:104)
      at AsyncProperty.run (node_modules/fast-check/lib/cjs/fast-check.js:1208:30)
      at asyncRunIt (node_modules/fast-check/lib/cjs/fast-check.js:2503:30)
      at Object.<anonymous> (services/metaService.test.js:107:9)

    console.warn
      ⚠ Instagram publishing is disabled (text-only mode — no media available)

      52 |  */
      53 | async function publishToInstagram(format, caption) {
    > 54 |     console.warn('⚠ Instagram publishing is disabled (text-only mode — no media available)');
         |             ^
      55 |     return { id: 'skipped_instagram_no_media' };
      56 | }
      57 |

      at warn (services/metaService.js:54:13)
      at publishToInstagram (services/metaService.test.js:114:42)
      at AsyncProperty.predicate (node_modules/fast-check/lib/cjs/fast-check.js:1272:104)
      at AsyncProperty.run (node_modules/fast-check/lib/cjs/fast-check.js:1208:30)
      at asyncRunIt (node_modules/fast-check/lib/cjs/fast-check.js:2503:30)
      at Object.<anonymous> (services/metaService.test.js:107:9)

    console.warn
      ⚠ Instagram publishing is disabled (text-only mode — no media available)

      52 |  */
      53 | async function publishToInstagram(format, caption) {
    > 54 |     console.warn('⚠ Instagram publishing is disabled (text-only mode — no media available)');
         |             ^
      55 |     return { id: 'skipped_instagram_no_media' };
      56 | }
      57 |

      at warn (services/metaService.js:54:13)
      at publishToInstagram (services/metaService.test.js:114:42)
      at AsyncProperty.predicate (node_modules/fast-check/lib/cjs/fast-check.js:1272:104)
      at AsyncProperty.run (node_modules/fast-check/lib/cjs/fast-check.js:1208:30)
      at asyncRunIt (node_modules/fast-check/lib/cjs/fast-check.js:2503:30)
      at Object.<anonymous> (services/metaService.test.js:107:9)

    console.warn
      ⚠ Instagram publishing is disabled (text-only mode — no media available)

      52 |  */
      53 | async function publishToInstagram(format, caption) {
    > 54 |     console.warn('⚠ Instagram publishing is disabled (text-only mode — no media available)');
         |             ^
      55 |     return { id: 'skipped_instagram_no_media' };
      56 | }
      57 |

      at warn (services/metaService.js:54:13)
      at publishToInstagram (services/metaService.test.js:114:42)
      at AsyncProperty.predicate (node_modules/fast-check/lib/cjs/fast-check.js:1272:104)
      at AsyncProperty.run (node_modules/fast-check/lib/cjs/fast-check.js:1208:30)
      at asyncRunIt (node_modules/fast-check/lib/cjs/fast-check.js:2503:30)
      at Object.<anonymous> (services/metaService.test.js:107:9)

    console.warn
      ⚠ Instagram publishing is disabled (text-only mode — no media available)

      52 |  */
      53 | async function publishToInstagram(format, caption) {
    > 54 |     console.warn('⚠ Instagram publishing is disabled (text-only mode — no media available)');
         |             ^
      55 |     return { id: 'skipped_instagram_no_media' };
      56 | }
      57 |

      at warn (services/metaService.js:54:13)
      at publishToInstagram (services/metaService.test.js:114:42)
      at AsyncProperty.predicate (node_modules/fast-check/lib/cjs/fast-check.js:1272:104)
      at AsyncProperty.run (node_modules/fast-check/lib/cjs/fast-check.js:1208:30)
      at asyncRunIt (node_modules/fast-check/lib/cjs/fast-check.js:2503:30)
      at Object.<anonymous> (services/metaService.test.js:107:9)

    console.warn
      ⚠ Instagram publishing is disabled (text-only mode — no media available)

      52 |  */
      53 | async function publishToInstagram(format, caption) {
    > 54 |     console.warn('⚠ Instagram publishing is disabled (text-only mode — no media available)');
         |             ^
      55 |     return { id: 'skipped_instagram_no_media' };
      56 | }
      57 |

      at warn (services/metaService.js:54:13)
      at publishToInstagram (services/metaService.test.js:114:42)
      at AsyncProperty.predicate (node_modules/fast-check/lib/cjs/fast-check.js:1272:104)
      at AsyncProperty.run (node_modules/fast-check/lib/cjs/fast-check.js:1208:30)
      at asyncRunIt (node_modules/fast-check/lib/cjs/fast-check.js:2503:30)
      at Object.<anonymous> (services/metaService.test.js:107:9)

    console.warn
      ⚠ Instagram publishing is disabled (text-only mode — no media available)

      52 |  */
      53 | async function publishToInstagram(format, caption) {
    > 54 |     console.warn('⚠ Instagram publishing is disabled (text-only mode — no media available)');
         |             ^
      55 |     return { id: 'skipped_instagram_no_media' };
      56 | }
      57 |

      at warn (services/metaService.js:54:13)
      at publishToInstagram (services/metaService.test.js:114:42)
      at AsyncProperty.predicate (node_modules/fast-check/lib/cjs/fast-check.js:1272:104)
      at AsyncProperty.run (node_modules/fast-check/lib/cjs/fast-check.js:1208:30)
      at asyncRunIt (node_modules/fast-check/lib/cjs/fast-check.js:2503:30)
      at Object.<anonymous> (services/metaService.test.js:107:9)

    console.warn
      ⚠ Instagram publishing is disabled (text-only mode — no media available)

      52 |  */
      53 | async function publishToInstagram(format, caption) {
    > 54 |     console.warn('⚠ Instagram publishing is disabled (text-only mode — no media available)');
         |             ^
      55 |     return { id: 'skipped_instagram_no_media' };
      56 | }
      57 |

      at warn (services/metaService.js:54:13)
      at publishToInstagram (services/metaService.test.js:114:42)
      at AsyncProperty.predicate (node_modules/fast-check/lib/cjs/fast-check.js:1272:104)
      at AsyncProperty.run (node_modules/fast-check/lib/cjs/fast-check.js:1208:30)
      at asyncRunIt (node_modules/fast-check/lib/cjs/fast-check.js:2503:30)
      at Object.<anonymous> (services/metaService.test.js:107:9)

    console.warn
      ⚠ Instagram publishing is disabled (text-only mode — no media available)

      52 |  */
      53 | async function publishToInstagram(format, caption) {
    > 54 |     console.warn('⚠ Instagram publishing is disabled (text-only mode — no media available)');
         |             ^
      55 |     return { id: 'skipped_instagram_no_media' };
      56 | }
      57 |

      at warn (services/metaService.js:54:13)
      at publishToInstagram (services/metaService.test.js:114:42)
      at AsyncProperty.predicate (node_modules/fast-check/lib/cjs/fast-check.js:1272:104)
      at AsyncProperty.run (node_modules/fast-check/lib/cjs/fast-check.js:1208:30)
      at asyncRunIt (node_modules/fast-check/lib/cjs/fast-check.js:2503:30)
      at Object.<anonymous> (services/metaService.test.js:107:9)

    console.warn
      ⚠ Instagram publishing is disabled (text-only mode — no media available)

      52 |  */
      53 | async function publishToInstagram(format, caption) {
    > 54 |     console.warn('⚠ Instagram publishing is disabled (text-only mode — no media available)');
         |             ^
      55 |     return { id: 'skipped_instagram_no_media' };
      56 | }
      57 |

      at warn (services/metaService.js:54:13)
      at publishToInstagram (services/metaService.test.js:114:42)
      at AsyncProperty.predicate (node_modules/fast-check/lib/cjs/fast-check.js:1272:104)
      at AsyncProperty.run (node_modules/fast-check/lib/cjs/fast-check.js:1208:30)
      at asyncRunIt (node_modules/fast-check/lib/cjs/fast-check.js:2503:30)
      at Object.<anonymous> (services/metaService.test.js:107:9)

    console.warn
      ⚠ Instagram publishing is disabled (text-only mode — no media available)

      52 |  */
      53 | async function publishToInstagram(format, caption) {
    > 54 |     console.warn('⚠ Instagram publishing is disabled (text-only mode — no media available)');
         |             ^
      55 |     return { id: 'skipped_instagram_no_media' };
      56 | }
      57 |

      at warn (services/metaService.js:54:13)
      at publishToInstagram (services/metaService.test.js:114:42)
      at AsyncProperty.predicate (node_modules/fast-check/lib/cjs/fast-check.js:1272:104)
      at AsyncProperty.run (node_modules/fast-check/lib/cjs/fast-check.js:1208:30)
      at asyncRunIt (node_modules/fast-check/lib/cjs/fast-check.js:2503:30)
      at Object.<anonymous> (services/metaService.test.js:107:9)

    console.warn
      ⚠ Instagram publishing is disabled (text-only mode — no media available)

      52 |  */
      53 | async function publishToInstagram(format, caption) {
    > 54 |     console.warn('⚠ Instagram publishing is disabled (text-only mode — no media available)');
         |             ^
      55 |     return { id: 'skipped_instagram_no_media' };
      56 | }
      57 |

      at warn (services/metaService.js:54:13)
      at publishToInstagram (services/metaService.test.js:114:42)
      at AsyncProperty.predicate (node_modules/fast-check/lib/cjs/fast-check.js:1272:104)
      at AsyncProperty.run (node_modules/fast-check/lib/cjs/fast-check.js:1208:30)
      at asyncRunIt (node_modules/fast-check/lib/cjs/fast-check.js:2503:30)
      at Object.<anonymous> (services/metaService.test.js:107:9)

    console.warn
      ⚠ Instagram publishing is disabled (text-only mode — no media available)

      52 |  */
      53 | async function publishToInstagram(format, caption) {
    > 54 |     console.warn('⚠ Instagram publishing is disabled (text-only mode — no media available)');
         |             ^
      55 |     return { id: 'skipped_instagram_no_media' };
      56 | }
      57 |

      at warn (services/metaService.js:54:13)
      at publishToInstagram (services/metaService.test.js:114:42)
      at AsyncProperty.predicate (node_modules/fast-check/lib/cjs/fast-check.js:1272:104)
      at AsyncProperty.run (node_modules/fast-check/lib/cjs/fast-check.js:1208:30)
      at asyncRunIt (node_modules/fast-check/lib/cjs/fast-check.js:2503:30)
      at Object.<anonymous> (services/metaService.test.js:107:9)

    console.warn
      ⚠ Instagram publishing is disabled (text-only mode — no media available)

      52 |  */
      53 | async function publishToInstagram(format, caption) {
    > 54 |     console.warn('⚠ Instagram publishing is disabled (text-only mode — no media available)');
         |             ^
      55 |     return { id: 'skipped_instagram_no_media' };
      56 | }
      57 |

      at warn (services/metaService.js:54:13)
      at publishToInstagram (services/metaService.test.js:114:42)
      at AsyncProperty.predicate (node_modules/fast-check/lib/cjs/fast-check.js:1272:104)
      at AsyncProperty.run (node_modules/fast-check/lib/cjs/fast-check.js:1208:30)
      at asyncRunIt (node_modules/fast-check/lib/cjs/fast-check.js:2503:30)
      at Object.<anonymous> (services/metaService.test.js:107:9)

    console.warn
      ⚠ Instagram publishing is disabled (text-only mode — no media available)

      52 |  */
      53 | async function publishToInstagram(format, caption) {
    > 54 |     console.warn('⚠ Instagram publishing is disabled (text-only mode — no media available)');
         |             ^
      55 |     return { id: 'skipped_instagram_no_media' };
      56 | }
      57 |

      at warn (services/metaService.js:54:13)
      at publishToInstagram (services/metaService.test.js:114:42)
      at AsyncProperty.predicate (node_modules/fast-check/lib/cjs/fast-check.js:1272:104)
      at AsyncProperty.run (node_modules/fast-check/lib/cjs/fast-check.js:1208:30)
      at asyncRunIt (node_modules/fast-check/lib/cjs/fast-check.js:2503:30)
      at Object.<anonymous> (services/metaService.test.js:107:9)

    console.warn
      ⚠ Instagram publishing is disabled (text-only mode — no media available)

      52 |  */
      53 | async function publishToInstagram(format, caption) {
    > 54 |     console.warn('⚠ Instagram publishing is disabled (text-only mode — no media available)');
         |             ^
      55 |     return { id: 'skipped_instagram_no_media' };
      56 | }
      57 |

      at warn (services/metaService.js:54:13)
      at publishToInstagram (services/metaService.test.js:114:42)
      at AsyncProperty.predicate (node_modules/fast-check/lib/cjs/fast-check.js:1272:104)
      at AsyncProperty.run (node_modules/fast-check/lib/cjs/fast-check.js:1208:30)
      at asyncRunIt (node_modules/fast-check/lib/cjs/fast-check.js:2503:30)
      at Object.<anonymous> (services/metaService.test.js:107:9)

    console.warn
      ⚠ Instagram publishing is disabled (text-only mode — no media available)

      52 |  */
      53 | async function publishToInstagram(format, caption) {
    > 54 |     console.warn('⚠ Instagram publishing is disabled (text-only mode — no media available)');
         |             ^
      55 |     return { id: 'skipped_instagram_no_media' };
      56 | }
      57 |

      at warn (services/metaService.js:54:13)
      at publishToInstagram (services/metaService.test.js:114:42)
      at AsyncProperty.predicate (node_modules/fast-check/lib/cjs/fast-check.js:1272:104)
      at AsyncProperty.run (node_modules/fast-check/lib/cjs/fast-check.js:1208:30)
      at asyncRunIt (node_modules/fast-check/lib/cjs/fast-check.js:2503:30)
      at Object.<anonymous> (services/metaService.test.js:107:9)

    console.warn
      ⚠ Instagram publishing is disabled (text-only mode — no media available)

      52 |  */
      53 | async function publishToInstagram(format, caption) {
    > 54 |     console.warn('⚠ Instagram publishing is disabled (text-only mode — no media available)');
         |             ^
      55 |     return { id: 'skipped_instagram_no_media' };
      56 | }
      57 |

      at warn (services/metaService.js:54:13)
      at publishToInstagram (services/metaService.test.js:114:42)
      at AsyncProperty.predicate (node_modules/fast-check/lib/cjs/fast-check.js:1272:104)
      at AsyncProperty.run (node_modules/fast-check/lib/cjs/fast-check.js:1208:30)
      at asyncRunIt (node_modules/fast-check/lib/cjs/fast-check.js:2503:30)
      at Object.<anonymous> (services/metaService.test.js:107:9)

    console.warn
      ⚠ Instagram publishing is disabled (text-only mode — no media available)

      52 |  */
      53 | async function publishToInstagram(format, caption) {
    > 54 |     console.warn('⚠ Instagram publishing is disabled (text-only mode — no media available)');
         |             ^
      55 |     return { id: 'skipped_instagram_no_media' };
      56 | }
      57 |

      at warn (services/metaService.js:54:13)
      at publishToInstagram (services/metaService.test.js:114:42)
      at AsyncProperty.predicate (node_modules/fast-check/lib/cjs/fast-check.js:1272:104)
      at AsyncProperty.run (node_modules/fast-check/lib/cjs/fast-check.js:1208:30)
      at asyncRunIt (node_modules/fast-check/lib/cjs/fast-check.js:2503:30)
      at Object.<anonymous> (services/metaService.test.js:107:9)

    console.warn
      ⚠ Instagram publishing is disabled (text-only mode — no media available)

      52 |  */
      53 | async function publishToInstagram(format, caption) {
    > 54 |     console.warn('⚠ Instagram publishing is disabled (text-only mode — no media available)');
         |             ^
      55 |     return { id: 'skipped_instagram_no_media' };
      56 | }
      57 |

      at warn (services/metaService.js:54:13)
      at publishToInstagram (services/metaService.test.js:114:42)
      at AsyncProperty.predicate (node_modules/fast-check/lib/cjs/fast-check.js:1272:104)
      at AsyncProperty.run (node_modules/fast-check/lib/cjs/fast-check.js:1208:30)
      at asyncRunIt (node_modules/fast-check/lib/cjs/fast-check.js:2503:30)
      at Object.<anonymous> (services/metaService.test.js:107:9)

    console.warn
      ⚠ Instagram publishing is disabled (text-only mode — no media available)

      52 |  */
      53 | async function publishToInstagram(format, caption) {
    > 54 |     console.warn('⚠ Instagram publishing is disabled (text-only mode — no media available)');
         |             ^
      55 |     return { id: 'skipped_instagram_no_media' };
      56 | }
      57 |

      at warn (services/metaService.js:54:13)
      at publishToInstagram (services/metaService.test.js:114:42)
      at AsyncProperty.predicate (node_modules/fast-check/lib/cjs/fast-check.js:1272:104)
      at AsyncProperty.run (node_modules/fast-check/lib/cjs/fast-check.js:1208:30)
      at asyncRunIt (node_modules/fast-check/lib/cjs/fast-check.js:2503:30)
      at Object.<anonymous> (services/metaService.test.js:107:9)

    console.warn
      ⚠ Instagram publishing is disabled (text-only mode — no media available)

      52 |  */
      53 | async function publishToInstagram(format, caption) {
    > 54 |     console.warn('⚠ Instagram publishing is disabled (text-only mode — no media available)');
         |             ^
      55 |     return { id: 'skipped_instagram_no_media' };
      56 | }
      57 |

      at warn (services/metaService.js:54:13)
      at publishToInstagram (services/metaService.test.js:114:42)
      at AsyncProperty.predicate (node_modules/fast-check/lib/cjs/fast-check.js:1272:104)
      at AsyncProperty.run (node_modules/fast-check/lib/cjs/fast-check.js:1208:30)
      at asyncRunIt (node_modules/fast-check/lib/cjs/fast-check.js:2503:30)
      at Object.<anonymous> (services/metaService.test.js:107:9)

    console.warn
      ⚠ Instagram publishing is disabled (text-only mode — no media available)

      52 |  */
      53 | async function publishToInstagram(format, caption) {
    > 54 |     console.warn('⚠ Instagram publishing is disabled (text-only mode — no media available)');
         |             ^
      55 |     return { id: 'skipped_instagram_no_media' };
      56 | }
      57 |

      at warn (services/metaService.js:54:13)
      at publishToInstagram (services/metaService.test.js:114:42)
      at AsyncProperty.predicate (node_modules/fast-check/lib/cjs/fast-check.js:1272:104)
      at AsyncProperty.run (node_modules/fast-check/lib/cjs/fast-check.js:1208:30)
      at asyncRunIt (node_modules/fast-check/lib/cjs/fast-check.js:2503:30)
      at Object.<anonymous> (services/metaService.test.js:107:9)

    console.warn
      ⚠ Instagram publishing is disabled (text-only mode — no media available)

      52 |  */
      53 | async function publishToInstagram(format, caption) {
    > 54 |     console.warn('⚠ Instagram publishing is disabled (text-only mode — no media available)');
         |             ^
      55 |     return { id: 'skipped_instagram_no_media' };
      56 | }
      57 |

      at warn (services/metaService.js:54:13)
      at publishToInstagram (services/metaService.test.js:114:42)
      at AsyncProperty.predicate (node_modules/fast-check/lib/cjs/fast-check.js:1272:104)
      at AsyncProperty.run (node_modules/fast-check/lib/cjs/fast-check.js:1208:30)
      at asyncRunIt (node_modules/fast-check/lib/cjs/fast-check.js:2503:30)
      at Object.<anonymous> (services/metaService.test.js:107:9)

    console.warn
      ⚠ Instagram publishing is disabled (text-only mode — no media available)

      52 |  */
      53 | async function publishToInstagram(format, caption) {
    > 54 |     console.warn('⚠ Instagram publishing is disabled (text-only mode — no media available)');
         |             ^
      55 |     return { id: 'skipped_instagram_no_media' };
      56 | }
      57 |

      at warn (services/metaService.js:54:13)
      at publishToInstagram (services/metaService.test.js:114:42)
      at AsyncProperty.predicate (node_modules/fast-check/lib/cjs/fast-check.js:1272:104)
      at AsyncProperty.run (node_modules/fast-check/lib/cjs/fast-check.js:1208:30)
      at asyncRunIt (node_modules/fast-check/lib/cjs/fast-check.js:2503:30)
      at Object.<anonymous> (services/metaService.test.js:107:9)

    console.warn
      ⚠ Instagram publishing is disabled (text-only mode — no media available)

      52 |  */
      53 | async function publishToInstagram(format, caption) {
    > 54 |     console.warn('⚠ Instagram publishing is disabled (text-only mode — no media available)');
         |             ^
      55 |     return { id: 'skipped_instagram_no_media' };
      56 | }
      57 |

      at warn (services/metaService.js:54:13)
      at publishToInstagram (services/metaService.test.js:114:42)
      at AsyncProperty.predicate (node_modules/fast-check/lib/cjs/fast-check.js:1272:104)
      at AsyncProperty.run (node_modules/fast-check/lib/cjs/fast-check.js:1208:30)
      at asyncRunIt (node_modules/fast-check/lib/cjs/fast-check.js:2503:30)
      at Object.<anonymous> (services/metaService.test.js:107:9)

    console.warn
      ⚠ Instagram publishing is disabled (text-only mode — no media available)

      52 |  */
      53 | async function publishToInstagram(format, caption) {
    > 54 |     console.warn('⚠ Instagram publishing is disabled (text-only mode — no media available)');
         |             ^
      55 |     return { id: 'skipped_instagram_no_media' };
      56 | }
      57 |

      at warn (services/metaService.js:54:13)
      at publishToInstagram (services/metaService.test.js:114:42)
      at AsyncProperty.predicate (node_modules/fast-check/lib/cjs/fast-check.js:1272:104)
      at AsyncProperty.run (node_modules/fast-check/lib/cjs/fast-check.js:1208:30)
      at asyncRunIt (node_modules/fast-check/lib/cjs/fast-check.js:2503:30)
      at Object.<anonymous> (services/metaService.test.js:107:9)

    console.warn
      ⚠ Instagram publishing is disabled (text-only mode — no media available)

      52 |  */
      53 | async function publishToInstagram(format, caption) {
    > 54 |     console.warn('⚠ Instagram publishing is disabled (text-only mode — no media available)');
         |             ^
      55 |     return { id: 'skipped_instagram_no_media' };
      56 | }
      57 |

      at warn (services/metaService.js:54:13)
      at publishToInstagram (services/metaService.test.js:114:42)
      at AsyncProperty.predicate (node_modules/fast-check/lib/cjs/fast-check.js:1272:104)
      at AsyncProperty.run (node_modules/fast-check/lib/cjs/fast-check.js:1208:30)
      at asyncRunIt (node_modules/fast-check/lib/cjs/fast-check.js:2503:30)
      at Object.<anonymous> (services/metaService.test.js:107:9)

    console.warn
      ⚠ Instagram publishing is disabled (text-only mode — no media available)

      52 |  */
      53 | async function publishToInstagram(format, caption) {
    > 54 |     console.warn('⚠ Instagram publishing is disabled (text-only mode — no media available)');
         |             ^
      55 |     return { id: 'skipped_instagram_no_media' };
      56 | }
      57 |

      at warn (services/metaService.js:54:13)
      at publishToInstagram (services/metaService.test.js:114:42)
      at AsyncProperty.predicate (node_modules/fast-check/lib/cjs/fast-check.js:1272:104)
      at AsyncProperty.run (node_modules/fast-check/lib/cjs/fast-check.js:1208:30)
      at asyncRunIt (node_modules/fast-check/lib/cjs/fast-check.js:2503:30)
      at Object.<anonymous> (services/metaService.test.js:107:9)

    console.warn
      ⚠ Instagram publishing is disabled (text-only mode — no media available)

      52 |  */
      53 | async function publishToInstagram(format, caption) {
    > 54 |     console.warn('⚠ Instagram publishing is disabled (text-only mode — no media available)');
         |             ^
      55 |     return { id: 'skipped_instagram_no_media' };
      56 | }
      57 |

      at warn (services/metaService.js:54:13)
      at publishToInstagram (services/metaService.test.js:114:42)
      at AsyncProperty.predicate (node_modules/fast-check/lib/cjs/fast-check.js:1272:104)
      at AsyncProperty.run (node_modules/fast-check/lib/cjs/fast-check.js:1208:30)
      at asyncRunIt (node_modules/fast-check/lib/cjs/fast-check.js:2503:30)
      at Object.<anonymous> (services/metaService.test.js:107:9)

    console.warn
      ⚠ Instagram publishing is disabled (text-only mode — no media available)

      52 |  */
      53 | async function publishToInstagram(format, caption) {
    > 54 |     console.warn('⚠ Instagram publishing is disabled (text-only mode — no media available)');
         |             ^
      55 |     return { id: 'skipped_instagram_no_media' };
      56 | }
      57 |

      at warn (services/metaService.js:54:13)
      at publishToInstagram (services/metaService.test.js:114:42)
      at AsyncProperty.predicate (node_modules/fast-check/lib/cjs/fast-check.js:1272:104)
      at AsyncProperty.run (node_modules/fast-check/lib/cjs/fast-check.js:1208:30)
      at asyncRunIt (node_modules/fast-check/lib/cjs/fast-check.js:2503:30)
      at Object.<anonymous> (services/metaService.test.js:107:9)

    console.warn
      ⚠ Instagram publishing is disabled (text-only mode — no media available)

      52 |  */
      53 | async function publishToInstagram(format, caption) {
    > 54 |     console.warn('⚠ Instagram publishing is disabled (text-only mode — no media available)');
         |             ^
      55 |     return { id: 'skipped_instagram_no_media' };
      56 | }
      57 |

      at warn (services/metaService.js:54:13)
      at publishToInstagram (services/metaService.test.js:114:42)
      at AsyncProperty.predicate (node_modules/fast-check/lib/cjs/fast-check.js:1272:104)
      at AsyncProperty.run (node_modules/fast-check/lib/cjs/fast-check.js:1208:30)
      at asyncRunIt (node_modules/fast-check/lib/cjs/fast-check.js:2503:30)
      at Object.<anonymous> (services/metaService.test.js:107:9)

    console.warn
      ⚠ Instagram publishing is disabled (text-only mode — no media available)

      52 |  */
      53 | async function publishToInstagram(format, caption) {
    > 54 |     console.warn('⚠ Instagram publishing is disabled (text-only mode — no media available)');
         |             ^
      55 |     return { id: 'skipped_instagram_no_media' };
      56 | }
      57 |

      at warn (services/metaService.js:54:13)
      at publishToInstagram (services/metaService.test.js:114:42)
      at AsyncProperty.predicate (node_modules/fast-check/lib/cjs/fast-check.js:1272:104)
      at AsyncProperty.run (node_modules/fast-check/lib/cjs/fast-check.js:1208:30)
      at asyncRunIt (node_modules/fast-check/lib/cjs/fast-check.js:2503:30)
      at Object.<anonymous> (services/metaService.test.js:107:9)

    console.warn
      ⚠ Instagram publishing is disabled (text-only mode — no media available)

      52 |  */
      53 | async function publishToInstagram(format, caption) {
    > 54 |     console.warn('⚠ Instagram publishing is disabled (text-only mode — no media available)');
         |             ^
      55 |     return { id: 'skipped_instagram_no_media' };
      56 | }
      57 |

      at warn (services/metaService.js:54:13)
      at publishToInstagram (services/metaService.test.js:114:42)
      at AsyncProperty.predicate (node_modules/fast-check/lib/cjs/fast-check.js:1272:104)
      at AsyncProperty.run (node_modules/fast-check/lib/cjs/fast-check.js:1208:30)
      at asyncRunIt (node_modules/fast-check/lib/cjs/fast-check.js:2503:30)
      at Object.<anonymous> (services/metaService.test.js:107:9)

    console.warn
      ⚠ Instagram publishing is disabled (text-only mode — no media available)

      52 |  */
      53 | async function publishToInstagram(format, caption) {
    > 54 |     console.warn('⚠ Instagram publishing is disabled (text-only mode — no media available)');
         |             ^
      55 |     return { id: 'skipped_instagram_no_media' };
      56 | }
      57 |

      at warn (services/metaService.js:54:13)
      at publishToInstagram (services/metaService.test.js:114:42)
      at AsyncProperty.predicate (node_modules/fast-check/lib/cjs/fast-check.js:1272:104)
      at AsyncProperty.run (node_modules/fast-check/lib/cjs/fast-check.js:1208:30)
      at asyncRunIt (node_modules/fast-check/lib/cjs/fast-check.js:2503:30)
      at Object.<anonymous> (services/metaService.test.js:107:9)

    console.warn
      ⚠ Instagram publishing is disabled (text-only mode — no media available)

      52 |  */
      53 | async function publishToInstagram(format, caption) {
    > 54 |     console.warn('⚠ Instagram publishing is disabled (text-only mode — no media available)');
         |             ^
      55 |     return { id: 'skipped_instagram_no_media' };
      56 | }
      57 |

      at warn (services/metaService.js:54:13)
      at publishToInstagram (services/metaService.test.js:114:42)
      at AsyncProperty.predicate (node_modules/fast-check/lib/cjs/fast-check.js:1272:104)
      at AsyncProperty.run (node_modules/fast-check/lib/cjs/fast-check.js:1208:30)
      at asyncRunIt (node_modules/fast-check/lib/cjs/fast-check.js:2503:30)
      at Object.<anonymous> (services/metaService.test.js:107:9)

    console.warn
      ⚠ Instagram publishing is disabled (text-only mode — no media available)

      52 |  */
      53 | async function publishToInstagram(format, caption) {
    > 54 |     console.warn('⚠ Instagram publishing is disabled (text-only mode — no media available)');
         |             ^
      55 |     return { id: 'skipped_instagram_no_media' };
      56 | }
      57 |

      at warn (services/metaService.js:54:13)
      at publishToInstagram (services/metaService.test.js:114:42)
      at AsyncProperty.predicate (node_modules/fast-check/lib/cjs/fast-check.js:1272:104)
      at AsyncProperty.run (node_modules/fast-check/lib/cjs/fast-check.js:1208:30)
      at asyncRunIt (node_modules/fast-check/lib/cjs/fast-check.js:2503:30)
      at Object.<anonymous> (services/metaService.test.js:107:9)

    console.warn
      ⚠ Instagram publishing is disabled (text-only mode — no media available)

      52 |  */
      53 | async function publishToInstagram(format, caption) {
    > 54 |     console.warn('⚠ Instagram publishing is disabled (text-only mode — no media available)');
         |             ^
      55 |     return { id: 'skipped_instagram_no_media' };
      56 | }
      57 |

      at warn (services/metaService.js:54:13)
      at publishToInstagram (services/metaService.test.js:114:42)
      at AsyncProperty.predicate (node_modules/fast-check/lib/cjs/fast-check.js:1272:104)
      at AsyncProperty.run (node_modules/fast-check/lib/cjs/fast-check.js:1208:30)
      at asyncRunIt (node_modules/fast-check/lib/cjs/fast-check.js:2503:30)
      at Object.<anonymous> (services/metaService.test.js:107:9)

    console.warn
      ⚠ Instagram publishing is disabled (text-only mode — no media available)

      52 |  */
      53 | async function publishToInstagram(format, caption) {
    > 54 |     console.warn('⚠ Instagram publishing is disabled (text-only mode — no media available)');
         |             ^
      55 |     return { id: 'skipped_instagram_no_media' };
      56 | }
      57 |

      at warn (services/metaService.js:54:13)
      at publishToInstagram (services/metaService.test.js:114:42)
      at AsyncProperty.predicate (node_modules/fast-check/lib/cjs/fast-check.js:1272:104)
      at AsyncProperty.run (node_modules/fast-check/lib/cjs/fast-check.js:1208:30)
      at asyncRunIt (node_modules/fast-check/lib/cjs/fast-check.js:2503:30)
      at Object.<anonymous> (services/metaService.test.js:107:9)

    console.warn
      ⚠ Instagram publishing is disabled (text-only mode — no media available)

      52 |  */
      53 | async function publishToInstagram(format, caption) {
    > 54 |     console.warn('⚠ Instagram publishing is disabled (text-only mode — no media available)');
         |             ^
      55 |     return { id: 'skipped_instagram_no_media' };
      56 | }
      57 |

      at warn (services/metaService.js:54:13)
      at publishToInstagram (services/metaService.test.js:114:42)
      at AsyncProperty.predicate (node_modules/fast-check/lib/cjs/fast-check.js:1272:104)
      at AsyncProperty.run (node_modules/fast-check/lib/cjs/fast-check.js:1208:30)
      at asyncRunIt (node_modules/fast-check/lib/cjs/fast-check.js:2503:30)
      at Object.<anonymous> (services/metaService.test.js:107:9)

    console.warn
      ⚠ Instagram publishing is disabled (text-only mode — no media available)

      52 |  */
      53 | async function publishToInstagram(format, caption) {
    > 54 |     console.warn('⚠ Instagram publishing is disabled (text-only mode — no media available)');
         |             ^
      55 |     return { id: 'skipped_instagram_no_media' };
      56 | }
      57 |

      at warn (services/metaService.js:54:13)
      at publishToInstagram (services/metaService.test.js:114:42)
      at AsyncProperty.predicate (node_modules/fast-check/lib/cjs/fast-check.js:1272:104)
      at AsyncProperty.run (node_modules/fast-check/lib/cjs/fast-check.js:1208:30)
      at asyncRunIt (node_modules/fast-check/lib/cjs/fast-check.js:2503:30)
      at Object.<anonymous> (services/metaService.test.js:107:9)

    console.warn
      ⚠ Instagram publishing is disabled (text-only mode — no media available)

      52 |  */
      53 | async function publishToInstagram(format, caption) {
    > 54 |     console.warn('⚠ Instagram publishing is disabled (text-only mode — no media available)');
         |             ^
      55 |     return { id: 'skipped_instagram_no_media' };
      56 | }
      57 |

      at warn (services/metaService.js:54:13)
      at publishToInstagram (services/metaService.test.js:114:42)
      at AsyncProperty.predicate (node_modules/fast-check/lib/cjs/fast-check.js:1272:104)
      at AsyncProperty.run (node_modules/fast-check/lib/cjs/fast-check.js:1208:30)
      at asyncRunIt (node_modules/fast-check/lib/cjs/fast-check.js:2503:30)
      at Object.<anonymous> (services/metaService.test.js:107:9)

    console.warn
      ⚠ Instagram publishing is disabled (text-only mode — no media available)

      52 |  */
      53 | async function publishToInstagram(format, caption) {
    > 54 |     console.warn('⚠ Instagram publishing is disabled (text-only mode — no media available)');
         |             ^
      55 |     return { id: 'skipped_instagram_no_media' };
      56 | }
      57 |

      at warn (services/metaService.js:54:13)
      at publishToInstagram (services/metaService.test.js:114:42)
      at AsyncProperty.predicate (node_modules/fast-check/lib/cjs/fast-check.js:1272:104)
      at AsyncProperty.run (node_modules/fast-check/lib/cjs/fast-check.js:1208:30)
      at asyncRunIt (node_modules/fast-check/lib/cjs/fast-check.js:2503:30)
      at Object.<anonymous> (services/metaService.test.js:107:9)

    console.warn
      ⚠ Instagram publishing is disabled (text-only mode — no media available)

      52 |  */
      53 | async function publishToInstagram(format, caption) {
    > 54 |     console.warn('⚠ Instagram publishing is disabled (text-only mode — no media available)');
         |             ^
      55 |     return { id: 'skipped_instagram_no_media' };
      56 | }
      57 |

      at warn (services/metaService.js:54:13)
      at publishToInstagram (services/metaService.test.js:114:42)
      at AsyncProperty.predicate (node_modules/fast-check/lib/cjs/fast-check.js:1272:104)
      at AsyncProperty.run (node_modules/fast-check/lib/cjs/fast-check.js:1208:30)
      at asyncRunIt (node_modules/fast-check/lib/cjs/fast-check.js:2503:30)
      at Object.<anonymous> (services/metaService.test.js:107:9)

    console.warn
      ⚠ Instagram publishing is disabled (text-only mode — no media available)

      52 |  */
      53 | async function publishToInstagram(format, caption) {
    > 54 |     console.warn('⚠ Instagram publishing is disabled (text-only mode — no media available)');
         |             ^
      55 |     return { id: 'skipped_instagram_no_media' };
      56 | }
      57 |

      at warn (services/metaService.js:54:13)
      at publishToInstagram (services/metaService.test.js:114:42)
      at AsyncProperty.predicate (node_modules/fast-check/lib/cjs/fast-check.js:1272:104)
      at AsyncProperty.run (node_modules/fast-check/lib/cjs/fast-check.js:1208:30)
      at asyncRunIt (node_modules/fast-check/lib/cjs/fast-check.js:2503:30)
      at Object.<anonymous> (services/metaService.test.js:107:9)

    console.warn
      ⚠ Instagram publishing is disabled (text-only mode — no media available)

      52 |  */
      53 | async function publishToInstagram(format, caption) {
    > 54 |     console.warn('⚠ Instagram publishing is disabled (text-only mode — no media available)');
         |             ^
      55 |     return { id: 'skipped_instagram_no_media' };
      56 | }
      57 |

      at warn (services/metaService.js:54:13)
      at publishToInstagram (services/metaService.test.js:114:42)
      at AsyncProperty.predicate (node_modules/fast-check/lib/cjs/fast-check.js:1272:104)
      at AsyncProperty.run (node_modules/fast-check/lib/cjs/fast-check.js:1208:30)
      at asyncRunIt (node_modules/fast-check/lib/cjs/fast-check.js:2503:30)
      at Object.<anonymous> (services/metaService.test.js:107:9)

    console.warn
      ⚠ Instagram publishing is disabled (text-only mode — no media available)

      52 |  */
      53 | async function publishToInstagram(format, caption) {
    > 54 |     console.warn('⚠ Instagram publishing is disabled (text-only mode — no media available)');
         |             ^
      55 |     return { id: 'skipped_instagram_no_media' };
      56 | }
      57 |

      at warn (services/metaService.js:54:13)
      at publishToInstagram (services/metaService.test.js:114:42)
      at AsyncProperty.predicate (node_modules/fast-check/lib/cjs/fast-check.js:1272:104)
      at AsyncProperty.run (node_modules/fast-check/lib/cjs/fast-check.js:1208:30)
      at asyncRunIt (node_modules/fast-check/lib/cjs/fast-check.js:2503:30)
      at Object.<anonymous> (services/metaService.test.js:107:9)

    console.warn
      ⚠ Instagram publishing is disabled (text-only mode — no media available)

      52 |  */
      53 | async function publishToInstagram(format, caption) {
    > 54 |     console.warn('⚠ Instagram publishing is disabled (text-only mode — no media available)');
         |             ^
      55 |     return { id: 'skipped_instagram_no_media' };
      56 | }
      57 |

      at warn (services/metaService.js:54:13)
      at publishToInstagram (services/metaService.test.js:114:42)
      at AsyncProperty.predicate (node_modules/fast-check/lib/cjs/fast-check.js:1272:104)
      at AsyncProperty.run (node_modules/fast-check/lib/cjs/fast-check.js:1208:30)
      at asyncRunIt (node_modules/fast-check/lib/cjs/fast-check.js:2503:30)
      at Object.<anonymous> (services/metaService.test.js:107:9)

    console.warn
      ⚠ Instagram publishing is disabled (text-only mode — no media available)

      52 |  */
      53 | async function publishToInstagram(format, caption) {
    > 54 |     console.warn('⚠ Instagram publishing is disabled (text-only mode — no media available)');
         |             ^
      55 |     return { id: 'skipped_instagram_no_media' };
      56 | }
      57 |

      at warn (services/metaService.js:54:13)
      at publishToInstagram (services/metaService.test.js:114:42)
      at AsyncProperty.predicate (node_modules/fast-check/lib/cjs/fast-check.js:1272:104)
      at AsyncProperty.run (node_modules/fast-check/lib/cjs/fast-check.js:1208:30)
      at asyncRunIt (node_modules/fast-check/lib/cjs/fast-check.js:2503:30)
      at Object.<anonymous> (services/metaService.test.js:107:9)

    console.warn
      ⚠ Instagram publishing is disabled (text-only mode — no media available)

      52 |  */
      53 | async function publishToInstagram(format, caption) {
    > 54 |     console.warn('⚠ Instagram publishing is disabled (text-only mode — no media available)');
         |             ^
      55 |     return { id: 'skipped_instagram_no_media' };
      56 | }
      57 |

      at warn (services/metaService.js:54:13)
      at publishToInstagram (services/metaService.test.js:114:42)
      at AsyncProperty.predicate (node_modules/fast-check/lib/cjs/fast-check.js:1272:104)
      at AsyncProperty.run (node_modules/fast-check/lib/cjs/fast-check.js:1208:30)
      at asyncRunIt (node_modules/fast-check/lib/cjs/fast-check.js:2503:30)
      at Object.<anonymous> (services/metaService.test.js:107:9)

    console.warn
      ⚠ Instagram publishing is disabled (text-only mode — no media available)

      52 |  */
      53 | async function publishToInstagram(format, caption) {
    > 54 |     console.warn('⚠ Instagram publishing is disabled (text-only mode — no media available)');
         |             ^
      55 |     return { id: 'skipped_instagram_no_media' };
      56 | }
      57 |

      at warn (services/metaService.js:54:13)
      at publishToInstagram (services/metaService.test.js:114:42)
      at AsyncProperty.predicate (node_modules/fast-check/lib/cjs/fast-check.js:1272:104)
      at AsyncProperty.run (node_modules/fast-check/lib/cjs/fast-check.js:1208:30)
      at asyncRunIt (node_modules/fast-check/lib/cjs/fast-check.js:2503:30)
      at Object.<anonymous> (services/metaService.test.js:107:9)

    console.warn
      ⚠ Instagram publishing is disabled (text-only mode — no media available)

      52 |  */
      53 | async function publishToInstagram(format, caption) {
    > 54 |     console.warn('⚠ Instagram publishing is disabled (text-only mode — no media available)');
         |             ^
      55 |     return { id: 'skipped_instagram_no_media' };
      56 | }
      57 |

      at warn (services/metaService.js:54:13)
      at publishToInstagram (services/metaService.test.js:114:42)
      at AsyncProperty.predicate (node_modules/fast-check/lib/cjs/fast-check.js:1272:104)
      at AsyncProperty.run (node_modules/fast-check/lib/cjs/fast-check.js:1208:30)
      at asyncRunIt (node_modules/fast-check/lib/cjs/fast-check.js:2503:30)
      at Object.<anonymous> (services/metaService.test.js:107:9)

    console.warn
      ⚠ Instagram publishing is disabled (text-only mode — no media available)

      52 |  */
      53 | async function publishToInstagram(format, caption) {
    > 54 |     console.warn('⚠ Instagram publishing is disabled (text-only mode — no media available)');
         |             ^
      55 |     return { id: 'skipped_instagram_no_media' };
      56 | }
      57 |

      at warn (services/metaService.js:54:13)
      at publishToInstagram (services/metaService.test.js:114:42)
      at AsyncProperty.predicate (node_modules/fast-check/lib/cjs/fast-check.js:1272:104)
      at AsyncProperty.run (node_modules/fast-check/lib/cjs/fast-check.js:1208:30)
      at asyncRunIt (node_modules/fast-check/lib/cjs/fast-check.js:2503:30)
      at Object.<anonymous> (services/metaService.test.js:107:9)

    console.warn
      ⚠ Instagram publishing is disabled (text-only mode — no media available)

      52 |  */
      53 | async function publishToInstagram(format, caption) {
    > 54 |     console.warn('⚠ Instagram publishing is disabled (text-only mode — no media available)');
         |             ^
      55 |     return { id: 'skipped_instagram_no_media' };
      56 | }
      57 |

      at warn (services/metaService.js:54:13)
      at publishToInstagram (services/metaService.test.js:114:42)
      at AsyncProperty.predicate (node_modules/fast-check/lib/cjs/fast-check.js:1272:104)
      at AsyncProperty.run (node_modules/fast-check/lib/cjs/fast-check.js:1208:30)
      at asyncRunIt (node_modules/fast-check/lib/cjs/fast-check.js:2503:30)
      at Object.<anonymous> (services/metaService.test.js:107:9)

    console.warn
      ⚠ Instagram publishing is disabled (text-only mode — no media available)

      52 |  */
      53 | async function publishToInstagram(format, caption) {
    > 54 |     console.warn('⚠ Instagram publishing is disabled (text-only mode — no media available)');
         |             ^
      55 |     return { id: 'skipped_instagram_no_media' };
      56 | }
      57 |

      at warn (services/metaService.js:54:13)
      at publishToInstagram (services/metaService.test.js:114:42)
      at AsyncProperty.predicate (node_modules/fast-check/lib/cjs/fast-check.js:1272:104)
      at AsyncProperty.run (node_modules/fast-check/lib/cjs/fast-check.js:1208:30)
      at asyncRunIt (node_modules/fast-check/lib/cjs/fast-check.js:2503:30)
      at Object.<anonymous> (services/metaService.test.js:107:9)

    console.warn
      ⚠ Instagram publishing is disabled (text-only mode — no media available)

      52 |  */
      53 | async function publishToInstagram(format, caption) {
    > 54 |     console.warn('⚠ Instagram publishing is disabled (text-only mode — no media available)');
         |             ^
      55 |     return { id: 'skipped_instagram_no_media' };
      56 | }
      57 |

      at warn (services/metaService.js:54:13)
      at publishToInstagram (services/metaService.test.js:114:42)
      at AsyncProperty.predicate (node_modules/fast-check/lib/cjs/fast-check.js:1272:104)
      at AsyncProperty.run (node_modules/fast-check/lib/cjs/fast-check.js:1208:30)
      at asyncRunIt (node_modules/fast-check/lib/cjs/fast-check.js:2503:30)
      at Object.<anonymous> (services/metaService.test.js:107:9)

    console.warn
      ⚠ Instagram publishing is disabled (text-only mode — no media available)

      52 |  */
      53 | async function publishToInstagram(format, caption) {
    > 54 |     console.warn('⚠ Instagram publishing is disabled (text-only mode — no media available)');
         |             ^
      55 |     return { id: 'skipped_instagram_no_media' };
      56 | }
      57 |

      at warn (services/metaService.js:54:13)
      at publishToInstagram (services/metaService.test.js:114:42)
      at AsyncProperty.predicate (node_modules/fast-check/lib/cjs/fast-check.js:1272:104)
      at AsyncProperty.run (node_modules/fast-check/lib/cjs/fast-check.js:1208:30)
      at asyncRunIt (node_modules/fast-check/lib/cjs/fast-check.js:2503:30)
      at Object.<anonymous> (services/metaService.test.js:107:9)

    console.warn
      ⚠ Instagram publishing is disabled (text-only mode — no media available)

      52 |  */
      53 | async function publishToInstagram(format, caption) {
    > 54 |     console.warn('⚠ Instagram publishing is disabled (text-only mode — no media available)');
         |             ^
      55 |     return { id: 'skipped_instagram_no_media' };
      56 | }
      57 |

      at warn (services/metaService.js:54:13)
      at publishToInstagram (services/metaService.test.js:114:42)
      at AsyncProperty.predicate (node_modules/fast-check/lib/cjs/fast-check.js:1272:104)
      at AsyncProperty.run (node_modules/fast-check/lib/cjs/fast-check.js:1208:30)
      at asyncRunIt (node_modules/fast-check/lib/cjs/fast-check.js:2503:30)
      at Object.<anonymous> (services/metaService.test.js:107:9)

    console.warn
      ⚠ Instagram publishing is disabled (text-only mode — no media available)

      52 |  */
      53 | async function publishToInstagram(format, caption) {
    > 54 |     console.warn('⚠ Instagram publishing is disabled (text-only mode — no media available)');
         |             ^
      55 |     return { id: 'skipped_instagram_no_media' };
      56 | }
      57 |

      at warn (services/metaService.js:54:13)
      at publishToInstagram (services/metaService.test.js:114:42)
      at AsyncProperty.predicate (node_modules/fast-check/lib/cjs/fast-check.js:1272:104)
      at AsyncProperty.run (node_modules/fast-check/lib/cjs/fast-check.js:1208:30)
      at asyncRunIt (node_modules/fast-check/lib/cjs/fast-check.js:2503:30)
      at Object.<anonymous> (services/metaService.test.js:107:9)

    console.warn
      ⚠ Instagram publishing is disabled (text-only mode — no media available)

      52 |  */
      53 | async function publishToInstagram(format, caption) {
    > 54 |     console.warn('⚠ Instagram publishing is disabled (text-only mode — no media available)');
         |             ^
      55 |     return { id: 'skipped_instagram_no_media' };
      56 | }
      57 |

      at warn (services/metaService.js:54:13)
      at publishToInstagram (services/metaService.test.js:114:42)
      at AsyncProperty.predicate (node_modules/fast-check/lib/cjs/fast-check.js:1272:104)
      at AsyncProperty.run (node_modules/fast-check/lib/cjs/fast-check.js:1208:30)
      at asyncRunIt (node_modules/fast-check/lib/cjs/fast-check.js:2503:30)
      at Object.<anonymous> (services/metaService.test.js:107:9)

    console.warn
      ⚠ Instagram publishing is disabled (text-only mode — no media available)

      52 |  */
      53 | async function publishToInstagram(format, caption) {
    > 54 |     console.warn('⚠ Instagram publishing is disabled (text-only mode — no media available)');
         |             ^
      55 |     return { id: 'skipped_instagram_no_media' };
      56 | }
      57 |

      at warn (services/metaService.js:54:13)
      at publishToInstagram (services/metaService.test.js:114:42)
      at AsyncProperty.predicate (node_modules/fast-check/lib/cjs/fast-check.js:1272:104)
      at AsyncProperty.run (node_modules/fast-check/lib/cjs/fast-check.js:1208:30)
      at asyncRunIt (node_modules/fast-check/lib/cjs/fast-check.js:2503:30)
      at Object.<anonymous> (services/metaService.test.js:107:9)

    console.warn
      ⚠ Instagram publishing is disabled (text-only mode — no media available)

      52 |  */
      53 | async function publishToInstagram(format, caption) {
    > 54 |     console.warn('⚠ Instagram publishing is disabled (text-only mode — no media available)');
         |             ^
      55 |     return { id: 'skipped_instagram_no_media' };
      56 | }
      57 |

      at warn (services/metaService.js:54:13)
      at publishToInstagram (services/metaService.test.js:114:42)
      at AsyncProperty.predicate (node_modules/fast-check/lib/cjs/fast-check.js:1272:104)
      at AsyncProperty.run (node_modules/fast-check/lib/cjs/fast-check.js:1208:30)
      at asyncRunIt (node_modules/fast-check/lib/cjs/fast-check.js:2503:30)
      at Object.<anonymous> (services/metaService.test.js:107:9)

    console.warn
      ⚠ Instagram publishing is disabled (text-only mode — no media available)

      52 |  */
      53 | async function publishToInstagram(format, caption) {
    > 54 |     console.warn('⚠ Instagram publishing is disabled (text-only mode — no media available)');
         |             ^
      55 |     return { id: 'skipped_instagram_no_media' };
      56 | }
      57 |

      at warn (services/metaService.js:54:13)
      at publishToInstagram (services/metaService.test.js:114:42)
      at AsyncProperty.predicate (node_modules/fast-check/lib/cjs/fast-check.js:1272:104)
      at AsyncProperty.run (node_modules/fast-check/lib/cjs/fast-check.js:1208:30)
      at asyncRunIt (node_modules/fast-check/lib/cjs/fast-check.js:2503:30)
      at Object.<anonymous> (services/metaService.test.js:107:9)

    console.warn
      ⚠ Instagram publishing is disabled (text-only mode — no media available)

      52 |  */
      53 | async function publishToInstagram(format, caption) {
    > 54 |     console.warn('⚠ Instagram publishing is disabled (text-only mode — no media available)');
         |             ^
      55 |     return { id: 'skipped_instagram_no_media' };
      56 | }
      57 |

      at warn (services/metaService.js:54:13)
      at publishToInstagram (services/metaService.test.js:114:42)
      at AsyncProperty.predicate (node_modules/fast-check/lib/cjs/fast-check.js:1272:104)
      at AsyncProperty.run (node_modules/fast-check/lib/cjs/fast-check.js:1208:30)
      at asyncRunIt (node_modules/fast-check/lib/cjs/fast-check.js:2503:30)
      at Object.<anonymous> (services/metaService.test.js:107:9)

    console.warn
      ⚠ Instagram publishing is disabled (text-only mode — no media available)

      52 |  */
      53 | async function publishToInstagram(format, caption) {
    > 54 |     console.warn('⚠ Instagram publishing is disabled (text-only mode — no media available)');
         |             ^
      55 |     return { id: 'skipped_instagram_no_media' };
      56 | }
      57 |

      at warn (services/metaService.js:54:13)
      at publishToInstagram (services/metaService.test.js:114:42)
      at AsyncProperty.predicate (node_modules/fast-check/lib/cjs/fast-check.js:1272:104)
      at AsyncProperty.run (node_modules/fast-check/lib/cjs/fast-check.js:1208:30)
      at asyncRunIt (node_modules/fast-check/lib/cjs/fast-check.js:2503:30)
      at Object.<anonymous> (services/metaService.test.js:107:9)

    console.warn
      ⚠ Instagram publishing is disabled (text-only mode — no media available)

      52 |  */
      53 | async function publishToInstagram(format, caption) {
    > 54 |     console.warn('⚠ Instagram publishing is disabled (text-only mode — no media available)');
         |             ^
      55 |     return { id: 'skipped_instagram_no_media' };
      56 | }
      57 |

      at warn (services/metaService.js:54:13)
      at publishToInstagram (services/metaService.test.js:114:42)
      at AsyncProperty.predicate (node_modules/fast-check/lib/cjs/fast-check.js:1272:104)
      at AsyncProperty.run (node_modules/fast-check/lib/cjs/fast-check.js:1208:30)
      at asyncRunIt (node_modules/fast-check/lib/cjs/fast-check.js:2503:30)
      at Object.<anonymous> (services/metaService.test.js:107:9)

    console.warn
      ⚠ Instagram publishing is disabled (text-only mode — no media available)

      52 |  */
      53 | async function publishToInstagram(format, caption) {
    > 54 |     console.warn('⚠ Instagram publishing is disabled (text-only mode — no media available)');
         |             ^
      55 |     return { id: 'skipped_instagram_no_media' };
      56 | }
      57 |

      at warn (services/metaService.js:54:13)
      at publishToInstagram (services/metaService.test.js:114:42)
      at AsyncProperty.predicate (node_modules/fast-check/lib/cjs/fast-check.js:1272:104)
      at AsyncProperty.run (node_modules/fast-check/lib/cjs/fast-check.js:1208:30)
      at asyncRunIt (node_modules/fast-check/lib/cjs/fast-check.js:2503:30)
      at Object.<anonymous> (services/metaService.test.js:107:9)

    console.warn
      ⚠ Instagram publishing is disabled (text-only mode — no media available)

      52 |  */
      53 | async function publishToInstagram(format, caption) {
    > 54 |     console.warn('⚠ Instagram publishing is disabled (text-only mode — no media available)');
         |             ^
      55 |     return { id: 'skipped_instagram_no_media' };
      56 | }
      57 |

      at warn (services/metaService.js:54:13)
      at publishToInstagram (services/metaService.test.js:114:42)
      at AsyncProperty.predicate (node_modules/fast-check/lib/cjs/fast-check.js:1272:104)
      at AsyncProperty.run (node_modules/fast-check/lib/cjs/fast-check.js:1208:30)
      at asyncRunIt (node_modules/fast-check/lib/cjs/fast-check.js:2503:30)
      at Object.<anonymous> (services/metaService.test.js:107:9)

    console.warn
      ⚠ Instagram publishing is disabled (text-only mode — no media available)

      52 |  */
      53 | async function publishToInstagram(format, caption) {
    > 54 |     console.warn('⚠ Instagram publishing is disabled (text-only mode — no media available)');
         |             ^
      55 |     return { id: 'skipped_instagram_no_media' };
      56 | }
      57 |

      at warn (services/metaService.js:54:13)
      at publishToInstagram (services/metaService.test.js:114:42)
      at AsyncProperty.predicate (node_modules/fast-check/lib/cjs/fast-check.js:1272:104)
      at AsyncProperty.run (node_modules/fast-check/lib/cjs/fast-check.js:1208:30)
      at asyncRunIt (node_modules/fast-check/lib/cjs/fast-check.js:2503:30)
      at Object.<anonymous> (services/metaService.test.js:107:9)

    console.warn
      ⚠ Instagram publishing is disabled (text-only mode — no media available)

      52 |  */
      53 | async function publishToInstagram(format, caption) {
    > 54 |     console.warn('⚠ Instagram publishing is disabled (text-only mode — no media available)');
         |             ^
      55 |     return { id: 'skipped_instagram_no_media' };
      56 | }
      57 |

      at warn (services/metaService.js:54:13)
      at publishToInstagram (services/metaService.test.js:114:42)
      at AsyncProperty.predicate (node_modules/fast-check/lib/cjs/fast-check.js:1272:104)
      at AsyncProperty.run (node_modules/fast-check/lib/cjs/fast-check.js:1208:30)
      at asyncRunIt (node_modules/fast-check/lib/cjs/fast-check.js:2503:30)
      at Object.<anonymous> (services/metaService.test.js:107:9)

    console.warn
      ⚠ Instagram publishing is disabled (text-only mode — no media available)

      52 |  */
      53 | async function publishToInstagram(format, caption) {
    > 54 |     console.warn('⚠ Instagram publishing is disabled (text-only mode — no media available)');
         |             ^
      55 |     return { id: 'skipped_instagram_no_media' };
      56 | }
      57 |

      at warn (services/metaService.js:54:13)
      at publishToInstagram (services/metaService.test.js:114:42)
      at AsyncProperty.predicate (node_modules/fast-check/lib/cjs/fast-check.js:1272:104)
      at AsyncProperty.run (node_modules/fast-check/lib/cjs/fast-check.js:1208:30)
      at asyncRunIt (node_modules/fast-check/lib/cjs/fast-check.js:2503:30)
      at Object.<anonymous> (services/metaService.test.js:107:9)

    console.warn
      ⚠ Instagram publishing is disabled (text-only mode — no media available)

      52 |  */
      53 | async function publishToInstagram(format, caption) {
    > 54 |     console.warn('⚠ Instagram publishing is disabled (text-only mode — no media available)');
         |             ^
      55 |     return { id: 'skipped_instagram_no_media' };
      56 | }
      57 |

      at warn (services/metaService.js:54:13)
      at publishToInstagram (services/metaService.test.js:114:42)
      at AsyncProperty.predicate (node_modules/fast-check/lib/cjs/fast-check.js:1272:104)
      at AsyncProperty.run (node_modules/fast-check/lib/cjs/fast-check.js:1208:30)
      at asyncRunIt (node_modules/fast-check/lib/cjs/fast-check.js:2503:30)
      at Object.<anonymous> (services/metaService.test.js:107:9)

    console.warn
      ⚠ Instagram publishing is disabled (text-only mode — no media available)

      52 |  */
      53 | async function publishToInstagram(format, caption) {
    > 54 |     console.warn('⚠ Instagram publishing is disabled (text-only mode — no media available)');
         |             ^
      55 |     return { id: 'skipped_instagram_no_media' };
      56 | }
      57 |

      at warn (services/metaService.js:54:13)
      at publishToInstagram (services/metaService.test.js:114:42)
      at AsyncProperty.predicate (node_modules/fast-check/lib/cjs/fast-check.js:1272:104)
      at AsyncProperty.run (node_modules/fast-check/lib/cjs/fast-check.js:1208:30)
      at asyncRunIt (node_modules/fast-check/lib/cjs/fast-check.js:2503:30)
      at Object.<anonymous> (services/metaService.test.js:107:9)

    console.warn
      ⚠ Instagram publishing is disabled (text-only mode — no media available)

      52 |  */
      53 | async function publishToInstagram(format, caption) {
    > 54 |     console.warn('⚠ Instagram publishing is disabled (text-only mode — no media available)');
         |             ^
      55 |     return { id: 'skipped_instagram_no_media' };
      56 | }
      57 |

      at warn (services/metaService.js:54:13)
      at publishToInstagram (services/metaService.test.js:114:42)
      at AsyncProperty.predicate (node_modules/fast-check/lib/cjs/fast-check.js:1272:104)
      at AsyncProperty.run (node_modules/fast-check/lib/cjs/fast-check.js:1208:30)
      at asyncRunIt (node_modules/fast-check/lib/cjs/fast-check.js:2503:30)
      at Object.<anonymous> (services/metaService.test.js:107:9)

    console.warn
      ⚠ Instagram publishing is disabled (text-only mode — no media available)

      52 |  */
      53 | async function publishToInstagram(format, caption) {
    > 54 |     console.warn('⚠ Instagram publishing is disabled (text-only mode — no media available)');
         |             ^
      55 |     return { id: 'skipped_instagram_no_media' };
      56 | }
      57 |

      at warn (services/metaService.js:54:13)
      at publishToInstagram (services/metaService.test.js:114:42)
      at AsyncProperty.predicate (node_modules/fast-check/lib/cjs/fast-check.js:1272:104)
      at AsyncProperty.run (node_modules/fast-check/lib/cjs/fast-check.js:1208:30)
      at asyncRunIt (node_modules/fast-check/lib/cjs/fast-check.js:2503:30)
      at Object.<anonymous> (services/metaService.test.js:107:9)

    console.warn
      ⚠ Instagram publishing is disabled (text-only mode — no media available)

      52 |  */
      53 | async function publishToInstagram(format, caption) {
    > 54 |     console.warn('⚠ Instagram publishing is disabled (text-only mode — no media available)');
         |             ^
      55 |     return { id: 'skipped_instagram_no_media' };
      56 | }
      57 |

      at warn (services/metaService.js:54:13)
      at publishToInstagram (services/metaService.test.js:114:42)
      at AsyncProperty.predicate (node_modules/fast-check/lib/cjs/fast-check.js:1272:104)
      at AsyncProperty.run (node_modules/fast-check/lib/cjs/fast-check.js:1208:30)
      at asyncRunIt (node_modules/fast-check/lib/cjs/fast-check.js:2503:30)
      at Object.<anonymous> (services/metaService.test.js:107:9)

    console.warn
      ⚠ Instagram publishing is disabled (text-only mode — no media available)

      52 |  */
      53 | async function publishToInstagram(format, caption) {
    > 54 |     console.warn('⚠ Instagram publishing is disabled (text-only mode — no media available)');
         |             ^
      55 |     return { id: 'skipped_instagram_no_media' };
      56 | }
      57 |

      at warn (services/metaService.js:54:13)
      at publishToInstagram (services/metaService.test.js:114:42)
      at AsyncProperty.predicate (node_modules/fast-check/lib/cjs/fast-check.js:1272:104)
      at AsyncProperty.run (node_modules/fast-check/lib/cjs/fast-check.js:1208:30)
      at asyncRunIt (node_modules/fast-check/lib/cjs/fast-check.js:2503:30)
      at Object.<anonymous> (services/metaService.test.js:107:9)

    console.warn
      ⚠ Instagram publishing is disabled (text-only mode — no media available)

      52 |  */
      53 | async function publishToInstagram(format, caption) {
    > 54 |     console.warn('⚠ Instagram publishing is disabled (text-only mode — no media available)');
         |             ^
      55 |     return { id: 'skipped_instagram_no_media' };
      56 | }
      57 |

      at warn (services/metaService.js:54:13)
      at publishToInstagram (services/metaService.test.js:114:42)
      at AsyncProperty.predicate (node_modules/fast-check/lib/cjs/fast-check.js:1272:104)
      at AsyncProperty.run (node_modules/fast-check/lib/cjs/fast-check.js:1208:30)
      at asyncRunIt (node_modules/fast-check/lib/cjs/fast-check.js:2503:30)
      at Object.<anonymous> (services/metaService.test.js:107:9)

    console.warn
      ⚠ Instagram publishing is disabled (text-only mode — no media available)

      52 |  */
      53 | async function publishToInstagram(format, caption) {
    > 54 |     console.warn('⚠ Instagram publishing is disabled (text-only mode — no media available)');
         |             ^
      55 |     return { id: 'skipped_instagram_no_media' };
      56 | }
      57 |

      at warn (services/metaService.js:54:13)
      at publishToInstagram (services/metaService.test.js:114:42)
      at AsyncProperty.predicate (node_modules/fast-check/lib/cjs/fast-check.js:1272:104)
      at AsyncProperty.run (node_modules/fast-check/lib/cjs/fast-check.js:1208:30)
      at asyncRunIt (node_modules/fast-check/lib/cjs/fast-check.js:2503:30)
      at Object.<anonymous> (services/metaService.test.js:107:9)

    console.warn
      ⚠ Instagram publishing is disabled (text-only mode — no media available)

      52 |  */
      53 | async function publishToInstagram(format, caption) {
    > 54 |     console.warn('⚠ Instagram publishing is disabled (text-only mode — no media available)');
         |             ^
      55 |     return { id: 'skipped_instagram_no_media' };
      56 | }
      57 |

      at warn (services/metaService.js:54:13)
      at publishToInstagram (services/metaService.test.js:114:42)
      at AsyncProperty.predicate (node_modules/fast-check/lib/cjs/fast-check.js:1272:104)
      at AsyncProperty.run (node_modules/fast-check/lib/cjs/fast-check.js:1208:30)
      at asyncRunIt (node_modules/fast-check/lib/cjs/fast-check.js:2503:30)
      at Object.<anonymous> (services/metaService.test.js:107:9)

    console.warn
      ⚠ Instagram publishing is disabled (text-only mode — no media available)

      52 |  */
      53 | async function publishToInstagram(format, caption) {
    > 54 |     console.warn('⚠ Instagram publishing is disabled (text-only mode — no media available)');
         |             ^
      55 |     return { id: 'skipped_instagram_no_media' };
      56 | }
      57 |

      at warn (services/metaService.js:54:13)
      at publishToInstagram (services/metaService.test.js:114:42)
      at AsyncProperty.predicate (node_modules/fast-check/lib/cjs/fast-check.js:1272:104)
      at AsyncProperty.run (node_modules/fast-check/lib/cjs/fast-check.js:1208:30)
      at asyncRunIt (node_modules/fast-check/lib/cjs/fast-check.js:2503:30)
      at Object.<anonymous> (services/metaService.test.js:107:9)

    console.warn
      ⚠ Instagram publishing is disabled (text-only mode — no media available)

      52 |  */
      53 | async function publishToInstagram(format, caption) {
    > 54 |     console.warn('⚠ Instagram publishing is disabled (text-only mode — no media available)');
         |             ^
      55 |     return { id: 'skipped_instagram_no_media' };
      56 | }
      57 |

      at warn (services/metaService.js:54:13)
      at publishToInstagram (services/metaService.test.js:114:42)
      at AsyncProperty.predicate (node_modules/fast-check/lib/cjs/fast-check.js:1272:104)
      at AsyncProperty.run (node_modules/fast-check/lib/cjs/fast-check.js:1208:30)
      at asyncRunIt (node_modules/fast-check/lib/cjs/fast-check.js:2503:30)
      at Object.<anonymous> (services/metaService.test.js:107:9)

    console.warn
      ⚠ Instagram publishing is disabled (text-only mode — no media available)

      52 |  */
      53 | async function publishToInstagram(format, caption) {
    > 54 |     console.warn('⚠ Instagram publishing is disabled (text-only mode — no media available)');
         |             ^
      55 |     return { id: 'skipped_instagram_no_media' };
      56 | }
      57 |

      at warn (services/metaService.js:54:13)
      at publishToInstagram (services/metaService.test.js:114:42)
      at AsyncProperty.predicate (node_modules/fast-check/lib/cjs/fast-check.js:1272:104)
      at AsyncProperty.run (node_modules/fast-check/lib/cjs/fast-check.js:1208:30)
      at asyncRunIt (node_modules/fast-check/lib/cjs/fast-check.js:2503:30)
      at Object.<anonymous> (services/metaService.test.js:107:9)

    console.warn
      ⚠ Instagram publishing is disabled (text-only mode — no media available)

      52 |  */
      53 | async function publishToInstagram(format, caption) {
    > 54 |     console.warn('⚠ Instagram publishing is disabled (text-only mode — no media available)');
         |             ^
      55 |     return { id: 'skipped_instagram_no_media' };
      56 | }
      57 |

      at warn (services/metaService.js:54:13)
      at publishToInstagram (services/metaService.test.js:114:42)
      at AsyncProperty.predicate (node_modules/fast-check/lib/cjs/fast-check.js:1272:104)
      at AsyncProperty.run (node_modules/fast-check/lib/cjs/fast-check.js:1208:30)
      at asyncRunIt (node_modules/fast-check/lib/cjs/fast-check.js:2503:30)
      at Object.<anonymous> (services/metaService.test.js:107:9)

    console.warn
      ⚠ Instagram publishing is disabled (text-only mode — no media available)

      52 |  */
      53 | async function publishToInstagram(format, caption) {
    > 54 |     console.warn('⚠ Instagram publishing is disabled (text-only mode — no media available)');
         |             ^
      55 |     return { id: 'skipped_instagram_no_media' };
      56 | }
      57 |

      at warn (services/metaService.js:54:13)
      at publishToInstagram (services/metaService.test.js:114:42)
      at AsyncProperty.predicate (node_modules/fast-check/lib/cjs/fast-check.js:1272:104)
      at AsyncProperty.run (node_modules/fast-check/lib/cjs/fast-check.js:1208:30)
      at asyncRunIt (node_modules/fast-check/lib/cjs/fast-check.js:2503:30)
      at Object.<anonymous> (services/metaService.test.js:107:9)

    console.warn
      ⚠ Instagram publishing is disabled (text-only mode — no media available)

      52 |  */
      53 | async function publishToInstagram(format, caption) {
    > 54 |     console.warn('⚠ Instagram publishing is disabled (text-only mode — no media available)');
         |             ^
      55 |     return { id: 'skipped_instagram_no_media' };
      56 | }
      57 |

      at warn (services/metaService.js:54:13)
      at publishToInstagram (services/metaService.test.js:114:42)
      at AsyncProperty.predicate (node_modules/fast-check/lib/cjs/fast-check.js:1272:104)
      at AsyncProperty.run (node_modules/fast-check/lib/cjs/fast-check.js:1208:30)
      at asyncRunIt (node_modules/fast-check/lib/cjs/fast-check.js:2503:30)
      at Object.<anonymous> (services/metaService.test.js:107:9)

    console.warn
      ⚠ Instagram publishing is disabled (text-only mode — no media available)

      52 |  */
      53 | async function publishToInstagram(format, caption) {
    > 54 |     console.warn('⚠ Instagram publishing is disabled (text-only mode — no media available)');
         |             ^
      55 |     return { id: 'skipped_instagram_no_media' };
      56 | }
      57 |

      at warn (services/metaService.js:54:13)
      at publishToInstagram (services/metaService.test.js:114:42)
      at AsyncProperty.predicate (node_modules/fast-check/lib/cjs/fast-check.js:1272:104)
      at AsyncProperty.run (node_modules/fast-check/lib/cjs/fast-check.js:1208:30)
      at asyncRunIt (node_modules/fast-check/lib/cjs/fast-check.js:2503:30)
      at Object.<anonymous> (services/metaService.test.js:107:9)

    console.warn
      ⚠ Instagram publishing is disabled (text-only mode — no media available)

      52 |  */
      53 | async function publishToInstagram(format, caption) {
    > 54 |     console.warn('⚠ Instagram publishing is disabled (text-only mode — no media available)');
         |             ^
      55 |     return { id: 'skipped_instagram_no_media' };
      56 | }
      57 |

      at warn (services/metaService.js:54:13)
      at publishToInstagram (services/metaService.test.js:114:42)
      at AsyncProperty.predicate (node_modules/fast-check/lib/cjs/fast-check.js:1272:104)
      at AsyncProperty.run (node_modules/fast-check/lib/cjs/fast-check.js:1208:30)
      at asyncRunIt (node_modules/fast-check/lib/cjs/fast-check.js:2503:30)
      at Object.<anonymous> (services/metaService.test.js:107:9)

    console.warn
      ⚠ Instagram publishing is disabled (text-only mode — no media available)

      52 |  */
      53 | async function publishToInstagram(format, caption) {
    > 54 |     console.warn('⚠ Instagram publishing is disabled (text-only mode — no media available)');
         |             ^
      55 |     return { id: 'skipped_instagram_no_media' };
      56 | }
      57 |

      at warn (services/metaService.js:54:13)
      at publishToInstagram (services/metaService.test.js:114:42)
      at AsyncProperty.predicate (node_modules/fast-check/lib/cjs/fast-check.js:1272:104)
      at AsyncProperty.run (node_modules/fast-check/lib/cjs/fast-check.js:1208:30)
      at asyncRunIt (node_modules/fast-check/lib/cjs/fast-check.js:2503:30)
      at Object.<anonymous> (services/metaService.test.js:107:9)

    console.warn
      ⚠ Instagram publishing is disabled (text-only mode — no media available)

      52 |  */
      53 | async function publishToInstagram(format, caption) {
    > 54 |     console.warn('⚠ Instagram publishing is disabled (text-only mode — no media available)');
         |             ^
      55 |     return { id: 'skipped_instagram_no_media' };
      56 | }
      57 |

      at warn (services/metaService.js:54:13)
      at publishToInstagram (services/metaService.test.js:114:42)
      at AsyncProperty.predicate (node_modules/fast-check/lib/cjs/fast-check.js:1272:104)
      at AsyncProperty.run (node_modules/fast-check/lib/cjs/fast-check.js:1208:30)
      at asyncRunIt (node_modules/fast-check/lib/cjs/fast-check.js:2503:30)
      at Object.<anonymous> (services/metaService.test.js:107:9)

    console.warn
      ⚠ Instagram publishing is disabled (text-only mode — no media available)

      52 |  */
      53 | async function publishToInstagram(format, caption) {
    > 54 |     console.warn('⚠ Instagram publishing is disabled (text-only mode — no media available)');
         |             ^
      55 |     return { id: 'skipped_instagram_no_media' };
      56 | }
      57 |

      at warn (services/metaService.js:54:13)
      at publishToInstagram (services/metaService.test.js:114:42)
      at AsyncProperty.predicate (node_modules/fast-check/lib/cjs/fast-check.js:1272:104)
      at AsyncProperty.run (node_modules/fast-check/lib/cjs/fast-check.js:1208:30)
      at asyncRunIt (node_modules/fast-check/lib/cjs/fast-check.js:2503:30)
      at Object.<anonymous> (services/metaService.test.js:107:9)

    console.warn
      ⚠ Instagram publishing is disabled (text-only mode — no media available)

      52 |  */
      53 | async function publishToInstagram(format, caption) {
    > 54 |     console.warn('⚠ Instagram publishing is disabled (text-only mode — no media available)');
         |             ^
      55 |     return { id: 'skipped_instagram_no_media' };
      56 | }
      57 |

      at warn (services/metaService.js:54:13)
      at publishToInstagram (services/metaService.test.js:114:42)
      at AsyncProperty.predicate (node_modules/fast-check/lib/cjs/fast-check.js:1272:104)
      at AsyncProperty.run (node_modules/fast-check/lib/cjs/fast-check.js:1208:30)
      at asyncRunIt (node_modules/fast-check/lib/cjs/fast-check.js:2503:30)
      at Object.<anonymous> (services/metaService.test.js:107:9)

  ● Meta Service › Error Handling › should log warning and simulate publish when Instagram credentials missing

    expect(jest.fn()).toHaveBeenCalledWith(...expected)

    Expected: StringContaining "not configured"
    Received: "⚠ Instagram publishing is disabled (text-only mode — no media available)"

    Number of calls: 1

    [0m [90m 170 |[39m             
     [90m 171 |[39m             [90m// Should warn about missing credentials[39m
    [31m[1m>[22m[39m[90m 172 |[39m             expect(warnSpy)[33m.[39mtoHaveBeenCalledWith(
     [90m     |[39m                             [31m[1m^[22m[39m
     [90m 173 |[39m                 expect[33m.[39mstringContaining([32m'not configured'[39m)
     [90m 174 |[39m             )[33m;[39m
     [90m 175 |[39m             [0m

      at Object.toHaveBeenCalledWith (services/metaService.test.js:172:29)

  ● Meta Service › Error Handling › should log warning and skip sync when credentials missing

    TypeError: syncRecentMetrics is not a function

    [0m [90m 215 |[39m             [36mconst[39m mockUpdateMetrics [33m=[39m jest[33m.[39mfn()[33m;[39m
     [90m 216 |[39m             
    [31m[1m>[22m[39m[90m 217 |[39m             [36mawait[39m syncRecentMetrics(mockGetRecentPosts[33m,[39m mockUpdateMetrics)[33m;[39m
     [90m     |[39m                   [31m[1m^[22m[39m
     [90m 218 |[39m             
     [90m 219 |[39m             [90m// Should warn about missing credentials[39m
     [90m 220 |[39m             expect(warnSpy)[33m.[39mtoHaveBeenCalledWith([0m

      at Object.syncRecentMetrics (services/metaService.test.js:217:19)

  ● Meta Service › Error Handling › should include error message and stack trace in logs on API failure

    expect(jest.fn()).toHaveBeenCalledWith(...expected)

    Expected: StringContaining "at "
    Received: "✗ Facebook publish failed:", "Invalid OAuth access token - Cannot parse access token"

    Number of calls: 1

    [0m [90m 250 |[39m             
     [90m 251 |[39m             [90m// Should log stack trace (as a string)[39m
    [31m[1m>[22m[39m[90m 252 |[39m             expect(errorSpy)[33m.[39mtoHaveBeenCalledWith(
     [90m     |[39m                              [31m[1m^[22m[39m
     [90m 253 |[39m                 expect[33m.[39mstringContaining([32m'at '[39m)
     [90m 254 |[39m             )[33m;[39m
     [90m 255 |[39m             [0m

      at Object.toHaveBeenCalledWith (services/metaService.test.js:252:30)

FAIL ./db.test.js (25.153 s)
  ● Console

    console.log
      → Initializing database...

      at Database.log (db.js:44:21)

    console.log
      ✓ Database initialized successfully

      at log (db.js:73:29)

    console.log
      ✓ Database connection closed

      at Database.log (db.js:106:29)

    console.log
      → Initializing database...

      at Database.log (db.js:44:21)

    console.log
      ✓ Database initialized successfully

      at log (db.js:73:29)

    console.log
      → Retrieving historical posts from last 7 days (since 2026-03-10)...

      at log (db.js:133:17)

    console.log
      ✓ Retrieved 0 historical post(s)

      at Statement.log (db.js:151:21)

    console.log
      → Retrieving historical posts from last 7 days (since 2026-03-10)...

      at log (db.js:133:17)

    console.log
      ✓ Retrieved 0 historical post(s)

      at Statement.log (db.js:151:21)

    console.log
      → Retrieving historical posts from last 7 days (since 2026-03-10)...

      at log (db.js:133:17)

    console.log
      ✓ Retrieved 2 historical post(s)

      at Statement.log (db.js:151:21)

    console.log
      → Retrieving historical posts from last 7 days (since 2026-03-10)...

      at log (db.js:133:17)

    console.log
      ✓ Retrieved 0 historical post(s)

      at Statement.log (db.js:151:21)

    console.log
      → Retrieving historical posts from last 7 days (since 2026-03-10)...

      at log (db.js:133:17)

    console.log
      ✓ Retrieved 0 historical post(s)

      at Statement.log (db.js:151:21)

    console.log
      → Retrieving historical posts from last 7 days (since 2026-03-10)...

      at log (db.js:133:17)

    console.log
      ✓ Retrieved 0 historical post(s)

      at Statement.log (db.js:151:21)

    console.log
      → Retrieving historical posts from last 7 days (since 2026-03-10)...

      at log (db.js:133:17)

    console.log
      ✓ Retrieved 1 historical post(s)

      at Statement.log (db.js:151:21)

    console.log
      → Retrieving historical posts from last 7 days (since 2026-03-10)...

      at log (db.js:133:17)

    console.log
      ✓ Retrieved 0 historical post(s)

      at Statement.log (db.js:151:21)

    console.log
      → Retrieving historical posts from last 7 days (since 2026-03-10)...

      at log (db.js:133:17)

    console.log
      ✓ Retrieved 0 historical post(s)

      at Statement.log (db.js:151:21)

    console.log
      → Retrieving historical posts from last 7 days (since 2026-03-10)...

      at log (db.js:133:17)

    console.log
      ✓ Retrieved 1 historical post(s)

      at Statement.log (db.js:151:21)

    console.log
      → Retrieving historical posts from last 7 days (since 2026-03-10)...

      at log (db.js:133:17)

    console.log
      ✓ Retrieved 0 historical post(s)

      at Statement.log (db.js:151:21)

    console.log
      → Retrieving historical posts from last 7 days (since 2026-03-10)...

      at log (db.js:133:17)

    console.log
      ✓ Retrieved 0 historical post(s)

      at Statement.log (db.js:151:21)

    console.log
      → Retrieving historical posts from last 7 days (since 2026-03-10)...

      at log (db.js:133:17)

    console.log
      ✓ Retrieved 0 historical post(s)

      at Statement.log (db.js:151:21)

    console.log
      → Retrieving historical posts from last 7 days (since 2026-03-10)...

      at log (db.js:133:17)

    console.log
      ✓ Retrieved 0 historical post(s)

      at Statement.log (db.js:151:21)

    console.log
      → Retrieving historical posts from last 7 days (since 2026-03-10)...

      at log (db.js:133:17)

    console.log
      ✓ Retrieved 0 historical post(s)

      at Statement.log (db.js:151:21)

    console.log
      → Retrieving historical posts from last 7 days (since 2026-03-10)...

      at log (db.js:133:17)

    console.log
      ✓ Retrieved 0 historical post(s)

      at Statement.log (db.js:151:21)

    console.log
      → Retrieving historical posts from last 7 days (since 2026-03-10)...

      at log (db.js:133:17)

    console.log
      ✓ Retrieved 0 historical post(s)

      at Statement.log (db.js:151:21)

    console.log
      → Retrieving historical posts from last 7 days (since 2026-03-10)...

      at log (db.js:133:17)

    console.log
      ✓ Retrieved 0 historical post(s)

      at Statement.log (db.js:151:21)

    console.log
      → Retrieving historical posts from last 7 days (since 2026-03-10)...

      at log (db.js:133:17)

    console.log
      ✓ Retrieved 1 historical post(s)

      at Statement.log (db.js:151:21)

    console.log
      → Retrieving historical posts from last 7 days (since 2026-03-10)...

      at log (db.js:133:17)

    console.log
      ✓ Retrieved 0 historical post(s)

      at Statement.log (db.js:151:21)

    console.log
      → Retrieving historical posts from last 7 days (since 2026-03-10)...

      at log (db.js:133:17)

    console.log
      ✓ Retrieved 0 historical post(s)

      at Statement.log (db.js:151:21)

    console.log
      → Retrieving historical posts from last 7 days (since 2026-03-10)...

      at log (db.js:133:17)

    console.log
      ✓ Retrieved 0 historical post(s)

      at Statement.log (db.js:151:21)

    console.log
      → Retrieving historical posts from last 7 days (since 2026-03-10)...

      at log (db.js:133:17)

    console.log
      ✓ Retrieved 0 historical post(s)

      at Statement.log (db.js:151:21)

    console.log
      → Retrieving historical posts from last 7 days (since 2026-03-10)...

      at log (db.js:133:17)

    console.log
      ✓ Retrieved 0 historical post(s)

      at Statement.log (db.js:151:21)

    console.log
      → Retrieving historical posts from last 7 days (since 2026-03-10)...

      at log (db.js:133:17)

    console.log
      ✓ Retrieved 0 historical post(s)

      at Statement.log (db.js:151:21)

    console.log
      → Retrieving historical posts from last 7 days (since 2026-03-10)...

      at log (db.js:133:17)

    console.log
      ✓ Retrieved 0 historical post(s)

      at Statement.log (db.js:151:21)

    console.log
      → Retrieving historical posts from last 7 days (since 2026-03-10)...

      at log (db.js:133:17)

    console.log
      ✓ Retrieved 0 historical post(s)

      at Statement.log (db.js:151:21)

    console.log
      → Retrieving historical posts from last 7 days (since 2026-03-10)...

      at log (db.js:133:17)

    console.log
      ✓ Retrieved 0 historical post(s)

      at Statement.log (db.js:151:21)

    console.log
      → Retrieving historical posts from last 7 days (since 2026-03-10)...

      at log (db.js:133:17)

    console.log
      ✓ Retrieved 0 historical post(s)

      at Statement.log (db.js:151:21)

    console.log
      → Retrieving historical posts from last 7 days (since 2026-03-10)...

      at log (db.js:133:17)

    console.log
      ✓ Retrieved 1 historical post(s)

      at Statement.log (db.js:151:21)

    console.log
      → Retrieving historical posts from last 7 days (since 2026-03-10)...

      at log (db.js:133:17)

    console.log
      ✓ Retrieved 0 historical post(s)

      at Statement.log (db.js:151:21)

    console.log
      → Retrieving historical posts from last 7 days (since 2026-03-10)...

      at log (db.js:133:17)

    console.log
      ✓ Retrieved 0 historical post(s)

      at Statement.log (db.js:151:21)

    console.log
      → Retrieving historical posts from last 7 days (since 2026-03-10)...

      at log (db.js:133:17)

    console.log
      ✓ Retrieved 0 historical post(s)

      at Statement.log (db.js:151:21)

    console.log
      → Retrieving historical posts from last 7 days (since 2026-03-10)...

      at log (db.js:133:17)

    console.log
      ✓ Retrieved 0 historical post(s)

      at Statement.log (db.js:151:21)

    console.log
      → Retrieving historical posts from last 7 days (since 2026-03-10)...

      at log (db.js:133:17)

    console.log
      ✓ Retrieved 0 historical post(s)

      at Statement.log (db.js:151:21)

    console.log
      → Retrieving historical posts from last 7 days (since 2026-03-10)...

      at log (db.js:133:17)

    console.log
      ✓ Retrieved 0 historical post(s)

      at Statement.log (db.js:151:21)

    console.log
      → Retrieving historical posts from last 7 days (since 2026-03-10)...

      at log (db.js:133:17)

    console.log
      ✓ Retrieved 0 historical post(s)

      at Statement.log (db.js:151:21)

    console.log
      → Retrieving historical posts from last 7 days (since 2026-03-10)...

      at log (db.js:133:17)

    console.log
      ✓ Retrieved 0 historical post(s)

      at Statement.log (db.js:151:21)

    console.log
      → Retrieving historical posts from last 7 days (since 2026-03-10)...

      at log (db.js:133:17)

    console.log
      ✓ Retrieved 1 historical post(s)

      at Statement.log (db.js:151:21)

    console.log
      → Retrieving historical posts from last 7 days (since 2026-03-10)...

      at log (db.js:133:17)

    console.log
      ✓ Retrieved 0 historical post(s)

      at Statement.log (db.js:151:21)

    console.log
      → Retrieving historical posts from last 7 days (since 2026-03-10)...

      at log (db.js:133:17)

    console.log
      ✓ Retrieved 0 historical post(s)

      at Statement.log (db.js:151:21)

    console.log
      → Retrieving historical posts from last 7 days (since 2026-03-10)...

      at log (db.js:133:17)

    console.log
      ✓ Retrieved 0 historical post(s)

      at Statement.log (db.js:151:21)

    console.log
      → Retrieving historical posts from last 7 days (since 2026-03-10)...

      at log (db.js:133:17)

    console.log
      ✓ Retrieved 0 historical post(s)

      at Statement.log (db.js:151:21)

    console.log
      → Retrieving historical posts from last 7 days (since 2026-03-10)...

      at log (db.js:133:17)

    console.log
      ✓ Retrieved 0 historical post(s)

      at Statement.log (db.js:151:21)

    console.log
      → Retrieving historical posts from last 7 days (since 2026-03-10)...

      at log (db.js:133:17)

    console.log
      ✓ Retrieved 0 historical post(s)

      at Statement.log (db.js:151:21)

    console.log
      → Retrieving historical posts from last 7 days (since 2026-03-10)...

      at log (db.js:133:17)

    console.log
      ✓ Retrieved 0 historical post(s)

      at Statement.log (db.js:151:21)

    console.log
      → Retrieving historical posts from last 7 days (since 2026-03-10)...

      at log (db.js:133:17)

    console.log
      ✓ Retrieved 0 historical post(s)

      at Statement.log (db.js:151:21)

    console.log
      → Retrieving historical posts from last 7 days (since 2026-03-10)...

      at log (db.js:133:17)

    console.log
      ✓ Retrieved 1 historical post(s)

      at Statement.log (db.js:151:21)

    console.log
      → Retrieving historical posts from last 7 days (since 2026-03-10)...

      at log (db.js:133:17)

    console.log
      ✓ Retrieved 0 historical post(s)

      at Statement.log (db.js:151:21)

    console.log
      → Retrieving historical posts from last 7 days (since 2026-03-10)...

      at log (db.js:133:17)

    console.log
      ✓ Retrieved 0 historical post(s)

      at Statement.log (db.js:151:21)

    console.log
      → Retrieving historical posts from last 7 days (since 2026-03-10)...

      at log (db.js:133:17)

    console.log
      ✓ Retrieved 0 historical post(s)

      at Statement.log (db.js:151:21)

    console.log
      → Retrieving historical posts from last 7 days (since 2026-03-10)...

      at log (db.js:133:17)

    console.log
      ✓ Retrieved 0 historical post(s)

      at Statement.log (db.js:151:21)

    console.log
      → Retrieving historical posts from last 7 days (since 2026-03-10)...

      at log (db.js:133:17)

    console.log
      ✓ Retrieved 0 historical post(s)

      at Statement.log (db.js:151:21)

    console.log
      → Retrieving historical posts from last 7 days (since 2026-03-10)...

      at log (db.js:133:17)

    console.log
      ✓ Retrieved 0 historical post(s)

      at Statement.log (db.js:151:21)

    console.log
      → Retrieving historical posts from last 7 days (since 2026-03-10)...

      at log (db.js:133:17)

    console.log
      ✓ Retrieved 3 historical post(s)

      at Statement.log (db.js:151:21)

    console.log
      → Retrieving historical posts from last 7 days (since 2026-03-10)...

      at log (db.js:133:17)

    console.log
      ✓ Retrieved 0 historical post(s)

      at Statement.log (db.js:151:21)

    console.log
      → Retrieving historical posts from last 7 days (since 2026-03-10)...

      at log (db.js:133:17)

    console.log
      ✓ Retrieved 0 historical post(s)

      at Statement.log (db.js:151:21)

    console.log
      → Retrieving historical posts from last 7 days (since 2026-03-10)...

      at log (db.js:133:17)

    console.log
      ✓ Retrieved 0 historical post(s)

      at Statement.log (db.js:151:21)

    console.log
      → Retrieving historical posts from last 7 days (since 2026-03-10)...

      at log (db.js:133:17)

    console.log
      ✓ Retrieved 0 historical post(s)

      at Statement.log (db.js:151:21)

    console.log
      → Retrieving historical posts from last 7 days (since 2026-03-10)...

      at log (db.js:133:17)

    console.log
      ✓ Retrieved 0 historical post(s)

      at Statement.log (db.js:151:21)

    console.log
      → Retrieving historical posts from last 7 days (since 2026-03-10)...

      at log (db.js:133:17)

    console.log
      ✓ Retrieved 2 historical post(s)

      at Statement.log (db.js:151:21)

    console.log
      → Retrieving historical posts from last 7 days (since 2026-03-10)...

      at log (db.js:133:17)

    console.log
      ✓ Retrieved 0 historical post(s)

      at Statement.log (db.js:151:21)

    console.log
      → Retrieving historical posts from last 7 days (since 2026-03-10)...

      at log (db.js:133:17)

    console.log
      ✓ Retrieved 0 historical post(s)

      at Statement.log (db.js:151:21)

    console.log
      → Retrieving historical posts from last 7 days (since 2026-03-10)...

      at log (db.js:133:17)

    console.log
      ✓ Retrieved 0 historical post(s)

      at Statement.log (db.js:151:21)

    console.log
      → Retrieving historical posts from last 7 days (since 2026-03-10)...

      at log (db.js:133:17)

    console.log
      ✓ Retrieved 0 historical post(s)

      at Statement.log (db.js:151:21)

    console.log
      → Retrieving historical posts from last 7 days (since 2026-03-10)...

      at log (db.js:133:17)

    console.log
      ✓ Retrieved 0 historical post(s)

      at Statement.log (db.js:151:21)

    console.log
      → Retrieving historical posts from last 7 days (since 2026-03-10)...

      at log (db.js:133:17)

    console.log
      ✓ Retrieved 0 historical post(s)

      at Statement.log (db.js:151:21)

    console.log
      → Retrieving historical posts from last 7 days (since 2026-03-10)...

      at log (db.js:133:17)

    console.log
      ✓ Retrieved 1 historical post(s)

      at Statement.log (db.js:151:21)

    console.log
      → Retrieving historical posts from last 7 days (since 2026-03-10)...

      at log (db.js:133:17)

    console.log
      ✓ Retrieved 0 historical post(s)

      at Statement.log (db.js:151:21)

    console.log
      → Retrieving historical posts from last 7 days (since 2026-03-10)...

      at log (db.js:133:17)

    console.log
      ✓ Retrieved 0 historical post(s)

      at Statement.log (db.js:151:21)

    console.log
      → Retrieving historical posts from last 7 days (since 2026-03-10)...

      at log (db.js:133:17)

    console.log
      ✓ Retrieved 0 historical post(s)

      at Statement.log (db.js:151:21)

    console.log
      → Retrieving historical posts from last 7 days (since 2026-03-10)...

      at log (db.js:133:17)

    console.log
      ✓ Retrieved 1 historical post(s)

      at Statement.log (db.js:151:21)

    console.log
      → Retrieving historical posts from last 7 days (since 2026-03-10)...

      at log (db.js:133:17)

    console.log
      ✓ Retrieved 1 historical post(s)

      at Statement.log (db.js:151:21)

    console.log
      → Retrieving historical posts from last 7 days (since 2026-03-10)...

      at log (db.js:133:17)

    console.log
      ✓ Retrieved 0 historical post(s)

      at Statement.log (db.js:151:21)

    console.log
      → Retrieving historical posts from last 7 days (since 2026-03-10)...

      at log (db.js:133:17)

    console.log
      ✓ Retrieved 0 historical post(s)

      at Statement.log (db.js:151:21)

    console.log
      → Retrieving historical posts from last 7 days (since 2026-03-10)...

      at log (db.js:133:17)

    console.log
      ✓ Retrieved 0 historical post(s)

      at Statement.log (db.js:151:21)

    console.log
      → Retrieving historical posts from last 7 days (since 2026-03-10)...

      at log (db.js:133:17)

    console.log
      ✓ Retrieved 0 historical post(s)

      at Statement.log (db.js:151:21)

    console.log
      → Retrieving historical posts from last 7 days (since 2026-03-10)...

      at log (db.js:133:17)

    console.log
      ✓ Retrieved 0 historical post(s)

      at Statement.log (db.js:151:21)

    console.log
      → Retrieving historical posts from last 7 days (since 2026-03-10)...

      at log (db.js:133:17)

    console.log
      ✓ Retrieved 2 historical post(s)

      at Statement.log (db.js:151:21)

    console.log
      → Retrieving historical posts from last 7 days (since 2026-03-10)...

      at log (db.js:133:17)

    console.log
      ✓ Retrieved 0 historical post(s)

      at Statement.log (db.js:151:21)

    console.log
      → Retrieving historical posts from last 7 days (since 2026-03-10)...

      at log (db.js:133:17)

    console.log
      ✓ Retrieved 0 historical post(s)

      at Statement.log (db.js:151:21)

    console.log
      → Retrieving historical posts from last 7 days (since 2026-03-10)...

      at log (db.js:133:17)

    console.log
      ✓ Retrieved 0 historical post(s)

      at Statement.log (db.js:151:21)

    console.log
      → Retrieving historical posts from last 7 days (since 2026-03-10)...

      at log (db.js:133:17)

    console.log
      ✓ Retrieved 1 historical post(s)

      at Statement.log (db.js:151:21)

    console.log
      → Retrieving historical posts from last 7 days (since 2026-03-10)...

      at log (db.js:133:17)

    console.log
      ✓ Retrieved 0 historical post(s)

      at Statement.log (db.js:151:21)

    console.log
      → Retrieving historical posts from last 7 days (since 2026-03-10)...

      at log (db.js:133:17)

    console.log
      ✓ Retrieved 0 historical post(s)

      at Statement.log (db.js:151:21)

    console.log
      → Retrieving historical posts from last 7 days (since 2026-03-10)...

      at log (db.js:133:17)

    console.log
      ✓ Retrieved 0 historical post(s)

      at Statement.log (db.js:151:21)

    console.log
      → Retrieving historical posts from last 7 days (since 2026-03-10)...

      at log (db.js:133:17)

    console.log
      ✓ Retrieved 0 historical post(s)

      at Statement.log (db.js:151:21)

    console.log
      → Retrieving historical posts from last 7 days (since 2026-03-10)...

      at log (db.js:133:17)

    console.log
      ✓ Retrieved 0 historical post(s)

      at Statement.log (db.js:151:21)

    console.log
      → Retrieving historical posts from last 7 days (since 2026-03-10)...

      at log (db.js:133:17)

    console.log
      ✓ Retrieved 0 historical post(s)

      at Statement.log (db.js:151:21)

    console.log
      → Retrieving historical posts from last 7 days (since 2026-03-10)...

      at log (db.js:133:17)

    console.log
      ✓ Retrieved 0 historical post(s)

      at Statement.log (db.js:151:21)

    console.log
      → Retrieving historical posts from last 7 days (since 2026-03-10)...

      at log (db.js:133:17)

    console.log
      ✓ Retrieved 0 historical post(s)

      at Statement.log (db.js:151:21)

    console.log
      → Retrieving historical posts from last 7 days (since 2026-03-10)...

      at log (db.js:133:17)

    console.log
      ✓ Retrieved 0 historical post(s)

      at Statement.log (db.js:151:21)

    console.log
      ✓ Database connection closed

      at Database.log (db.js:106:29)

    console.log
      → Initializing database...

      at Database.log (db.js:44:21)

    console.log
      ✓ Database initialized successfully

      at log (db.js:73:29)

    console.log
      → Retrieving historical posts from last 7 days (since 2026-03-10)...

      at log (db.js:133:17)

    console.log
      ✓ Retrieved 1 historical post(s)

      at Statement.log (db.js:151:21)

    console.log
      → Retrieving historical posts from last 7 days (since 2026-03-10)...

      at log (db.js:133:17)

    console.log
      ✓ Retrieved 1 historical post(s)

      at Statement.log (db.js:151:21)

    console.log
      → Retrieving historical posts from last 7 days (since 2026-03-10)...

      at log (db.js:133:17)

    console.log
      ✓ Retrieved 1 historical post(s)

      at Statement.log (db.js:151:21)

    console.log
      → Retrieving historical posts from last 7 days (since 2026-03-10)...

      at log (db.js:133:17)

    console.log
      ✓ Retrieved 1 historical post(s)

      at Statement.log (db.js:151:21)

    console.log
      → Retrieving historical posts from last 7 days (since 2026-03-10)...

      at log (db.js:133:17)

    console.log
      ✓ Retrieved 1 historical post(s)

      at Statement.log (db.js:151:21)

    console.log
      → Retrieving historical posts from last 7 days (since 2026-03-10)...

      at log (db.js:133:17)

    console.log
      ✓ Retrieved 1 historical post(s)

      at Statement.log (db.js:151:21)

    console.log
      → Retrieving historical posts from last 7 days (since 2026-03-10)...

      at log (db.js:133:17)

    console.log
      ✓ Retrieved 1 historical post(s)

      at Statement.log (db.js:151:21)

    console.log
      → Retrieving historical posts from last 7 days (since 2026-03-10)...

      at log (db.js:133:17)

    console.log
      ✓ Retrieved 1 historical post(s)

      at Statement.log (db.js:151:21)

    console.log
      → Retrieving historical posts from last 7 days (since 2026-03-10)...

      at log (db.js:133:17)

    console.log
      ✓ Retrieved 1 historical post(s)

      at Statement.log (db.js:151:21)

    console.log
      → Retrieving historical posts from last 7 days (since 2026-03-10)...

      at log (db.js:133:17)

    console.log
      ✓ Retrieved 1 historical post(s)

      at Statement.log (db.js:151:21)

    console.log
      → Retrieving historical posts from last 7 days (since 2026-03-10)...

      at log (db.js:133:17)

    console.log
      ✓ Retrieved 1 historical post(s)

      at Statement.log (db.js:151:21)

    console.log
      → Retrieving historical posts from last 7 days (since 2026-03-10)...

      at log (db.js:133:17)

    console.log
      ✓ Retrieved 1 historical post(s)

      at Statement.log (db.js:151:21)

    console.log
      → Retrieving historical posts from last 7 days (since 2026-03-10)...

      at log (db.js:133:17)

    console.log
      ✓ Retrieved 1 historical post(s)

      at Statement.log (db.js:151:21)

    console.log
      → Retrieving historical posts from last 7 days (since 2026-03-10)...

      at log (db.js:133:17)

    console.log
      ✓ Retrieved 1 historical post(s)

      at Statement.log (db.js:151:21)

    console.log
      → Retrieving historical posts from last 7 days (since 2026-03-10)...

      at log (db.js:133:17)

    console.log
      ✓ Retrieved 1 historical post(s)

      at Statement.log (db.js:151:21)

    console.log
      → Retrieving historical posts from last 7 days (since 2026-03-10)...

      at log (db.js:133:17)

    console.log
      ✓ Retrieved 1 historical post(s)

      at Statement.log (db.js:151:21)

    console.log
      → Retrieving historical posts from last 7 days (since 2026-03-10)...

      at log (db.js:133:17)

    console.log
      ✓ Retrieved 1 historical post(s)

      at Statement.log (db.js:151:21)

    console.log
      → Retrieving historical posts from last 7 days (since 2026-03-10)...

      at log (db.js:133:17)

    console.log
      ✓ Retrieved 1 historical post(s)

      at Statement.log (db.js:151:21)

    console.log
      → Retrieving historical posts from last 7 days (since 2026-03-10)...

      at log (db.js:133:17)

    console.log
      ✓ Retrieved 1 historical post(s)

      at Statement.log (db.js:151:21)

    console.log
      → Retrieving historical posts from last 7 days (since 2026-03-10)...

      at log (db.js:133:17)

    console.log
      ✓ Retrieved 1 historical post(s)

      at Statement.log (db.js:151:21)

    console.log
      → Retrieving historical posts from last 7 days (since 2026-03-10)...

      at log (db.js:133:17)

    console.log
      ✓ Retrieved 1 historical post(s)

      at Statement.log (db.js:151:21)

    console.log
      → Retrieving historical posts from last 7 days (since 2026-03-10)...

      at log (db.js:133:17)

    console.log
      ✓ Retrieved 1 historical post(s)

      at Statement.log (db.js:151:21)

    console.log
      → Retrieving historical posts from last 7 days (since 2026-03-10)...

      at log (db.js:133:17)

    console.log
      ✓ Retrieved 1 historical post(s)

      at Statement.log (db.js:151:21)

    console.log
      → Retrieving historical posts from last 7 days (since 2026-03-10)...

      at log (db.js:133:17)

    console.log
      ✓ Retrieved 1 historical post(s)

      at Statement.log (db.js:151:21)

    console.log
      → Retrieving historical posts from last 7 days (since 2026-03-10)...

      at log (db.js:133:17)

    console.log
      ✓ Retrieved 1 historical post(s)

      at Statement.log (db.js:151:21)

    console.log
      → Retrieving historical posts from last 7 days (since 2026-03-10)...

      at log (db.js:133:17)

    console.log
      ✓ Retrieved 1 historical post(s)

      at Statement.log (db.js:151:21)

    console.log
      → Retrieving historical posts from last 7 days (since 2026-03-10)...

      at log (db.js:133:17)

    console.log
      ✓ Retrieved 1 historical post(s)

      at Statement.log (db.js:151:21)

    console.log
      → Retrieving historical posts from last 7 days (since 2026-03-10)...

      at log (db.js:133:17)

    console.log
      ✓ Retrieved 1 historical post(s)

      at Statement.log (db.js:151:21)

    console.log
      → Retrieving historical posts from last 7 days (since 2026-03-10)...

      at log (db.js:133:17)

    console.log
      ✓ Retrieved 1 historical post(s)

      at Statement.log (db.js:151:21)

    console.log
      → Retrieving historical posts from last 7 days (since 2026-03-10)...

      at log (db.js:133:17)

    console.log
      ✓ Retrieved 1 historical post(s)

      at Statement.log (db.js:151:21)

    console.log
      → Retrieving historical posts from last 7 days (since 2026-03-10)...

      at log (db.js:133:17)

    console.log
      ✓ Retrieved 1 historical post(s)

      at Statement.log (db.js:151:21)

    console.log
      → Retrieving historical posts from last 7 days (since 2026-03-10)...

      at log (db.js:133:17)

    console.log
      ✓ Retrieved 1 historical post(s)

      at Statement.log (db.js:151:21)

    console.log
      → Retrieving historical posts from last 7 days (since 2026-03-10)...

      at log (db.js:133:17)

    console.log
      ✓ Retrieved 1 historical post(s)

      at Statement.log (db.js:151:21)

    console.log
      → Retrieving historical posts from last 7 days (since 2026-03-10)...

      at log (db.js:133:17)

    console.log
      ✓ Retrieved 1 historical post(s)

      at Statement.log (db.js:151:21)

    console.log
      → Retrieving historical posts from last 7 days (since 2026-03-10)...

      at log (db.js:133:17)

    console.log
      ✓ Retrieved 1 historical post(s)

      at Statement.log (db.js:151:21)

    console.log
      → Retrieving historical posts from last 7 days (since 2026-03-10)...

      at log (db.js:133:17)

    console.log
      ✓ Retrieved 1 historical post(s)

      at Statement.log (db.js:151:21)

    console.log
      → Retrieving historical posts from last 7 days (since 2026-03-10)...

      at log (db.js:133:17)

    console.log
      ✓ Retrieved 1 historical post(s)

      at Statement.log (db.js:151:21)

    console.log
      → Retrieving historical posts from last 7 days (since 2026-03-10)...

      at log (db.js:133:17)

    console.log
      ✓ Retrieved 1 historical post(s)

      at Statement.log (db.js:151:21)

    console.log
      → Retrieving historical posts from last 7 days (since 2026-03-10)...

      at log (db.js:133:17)

    console.log
      ✓ Retrieved 1 historical post(s)

      at Statement.log (db.js:151:21)

    console.log
      → Retrieving historical posts from last 7 days (since 2026-03-10)...

      at log (db.js:133:17)

    console.log
      ✓ Retrieved 1 historical post(s)

      at Statement.log (db.js:151:21)

    console.log
      → Retrieving historical posts from last 7 days (since 2026-03-10)...

      at log (db.js:133:17)

    console.log
      ✓ Retrieved 1 historical post(s)

      at Statement.log (db.js:151:21)

    console.log
      → Retrieving historical posts from last 7 days (since 2026-03-10)...

      at log (db.js:133:17)

    console.log
      ✓ Retrieved 1 historical post(s)

      at Statement.log (db.js:151:21)

    console.log
      → Retrieving historical posts from last 7 days (since 2026-03-10)...

      at log (db.js:133:17)

    console.log
      ✓ Retrieved 1 historical post(s)

      at Statement.log (db.js:151:21)

    console.log
      → Retrieving historical posts from last 7 days (since 2026-03-10)...

      at log (db.js:133:17)

    console.log
      ✓ Retrieved 1 historical post(s)

      at Statement.log (db.js:151:21)

    console.log
      → Retrieving historical posts from last 7 days (since 2026-03-10)...

      at log (db.js:133:17)

    console.log
      ✓ Retrieved 1 historical post(s)

      at Statement.log (db.js:151:21)

    console.log
      → Retrieving historical posts from last 7 days (since 2026-03-10)...

      at log (db.js:133:17)

    console.log
      ✓ Retrieved 1 historical post(s)

      at Statement.log (db.js:151:21)

    console.log
      → Retrieving historical posts from last 7 days (since 2026-03-10)...

      at log (db.js:133:17)

    console.log
      ✓ Retrieved 1 historical post(s)

      at Statement.log (db.js:151:21)

    console.log
      → Retrieving historical posts from last 7 days (since 2026-03-10)...

      at log (db.js:133:17)

    console.log
      ✓ Retrieved 1 historical post(s)

      at Statement.log (db.js:151:21)

    console.log
      → Retrieving historical posts from last 7 days (since 2026-03-10)...

      at log (db.js:133:17)

    console.log
      ✓ Retrieved 1 historical post(s)

      at Statement.log (db.js:151:21)

    console.log
      → Retrieving historical posts from last 7 days (since 2026-03-10)...

      at log (db.js:133:17)

    console.log
      ✓ Retrieved 1 historical post(s)

      at Statement.log (db.js:151:21)

    console.log
      → Retrieving historical posts from last 7 days (since 2026-03-10)...

      at log (db.js:133:17)

    console.log
      ✓ Retrieved 1 historical post(s)

      at Statement.log (db.js:151:21)

    console.log
      → Retrieving historical posts from last 7 days (since 2026-03-10)...

      at log (db.js:133:17)

    console.log
      ✓ Retrieved 1 historical post(s)

      at Statement.log (db.js:151:21)

    console.log
      → Retrieving historical posts from last 7 days (since 2026-03-10)...

      at log (db.js:133:17)

    console.log
      ✓ Retrieved 1 historical post(s)

      at Statement.log (db.js:151:21)

    console.log
      → Retrieving historical posts from last 7 days (since 2026-03-10)...

      at log (db.js:133:17)

    console.log
      ✓ Retrieved 1 historical post(s)

      at Statement.log (db.js:151:21)

    console.log
      → Retrieving historical posts from last 7 days (since 2026-03-10)...

      at log (db.js:133:17)

    console.log
      ✓ Retrieved 1 historical post(s)

      at Statement.log (db.js:151:21)

    console.log
      → Retrieving historical posts from last 7 days (since 2026-03-10)...

      at log (db.js:133:17)

    console.log
      ✓ Retrieved 1 historical post(s)

      at Statement.log (db.js:151:21)

    console.log
      → Retrieving historical posts from last 7 days (since 2026-03-10)...

      at log (db.js:133:17)

    console.log
      ✓ Retrieved 1 historical post(s)

      at Statement.log (db.js:151:21)

    console.log
      → Retrieving historical posts from last 7 days (since 2026-03-10)...

      at log (db.js:133:17)

    console.log
      ✓ Retrieved 1 historical post(s)

      at Statement.log (db.js:151:21)

    console.log
      → Retrieving historical posts from last 7 days (since 2026-03-10)...

      at log (db.js:133:17)

    console.log
      ✓ Retrieved 1 historical post(s)

      at Statement.log (db.js:151:21)

    console.log
      → Retrieving historical posts from last 7 days (since 2026-03-10)...

      at log (db.js:133:17)

    console.log
      ✓ Retrieved 1 historical post(s)

      at Statement.log (db.js:151:21)

    console.log
      → Retrieving historical posts from last 7 days (since 2026-03-10)...

      at log (db.js:133:17)

    console.log
      ✓ Retrieved 1 historical post(s)

      at Statement.log (db.js:151:21)

    console.log
      → Retrieving historical posts from last 7 days (since 2026-03-10)...

      at log (db.js:133:17)

    console.log
      ✓ Retrieved 1 historical post(s)

      at Statement.log (db.js:151:21)

    console.log
      → Retrieving historical posts from last 7 days (since 2026-03-10)...

      at log (db.js:133:17)

    console.log
      ✓ Retrieved 1 historical post(s)

      at Statement.log (db.js:151:21)

    console.log
      → Retrieving historical posts from last 7 days (since 2026-03-10)...

      at log (db.js:133:17)

    console.log
      ✓ Retrieved 1 historical post(s)

      at Statement.log (db.js:151:21)

    console.log
      → Retrieving historical posts from last 7 days (since 2026-03-10)...

      at log (db.js:133:17)

    console.log
      ✓ Retrieved 1 historical post(s)

      at Statement.log (db.js:151:21)

    console.log
      → Retrieving historical posts from last 7 days (since 2026-03-10)...

      at log (db.js:133:17)

    console.log
      ✓ Retrieved 1 historical post(s)

      at Statement.log (db.js:151:21)

    console.log
      → Retrieving historical posts from last 7 days (since 2026-03-10)...

      at log (db.js:133:17)

    console.log
      ✓ Retrieved 1 historical post(s)

      at Statement.log (db.js:151:21)

    console.log
      → Retrieving historical posts from last 7 days (since 2026-03-10)...

      at log (db.js:133:17)

    console.log
      ✓ Retrieved 1 historical post(s)

      at Statement.log (db.js:151:21)

    console.log
      → Retrieving historical posts from last 7 days (since 2026-03-10)...

      at log (db.js:133:17)

    console.log
      ✓ Retrieved 1 historical post(s)

      at Statement.log (db.js:151:21)

    console.log
      → Retrieving historical posts from last 7 days (since 2026-03-10)...

      at log (db.js:133:17)

    console.log
      ✓ Retrieved 1 historical post(s)

      at Statement.log (db.js:151:21)

    console.log
      → Retrieving historical posts from last 7 days (since 2026-03-10)...

      at log (db.js:133:17)

    console.log
      ✓ Retrieved 1 historical post(s)

      at Statement.log (db.js:151:21)

    console.log
      → Retrieving historical posts from last 7 days (since 2026-03-10)...

      at log (db.js:133:17)

    console.log
      ✓ Retrieved 1 historical post(s)

      at Statement.log (db.js:151:21)

    console.log
      → Retrieving historical posts from last 7 days (since 2026-03-10)...

      at log (db.js:133:17)

    console.log
      ✓ Retrieved 1 historical post(s)

      at Statement.log (db.js:151:21)

    console.log
      → Retrieving historical posts from last 7 days (since 2026-03-10)...

      at log (db.js:133:17)

    console.log
      ✓ Retrieved 1 historical post(s)

      at Statement.log (db.js:151:21)

    console.log
      → Retrieving historical posts from last 7 days (since 2026-03-10)...

      at log (db.js:133:17)

    console.log
      ✓ Retrieved 1 historical post(s)

      at Statement.log (db.js:151:21)

    console.log
      → Retrieving historical posts from last 7 days (since 2026-03-10)...

      at log (db.js:133:17)

    console.log
      ✓ Retrieved 1 historical post(s)

      at Statement.log (db.js:151:21)

    console.log
      → Retrieving historical posts from last 7 days (since 2026-03-10)...

      at log (db.js:133:17)

    console.log
      ✓ Retrieved 1 historical post(s)

      at Statement.log (db.js:151:21)

    console.log
      → Retrieving historical posts from last 7 days (since 2026-03-10)...

      at log (db.js:133:17)

    console.log
      ✓ Retrieved 1 historical post(s)

      at Statement.log (db.js:151:21)

    console.log
      → Retrieving historical posts from last 7 days (since 2026-03-10)...

      at log (db.js:133:17)

    console.log
      ✓ Retrieved 1 historical post(s)

      at Statement.log (db.js:151:21)

    console.log
      → Retrieving historical posts from last 7 days (since 2026-03-10)...

      at log (db.js:133:17)

    console.log
      ✓ Retrieved 1 historical post(s)

      at Statement.log (db.js:151:21)

    console.log
      → Retrieving historical posts from last 7 days (since 2026-03-10)...

      at log (db.js:133:17)

    console.log
      ✓ Retrieved 1 historical post(s)

      at Statement.log (db.js:151:21)

    console.log
      → Retrieving historical posts from last 7 days (since 2026-03-10)...

      at log (db.js:133:17)

    console.log
      ✓ Retrieved 1 historical post(s)

      at Statement.log (db.js:151:21)

    console.log
      → Retrieving historical posts from last 7 days (since 2026-03-10)...

      at log (db.js:133:17)

    console.log
      ✓ Retrieved 1 historical post(s)

      at Statement.log (db.js:151:21)

    console.log
      → Retrieving historical posts from last 7 days (since 2026-03-10)...

      at log (db.js:133:17)

    console.log
      ✓ Retrieved 1 historical post(s)

      at Statement.log (db.js:151:21)

    console.log
      → Retrieving historical posts from last 7 days (since 2026-03-10)...

      at log (db.js:133:17)

    console.log
      ✓ Retrieved 1 historical post(s)

      at Statement.log (db.js:151:21)

    console.log
      → Retrieving historical posts from last 7 days (since 2026-03-10)...

      at log (db.js:133:17)

    console.log
      ✓ Retrieved 1 historical post(s)

      at Statement.log (db.js:151:21)

    console.log
      → Retrieving historical posts from last 7 days (since 2026-03-10)...

      at log (db.js:133:17)

    console.log
      ✓ Retrieved 1 historical post(s)

      at Statement.log (db.js:151:21)

    console.log
      → Retrieving historical posts from last 7 days (since 2026-03-10)...

      at log (db.js:133:17)

    console.log
      ✓ Retrieved 1 historical post(s)

      at Statement.log (db.js:151:21)

    console.log
      → Retrieving historical posts from last 7 days (since 2026-03-10)...

      at log (db.js:133:17)

    console.log
      ✓ Retrieved 1 historical post(s)

      at Statement.log (db.js:151:21)

    console.log
      → Retrieving historical posts from last 7 days (since 2026-03-10)...

      at log (db.js:133:17)

    console.log
      ✓ Retrieved 1 historical post(s)

      at Statement.log (db.js:151:21)

    console.log
      → Retrieving historical posts from last 7 days (since 2026-03-10)...

      at log (db.js:133:17)

    console.log
      ✓ Retrieved 1 historical post(s)

      at Statement.log (db.js:151:21)

    console.log
      → Retrieving historical posts from last 7 days (since 2026-03-10)...

      at log (db.js:133:17)

    console.log
      ✓ Retrieved 1 historical post(s)

      at Statement.log (db.js:151:21)

    console.log
      → Retrieving historical posts from last 7 days (since 2026-03-10)...

      at log (db.js:133:17)

    console.log
      ✓ Retrieved 1 historical post(s)

      at Statement.log (db.js:151:21)

    console.log
      → Retrieving historical posts from last 7 days (since 2026-03-10)...

      at log (db.js:133:17)

    console.log
      ✓ Retrieved 1 historical post(s)

      at Statement.log (db.js:151:21)

    console.log
      → Retrieving historical posts from last 7 days (since 2026-03-10)...

      at log (db.js:133:17)

    console.log
      ✓ Retrieved 1 historical post(s)

      at Statement.log (db.js:151:21)

    console.log
      → Retrieving historical posts from last 7 days (since 2026-03-10)...

      at log (db.js:133:17)

    console.log
      ✓ Retrieved 1 historical post(s)

      at Statement.log (db.js:151:21)

    console.log
      → Retrieving historical posts from last 7 days (since 2026-03-10)...

      at log (db.js:133:17)

    console.log
      ✓ Retrieved 1 historical post(s)

      at Statement.log (db.js:151:21)

    console.log
      → Retrieving historical posts from last 7 days (since 2026-03-10)...

      at log (db.js:133:17)

    console.log
      ✓ Retrieved 1 historical post(s)

      at Statement.log (db.js:151:21)

    console.log
      → Retrieving historical posts from last 7 days (since 2026-03-10)...

      at log (db.js:133:17)

    console.log
      ✓ Retrieved 1 historical post(s)

      at Statement.log (db.js:151:21)

    console.log
      → Retrieving historical posts from last 7 days (since 2026-03-10)...

      at log (db.js:133:17)

    console.log
      ✓ Retrieved 1 historical post(s)

      at Statement.log (db.js:151:21)

    console.log
      ✓ Database connection closed

      at Database.log (db.js:106:29)

    console.log
      → Initializing database...

      at Database.log (db.js:44:21)

    console.log
      ✓ Database initialized successfully

      at log (db.js:73:29)

    console.log
      → Inserting content plan for 2026-03-18 (story on both)...

      at log (db.js:180:17)

    console.log
      ✓ Content plan saved with ID 1

      at Statement.log (db.js:208:25)

    console.log
      → Inserting content plan for 2026-03-18 (reel on instagram)...

      at log (db.js:180:17)

    console.log
      ✓ Content plan saved with ID 2

      at Statement.log (db.js:208:25)

    console.log
      → Inserting content plan for 2026-03-18 (reel on instagram)...

      at log (db.js:180:17)

    console.log
      ✓ Content plan saved with ID 3

      at Statement.log (db.js:208:25)

    console.log
      → Inserting content plan for 2026-03-18 (post on both)...

      at log (db.js:180:17)

    console.log
      ✓ Content plan saved with ID 4

      at Statement.log (db.js:208:25)

    console.log
      → Inserting content plan for 2026-03-18 (reel on instagram)...

      at log (db.js:180:17)

    console.log
      ✓ Content plan saved with ID 5

      at Statement.log (db.js:208:25)

    console.log
      → Inserting content plan for 2026-03-18 (post on both)...

      at log (db.js:180:17)

    console.log
      ✓ Content plan saved with ID 6

      at Statement.log (db.js:208:25)

    console.log
      → Inserting content plan for 2026-03-18 (post on both)...

      at log (db.js:180:17)

    console.log
      ✓ Content plan saved with ID 7

      at Statement.log (db.js:208:25)

    console.log
      → Inserting content plan for 2026-03-18 (story on both)...

      at log (db.js:180:17)

    console.log
      ✓ Content plan saved with ID 8

      at Statement.log (db.js:208:25)

    console.log
      → Inserting content plan for 2026-03-18 (reel on instagram)...

      at log (db.js:180:17)

    console.log
      ✓ Content plan saved with ID 9

      at Statement.log (db.js:208:25)

    console.log
      → Inserting content plan for 2026-03-18 (post on both)...

      at log (db.js:180:17)

    console.log
      ✓ Content plan saved with ID 10

      at Statement.log (db.js:208:25)

    console.log
      → Inserting content plan for 2026-03-18 (story on both)...

      at log (db.js:180:17)

    console.log
      ✓ Content plan saved with ID 11

      at Statement.log (db.js:208:25)

    console.log
      → Inserting content plan for 2026-03-18 (reel on instagram)...

      at log (db.js:180:17)

    console.log
      ✓ Content plan saved with ID 12

      at Statement.log (db.js:208:25)

    console.log
      → Inserting content plan for 2026-03-18 (reel on instagram)...

      at log (db.js:180:17)

    console.log
      ✓ Content plan saved with ID 13

      at Statement.log (db.js:208:25)

    console.log
      → Inserting content plan for 2026-03-18 (post on both)...

      at log (db.js:180:17)

    console.log
      ✓ Content plan saved with ID 14

      at Statement.log (db.js:208:25)

    console.log
      → Inserting content plan for 2026-03-18 (post on both)...

      at log (db.js:180:17)

    console.log
      ✓ Content plan saved with ID 15

      at Statement.log (db.js:208:25)

    console.log
      → Inserting content plan for 2026-03-18 (story on both)...

      at log (db.js:180:17)

    console.log
      ✓ Content plan saved with ID 16

      at Statement.log (db.js:208:25)

    console.log
      → Inserting content plan for 2026-03-18 (post on both)...

      at log (db.js:180:17)

    console.log
      ✓ Content plan saved with ID 17

      at Statement.log (db.js:208:25)

    console.log
      → Inserting content plan for 2026-03-18 (post on both)...

      at log (db.js:180:17)

    console.log
      ✓ Content plan saved with ID 18

      at Statement.log (db.js:208:25)

    console.log
      → Inserting content plan for 2026-03-18 (reel on instagram)...

      at log (db.js:180:17)

    console.log
      ✓ Content plan saved with ID 19

      at Statement.log (db.js:208:25)

    console.log
      → Inserting content plan for 2026-03-18 (story on both)...

      at log (db.js:180:17)

    console.log
      ✓ Content plan saved with ID 20

      at Statement.log (db.js:208:25)

    console.log
      → Inserting content plan for 2026-03-18 (reel on instagram)...

      at log (db.js:180:17)

    console.log
      ✓ Content plan saved with ID 21

      at Statement.log (db.js:208:25)

    console.log
      → Inserting content plan for 2026-03-18 (reel on instagram)...

      at log (db.js:180:17)

    console.log
      ✓ Content plan saved with ID 22

      at Statement.log (db.js:208:25)

    console.log
      → Inserting content plan for 2026-03-18 (post on both)...

      at log (db.js:180:17)

    console.log
      ✓ Content plan saved with ID 23

      at Statement.log (db.js:208:25)

    console.log
      → Inserting content plan for 2026-03-18 (post on both)...

      at log (db.js:180:17)

    console.log
      ✓ Content plan saved with ID 24

      at Statement.log (db.js:208:25)

    console.log
      → Inserting content plan for 2026-03-18 (post on both)...

      at log (db.js:180:17)

    console.log
      ✓ Content plan saved with ID 25

      at Statement.log (db.js:208:25)

    console.log
      → Inserting content plan for 2026-03-18 (story on both)...

      at log (db.js:180:17)

    console.log
      ✓ Content plan saved with ID 26

      at Statement.log (db.js:208:25)

    console.log
      → Inserting content plan for 2026-03-18 (reel on instagram)...

      at log (db.js:180:17)

    console.log
      ✓ Content plan saved with ID 27

      at Statement.log (db.js:208:25)

    console.log
      → Inserting content plan for 2026-03-18 (post on both)...

      at log (db.js:180:17)

    console.log
      ✓ Content plan saved with ID 28

      at Statement.log (db.js:208:25)

    console.log
      → Inserting content plan for 2026-03-18 (reel on instagram)...

      at log (db.js:180:17)

    console.log
      ✓ Content plan saved with ID 29

      at Statement.log (db.js:208:25)

    console.log
      → Inserting content plan for 2026-03-18 (post on both)...

      at log (db.js:180:17)

    console.log
      ✓ Content plan saved with ID 30

      at Statement.log (db.js:208:25)

    console.log
      → Inserting content plan for 2026-03-18 (reel on instagram)...

      at log (db.js:180:17)

    console.log
      ✓ Content plan saved with ID 31

      at Statement.log (db.js:208:25)

    console.log
      → Inserting content plan for 2026-03-18 (post on both)...

      at log (db.js:180:17)

    console.log
      ✓ Content plan saved with ID 32

      at Statement.log (db.js:208:25)

    console.log
      → Inserting content plan for 2026-03-18 (reel on instagram)...

      at log (db.js:180:17)

    console.log
      ✓ Content plan saved with ID 33

      at Statement.log (db.js:208:25)

    console.log
      → Inserting content plan for 2026-03-18 (post on both)...

      at log (db.js:180:17)

    console.log
      ✓ Content plan saved with ID 34

      at Statement.log (db.js:208:25)

    console.log
      → Inserting content plan for 2026-03-18 (reel on instagram)...

      at log (db.js:180:17)

    console.log
      ✓ Content plan saved with ID 35

      at Statement.log (db.js:208:25)

    console.log
      → Inserting content plan for 2026-03-18 (post on both)...

      at log (db.js:180:17)

    console.log
      ✓ Content plan saved with ID 36

      at Statement.log (db.js:208:25)

    console.log
      → Inserting content plan for 2026-03-18 (story on both)...

      at log (db.js:180:17)

    console.log
      ✓ Content plan saved with ID 37

      at Statement.log (db.js:208:25)

    console.log
      → Inserting content plan for 2026-03-18 (reel on instagram)...

      at log (db.js:180:17)

    console.log
      ✓ Content plan saved with ID 38

      at Statement.log (db.js:208:25)

    console.log
      → Inserting content plan for 2026-03-18 (reel on instagram)...

      at log (db.js:180:17)

    console.log
      ✓ Content plan saved with ID 39

      at Statement.log (db.js:208:25)

    console.log
      → Inserting content plan for 2026-03-18 (story on both)...

      at log (db.js:180:17)

    console.log
      ✓ Content plan saved with ID 40

      at Statement.log (db.js:208:25)

    console.log
      → Inserting content plan for 2026-03-18 (reel on instagram)...

      at log (db.js:180:17)

    console.log
      ✓ Content plan saved with ID 41

      at Statement.log (db.js:208:25)

    console.log
      → Inserting content plan for 2026-03-18 (story on both)...

      at log (db.js:180:17)

    console.log
      ✓ Content plan saved with ID 42

      at Statement.log (db.js:208:25)

    console.log
      → Inserting content plan for 2026-03-18 (story on both)...

      at log (db.js:180:17)

    console.log
      ✓ Content plan saved with ID 43

      at Statement.log (db.js:208:25)

    console.log
      → Inserting content plan for 2026-03-18 (reel on instagram)...

      at log (db.js:180:17)

    console.log
      ✓ Content plan saved with ID 44

      at Statement.log (db.js:208:25)

    console.log
      → Inserting content plan for 2026-03-18 (post on both)...

      at log (db.js:180:17)

    console.log
      ✓ Content plan saved with ID 45

      at Statement.log (db.js:208:25)

    console.log
      → Inserting content plan for 2026-03-18 (post on both)...

      at log (db.js:180:17)

    console.log
      ✓ Content plan saved with ID 46

      at Statement.log (db.js:208:25)

    console.log
      → Inserting content plan for 2026-03-18 (post on both)...

      at log (db.js:180:17)

    console.log
      ✓ Content plan saved with ID 47

      at Statement.log (db.js:208:25)

    console.log
      → Inserting content plan for 2026-03-18 (reel on instagram)...

      at log (db.js:180:17)

    console.log
      ✓ Content plan saved with ID 48

      at Statement.log (db.js:208:25)

    console.log
      → Inserting content plan for 2026-03-18 (reel on instagram)...

      at log (db.js:180:17)

    console.log
      ✓ Content plan saved with ID 49

      at Statement.log (db.js:208:25)

    console.log
      → Inserting content plan for 2026-03-18 (story on both)...

      at log (db.js:180:17)

    console.log
      ✓ Content plan saved with ID 50

      at Statement.log (db.js:208:25)

    console.log
      → Inserting content plan for 2026-03-18 (post on both)...

      at log (db.js:180:17)

    console.log
      ✓ Content plan saved with ID 51

      at Statement.log (db.js:208:25)

    console.log
      → Inserting content plan for 2026-03-18 (reel on instagram)...

      at log (db.js:180:17)

    console.log
      ✓ Content plan saved with ID 52

      at Statement.log (db.js:208:25)

    console.log
      → Inserting content plan for 2026-03-18 (reel on instagram)...

      at log (db.js:180:17)

    console.log
      ✓ Content plan saved with ID 53

      at Statement.log (db.js:208:25)

    console.log
      → Inserting content plan for 2026-03-18 (post on both)...

      at log (db.js:180:17)

    console.log
      ✓ Content plan saved with ID 54

      at Statement.log (db.js:208:25)

    console.log
      → Inserting content plan for 2026-03-18 (reel on instagram)...

      at log (db.js:180:17)

    console.log
      ✓ Content plan saved with ID 55

      at Statement.log (db.js:208:25)

    console.log
      → Inserting content plan for 2026-03-18 (story on both)...

      at log (db.js:180:17)

    console.log
      ✓ Content plan saved with ID 56

      at Statement.log (db.js:208:25)

    console.log
      → Inserting content plan for 2026-03-18 (reel on instagram)...

      at log (db.js:180:17)

    console.log
      ✓ Content plan saved with ID 57

      at Statement.log (db.js:208:25)

    console.log
      → Inserting content plan for 2026-03-18 (story on both)...

      at log (db.js:180:17)

    console.log
      ✓ Content plan saved with ID 58

      at Statement.log (db.js:208:25)

    console.log
      → Inserting content plan for 2026-03-18 (post on both)...

      at log (db.js:180:17)

    console.log
      ✓ Content plan saved with ID 59

      at Statement.log (db.js:208:25)

    console.log
      → Inserting content plan for 2026-03-18 (story on both)...

      at log (db.js:180:17)

    console.log
      ✓ Content plan saved with ID 60

      at Statement.log (db.js:208:25)

    console.log
      → Inserting content plan for 2026-03-18 (reel on instagram)...

      at log (db.js:180:17)

    console.log
      ✓ Content plan saved with ID 61

      at Statement.log (db.js:208:25)

    console.log
      → Inserting content plan for 2026-03-18 (story on both)...

      at log (db.js:180:17)

    console.log
      ✓ Content plan saved with ID 62

      at Statement.log (db.js:208:25)

    console.log
      → Inserting content plan for 2026-03-18 (post on both)...

      at log (db.js:180:17)

    console.log
      ✓ Content plan saved with ID 63

      at Statement.log (db.js:208:25)

    console.log
      → Inserting content plan for 2026-03-18 (reel on instagram)...

      at log (db.js:180:17)

    console.log
      ✓ Content plan saved with ID 64

      at Statement.log (db.js:208:25)

    console.log
      → Inserting content plan for 2026-03-18 (reel on instagram)...

      at log (db.js:180:17)

    console.log
      ✓ Content plan saved with ID 65

      at Statement.log (db.js:208:25)

    console.log
      → Inserting content plan for 2026-03-18 (story on both)...

      at log (db.js:180:17)

    console.log
      ✓ Content plan saved with ID 66

      at Statement.log (db.js:208:25)

    console.log
      → Inserting content plan for 2026-03-18 (story on both)...

      at log (db.js:180:17)

    console.log
      ✓ Content plan saved with ID 67

      at Statement.log (db.js:208:25)

    console.log
      → Inserting content plan for 2026-03-18 (reel on instagram)...

      at log (db.js:180:17)

    console.log
      ✓ Content plan saved with ID 68

      at Statement.log (db.js:208:25)

    console.log
      → Inserting content plan for 2026-03-18 (story on both)...

      at log (db.js:180:17)

    console.log
      ✓ Content plan saved with ID 69

      at Statement.log (db.js:208:25)

    console.log
      → Inserting content plan for 2026-03-18 (reel on instagram)...

      at log (db.js:180:17)

    console.log
      ✓ Content plan saved with ID 70

      at Statement.log (db.js:208:25)

    console.log
      → Inserting content plan for 2026-03-18 (post on both)...

      at log (db.js:180:17)

    console.log
      ✓ Content plan saved with ID 71

      at Statement.log (db.js:208:25)

    console.log
      → Inserting content plan for 2026-03-18 (post on both)...

      at log (db.js:180:17)

    console.log
      ✓ Content plan saved with ID 72

      at Statement.log (db.js:208:25)

    console.log
      → Inserting content plan for 2026-03-18 (story on both)...

      at log (db.js:180:17)

    console.log
      ✓ Content plan saved with ID 73

      at Statement.log (db.js:208:25)

    console.log
      → Inserting content plan for 2026-03-18 (reel on instagram)...

      at log (db.js:180:17)

    console.log
      ✓ Content plan saved with ID 74

      at Statement.log (db.js:208:25)

    console.log
      → Inserting content plan for 2026-03-18 (story on both)...

      at log (db.js:180:17)

    console.log
      ✓ Content plan saved with ID 75

      at Statement.log (db.js:208:25)

    console.log
      → Inserting content plan for 2026-03-18 (story on both)...

      at log (db.js:180:17)

    console.log
      ✓ Content plan saved with ID 76

      at Statement.log (db.js:208:25)

    console.log
      → Inserting content plan for 2026-03-18 (reel on instagram)...

      at log (db.js:180:17)

    console.log
      ✓ Content plan saved with ID 77

      at Statement.log (db.js:208:25)

    console.log
      → Inserting content plan for 2026-03-18 (reel on instagram)...

      at log (db.js:180:17)

    console.log
      ✓ Content plan saved with ID 78

      at Statement.log (db.js:208:25)

    console.log
      → Inserting content plan for 2026-03-18 (story on both)...

      at log (db.js:180:17)

    console.log
      ✓ Content plan saved with ID 79

      at Statement.log (db.js:208:25)

    console.log
      → Inserting content plan for 2026-03-18 (story on both)...

      at log (db.js:180:17)

    console.log
      ✓ Content plan saved with ID 80

      at Statement.log (db.js:208:25)

    console.log
      → Inserting content plan for 2026-03-18 (story on both)...

      at log (db.js:180:17)

    console.log
      ✓ Content plan saved with ID 81

      at Statement.log (db.js:208:25)

    console.log
      → Inserting content plan for 2026-03-18 (post on both)...

      at log (db.js:180:17)

    console.log
      ✓ Content plan saved with ID 82

      at Statement.log (db.js:208:25)

    console.log
      → Inserting content plan for 2026-03-18 (reel on instagram)...

      at log (db.js:180:17)

    console.log
      ✓ Content plan saved with ID 83

      at Statement.log (db.js:208:25)

    console.log
      → Inserting content plan for 2026-03-18 (story on both)...

      at log (db.js:180:17)

    console.log
      ✓ Content plan saved with ID 84

      at Statement.log (db.js:208:25)

    console.log
      → Inserting content plan for 2026-03-18 (post on both)...

      at log (db.js:180:17)

    console.log
      ✓ Content plan saved with ID 85

      at Statement.log (db.js:208:25)

    console.log
      → Inserting content plan for 2026-03-18 (post on both)...

      at log (db.js:180:17)

    console.log
      ✓ Content plan saved with ID 86

      at Statement.log (db.js:208:25)

    console.log
      → Inserting content plan for 2026-03-18 (story on both)...

      at log (db.js:180:17)

    console.log
      ✓ Content plan saved with ID 87

      at Statement.log (db.js:208:25)

    console.log
      → Inserting content plan for 2026-03-18 (post on both)...

      at log (db.js:180:17)

    console.log
      ✓ Content plan saved with ID 88

      at Statement.log (db.js:208:25)

    console.log
      → Inserting content plan for 2026-03-18 (story on both)...

      at log (db.js:180:17)

    console.log
      ✓ Content plan saved with ID 89

      at Statement.log (db.js:208:25)

    console.log
      → Inserting content plan for 2026-03-18 (story on both)...

      at log (db.js:180:17)

    console.log
      ✓ Content plan saved with ID 90

      at Statement.log (db.js:208:25)

    console.log
      → Inserting content plan for 2026-03-18 (post on both)...

      at log (db.js:180:17)

    console.log
      ✓ Content plan saved with ID 91

      at Statement.log (db.js:208:25)

    console.log
      → Inserting content plan for 2026-03-18 (reel on instagram)...

      at log (db.js:180:17)

    console.log
      ✓ Content plan saved with ID 92

      at Statement.log (db.js:208:25)

    console.log
      → Inserting content plan for 2026-03-18 (reel on instagram)...

      at log (db.js:180:17)

    console.log
      ✓ Content plan saved with ID 93

      at Statement.log (db.js:208:25)

    console.log
      → Inserting content plan for 2026-03-18 (post on both)...

      at log (db.js:180:17)

    console.log
      ✓ Content plan saved with ID 94

      at Statement.log (db.js:208:25)

    console.log
      → Inserting content plan for 2026-03-18 (post on both)...

      at log (db.js:180:17)

    console.log
      ✓ Content plan saved with ID 95

      at Statement.log (db.js:208:25)

    console.log
      → Inserting content plan for 2026-03-18 (post on both)...

      at log (db.js:180:17)

    console.log
      ✓ Content plan saved with ID 96

      at Statement.log (db.js:208:25)

    console.log
      → Inserting content plan for 2026-03-18 (story on both)...

      at log (db.js:180:17)

    console.log
      ✓ Content plan saved with ID 97

      at Statement.log (db.js:208:25)

    console.log
      → Inserting content plan for 2026-03-18 (reel on instagram)...

      at log (db.js:180:17)

    console.log
      ✓ Content plan saved with ID 98

      at Statement.log (db.js:208:25)

    console.log
      → Inserting content plan for 2026-03-18 (story on both)...

      at log (db.js:180:17)

    console.log
      ✓ Content plan saved with ID 99

      at Statement.log (db.js:208:25)

    console.log
      → Inserting content plan for 2026-03-18 (reel on instagram)...

      at log (db.js:180:17)

    console.log
      ✓ Content plan saved with ID 100

      at Statement.log (db.js:208:25)

    console.log
      ✓ Database connection closed

      at Database.log (db.js:106:29)

    console.log
      → Initializing database...

      at Database.log (db.js:44:21)

    console.log
      ✓ Database initialized successfully

      at log (db.js:73:29)

    console.log
      → Inserting content plan for 2026-03-18 (story on both)...

      at log (db.js:180:17)

    console.log
      ✓ Content plan saved with ID 1

      at Statement.log (db.js:208:25)

    console.log
      → Inserting content plan for 2026-03-18 (story on both)...

      at log (db.js:180:17)

    console.log
      ✓ Content plan saved with ID 2

      at Statement.log (db.js:208:25)

    console.log
      → Inserting content plan for 2026-03-18 (post on both)...

      at log (db.js:180:17)

    console.log
      ✓ Content plan saved with ID 3

      at Statement.log (db.js:208:25)

    console.log
      → Inserting content plan for 2026-03-18 (post on both)...

      at log (db.js:180:17)

    console.log
      ✓ Content plan saved with ID 4

      at Statement.log (db.js:208:25)

    console.log
      → Inserting content plan for 2026-03-18 (post on both)...

      at log (db.js:180:17)

    console.log
      ✓ Content plan saved with ID 5

      at Statement.log (db.js:208:25)

    console.log
      → Inserting content plan for 2026-03-18 (story on both)...

      at log (db.js:180:17)

    console.log
      ✓ Content plan saved with ID 6

      at Statement.log (db.js:208:25)

    console.log
      → Inserting content plan for 2026-03-18 (post on both)...

      at log (db.js:180:17)

    console.log
      ✓ Content plan saved with ID 7

      at Statement.log (db.js:208:25)

    console.log
      → Inserting content plan for 2026-03-18 (post on both)...

      at log (db.js:180:17)

    console.log
      ✓ Content plan saved with ID 8

      at Statement.log (db.js:208:25)

    console.log
      → Inserting content plan for 2026-03-18 (story on both)...

      at log (db.js:180:17)

    console.log
      ✓ Content plan saved with ID 9

      at Statement.log (db.js:208:25)

    console.log
      → Inserting content plan for 2026-03-18 (reel on instagram)...

      at log (db.js:180:17)

    console.log
      ✓ Content plan saved with ID 10

      at Statement.log (db.js:208:25)

    console.log
      → Inserting content plan for 2026-03-18 (post on both)...

      at log (db.js:180:17)

    console.log
      ✓ Content plan saved with ID 11

      at Statement.log (db.js:208:25)

    console.log
      → Inserting content plan for 2026-03-18 (reel on instagram)...

      at log (db.js:180:17)

    console.log
      ✓ Content plan saved with ID 12

      at Statement.log (db.js:208:25)

    console.log
      → Inserting content plan for 2026-03-18 (reel on instagram)...

      at log (db.js:180:17)

    console.log
      ✓ Content plan saved with ID 13

      at Statement.log (db.js:208:25)

    console.log
      → Inserting content plan for 2026-03-18 (reel on instagram)...

      at log (db.js:180:17)

    console.log
      ✓ Content plan saved with ID 14

      at Statement.log (db.js:208:25)

    console.log
      → Inserting content plan for 2026-03-18 (reel on instagram)...

      at log (db.js:180:17)

    console.log
      ✓ Content plan saved with ID 15

      at Statement.log (db.js:208:25)

    console.log
      → Inserting content plan for 2026-03-18 (story on both)...

      at log (db.js:180:17)

    console.log
      ✓ Content plan saved with ID 16

      at Statement.log (db.js:208:25)

    console.log
      → Inserting content plan for 2026-03-18 (post on both)...

      at log (db.js:180:17)

    console.log
      ✓ Content plan saved with ID 17

      at Statement.log (db.js:208:25)

    console.log
      → Inserting content plan for 2026-03-18 (post on both)...

      at log (db.js:180:17)

    console.log
      ✓ Content plan saved with ID 18

      at Statement.log (db.js:208:25)

    console.log
      → Inserting content plan for 2026-03-18 (story on both)...

      at log (db.js:180:17)

    console.log
      ✓ Content plan saved with ID 19

      at Statement.log (db.js:208:25)

    console.log
      → Inserting content plan for 2026-03-18 (post on both)...

      at log (db.js:180:17)

    console.log
      ✓ Content plan saved with ID 20

      at Statement.log (db.js:208:25)

    console.log
      → Inserting content plan for 2026-03-18 (story on both)...

      at log (db.js:180:17)

    console.log
      ✓ Content plan saved with ID 21

      at Statement.log (db.js:208:25)

    console.log
      → Inserting content plan for 2026-03-18 (reel on instagram)...

      at log (db.js:180:17)

    console.log
      ✓ Content plan saved with ID 22

      at Statement.log (db.js:208:25)

    console.log
      → Inserting content plan for 2026-03-18 (reel on instagram)...

      at log (db.js:180:17)

    console.log
      ✓ Content plan saved with ID 23

      at Statement.log (db.js:208:25)

    console.log
      → Inserting content plan for 2026-03-18 (reel on instagram)...

      at log (db.js:180:17)

    console.log
      ✓ Content plan saved with ID 24

      at Statement.log (db.js:208:25)

    console.log
      → Inserting content plan for 2026-03-18 (story on both)...

      at log (db.js:180:17)

    console.log
      ✓ Content plan saved with ID 25

      at Statement.log (db.js:208:25)

    console.log
      → Inserting content plan for 2026-03-18 (reel on instagram)...

      at log (db.js:180:17)

    console.log
      ✓ Content plan saved with ID 26

      at Statement.log (db.js:208:25)

    console.log
      → Inserting content plan for 2026-03-18 (reel on instagram)...

      at log (db.js:180:17)

    console.log
      ✓ Content plan saved with ID 27

      at Statement.log (db.js:208:25)

    console.log
      → Inserting content plan for 2026-03-18 (reel on instagram)...

      at log (db.js:180:17)

    console.log
      ✓ Content plan saved with ID 28

      at Statement.log (db.js:208:25)

    console.log
      → Inserting content plan for 2026-03-18 (post on both)...

      at log (db.js:180:17)

    console.log
      ✓ Content plan saved with ID 29

      at Statement.log (db.js:208:25)

    console.log
      → Inserting content plan for 2026-03-18 (post on both)...

      at log (db.js:180:17)

    console.log
      ✓ Content plan saved with ID 30

      at Statement.log (db.js:208:25)

    console.log
      → Inserting content plan for 2026-03-18 (story on both)...

      at log (db.js:180:17)

    console.log
      ✓ Content plan saved with ID 31

      at Statement.log (db.js:208:25)

    console.log
      → Inserting content plan for 2026-03-18 (story on both)...

      at log (db.js:180:17)

    console.log
      ✓ Content plan saved with ID 32

      at Statement.log (db.js:208:25)

    console.log
      → Inserting content plan for 2026-03-18 (reel on instagram)...

      at log (db.js:180:17)

    console.log
      ✓ Content plan saved with ID 33

      at Statement.log (db.js:208:25)

    console.log
      → Inserting content plan for 2026-03-18 (post on both)...

      at log (db.js:180:17)

    console.log
      ✓ Content plan saved with ID 34

      at Statement.log (db.js:208:25)

    console.log
      → Inserting content plan for 2026-03-18 (story on both)...

      at log (db.js:180:17)

    console.log
      ✓ Content plan saved with ID 35

      at Statement.log (db.js:208:25)

    console.log
      → Inserting content plan for 2026-03-18 (post on both)...

      at log (db.js:180:17)

    console.log
      ✓ Content plan saved with ID 36

      at Statement.log (db.js:208:25)

    console.log
      → Inserting content plan for 2026-03-18 (reel on instagram)...

      at log (db.js:180:17)

    console.log
      ✓ Content plan saved with ID 37

      at Statement.log (db.js:208:25)

    console.log
      → Inserting content plan for 2026-03-18 (post on both)...

      at log (db.js:180:17)

    console.log
      ✓ Content plan saved with ID 38

      at Statement.log (db.js:208:25)

    console.log
      → Inserting content plan for 2026-03-18 (post on both)...

      at log (db.js:180:17)

    console.log
      ✓ Content plan saved with ID 39

      at Statement.log (db.js:208:25)

    console.log
      → Inserting content plan for 2026-03-18 (post on both)...

      at log (db.js:180:17)

    console.log
      ✓ Content plan saved with ID 40

      at Statement.log (db.js:208:25)

    console.log
      → Inserting content plan for 2026-03-18 (story on both)...

      at log (db.js:180:17)

    console.log
      ✓ Content plan saved with ID 41

      at Statement.log (db.js:208:25)

    console.log
      → Inserting content plan for 2026-03-18 (reel on instagram)...

      at log (db.js:180:17)

    console.log
      ✓ Content plan saved with ID 42

      at Statement.log (db.js:208:25)

    console.log
      → Inserting content plan for 2026-03-18 (reel on instagram)...

      at log (db.js:180:17)

    console.log
      ✓ Content plan saved with ID 43

      at Statement.log (db.js:208:25)

    console.log
      → Inserting content plan for 2026-03-18 (story on both)...

      at log (db.js:180:17)

    console.log
      ✓ Content plan saved with ID 44

      at Statement.log (db.js:208:25)

    console.log
      → Inserting content plan for 2026-03-18 (reel on instagram)...

      at log (db.js:180:17)

    console.log
      ✓ Content plan saved with ID 45

      at Statement.log (db.js:208:25)

    console.log
      → Inserting content plan for 2026-03-18 (post on both)...

      at log (db.js:180:17)

    console.log
      ✓ Content plan saved with ID 46

      at Statement.log (db.js:208:25)

    console.log
      → Inserting content plan for 2026-03-18 (reel on instagram)...

      at log (db.js:180:17)

    console.log
      ✓ Content plan saved with ID 47

      at Statement.log (db.js:208:25)

    console.log
      → Inserting content plan for 2026-03-18 (post on both)...

      at log (db.js:180:17)

    console.log
      ✓ Content plan saved with ID 48

      at Statement.log (db.js:208:25)

    console.log
      → Inserting content plan for 2026-03-18 (reel on instagram)...

      at log (db.js:180:17)

    console.log
      ✓ Content plan saved with ID 49

      at Statement.log (db.js:208:25)

    console.log
      → Inserting content plan for 2026-03-18 (reel on instagram)...

      at log (db.js:180:17)

    console.log
      ✓ Content plan saved with ID 50

      at Statement.log (db.js:208:25)

    console.log
      → Inserting content plan for 2026-03-18 (reel on instagram)...

      at log (db.js:180:17)

    console.log
      ✓ Content plan saved with ID 51

      at Statement.log (db.js:208:25)

    console.log
      → Inserting content plan for 2026-03-18 (post on both)...

      at log (db.js:180:17)

    console.log
      ✓ Content plan saved with ID 52

      at Statement.log (db.js:208:25)

    console.log
      → Inserting content plan for 2026-03-18 (reel on instagram)...

      at log (db.js:180:17)

    console.log
      ✓ Content plan saved with ID 53

      at Statement.log (db.js:208:25)

    console.log
      → Inserting content plan for 2026-03-18 (reel on instagram)...

      at log (db.js:180:17)

    console.log
      ✓ Content plan saved with ID 54

      at Statement.log (db.js:208:25)

    console.log
      → Inserting content plan for 2026-03-18 (story on both)...

      at log (db.js:180:17)

    console.log
      ✓ Content plan saved with ID 55

      at Statement.log (db.js:208:25)

    console.log
      → Inserting content plan for 2026-03-18 (post on both)...

      at log (db.js:180:17)

    console.log
      ✓ Content plan saved with ID 56

      at Statement.log (db.js:208:25)

    console.log
      → Inserting content plan for 2026-03-18 (reel on instagram)...

      at log (db.js:180:17)

    console.log
      ✓ Content plan saved with ID 57

      at Statement.log (db.js:208:25)

    console.log
      → Inserting content plan for 2026-03-18 (story on both)...

      at log (db.js:180:17)

    console.log
      ✓ Content plan saved with ID 58

      at Statement.log (db.js:208:25)

    console.log
      → Inserting content plan for 2026-03-18 (story on both)...

      at log (db.js:180:17)

    console.log
      ✓ Content plan saved with ID 59

      at Statement.log (db.js:208:25)

    console.log
      → Inserting content plan for 2026-03-18 (post on both)...

      at log (db.js:180:17)

    console.log
      ✓ Content plan saved with ID 60

      at Statement.log (db.js:208:25)

    console.log
      → Inserting content plan for 2026-03-18 (story on both)...

      at log (db.js:180:17)

    console.log
      ✓ Content plan saved with ID 61

      at Statement.log (db.js:208:25)

    console.log
      → Inserting content plan for 2026-03-18 (reel on instagram)...

      at log (db.js:180:17)

    console.log
      ✓ Content plan saved with ID 62

      at Statement.log (db.js:208:25)

    console.log
      → Inserting content plan for 2026-03-18 (post on both)...

      at log (db.js:180:17)

    console.log
      ✓ Content plan saved with ID 63

      at Statement.log (db.js:208:25)

    console.log
      → Inserting content plan for 2026-03-18 (post on both)...

      at log (db.js:180:17)

    console.log
      ✓ Content plan saved with ID 64

      at Statement.log (db.js:208:25)

    console.log
      → Inserting content plan for 2026-03-18 (reel on instagram)...

      at log (db.js:180:17)

    console.log
      ✓ Content plan saved with ID 65

      at Statement.log (db.js:208:25)

    console.log
      → Inserting content plan for 2026-03-18 (reel on instagram)...

      at log (db.js:180:17)

    console.log
      ✓ Content plan saved with ID 66

      at Statement.log (db.js:208:25)

    console.log
      → Inserting content plan for 2026-03-18 (post on both)...

      at log (db.js:180:17)

    console.log
      ✓ Content plan saved with ID 67

      at Statement.log (db.js:208:25)

    console.log
      → Inserting content plan for 2026-03-18 (story on both)...

      at log (db.js:180:17)

    console.log
      ✓ Content plan saved with ID 68

      at Statement.log (db.js:208:25)

    console.log
      → Inserting content plan for 2026-03-18 (post on both)...

      at log (db.js:180:17)

    console.log
      ✓ Content plan saved with ID 69

      at Statement.log (db.js:208:25)

    console.log
      → Inserting content plan for 2026-03-18 (story on both)...

      at log (db.js:180:17)

    console.log
      ✓ Content plan saved with ID 70

      at Statement.log (db.js:208:25)

    console.log
      → Inserting content plan for 2026-03-18 (post on both)...

      at log (db.js:180:17)

    console.log
      ✓ Content plan saved with ID 71

      at Statement.log (db.js:208:25)

    console.log
      → Inserting content plan for 2026-03-18 (post on both)...

      at log (db.js:180:17)

    console.log
      ✓ Content plan saved with ID 72

      at Statement.log (db.js:208:25)

    console.log
      → Inserting content plan for 2026-03-18 (post on both)...

      at log (db.js:180:17)

    console.log
      ✓ Content plan saved with ID 73

      at Statement.log (db.js:208:25)

    console.log
      → Inserting content plan for 2026-03-18 (story on both)...

      at log (db.js:180:17)

    console.log
      ✓ Content plan saved with ID 74

      at Statement.log (db.js:208:25)

    console.log
      → Inserting content plan for 2026-03-18 (post on both)...

      at log (db.js:180:17)

    console.log
      ✓ Content plan saved with ID 75

      at Statement.log (db.js:208:25)

    console.log
      → Inserting content plan for 2026-03-18 (reel on instagram)...

      at log (db.js:180:17)

    console.log
      ✓ Content plan saved with ID 76

      at Statement.log (db.js:208:25)

    console.log
      → Inserting content plan for 2026-03-18 (post on both)...

      at log (db.js:180:17)

    console.log
      ✓ Content plan saved with ID 77

      at Statement.log (db.js:208:25)

    console.log
      → Inserting content plan for 2026-03-18 (post on both)...

      at log (db.js:180:17)

    console.log
      ✓ Content plan saved with ID 78

      at Statement.log (db.js:208:25)

    console.log
      → Inserting content plan for 2026-03-18 (story on both)...

      at log (db.js:180:17)

    console.log
      ✓ Content plan saved with ID 79

      at Statement.log (db.js:208:25)

    console.log
      → Inserting content plan for 2026-03-18 (post on both)...

      at log (db.js:180:17)

    console.log
      ✓ Content plan saved with ID 80

      at Statement.log (db.js:208:25)

    console.log
      → Inserting content plan for 2026-03-18 (story on both)...

      at log (db.js:180:17)

    console.log
      ✓ Content plan saved with ID 81

      at Statement.log (db.js:208:25)

    console.log
      → Inserting content plan for 2026-03-18 (post on both)...

      at log (db.js:180:17)

    console.log
      ✓ Content plan saved with ID 82

      at Statement.log (db.js:208:25)

    console.log
      → Inserting content plan for 2026-03-18 (post on both)...

      at log (db.js:180:17)

    console.log
      ✓ Content plan saved with ID 83

      at Statement.log (db.js:208:25)

    console.log
      → Inserting content plan for 2026-03-18 (post on both)...

      at log (db.js:180:17)

    console.log
      ✓ Content plan saved with ID 84

      at Statement.log (db.js:208:25)

    console.log
      → Inserting content plan for 2026-03-18 (story on both)...

      at log (db.js:180:17)

    console.log
      ✓ Content plan saved with ID 85

      at Statement.log (db.js:208:25)

    console.log
      → Inserting content plan for 2026-03-18 (post on both)...

      at log (db.js:180:17)

    console.log
      ✓ Content plan saved with ID 86

      at Statement.log (db.js:208:25)

    console.log
      → Inserting content plan for 2026-03-18 (story on both)...

      at log (db.js:180:17)

    console.log
      ✓ Content plan saved with ID 87

      at Statement.log (db.js:208:25)

    console.log
      → Inserting content plan for 2026-03-18 (reel on instagram)...

      at log (db.js:180:17)

    console.log
      ✓ Content plan saved with ID 88

      at Statement.log (db.js:208:25)

    console.log
      → Inserting content plan for 2026-03-18 (post on both)...

      at log (db.js:180:17)

    console.log
      ✓ Content plan saved with ID 89

      at Statement.log (db.js:208:25)

    console.log
      → Inserting content plan for 2026-03-18 (reel on instagram)...

      at log (db.js:180:17)

    console.log
      ✓ Content plan saved with ID 90

      at Statement.log (db.js:208:25)

    console.log
      → Inserting content plan for 2026-03-18 (reel on instagram)...

      at log (db.js:180:17)

    console.log
      ✓ Content plan saved with ID 91

      at Statement.log (db.js:208:25)

    console.log
      → Inserting content plan for 2026-03-18 (story on both)...

      at log (db.js:180:17)

    console.log
      ✓ Content plan saved with ID 92

      at Statement.log (db.js:208:25)

    console.log
      → Inserting content plan for 2026-03-18 (reel on instagram)...

      at log (db.js:180:17)

    console.log
      ✓ Content plan saved with ID 93

      at Statement.log (db.js:208:25)

    console.log
      → Inserting content plan for 2026-03-18 (post on both)...

      at log (db.js:180:17)

    console.log
      ✓ Content plan saved with ID 94

      at Statement.log (db.js:208:25)

    console.log
      → Inserting content plan for 2026-03-18 (post on both)...

      at log (db.js:180:17)

    console.log
      ✓ Content plan saved with ID 95

      at Statement.log (db.js:208:25)

    console.log
      → Inserting content plan for 2026-03-18 (story on both)...

      at log (db.js:180:17)

    console.log
      ✓ Content plan saved with ID 96

      at Statement.log (db.js:208:25)

    console.log
      → Inserting content plan for 2026-03-18 (post on both)...

      at log (db.js:180:17)

    console.log
      ✓ Content plan saved with ID 97

      at Statement.log (db.js:208:25)

    console.log
      → Inserting content plan for 2026-03-18 (story on both)...

      at log (db.js:180:17)

    console.log
      ✓ Content plan saved with ID 98

      at Statement.log (db.js:208:25)

    console.log
      → Inserting content plan for 2026-03-18 (post on both)...

      at log (db.js:180:17)

    console.log
      ✓ Content plan saved with ID 99

      at Statement.log (db.js:208:25)

    console.log
      → Inserting content plan for 2026-03-18 (post on both)...

      at log (db.js:180:17)

    console.log
      ✓ Content plan saved with ID 100

      at Statement.log (db.js:208:25)

    console.log
      ✓ Database connection closed

      at Database.log (db.js:106:29)

    console.log
      → Initializing database...

      at Database.log (db.js:44:21)

    console.log
      ✓ Database initialized successfully

      at log (db.js:73:29)

    console.log
      → Inserting content plan for 2026-03-18 (post on both)...

      at log (db.js:180:17)

    console.log
      ✓ Content plan saved with ID 1

      at Statement.log (db.js:208:25)

    console.log
      → Inserting content plan for 2026-03-18 (story on both)...

      at log (db.js:180:17)

    console.log
      ✓ Content plan saved with ID 2

      at Statement.log (db.js:208:25)

    console.log
      → Inserting content plan for 2026-03-18 (post on both)...

      at log (db.js:180:17)

    console.log
      ✓ Content plan saved with ID 3

      at Statement.log (db.js:208:25)

    console.log
      → Inserting content plan for 2026-03-18 (post on both)...

      at log (db.js:180:17)

    console.log
      ✓ Content plan saved with ID 4

      at Statement.log (db.js:208:25)

    console.log
      → Inserting content plan for 2026-03-18 (reel on instagram)...

      at log (db.js:180:17)

    console.log
      ✓ Content plan saved with ID 5

      at Statement.log (db.js:208:25)

    console.log
      → Inserting content plan for 2026-03-18 (reel on instagram)...

      at log (db.js:180:17)

    console.log
      ✓ Content plan saved with ID 6

      at Statement.log (db.js:208:25)

    console.log
      → Inserting content plan for 2026-03-18 (story on both)...

      at log (db.js:180:17)

    console.log
      ✓ Content plan saved with ID 7

      at Statement.log (db.js:208:25)

    console.log
      → Inserting content plan for 2026-03-18 (story on both)...

      at log (db.js:180:17)

    console.log
      ✓ Content plan saved with ID 8

      at Statement.log (db.js:208:25)

    console.log
      → Inserting content plan for 2026-03-18 (post on both)...

      at log (db.js:180:17)

    console.log
      ✓ Content plan saved with ID 9

      at Statement.log (db.js:208:25)

    console.log
      → Inserting content plan for 2026-03-18 (story on both)...

      at log (db.js:180:17)

    console.log
      ✓ Content plan saved with ID 10

      at Statement.log (db.js:208:25)

    console.log
      → Inserting content plan for 2026-03-18 (reel on instagram)...

      at log (db.js:180:17)

    console.log
      ✓ Content plan saved with ID 11

      at Statement.log (db.js:208:25)

    console.log
      → Inserting content plan for 2026-03-18 (reel on instagram)...

      at log (db.js:180:17)

    console.log
      ✓ Content plan saved with ID 12

      at Statement.log (db.js:208:25)

    console.log
      → Inserting content plan for 2026-03-18 (story on both)...

      at log (db.js:180:17)

    console.log
      ✓ Content plan saved with ID 13

      at Statement.log (db.js:208:25)

    console.log
      → Inserting content plan for 2026-03-18 (story on both)...

      at log (db.js:180:17)

    console.log
      ✓ Content plan saved with ID 14

      at Statement.log (db.js:208:25)

    console.log
      → Inserting content plan for 2026-03-18 (reel on instagram)...

      at log (db.js:180:17)

    console.log
      ✓ Content plan saved with ID 15

      at Statement.log (db.js:208:25)

    console.log
      → Inserting content plan for 2026-03-18 (reel on instagram)...

      at log (db.js:180:17)

    console.log
      ✓ Content plan saved with ID 16

      at Statement.log (db.js:208:25)

    console.log
      → Inserting content plan for 2026-03-18 (story on both)...

      at log (db.js:180:17)

    console.log
      ✓ Content plan saved with ID 17

      at Statement.log (db.js:208:25)

    console.log
      → Inserting content plan for 2026-03-18 (post on both)...

      at log (db.js:180:17)

    console.log
      ✓ Content plan saved with ID 18

      at Statement.log (db.js:208:25)

    console.log
      → Inserting content plan for 2026-03-18 (reel on instagram)...

      at log (db.js:180:17)

    console.log
      ✓ Content plan saved with ID 19

      at Statement.log (db.js:208:25)

    console.log
      → Inserting content plan for 2026-03-18 (post on both)...

      at log (db.js:180:17)

    console.log
      ✓ Content plan saved with ID 20

      at Statement.log (db.js:208:25)

    console.log
      → Inserting content plan for 2026-03-18 (post on both)...

      at log (db.js:180:17)

    console.log
      ✓ Content plan saved with ID 21

      at Statement.log (db.js:208:25)

    console.log
      → Inserting content plan for 2026-03-18 (post on both)...

      at log (db.js:180:17)

    console.log
      ✓ Content plan saved with ID 22

      at Statement.log (db.js:208:25)

    console.log
      → Inserting content plan for 2026-03-18 (story on both)...

      at log (db.js:180:17)

    console.log
      ✓ Content plan saved with ID 23

      at Statement.log (db.js:208:25)

    console.log
      → Inserting content plan for 2026-03-18 (story on both)...

      at log (db.js:180:17)

    console.log
      ✓ Content plan saved with ID 24

      at Statement.log (db.js:208:25)

    console.log
      → Inserting content plan for 2026-03-18 (story on both)...

      at log (db.js:180:17)

    console.log
      ✓ Content plan saved with ID 25

      at Statement.log (db.js:208:25)

    console.log
      → Inserting content plan for 2026-03-18 (story on both)...

      at log (db.js:180:17)

    console.log
      ✓ Content plan saved with ID 26

      at Statement.log (db.js:208:25)

    console.log
      → Inserting content plan for 2026-03-18 (story on both)...

      at log (db.js:180:17)

    console.log
      ✓ Content plan saved with ID 27

      at Statement.log (db.js:208:25)

    console.log
      → Inserting content plan for 2026-03-18 (story on both)...

      at log (db.js:180:17)

    console.log
      ✓ Content plan saved with ID 28

      at Statement.log (db.js:208:25)

    console.log
      → Inserting content plan for 2026-03-18 (reel on instagram)...

      at log (db.js:180:17)

    console.log
      ✓ Content plan saved with ID 29

      at Statement.log (db.js:208:25)

    console.log
      → Inserting content plan for 2026-03-18 (post on both)...

      at log (db.js:180:17)

    console.log
      ✓ Content plan saved with ID 30

      at Statement.log (db.js:208:25)

    console.log
      → Inserting content plan for 2026-03-18 (reel on instagram)...

      at log (db.js:180:17)

    console.log
      ✓ Content plan saved with ID 31

      at Statement.log (db.js:208:25)

    console.log
      → Inserting content plan for 2026-03-18 (post on both)...

      at log (db.js:180:17)

    console.log
      ✓ Content plan saved with ID 32

      at Statement.log (db.js:208:25)

    console.log
      → Inserting content plan for 2026-03-18 (reel on instagram)...

      at log (db.js:180:17)

    console.log
      ✓ Content plan saved with ID 33

      at Statement.log (db.js:208:25)

    console.log
      → Inserting content plan for 2026-03-18 (reel on instagram)...

      at log (db.js:180:17)

    console.log
      ✓ Content plan saved with ID 34

      at Statement.log (db.js:208:25)

    console.log
      → Inserting content plan for 2026-03-18 (story on both)...

      at log (db.js:180:17)

    console.log
      ✓ Content plan saved with ID 35

      at Statement.log (db.js:208:25)

    console.log
      → Inserting content plan for 2026-03-18 (post on both)...

      at log (db.js:180:17)

    console.log
      ✓ Content plan saved with ID 36

      at Statement.log (db.js:208:25)

    console.log
      → Inserting content plan for 2026-03-18 (post on both)...

      at log (db.js:180:17)

    console.log
      ✓ Content plan saved with ID 37

      at Statement.log (db.js:208:25)

    console.log
      → Inserting content plan for 2026-03-18 (story on both)...

      at log (db.js:180:17)

    console.log
      ✓ Content plan saved with ID 38

      at Statement.log (db.js:208:25)

    console.log
      → Inserting content plan for 2026-03-18 (story on both)...

      at log (db.js:180:17)

    console.log
      ✓ Content plan saved with ID 39

      at Statement.log (db.js:208:25)

    console.log
      → Inserting content plan for 2026-03-18 (post on both)...

      at log (db.js:180:17)

    console.log
      ✓ Content plan saved with ID 40

      at Statement.log (db.js:208:25)

    console.log
      → Inserting content plan for 2026-03-18 (post on both)...

      at log (db.js:180:17)

    console.log
      ✓ Content plan saved with ID 41

      at Statement.log (db.js:208:25)

    console.log
      → Inserting content plan for 2026-03-18 (post on both)...

      at log (db.js:180:17)

    console.log
      ✓ Content plan saved with ID 42

      at Statement.log (db.js:208:25)

    console.log
      → Inserting content plan for 2026-03-18 (story on both)...

      at log (db.js:180:17)

    console.log
      ✓ Content plan saved with ID 43

      at Statement.log (db.js:208:25)

    console.log
      → Inserting content plan for 2026-03-18 (reel on instagram)...

      at log (db.js:180:17)

    console.log
      ✓ Content plan saved with ID 44

      at Statement.log (db.js:208:25)

    console.log
      → Inserting content plan for 2026-03-18 (reel on instagram)...

      at log (db.js:180:17)

    console.log
      ✓ Content plan saved with ID 45

      at Statement.log (db.js:208:25)

    console.log
      → Inserting content plan for 2026-03-18 (reel on instagram)...

      at log (db.js:180:17)

    console.log
      ✓ Content plan saved with ID 46

      at Statement.log (db.js:208:25)

    console.log
      → Inserting content plan for 2026-03-18 (story on both)...

      at log (db.js:180:17)

    console.log
      ✓ Content plan saved with ID 47

      at Statement.log (db.js:208:25)

    console.log
      → Inserting content plan for 2026-03-18 (post on both)...

      at log (db.js:180:17)

    console.log
      ✓ Content plan saved with ID 48

      at Statement.log (db.js:208:25)

    console.log
      → Inserting content plan for 2026-03-18 (reel on instagram)...

      at log (db.js:180:17)

    console.log
      ✓ Content plan saved with ID 49

      at Statement.log (db.js:208:25)

    console.log
      → Inserting content plan for 2026-03-18 (story on both)...

      at log (db.js:180:17)

    console.log
      ✓ Content plan saved with ID 50

      at Statement.log (db.js:208:25)

    console.log
      → Inserting content plan for 2026-03-18 (post on both)...

      at log (db.js:180:17)

    console.log
      ✓ Content plan saved with ID 51

      at Statement.log (db.js:208:25)

    console.log
      → Inserting content plan for 2026-03-18 (post on both)...

      at log (db.js:180:17)

    console.log
      ✓ Content plan saved with ID 52

      at Statement.log (db.js:208:25)

    console.log
      → Inserting content plan for 2026-03-18 (reel on instagram)...

      at log (db.js:180:17)

    console.log
      ✓ Content plan saved with ID 53

      at Statement.log (db.js:208:25)

    console.log
      → Inserting content plan for 2026-03-18 (reel on instagram)...

      at log (db.js:180:17)

    console.log
      ✓ Content plan saved with ID 54

      at Statement.log (db.js:208:25)

    console.log
      → Inserting content plan for 2026-03-18 (reel on instagram)...

      at log (db.js:180:17)

    console.log
      ✓ Content plan saved with ID 55

      at Statement.log (db.js:208:25)

    console.log
      → Inserting content plan for 2026-03-18 (story on both)...

      at log (db.js:180:17)

    console.log
      ✓ Content plan saved with ID 56

      at Statement.log (db.js:208:25)

    console.log
      → Inserting content plan for 2026-03-18 (post on both)...

      at log (db.js:180:17)

    console.log
      ✓ Content plan saved with ID 57

      at Statement.log (db.js:208:25)

    console.log
      → Inserting content plan for 2026-03-18 (reel on instagram)...

      at log (db.js:180:17)

    console.log
      ✓ Content plan saved with ID 58

      at Statement.log (db.js:208:25)

    console.log
      → Inserting content plan for 2026-03-18 (post on both)...

      at log (db.js:180:17)

    console.log
      ✓ Content plan saved with ID 59

      at Statement.log (db.js:208:25)

    console.log
      → Inserting content plan for 2026-03-18 (story on both)...

      at log (db.js:180:17)

    console.log
      ✓ Content plan saved with ID 60

      at Statement.log (db.js:208:25)

    console.log
      → Inserting content plan for 2026-03-18 (story on both)...

      at log (db.js:180:17)

    console.log
      ✓ Content plan saved with ID 61

      at Statement.log (db.js:208:25)

    console.log
      → Inserting content plan for 2026-03-18 (post on both)...

      at log (db.js:180:17)

    console.log
      ✓ Content plan saved with ID 62

      at Statement.log (db.js:208:25)

    console.log
      → Inserting content plan for 2026-03-18 (post on both)...

      at log (db.js:180:17)

    console.log
      ✓ Content plan saved with ID 63

      at Statement.log (db.js:208:25)

    console.log
      → Inserting content plan for 2026-03-18 (post on both)...

      at log (db.js:180:17)

    console.log
      ✓ Content plan saved with ID 64

      at Statement.log (db.js:208:25)

    console.log
      → Inserting content plan for 2026-03-18 (story on both)...

      at log (db.js:180:17)

    console.log
      ✓ Content plan saved with ID 65

      at Statement.log (db.js:208:25)

    console.log
      → Inserting content plan for 2026-03-18 (reel on instagram)...

      at log (db.js:180:17)

    console.log
      ✓ Content plan saved with ID 66

      at Statement.log (db.js:208:25)

    console.log
      → Inserting content plan for 2026-03-18 (post on both)...

      at log (db.js:180:17)

    console.log
      ✓ Content plan saved with ID 67

      at Statement.log (db.js:208:25)

    console.log
      → Inserting content plan for 2026-03-18 (story on both)...

      at log (db.js:180:17)

    console.log
      ✓ Content plan saved with ID 68

      at Statement.log (db.js:208:25)

    console.log
      → Inserting content plan for 2026-03-18 (story on both)...

      at log (db.js:180:17)

    console.log
      ✓ Content plan saved with ID 69

      at Statement.log (db.js:208:25)

    console.log
      → Inserting content plan for 2026-03-18 (post on both)...

      at log (db.js:180:17)

    console.log
      ✓ Content plan saved with ID 70

      at Statement.log (db.js:208:25)

    console.log
      → Inserting content plan for 2026-03-18 (reel on instagram)...

      at log (db.js:180:17)

    console.log
      ✓ Content plan saved with ID 71

      at Statement.log (db.js:208:25)

    console.log
      → Inserting content plan for 2026-03-18 (post on both)...

      at log (db.js:180:17)

    console.log
      ✓ Content plan saved with ID 72

      at Statement.log (db.js:208:25)

    console.log
      → Inserting content plan for 2026-03-18 (story on both)...

      at log (db.js:180:17)

    console.log
      ✓ Content plan saved with ID 73

      at Statement.log (db.js:208:25)

    console.log
      → Inserting content plan for 2026-03-18 (reel on instagram)...

      at log (db.js:180:17)

    console.log
      ✓ Content plan saved with ID 74

      at Statement.log (db.js:208:25)

    console.log
      → Inserting content plan for 2026-03-18 (reel on instagram)...

      at log (db.js:180:17)

    console.log
      ✓ Content plan saved with ID 75

      at Statement.log (db.js:208:25)

    console.log
      → Inserting content plan for 2026-03-18 (reel on instagram)...

      at log (db.js:180:17)

    console.log
      ✓ Content plan saved with ID 76

      at Statement.log (db.js:208:25)

    console.log
      → Inserting content plan for 2026-03-18 (story on both)...

      at log (db.js:180:17)

    console.log
      ✓ Content plan saved with ID 77

      at Statement.log (db.js:208:25)

    console.log
      → Inserting content plan for 2026-03-18 (story on both)...

      at log (db.js:180:17)

    console.log
      ✓ Content plan saved with ID 78

      at Statement.log (db.js:208:25)

    console.log
      → Inserting content plan for 2026-03-18 (reel on instagram)...

      at log (db.js:180:17)

    console.log
      ✓ Content plan saved with ID 79

      at Statement.log (db.js:208:25)

    console.log
      → Inserting content plan for 2026-03-18 (post on both)...

      at log (db.js:180:17)

    console.log
      ✓ Content plan saved with ID 80

      at Statement.log (db.js:208:25)

    console.log
      → Inserting content plan for 2026-03-18 (post on both)...

      at log (db.js:180:17)

    console.log
      ✓ Content plan saved with ID 81

      at Statement.log (db.js:208:25)

    console.log
      → Inserting content plan for 2026-03-18 (reel on instagram)...

      at log (db.js:180:17)

    console.log
      ✓ Content plan saved with ID 82

      at Statement.log (db.js:208:25)

    console.log
      → Inserting content plan for 2026-03-18 (story on both)...

      at log (db.js:180:17)

    console.log
      ✓ Content plan saved with ID 83

      at Statement.log (db.js:208:25)

    console.log
      → Inserting content plan for 2026-03-18 (reel on instagram)...

      at log (db.js:180:17)

    console.log
      ✓ Content plan saved with ID 84

      at Statement.log (db.js:208:25)

    console.log
      → Inserting content plan for 2026-03-18 (story on both)...

      at log (db.js:180:17)

    console.log
      ✓ Content plan saved with ID 85

      at Statement.log (db.js:208:25)

    console.log
      → Inserting content plan for 2026-03-18 (story on both)...

      at log (db.js:180:17)

    console.log
      ✓ Content plan saved with ID 86

      at Statement.log (db.js:208:25)

    console.log
      → Inserting content plan for 2026-03-18 (post on both)...

      at log (db.js:180:17)

    console.log
      ✓ Content plan saved with ID 87

      at Statement.log (db.js:208:25)

    console.log
      → Inserting content plan for 2026-03-18 (post on both)...

      at log (db.js:180:17)

    console.log
      ✓ Content plan saved with ID 88

      at Statement.log (db.js:208:25)

    console.log
      → Inserting content plan for 2026-03-18 (reel on instagram)...

      at log (db.js:180:17)

    console.log
      ✓ Content plan saved with ID 89

      at Statement.log (db.js:208:25)

    console.log
      → Inserting content plan for 2026-03-18 (story on both)...

      at log (db.js:180:17)

    console.log
      ✓ Content plan saved with ID 90

      at Statement.log (db.js:208:25)

    console.log
      → Inserting content plan for 2026-03-18 (post on both)...

      at log (db.js:180:17)

    console.log
      ✓ Content plan saved with ID 91

      at Statement.log (db.js:208:25)

    console.log
      → Inserting content plan for 2026-03-18 (reel on instagram)...

      at log (db.js:180:17)

    console.log
      ✓ Content plan saved with ID 92

      at Statement.log (db.js:208:25)

    console.log
      → Inserting content plan for 2026-03-18 (post on both)...

      at log (db.js:180:17)

    console.log
      ✓ Content plan saved with ID 93

      at Statement.log (db.js:208:25)

    console.log
      → Inserting content plan for 2026-03-18 (story on both)...

      at log (db.js:180:17)

    console.log
      ✓ Content plan saved with ID 94

      at Statement.log (db.js:208:25)

    console.log
      → Inserting content plan for 2026-03-18 (post on both)...

      at log (db.js:180:17)

    console.log
      ✓ Content plan saved with ID 95

      at Statement.log (db.js:208:25)

    console.log
      → Inserting content plan for 2026-03-18 (story on both)...

      at log (db.js:180:17)

    console.log
      ✓ Content plan saved with ID 96

      at Statement.log (db.js:208:25)

    console.log
      → Inserting content plan for 2026-03-18 (post on both)...

      at log (db.js:180:17)

    console.log
      ✓ Content plan saved with ID 97

      at Statement.log (db.js:208:25)

    console.log
      → Inserting content plan for 2026-03-18 (story on both)...

      at log (db.js:180:17)

    console.log
      ✓ Content plan saved with ID 98

      at Statement.log (db.js:208:25)

    console.log
      → Inserting content plan for 2026-03-18 (post on both)...

      at log (db.js:180:17)

    console.log
      ✓ Content plan saved with ID 99

      at Statement.log (db.js:208:25)

    console.log
      → Inserting content plan for 2026-03-18 (reel on instagram)...

      at log (db.js:180:17)

    console.log
      ✓ Content plan saved with ID 100

      at Statement.log (db.js:208:25)

    console.log
      ✓ Database connection closed

      at Database.log (db.js:106:29)

    console.log
      → Initializing database...

      at Database.log (db.js:44:21)

    console.log
      ✓ Database initialized successfully

      at log (db.js:73:29)

    console.log
      → Inserting content plan for 2026-03-18 (story on both)...

      at log (db.js:180:17)

    console.log
      ✓ Content plan saved with ID 1

      at Statement.log (db.js:208:25)

    console.log
      → Updating post 1 status to 'failed'...

      at log (db.js:231:17)

    console.log
      ✓ Post 1 status updated to 'failed' - Error: d-vy5

      at Statement.log (db.js:246:25)

    console.log
      → Inserting content plan for 2026-03-18 (reel on instagram)...

      at log (db.js:180:17)

    console.log
      ✓ Content plan saved with ID 2

      at Statement.log (db.js:208:25)

    console.log
      → Updating post 2 status to 'failed'...

      at log (db.js:231:17)

    console.log
      ✓ Post 2 status updated to 'failed'

      at Statement.log (db.js:248:25)

    console.log
      → Inserting content plan for 2026-03-18 (post on both)...

      at log (db.js:180:17)

    console.log
      ✓ Content plan saved with ID 3

      at Statement.log (db.js:208:25)

    console.log
      → Updating post 3 status to 'published'...

      at log (db.js:231:17)

    console.log
      ✓ Post 3 status updated to 'published'

      at Statement.log (db.js:248:25)

    console.log
      → Inserting content plan for 2026-03-18 (story on both)...

      at log (db.js:180:17)

    console.log
      ✓ Content plan saved with ID 4

      at Statement.log (db.js:208:25)

    console.log
      → Updating post 4 status to 'failed'...

      at log (db.js:231:17)

    console.log
      ✓ Post 4 status updated to 'failed' - Error: Cyw|$

      at Statement.log (db.js:246:25)

    console.log
      → Inserting content plan for 2026-03-18 (story on both)...

      at log (db.js:180:17)

    console.log
      ✓ Content plan saved with ID 5

      at Statement.log (db.js:208:25)

    console.log
      → Updating post 5 status to 'published'...

      at log (db.js:231:17)

    console.log
      ✓ Post 5 status updated to 'published'

      at Statement.log (db.js:248:25)

    console.log
      → Inserting content plan for 2026-03-18 (reel on instagram)...

      at log (db.js:180:17)

    console.log
      ✓ Content plan saved with ID 6

      at Statement.log (db.js:208:25)

    console.log
      → Updating post 6 status to 'published'...

      at log (db.js:231:17)

    console.log
      ✓ Post 6 status updated to 'published'

      at Statement.log (db.js:248:25)

    console.log
      → Inserting content plan for 2026-03-18 (reel on instagram)...

      at log (db.js:180:17)

    console.log
      ✓ Content plan saved with ID 7

      at Statement.log (db.js:208:25)

    console.log
      → Updating post 7 status to 'failed'...

      at log (db.js:231:17)

    console.log
      ✓ Post 7 status updated to 'failed' - Error: 1

      at Statement.log (db.js:246:25)

    console.log
      → Inserting content plan for 2026-03-18 (story on both)...

      at log (db.js:180:17)

    console.log
      ✓ Content plan saved with ID 8

      at Statement.log (db.js:208:25)

    console.log
      → Updating post 8 status to 'failed'...

      at log (db.js:231:17)

    console.log
      ✓ Post 8 status updated to 'failed' - Error: !#`

      at Statement.log (db.js:246:25)

    console.log
      → Inserting content plan for 2026-03-18 (reel on instagram)...

      at log (db.js:180:17)

    console.log
      ✓ Content plan saved with ID 9

      at Statement.log (db.js:208:25)

    console.log
      → Updating post 9 status to 'published'...

      at log (db.js:231:17)

    console.log
      ✓ Post 9 status updated to 'published'

      at Statement.log (db.js:248:25)

    console.log
      → Inserting content plan for 2026-03-18 (post on both)...

      at log (db.js:180:17)

    console.log
      ✓ Content plan saved with ID 10

      at Statement.log (db.js:208:25)

    console.log
      → Updating post 10 status to 'failed'...

      at log (db.js:231:17)

    console.log
      ✓ Post 10 status updated to 'failed' - Error: U&&H~'2(z(gd

      at Statement.log (db.js:246:25)

    console.log
      → Inserting content plan for 2026-03-18 (reel on instagram)...

      at log (db.js:180:17)

    console.log
      ✓ Content plan saved with ID 11

      at Statement.log (db.js:208:25)

    console.log
      → Updating post 11 status to 'published'...

      at log (db.js:231:17)

    console.log
      ✓ Post 11 status updated to 'published'

      at Statement.log (db.js:248:25)

    console.log
      → Inserting content plan for 2026-03-18 (reel on instagram)...

      at log (db.js:180:17)

    console.log
      ✓ Content plan saved with ID 12

      at Statement.log (db.js:208:25)

    console.log
      → Updating post 12 status to 'failed'...

      at log (db.js:231:17)

    console.log
      ✓ Post 12 status updated to 'failed' - Error: rw*]Zjx^L+fP

      at Statement.log (db.js:246:25)

    console.log
      → Inserting content plan for 2026-03-18 (reel on instagram)...

      at log (db.js:180:17)

    console.log
      ✓ Content plan saved with ID 13

      at Statement.log (db.js:208:25)

    console.log
      → Updating post 13 status to 'failed'...

      at log (db.js:231:17)

    console.log
      ✓ Post 13 status updated to 'failed' - Error: O%mrE

      at Statement.log (db.js:246:25)

    console.log
      → Inserting content plan for 2026-03-18 (post on both)...

      at log (db.js:180:17)

    console.log
      ✓ Content plan saved with ID 14

      at Statement.log (db.js:208:25)

    console.log
      → Updating post 14 status to 'published'...

      at log (db.js:231:17)

    console.log
      ✓ Post 14 status updated to 'published'

      at Statement.log (db.js:248:25)

    console.log
      → Inserting content plan for 2026-03-18 (story on both)...

      at log (db.js:180:17)

    console.log
      ✓ Content plan saved with ID 15

      at Statement.log (db.js:208:25)

    console.log
      → Updating post 15 status to 'published'...

      at log (db.js:231:17)

    console.log
      ✓ Post 15 status updated to 'published'

      at Statement.log (db.js:248:25)

    console.log
      → Inserting content plan for 2026-03-18 (post on both)...

      at log (db.js:180:17)

    console.log
      ✓ Content plan saved with ID 16

      at Statement.log (db.js:208:25)

    console.log
      → Updating post 16 status to 'failed'...

      at log (db.js:231:17)

    console.log
      ✓ Post 16 status updated to 'failed'

      at Statement.log (db.js:248:25)

    console.log
      → Inserting content plan for 2026-03-18 (story on both)...

      at log (db.js:180:17)

    console.log
      ✓ Content plan saved with ID 17

      at Statement.log (db.js:208:25)

    console.log
      → Updating post 17 status to 'published'...

      at log (db.js:231:17)

    console.log
      ✓ Post 17 status updated to 'published'

      at Statement.log (db.js:248:25)

    console.log
      → Inserting content plan for 2026-03-18 (post on both)...

      at log (db.js:180:17)

    console.log
      ✓ Content plan saved with ID 18

      at Statement.log (db.js:208:25)

    console.log
      → Updating post 18 status to 'published'...

      at log (db.js:231:17)

    console.log
      ✓ Post 18 status updated to 'published'

      at Statement.log (db.js:248:25)

    console.log
      → Inserting content plan for 2026-03-18 (story on both)...

      at log (db.js:180:17)

    console.log
      ✓ Content plan saved with ID 19

      at Statement.log (db.js:208:25)

    console.log
      → Updating post 19 status to 'published'...

      at log (db.js:231:17)

    console.log
      ✓ Post 19 status updated to 'published'

      at Statement.log (db.js:248:25)

    console.log
      → Inserting content plan for 2026-03-18 (reel on instagram)...

      at log (db.js:180:17)

    console.log
      ✓ Content plan saved with ID 20

      at Statement.log (db.js:208:25)

    console.log
      → Updating post 20 status to 'published'...

      at log (db.js:231:17)

    console.log
      ✓ Post 20 status updated to 'published'

      at Statement.log (db.js:248:25)

    console.log
      → Inserting content plan for 2026-03-18 (story on both)...

      at log (db.js:180:17)

    console.log
      ✓ Content plan saved with ID 21

      at Statement.log (db.js:208:25)

    console.log
      → Updating post 21 status to 'published'...

      at log (db.js:231:17)

    console.log
      ✓ Post 21 status updated to 'published'

      at Statement.log (db.js:248:25)

    console.log
      → Inserting content plan for 2026-03-18 (post on both)...

      at log (db.js:180:17)

    console.log
      ✓ Content plan saved with ID 22

      at Statement.log (db.js:208:25)

    console.log
      → Updating post 22 status to 'published'...

      at log (db.js:231:17)

    console.log
      ✓ Post 22 status updated to 'published'

      at Statement.log (db.js:248:25)

    console.log
      → Inserting content plan for 2026-03-18 (story on both)...

      at log (db.js:180:17)

    console.log
      ✓ Content plan saved with ID 23

      at Statement.log (db.js:208:25)

    console.log
      → Updating post 23 status to 'published'...

      at log (db.js:231:17)

    console.log
      ✓ Post 23 status updated to 'published'

      at Statement.log (db.js:248:25)

    console.log
      → Inserting content plan for 2026-03-18 (post on both)...

      at log (db.js:180:17)

    console.log
      ✓ Content plan saved with ID 24

      at Statement.log (db.js:208:25)

    console.log
      → Updating post 24 status to 'published'...

      at log (db.js:231:17)

    console.log
      ✓ Post 24 status updated to 'published'

      at Statement.log (db.js:248:25)

    console.log
      → Inserting content plan for 2026-03-18 (post on both)...

      at log (db.js:180:17)

    console.log
      ✓ Content plan saved with ID 25

      at Statement.log (db.js:208:25)

    console.log
      → Updating post 25 status to 'published'...

      at log (db.js:231:17)

    console.log
      ✓ Post 25 status updated to 'published'

      at Statement.log (db.js:248:25)

    console.log
      → Inserting content plan for 2026-03-18 (post on both)...

      at log (db.js:180:17)

    console.log
      ✓ Content plan saved with ID 26

      at Statement.log (db.js:208:25)

    console.log
      → Updating post 26 status to 'failed'...

      at log (db.js:231:17)

    console.log
      ✓ Post 26 status updated to 'failed' - Error: n9@fHfm 'X5

      at Statement.log (db.js:246:25)

    console.log
      → Inserting content plan for 2026-03-18 (reel on instagram)...

      at log (db.js:180:17)

    console.log
      ✓ Content plan saved with ID 27

      at Statement.log (db.js:208:25)

    console.log
      → Updating post 27 status to 'failed'...

      at log (db.js:231:17)

    console.log
      ✓ Post 27 status updated to 'failed' - Error: ]|uQ>p

      at Statement.log (db.js:246:25)

    console.log
      → Inserting content plan for 2026-03-18 (post on both)...

      at log (db.js:180:17)

    console.log
      ✓ Content plan saved with ID 28

      at Statement.log (db.js:208:25)

    console.log
      → Updating post 28 status to 'published'...

      at log (db.js:231:17)

    console.log
      ✓ Post 28 status updated to 'published'

      at Statement.log (db.js:248:25)

    console.log
      → Inserting content plan for 2026-03-18 (post on both)...

      at log (db.js:180:17)

    console.log
      ✓ Content plan saved with ID 29

      at Statement.log (db.js:208:25)

    console.log
      → Updating post 29 status to 'failed'...

      at log (db.js:231:17)

    console.log
      ✓ Post 29 status updated to 'failed'

      at Statement.log (db.js:248:25)

    console.log
      → Inserting content plan for 2026-03-18 (story on both)...

      at log (db.js:180:17)

    console.log
      ✓ Content plan saved with ID 30

      at Statement.log (db.js:208:25)

    console.log
      → Updating post 30 status to 'failed'...

      at log (db.js:231:17)

    console.log
      ✓ Post 30 status updated to 'failed' - Error: __

      at Statement.log (db.js:246:25)

    console.log
      → Inserting content plan for 2026-03-18 (reel on instagram)...

      at log (db.js:180:17)

    console.log
      ✓ Content plan saved with ID 31

      at Statement.log (db.js:208:25)

    console.log
      → Updating post 31 status to 'failed'...

      at log (db.js:231:17)

    console.log
      ✓ Post 31 status updated to 'failed' - Error: S

      at Statement.log (db.js:246:25)

    console.log
      → Inserting content plan for 2026-03-18 (story on both)...

      at log (db.js:180:17)

    console.log
      ✓ Content plan saved with ID 32

      at Statement.log (db.js:208:25)

    console.log
      → Updating post 32 status to 'failed'...

      at log (db.js:231:17)

    console.log
      ✓ Post 32 status updated to 'failed'

      at Statement.log (db.js:248:25)

    console.log
      → Inserting content plan for 2026-03-18 (story on both)...

      at log (db.js:180:17)

    console.log
      ✓ Content plan saved with ID 33

      at Statement.log (db.js:208:25)

    console.log
      → Updating post 33 status to 'published'...

      at log (db.js:231:17)

    console.log
      ✓ Post 33 status updated to 'published'

      at Statement.log (db.js:248:25)

    console.log
      → Inserting content plan for 2026-03-18 (story on both)...

      at log (db.js:180:17)

    console.log
      ✓ Content plan saved with ID 34

      at Statement.log (db.js:208:25)

    console.log
      → Updating post 34 status to 'published'...

      at log (db.js:231:17)

    console.log
      ✓ Post 34 status updated to 'published'

      at Statement.log (db.js:248:25)

    console.log
      → Inserting content plan for 2026-03-18 (story on both)...

      at log (db.js:180:17)

    console.log
      ✓ Content plan saved with ID 35

      at Statement.log (db.js:208:25)

    console.log
      → Updating post 35 status to 'failed'...

      at log (db.js:231:17)

    console.log
      ✓ Post 35 status updated to 'failed' - Error: >xJp

      at Statement.log (db.js:246:25)

    console.log
      → Inserting content plan for 2026-03-18 (reel on instagram)...

      at log (db.js:180:17)

    console.log
      ✓ Content plan saved with ID 36

      at Statement.log (db.js:208:25)

    console.log
      → Updating post 36 status to 'published'...

      at log (db.js:231:17)

    console.log
      ✓ Post 36 status updated to 'published'

      at Statement.log (db.js:248:25)

    console.log
      → Inserting content plan for 2026-03-18 (post on both)...

      at log (db.js:180:17)

    console.log
      ✓ Content plan saved with ID 37

      at Statement.log (db.js:208:25)

    console.log
      → Updating post 37 status to 'published'...

      at log (db.js:231:17)

    console.log
      ✓ Post 37 status updated to 'published'

      at Statement.log (db.js:248:25)

    console.log
      → Inserting content plan for 2026-03-18 (story on both)...

      at log (db.js:180:17)

    console.log
      ✓ Content plan saved with ID 38

      at Statement.log (db.js:208:25)

    console.log
      → Updating post 38 status to 'published'...

      at log (db.js:231:17)

    console.log
      ✓ Post 38 status updated to 'published'

      at Statement.log (db.js:248:25)

    console.log
      → Inserting content plan for 2026-03-18 (story on both)...

      at log (db.js:180:17)

    console.log
      ✓ Content plan saved with ID 39

      at Statement.log (db.js:208:25)

    console.log
      → Updating post 39 status to 'failed'...

      at log (db.js:231:17)

    console.log
      ✓ Post 39 status updated to 'failed' - Error: ^

      at Statement.log (db.js:246:25)

    console.log
      → Inserting content plan for 2026-03-18 (reel on instagram)...

      at log (db.js:180:17)

    console.log
      ✓ Content plan saved with ID 40

      at Statement.log (db.js:208:25)

    console.log
      → Updating post 40 status to 'failed'...

      at log (db.js:231:17)

    console.log
      ✓ Post 40 status updated to 'failed' - Error: c&^&

      at Statement.log (db.js:246:25)

    console.log
      → Inserting content plan for 2026-03-18 (reel on instagram)...

      at log (db.js:180:17)

    console.log
      ✓ Content plan saved with ID 41

      at Statement.log (db.js:208:25)

    console.log
      → Updating post 41 status to 'published'...

      at log (db.js:231:17)

    console.log
      ✓ Post 41 status updated to 'published'

      at Statement.log (db.js:248:25)

    console.log
      → Inserting content plan for 2026-03-18 (reel on instagram)...

      at log (db.js:180:17)

    console.log
      ✓ Content plan saved with ID 42

      at Statement.log (db.js:208:25)

    console.log
      → Updating post 42 status to 'published'...

      at log (db.js:231:17)

    console.log
      ✓ Post 42 status updated to 'published'

      at Statement.log (db.js:248:25)

    console.log
      → Inserting content plan for 2026-03-18 (post on both)...

      at log (db.js:180:17)

    console.log
      ✓ Content plan saved with ID 43

      at Statement.log (db.js:208:25)

    console.log
      → Updating post 43 status to 'published'...

      at log (db.js:231:17)

    console.log
      ✓ Post 43 status updated to 'published'

      at Statement.log (db.js:248:25)

    console.log
      → Inserting content plan for 2026-03-18 (post on both)...

      at log (db.js:180:17)

    console.log
      ✓ Content plan saved with ID 44

      at Statement.log (db.js:208:25)

    console.log
      → Updating post 44 status to 'published'...

      at log (db.js:231:17)

    console.log
      ✓ Post 44 status updated to 'published'

      at Statement.log (db.js:248:25)

    console.log
      → Inserting content plan for 2026-03-18 (post on both)...

      at log (db.js:180:17)

    console.log
      ✓ Content plan saved with ID 45

      at Statement.log (db.js:208:25)

    console.log
      → Updating post 45 status to 'failed'...

      at log (db.js:231:17)

    console.log
      ✓ Post 45 status updated to 'failed' - Error: ZM:g\H@ql

      at Statement.log (db.js:246:25)

    console.log
      → Inserting content plan for 2026-03-18 (story on both)...

      at log (db.js:180:17)

    console.log
      ✓ Content plan saved with ID 46

      at Statement.log (db.js:208:25)

    console.log
      → Updating post 46 status to 'published'...

      at log (db.js:231:17)

    console.log
      ✓ Post 46 status updated to 'published'

      at Statement.log (db.js:248:25)

    console.log
      → Inserting content plan for 2026-03-18 (post on both)...

      at log (db.js:180:17)

    console.log
      ✓ Content plan saved with ID 47

      at Statement.log (db.js:208:25)

    console.log
      → Updating post 47 status to 'failed'...

      at log (db.js:231:17)

    console.log
      ✓ Post 47 status updated to 'failed' - Error: tM:[

      at Statement.log (db.js:246:25)

    console.log
      → Inserting content plan for 2026-03-18 (reel on instagram)...

      at log (db.js:180:17)

    console.log
      ✓ Content plan saved with ID 48

      at Statement.log (db.js:208:25)

    console.log
      → Updating post 48 status to 'published'...

      at log (db.js:231:17)

    console.log
      ✓ Post 48 status updated to 'published'

      at Statement.log (db.js:248:25)

    console.log
      → Inserting content plan for 2026-03-18 (reel on instagram)...

      at log (db.js:180:17)

    console.log
      ✓ Content plan saved with ID 49

      at Statement.log (db.js:208:25)

    console.log
      → Updating post 49 status to 'failed'...

      at log (db.js:231:17)

    console.log
      ✓ Post 49 status updated to 'failed' - Error: {|

      at Statement.log (db.js:246:25)

    console.log
      → Inserting content plan for 2026-03-18 (post on both)...

      at log (db.js:180:17)

    console.log
      ✓ Content plan saved with ID 50

      at Statement.log (db.js:208:25)

    console.log
      → Updating post 50 status to 'failed'...

      at log (db.js:231:17)

    console.log
      ✓ Post 50 status updated to 'failed' - Error:  "|+9|%w}&x

      at Statement.log (db.js:246:25)

    console.log
      → Inserting content plan for 2026-03-18 (story on both)...

      at log (db.js:180:17)

    console.log
      ✓ Content plan saved with ID 51

      at Statement.log (db.js:208:25)

    console.log
      → Updating post 51 status to 'failed'...

      at log (db.js:231:17)

    console.log
      ✓ Post 51 status updated to 'failed' - Error: !ib F

      at Statement.log (db.js:246:25)

    console.log
      → Inserting content plan for 2026-03-18 (story on both)...

      at log (db.js:180:17)

    console.log
      ✓ Content plan saved with ID 52

      at Statement.log (db.js:208:25)

    console.log
      → Updating post 52 status to 'published'...

      at log (db.js:231:17)

    console.log
      ✓ Post 52 status updated to 'published'

      at Statement.log (db.js:248:25)

    console.log
      → Inserting content plan for 2026-03-18 (post on both)...

      at log (db.js:180:17)

    console.log
      ✓ Content plan saved with ID 53

      at Statement.log (db.js:208:25)

    console.log
      → Updating post 53 status to 'failed'...

      at log (db.js:231:17)

    console.log
      ✓ Post 53 status updated to 'failed' - Error: B;{}

      at Statement.log (db.js:246:25)

    console.log
      → Inserting content plan for 2026-03-18 (post on both)...

      at log (db.js:180:17)

    console.log
      ✓ Content plan saved with ID 54

      at Statement.log (db.js:208:25)

    console.log
      → Updating post 54 status to 'published'...

      at log (db.js:231:17)

    console.log
      ✓ Post 54 status updated to 'published'

      at Statement.log (db.js:248:25)

    console.log
      → Inserting content plan for 2026-03-18 (story on both)...

      at log (db.js:180:17)

    console.log
      ✓ Content plan saved with ID 55

      at Statement.log (db.js:208:25)

    console.log
      → Updating post 55 status to 'failed'...

      at log (db.js:231:17)

    console.log
      ✓ Post 55 status updated to 'failed' - Error: 4"$

      at Statement.log (db.js:246:25)

    console.log
      → Inserting content plan for 2026-03-18 (story on both)...

      at log (db.js:180:17)

    console.log
      ✓ Content plan saved with ID 56

      at Statement.log (db.js:208:25)

    console.log
      → Updating post 56 status to 'published'...

      at log (db.js:231:17)

    console.log
      ✓ Post 56 status updated to 'published'

      at Statement.log (db.js:248:25)

    console.log
      → Inserting content plan for 2026-03-18 (reel on instagram)...

      at log (db.js:180:17)

    console.log
      ✓ Content plan saved with ID 57

      at Statement.log (db.js:208:25)

    console.log
      → Updating post 57 status to 'published'...

      at log (db.js:231:17)

    console.log
      ✓ Post 57 status updated to 'published'

      at Statement.log (db.js:248:25)

    console.log
      → Inserting content plan for 2026-03-18 (reel on instagram)...

      at log (db.js:180:17)

    console.log
      ✓ Content plan saved with ID 58

      at Statement.log (db.js:208:25)

    console.log
      → Updating post 58 status to 'failed'...

      at log (db.js:231:17)

    console.log
      ✓ Post 58 status updated to 'failed' - Error: |+

      at Statement.log (db.js:246:25)

    console.log
      → Inserting content plan for 2026-03-18 (reel on instagram)...

      at log (db.js:180:17)

    console.log
      ✓ Content plan saved with ID 59

      at Statement.log (db.js:208:25)

    console.log
      → Updating post 59 status to 'published'...

      at log (db.js:231:17)

    console.log
      ✓ Post 59 status updated to 'published'

      at Statement.log (db.js:248:25)

    console.log
      → Inserting content plan for 2026-03-18 (story on both)...

      at log (db.js:180:17)

    console.log
      ✓ Content plan saved with ID 60

      at Statement.log (db.js:208:25)

    console.log
      → Updating post 60 status to 'published'...

      at log (db.js:231:17)

    console.log
      ✓ Post 60 status updated to 'published'

      at Statement.log (db.js:248:25)

    console.log
      → Inserting content plan for 2026-03-18 (post on both)...

      at log (db.js:180:17)

    console.log
      ✓ Content plan saved with ID 61

      at Statement.log (db.js:208:25)

    console.log
      → Updating post 61 status to 'published'...

      at log (db.js:231:17)

    console.log
      ✓ Post 61 status updated to 'published'

      at Statement.log (db.js:248:25)

    console.log
      → Inserting content plan for 2026-03-18 (post on both)...

      at log (db.js:180:17)

    console.log
      ✓ Content plan saved with ID 62

      at Statement.log (db.js:208:25)

    console.log
      → Updating post 62 status to 'failed'...

      at log (db.js:231:17)

    console.log
      ✓ Post 62 status updated to 'failed' - Error: %##c%~

      at Statement.log (db.js:246:25)

    console.log
      → Inserting content plan for 2026-03-18 (reel on instagram)...

      at log (db.js:180:17)

    console.log
      ✓ Content plan saved with ID 63

      at Statement.log (db.js:208:25)

    console.log
      → Updating post 63 status to 'published'...

      at log (db.js:231:17)

    console.log
      ✓ Post 63 status updated to 'published'

      at Statement.log (db.js:248:25)

    console.log
      → Inserting content plan for 2026-03-18 (post on both)...

      at log (db.js:180:17)

    console.log
      ✓ Content plan saved with ID 64

      at Statement.log (db.js:208:25)

    console.log
      → Updating post 64 status to 'failed'...

      at log (db.js:231:17)

    console.log
      ✓ Post 64 status updated to 'failed' - Error: }O

      at Statement.log (db.js:246:25)

    console.log
      → Inserting content plan for 2026-03-18 (post on both)...

      at log (db.js:180:17)

    console.log
      ✓ Content plan saved with ID 65

      at Statement.log (db.js:208:25)

    console.log
      → Updating post 65 status to 'published'...

      at log (db.js:231:17)

    console.log
      ✓ Post 65 status updated to 'published'

      at Statement.log (db.js:248:25)

    console.log
      → Inserting content plan for 2026-03-18 (story on both)...

      at log (db.js:180:17)

    console.log
      ✓ Content plan saved with ID 66

      at Statement.log (db.js:208:25)

    console.log
      → Updating post 66 status to 'failed'...

      at log (db.js:231:17)

    console.log
      ✓ Post 66 status updated to 'failed' - Error: Zo

      at Statement.log (db.js:246:25)

    console.log
      → Inserting content plan for 2026-03-18 (reel on instagram)...

      at log (db.js:180:17)

    console.log
      ✓ Content plan saved with ID 67

      at Statement.log (db.js:208:25)

    console.log
      → Updating post 67 status to 'published'...

      at log (db.js:231:17)

    console.log
      ✓ Post 67 status updated to 'published'

      at Statement.log (db.js:248:25)

    console.log
      → Inserting content plan for 2026-03-18 (post on both)...

      at log (db.js:180:17)

    console.log
      ✓ Content plan saved with ID 68

      at Statement.log (db.js:208:25)

    console.log
      → Updating post 68 status to 'published'...

      at log (db.js:231:17)

    console.log
      ✓ Post 68 status updated to 'published'

      at Statement.log (db.js:248:25)

    console.log
      → Inserting content plan for 2026-03-18 (story on both)...

      at log (db.js:180:17)

    console.log
      ✓ Content plan saved with ID 69

      at Statement.log (db.js:208:25)

    console.log
      → Updating post 69 status to 'failed'...

      at log (db.js:231:17)

    console.log
      ✓ Post 69 status updated to 'failed'

      at Statement.log (db.js:248:25)

    console.log
      → Inserting content plan for 2026-03-18 (reel on instagram)...

      at log (db.js:180:17)

    console.log
      ✓ Content plan saved with ID 70

      at Statement.log (db.js:208:25)

    console.log
      → Updating post 70 status to 'failed'...

      at log (db.js:231:17)

    console.log
      ✓ Post 70 status updated to 'failed' - Error: [EKE~

      at Statement.log (db.js:246:25)

    console.log
      → Inserting content plan for 2026-03-18 (story on both)...

      at log (db.js:180:17)

    console.log
      ✓ Content plan saved with ID 71

      at Statement.log (db.js:208:25)

    console.log
      → Updating post 71 status to 'failed'...

      at log (db.js:231:17)

    console.log
      ✓ Post 71 status updated to 'failed' - Error: ,f

      at Statement.log (db.js:246:25)

    console.log
      → Inserting content plan for 2026-03-18 (story on both)...

      at log (db.js:180:17)

    console.log
      ✓ Content plan saved with ID 72

      at Statement.log (db.js:208:25)

    console.log
      → Updating post 72 status to 'published'...

      at log (db.js:231:17)

    console.log
      ✓ Post 72 status updated to 'published'

      at Statement.log (db.js:248:25)

    console.log
      → Inserting content plan for 2026-03-18 (reel on instagram)...

      at log (db.js:180:17)

    console.log
      ✓ Content plan saved with ID 73

      at Statement.log (db.js:208:25)

    console.log
      → Updating post 73 status to 'published'...

      at log (db.js:231:17)

    console.log
      ✓ Post 73 status updated to 'published'

      at Statement.log (db.js:248:25)

    console.log
      → Inserting content plan for 2026-03-18 (reel on instagram)...

      at log (db.js:180:17)

    console.log
      ✓ Content plan saved with ID 74

      at Statement.log (db.js:208:25)

    console.log
      → Updating post 74 status to 'failed'...

      at log (db.js:231:17)

    console.log
      ✓ Post 74 status updated to 'failed' - Error: hx7"IwDaF}F

      at Statement.log (db.js:246:25)

    console.log
      → Inserting content plan for 2026-03-18 (story on both)...

      at log (db.js:180:17)

    console.log
      ✓ Content plan saved with ID 75

      at Statement.log (db.js:208:25)

    console.log
      → Updating post 75 status to 'published'...

      at log (db.js:231:17)

    console.log
      ✓ Post 75 status updated to 'published'

      at Statement.log (db.js:248:25)

    console.log
      → Inserting content plan for 2026-03-18 (reel on instagram)...

      at log (db.js:180:17)

    console.log
      ✓ Content plan saved with ID 76

      at Statement.log (db.js:208:25)

    console.log
      → Updating post 76 status to 'failed'...

      at log (db.js:231:17)

    console.log
      ✓ Post 76 status updated to 'failed' - Error: J[]d*?H+"AA

      at Statement.log (db.js:246:25)

    console.log
      → Inserting content plan for 2026-03-18 (post on both)...

      at log (db.js:180:17)

    console.log
      ✓ Content plan saved with ID 77

      at Statement.log (db.js:208:25)

    console.log
      → Updating post 77 status to 'published'...

      at log (db.js:231:17)

    console.log
      ✓ Post 77 status updated to 'published'

      at Statement.log (db.js:248:25)

    console.log
      → Inserting content plan for 2026-03-18 (story on both)...

      at log (db.js:180:17)

    console.log
      ✓ Content plan saved with ID 78

      at Statement.log (db.js:208:25)

    console.log
      → Updating post 78 status to 'failed'...

      at log (db.js:231:17)

    console.log
      ✓ Post 78 status updated to 'failed' - Error: (*!]@{ :KNHA

      at Statement.log (db.js:246:25)

    console.log
      → Inserting content plan for 2026-03-18 (story on both)...

      at log (db.js:180:17)

    console.log
      ✓ Content plan saved with ID 79

      at Statement.log (db.js:208:25)

    console.log
      → Updating post 79 status to 'failed'...

      at log (db.js:231:17)

    console.log
      ✓ Post 79 status updated to 'failed' - Error: GDtHRfj8

      at Statement.log (db.js:246:25)

    console.log
      → Inserting content plan for 2026-03-18 (post on both)...

      at log (db.js:180:17)

    console.log
      ✓ Content plan saved with ID 80

      at Statement.log (db.js:208:25)

    console.log
      → Updating post 80 status to 'failed'...

      at log (db.js:231:17)

    console.log
      ✓ Post 80 status updated to 'failed' - Error: b<{

      at Statement.log (db.js:246:25)

    console.log
      → Inserting content plan for 2026-03-18 (reel on instagram)...

      at log (db.js:180:17)

    console.log
      ✓ Content plan saved with ID 81

      at Statement.log (db.js:208:25)

    console.log
      → Updating post 81 status to 'published'...

      at log (db.js:231:17)

    console.log
      ✓ Post 81 status updated to 'published'

      at Statement.log (db.js:248:25)

    console.log
      → Inserting content plan for 2026-03-18 (post on both)...

      at log (db.js:180:17)

    console.log
      ✓ Content plan saved with ID 82

      at Statement.log (db.js:208:25)

    console.log
      → Updating post 82 status to 'failed'...

      at log (db.js:231:17)

    console.log
      ✓ Post 82 status updated to 'failed'

      at Statement.log (db.js:248:25)

    console.log
      → Inserting content plan for 2026-03-18 (story on both)...

      at log (db.js:180:17)

    console.log
      ✓ Content plan saved with ID 83

      at Statement.log (db.js:208:25)

    console.log
      → Updating post 83 status to 'published'...

      at log (db.js:231:17)

    console.log
      ✓ Post 83 status updated to 'published'

      at Statement.log (db.js:248:25)

    console.log
      → Inserting content plan for 2026-03-18 (story on both)...

      at log (db.js:180:17)

    console.log
      ✓ Content plan saved with ID 84

      at Statement.log (db.js:208:25)

    console.log
      → Updating post 84 status to 'failed'...

      at log (db.js:231:17)

    console.log
      ✓ Post 84 status updated to 'failed' - Error: {,{]

      at Statement.log (db.js:246:25)

    console.log
      → Inserting content plan for 2026-03-18 (post on both)...

      at log (db.js:180:17)

    console.log
      ✓ Content plan saved with ID 85

      at Statement.log (db.js:208:25)

    console.log
      → Updating post 85 status to 'published'...

      at log (db.js:231:17)

    console.log
      ✓ Post 85 status updated to 'published'

      at Statement.log (db.js:248:25)

    console.log
      → Inserting content plan for 2026-03-18 (reel on instagram)...

      at log (db.js:180:17)

    console.log
      ✓ Content plan saved with ID 86

      at Statement.log (db.js:208:25)

    console.log
      → Updating post 86 status to 'failed'...

      at log (db.js:231:17)

    console.log
      ✓ Post 86 status updated to 'failed' - Error: P"y4

      at Statement.log (db.js:246:25)

    console.log
      → Inserting content plan for 2026-03-18 (post on both)...

      at log (db.js:180:17)

    console.log
      ✓ Content plan saved with ID 87

      at Statement.log (db.js:208:25)

    console.log
      → Updating post 87 status to 'failed'...

      at log (db.js:231:17)

    console.log
      ✓ Post 87 status updated to 'failed' - Error: Coee2S/KGo,P

      at Statement.log (db.js:246:25)

    console.log
      → Inserting content plan for 2026-03-18 (story on both)...

      at log (db.js:180:17)

    console.log
      ✓ Content plan saved with ID 88

      at Statement.log (db.js:208:25)

    console.log
      → Updating post 88 status to 'failed'...

      at log (db.js:231:17)

    console.log
      ✓ Post 88 status updated to 'failed'

      at Statement.log (db.js:248:25)

    console.log
      → Inserting content plan for 2026-03-18 (story on both)...

      at log (db.js:180:17)

    console.log
      ✓ Content plan saved with ID 89

      at Statement.log (db.js:208:25)

    console.log
      → Updating post 89 status to 'published'...

      at log (db.js:231:17)

    console.log
      ✓ Post 89 status updated to 'published'

      at Statement.log (db.js:248:25)

    console.log
      → Inserting content plan for 2026-03-18 (post on both)...

      at log (db.js:180:17)

    console.log
      ✓ Content plan saved with ID 90

      at Statement.log (db.js:208:25)

    console.log
      → Updating post 90 status to 'published'...

      at log (db.js:231:17)

    console.log
      ✓ Post 90 status updated to 'published'

      at Statement.log (db.js:248:25)

    console.log
      → Inserting content plan for 2026-03-18 (reel on instagram)...

      at log (db.js:180:17)

    console.log
      ✓ Content plan saved with ID 91

      at Statement.log (db.js:208:25)

    console.log
      → Updating post 91 status to 'published'...

      at log (db.js:231:17)

    console.log
      ✓ Post 91 status updated to 'published'

      at Statement.log (db.js:248:25)

    console.log
      → Inserting content plan for 2026-03-18 (story on both)...

      at log (db.js:180:17)

    console.log
      ✓ Content plan saved with ID 92

      at Statement.log (db.js:208:25)

    console.log
      → Updating post 92 status to 'failed'...

      at log (db.js:231:17)

    console.log
      ✓ Post 92 status updated to 'failed' - Error: :h[+W

      at Statement.log (db.js:246:25)

    console.log
      → Inserting content plan for 2026-03-18 (story on both)...

      at log (db.js:180:17)

    console.log
      ✓ Content plan saved with ID 93

      at Statement.log (db.js:208:25)

    console.log
      → Updating post 93 status to 'failed'...

      at log (db.js:231:17)

    console.log
      ✓ Post 93 status updated to 'failed'

      at Statement.log (db.js:248:25)

    console.log
      → Inserting content plan for 2026-03-18 (post on both)...

      at log (db.js:180:17)

    console.log
      ✓ Content plan saved with ID 94

      at Statement.log (db.js:208:25)

    console.log
      → Updating post 94 status to 'failed'...

      at log (db.js:231:17)

    console.log
      ✓ Post 94 status updated to 'failed' - Error: k|g

      at Statement.log (db.js:246:25)

    console.log
      → Inserting content plan for 2026-03-18 (reel on instagram)...

      at log (db.js:180:17)

    console.log
      ✓ Content plan saved with ID 95

      at Statement.log (db.js:208:25)

    console.log
      → Updating post 95 status to 'published'...

      at log (db.js:231:17)

    console.log
      ✓ Post 95 status updated to 'published'

      at Statement.log (db.js:248:25)

    console.log
      → Inserting content plan for 2026-03-18 (story on both)...

      at log (db.js:180:17)

    console.log
      ✓ Content plan saved with ID 96

      at Statement.log (db.js:208:25)

    console.log
      → Updating post 96 status to 'published'...

      at log (db.js:231:17)

    console.log
      ✓ Post 96 status updated to 'published'

      at Statement.log (db.js:248:25)

    console.log
      → Inserting content plan for 2026-03-18 (story on both)...

      at log (db.js:180:17)

    console.log
      ✓ Content plan saved with ID 97

      at Statement.log (db.js:208:25)

    console.log
      → Updating post 97 status to 'failed'...

      at log (db.js:231:17)

    console.log
      ✓ Post 97 status updated to 'failed' - Error: N$

      at Statement.log (db.js:246:25)

    console.log
      → Inserting content plan for 2026-03-18 (reel on instagram)...

      at log (db.js:180:17)

    console.log
      ✓ Content plan saved with ID 98

      at Statement.log (db.js:208:25)

    console.log
      → Updating post 98 status to 'failed'...

      at log (db.js:231:17)

    console.log
      ✓ Post 98 status updated to 'failed' - Error:  G/rxsK

      at Statement.log (db.js:246:25)

    console.log
      → Inserting content plan for 2026-03-18 (story on both)...

      at log (db.js:180:17)

    console.log
      ✓ Content plan saved with ID 99

      at Statement.log (db.js:208:25)

    console.log
      → Updating post 99 status to 'published'...

      at log (db.js:231:17)

    console.log
      ✓ Post 99 status updated to 'published'

      at Statement.log (db.js:248:25)

    console.log
      → Inserting content plan for 2026-03-18 (story on both)...

      at log (db.js:180:17)

    console.log
      ✓ Content plan saved with ID 100

      at Statement.log (db.js:208:25)

    console.log
      → Updating post 100 status to 'failed'...

      at log (db.js:231:17)

    console.log
      ✓ Post 100 status updated to 'failed' - Error: V

      at Statement.log (db.js:246:25)

    console.log
      ✓ Database connection closed

      at Database.log (db.js:106:29)

    console.log
      → Initializing database...

      at Database.log (db.js:44:21)

    console.log
      ✓ Database initialized successfully

      at log (db.js:73:29)

    console.log
      → Inserting content plan for 2026-03-18 (story on both)...

      at log (db.js:180:17)

    console.log
      ✓ Content plan saved with ID 1

      at Statement.log (db.js:208:25)

    console.log
      → Updating post 1 status to 'published'...

      at log (db.js:231:17)

    console.log
      ✓ Post 1 status updated to 'published'

      at Statement.log (db.js:248:25)

    console.log
      → Updating post 1 metrics (likes: 18909, reach: 999996)...

      at log (db.js:271:17)

    console.log
      ✓ Post 1 metrics updated (likes: 18909, reach: 999996)

      at Statement.log (db.js:285:21)

    console.log
      → Inserting content plan for 2026-03-18 (reel on instagram)...

      at log (db.js:180:17)

    console.log
      ✓ Content plan saved with ID 2

      at Statement.log (db.js:208:25)

    console.log
      → Updating post 2 status to 'published'...

      at log (db.js:231:17)

    console.log
      ✓ Post 2 status updated to 'published'

      at Statement.log (db.js:248:25)

    console.log
      → Updating post 2 metrics (likes: 99984, reach: 999991)...

      at log (db.js:271:17)

    console.log
      ✓ Post 2 metrics updated (likes: 99984, reach: 999991)

      at Statement.log (db.js:285:21)

    console.log
      → Inserting content plan for 2026-03-18 (post on both)...

      at log (db.js:180:17)

    console.log
      ✓ Content plan saved with ID 3

      at Statement.log (db.js:208:25)

    console.log
      → Updating post 3 status to 'published'...

      at log (db.js:231:17)

    console.log
      ✓ Post 3 status updated to 'published'

      at Statement.log (db.js:248:25)

    console.log
      → Updating post 3 metrics (likes: 61845, reach: 8)...

      at log (db.js:271:17)

    console.log
      ✓ Post 3 metrics updated (likes: 61845, reach: 8)

      at Statement.log (db.js:285:21)

    console.log
      → Inserting content plan for 2026-03-18 (story on both)...

      at log (db.js:180:17)

    console.log
      ✓ Content plan saved with ID 4

      at Statement.log (db.js:208:25)

    console.log
      → Updating post 4 status to 'published'...

      at log (db.js:231:17)

    console.log
      ✓ Post 4 status updated to 'published'

      at Statement.log (db.js:248:25)

    console.log
      → Updating post 4 metrics (likes: 44810, reach: 28144)...

      at log (db.js:271:17)

    console.log
      ✓ Post 4 metrics updated (likes: 44810, reach: 28144)

      at Statement.log (db.js:285:21)

    console.log
      → Inserting content plan for 2026-03-18 (post on both)...

      at log (db.js:180:17)

    console.log
      ✓ Content plan saved with ID 5

      at Statement.log (db.js:208:25)

    console.log
      → Updating post 5 status to 'published'...

      at log (db.js:231:17)

    console.log
      ✓ Post 5 status updated to 'published'

      at Statement.log (db.js:248:25)

    console.log
      → Updating post 5 metrics (likes: 9, reach: 18)...

      at log (db.js:271:17)

    console.log
      ✓ Post 5 metrics updated (likes: 9, reach: 18)

      at Statement.log (db.js:285:21)

    console.log
      → Inserting content plan for 2026-03-18 (post on both)...

      at log (db.js:180:17)

    console.log
      ✓ Content plan saved with ID 6

      at Statement.log (db.js:208:25)

    console.log
      → Updating post 6 status to 'published'...

      at log (db.js:231:17)

    console.log
      ✓ Post 6 status updated to 'published'

      at Statement.log (db.js:248:25)

    console.log
      → Updating post 6 metrics (likes: 2, reach: 871393)...

      at log (db.js:271:17)

    console.log
      ✓ Post 6 metrics updated (likes: 2, reach: 871393)

      at Statement.log (db.js:285:21)

    console.log
      → Inserting content plan for 2026-03-18 (reel on instagram)...

      at log (db.js:180:17)

    console.log
      ✓ Content plan saved with ID 7

      at Statement.log (db.js:208:25)

    console.log
      → Updating post 7 status to 'published'...

      at log (db.js:231:17)

    console.log
      ✓ Post 7 status updated to 'published'

      at Statement.log (db.js:248:25)

    console.log
      → Updating post 7 metrics (likes: 27048, reach: 3)...

      at log (db.js:271:17)

    console.log
      ✓ Post 7 metrics updated (likes: 27048, reach: 3)

      at Statement.log (db.js:285:21)

    console.log
      → Inserting content plan for 2026-03-18 (story on both)...

      at log (db.js:180:17)

    console.log
      ✓ Content plan saved with ID 8

      at Statement.log (db.js:208:25)

    console.log
      → Updating post 8 status to 'published'...

      at log (db.js:231:17)

    console.log
      ✓ Post 8 status updated to 'published'

      at Statement.log (db.js:248:25)

    console.log
      → Updating post 8 metrics (likes: 71215, reach: 4)...

      at log (db.js:271:17)

    console.log
      ✓ Post 8 metrics updated (likes: 71215, reach: 4)

      at Statement.log (db.js:285:21)

    console.log
      → Inserting content plan for 2026-03-18 (reel on instagram)...

      at log (db.js:180:17)

    console.log
      ✓ Content plan saved with ID 9

      at Statement.log (db.js:208:25)

    console.log
      → Updating post 9 status to 'published'...

      at log (db.js:231:17)

    console.log
      ✓ Post 9 status updated to 'published'

      at Statement.log (db.js:248:25)

    console.log
      → Updating post 9 metrics (likes: 6, reach: 450792)...

      at log (db.js:271:17)

    console.log
      ✓ Post 9 metrics updated (likes: 6, reach: 450792)

      at Statement.log (db.js:285:21)

    console.log
      → Inserting content plan for 2026-03-18 (story on both)...

      at log (db.js:180:17)

    console.log
      ✓ Content plan saved with ID 10

      at Statement.log (db.js:208:25)

    console.log
      → Updating post 10 status to 'published'...

      at log (db.js:231:17)

    console.log
      ✓ Post 10 status updated to 'published'

      at Statement.log (db.js:248:25)

    console.log
      → Updating post 10 metrics (likes: 52861, reach: 11)...

      at log (db.js:271:17)

    console.log
      ✓ Post 10 metrics updated (likes: 52861, reach: 11)

      at Statement.log (db.js:285:21)

    console.log
      → Inserting content plan for 2026-03-18 (story on both)...

      at log (db.js:180:17)

    console.log
      ✓ Content plan saved with ID 11

      at Statement.log (db.js:208:25)

    console.log
      → Updating post 11 status to 'published'...

      at log (db.js:231:17)

    console.log
      ✓ Post 11 status updated to 'published'

      at Statement.log (db.js:248:25)

    console.log
      → Updating post 11 metrics (likes: 13, reach: 197540)...

      at log (db.js:271:17)

    console.log
      ✓ Post 11 metrics updated (likes: 13, reach: 197540)

      at Statement.log (db.js:285:21)

    console.log
      → Inserting content plan for 2026-03-18 (reel on instagram)...

      at log (db.js:180:17)

    console.log
      ✓ Content plan saved with ID 12

      at Statement.log (db.js:208:25)

    console.log
      → Updating post 12 status to 'published'...

      at log (db.js:231:17)

    console.log
      ✓ Post 12 status updated to 'published'

      at Statement.log (db.js:248:25)

    console.log
      → Updating post 12 metrics (likes: 12, reach: 97279)...

      at log (db.js:271:17)

    console.log
      ✓ Post 12 metrics updated (likes: 12, reach: 97279)

      at Statement.log (db.js:285:21)

    console.log
      → Inserting content plan for 2026-03-18 (story on both)...

      at log (db.js:180:17)

    console.log
      ✓ Content plan saved with ID 13

      at Statement.log (db.js:208:25)

    console.log
      → Updating post 13 status to 'published'...

      at log (db.js:231:17)

    console.log
      ✓ Post 13 status updated to 'published'

      at Statement.log (db.js:248:25)

    console.log
      → Updating post 13 metrics (likes: 54265, reach: 629553)...

      at log (db.js:271:17)

    console.log
      ✓ Post 13 metrics updated (likes: 54265, reach: 629553)

      at Statement.log (db.js:285:21)

    console.log
      → Inserting content plan for 2026-03-18 (reel on instagram)...

      at log (db.js:180:17)

    console.log
      ✓ Content plan saved with ID 14

      at Statement.log (db.js:208:25)

    console.log
      → Updating post 14 status to 'published'...

      at log (db.js:231:17)

    console.log
      ✓ Post 14 status updated to 'published'

      at Statement.log (db.js:248:25)

    console.log
      → Updating post 14 metrics (likes: 21001, reach: 718116)...

      at log (db.js:271:17)

    console.log
      ✓ Post 14 metrics updated (likes: 21001, reach: 718116)

      at Statement.log (db.js:285:21)

    console.log
      → Inserting content plan for 2026-03-18 (story on both)...

      at log (db.js:180:17)

    console.log
      ✓ Content plan saved with ID 15

      at Statement.log (db.js:208:25)

    console.log
      → Updating post 15 status to 'published'...

      at log (db.js:231:17)

    console.log
      ✓ Post 15 status updated to 'published'

      at Statement.log (db.js:248:25)

    console.log
      → Updating post 15 metrics (likes: 15037, reach: 4)...

      at log (db.js:271:17)

    console.log
      ✓ Post 15 metrics updated (likes: 15037, reach: 4)

      at Statement.log (db.js:285:21)

    console.log
      → Inserting content plan for 2026-03-18 (reel on instagram)...

      at log (db.js:180:17)

    console.log
      ✓ Content plan saved with ID 16

      at Statement.log (db.js:208:25)

    console.log
      → Updating post 16 status to 'published'...

      at log (db.js:231:17)

    console.log
      ✓ Post 16 status updated to 'published'

      at Statement.log (db.js:248:25)

    console.log
      → Updating post 16 metrics (likes: 36431, reach: 679823)...

      at log (db.js:271:17)

    console.log
      ✓ Post 16 metrics updated (likes: 36431, reach: 679823)

      at Statement.log (db.js:285:21)

    console.log
      → Inserting content plan for 2026-03-18 (reel on instagram)...

      at log (db.js:180:17)

    console.log
      ✓ Content plan saved with ID 17

      at Statement.log (db.js:208:25)

    console.log
      → Updating post 17 status to 'published'...

      at log (db.js:231:17)

    console.log
      ✓ Post 17 status updated to 'published'

      at Statement.log (db.js:248:25)

    console.log
      → Updating post 17 metrics (likes: 9517, reach: 332264)...

      at log (db.js:271:17)

    console.log
      ✓ Post 17 metrics updated (likes: 9517, reach: 332264)

      at Statement.log (db.js:285:21)

    console.log
      → Inserting content plan for 2026-03-18 (story on both)...

      at log (db.js:180:17)

    console.log
      ✓ Content plan saved with ID 18

      at Statement.log (db.js:208:25)

    console.log
      → Updating post 18 status to 'published'...

      at log (db.js:231:17)

    console.log
      ✓ Post 18 status updated to 'published'

      at Statement.log (db.js:248:25)

    console.log
      → Updating post 18 metrics (likes: 56956, reach: 890920)...

      at log (db.js:271:17)

    console.log
      ✓ Post 18 metrics updated (likes: 56956, reach: 890920)

      at Statement.log (db.js:285:21)

    console.log
      → Inserting content plan for 2026-03-18 (post on both)...

      at log (db.js:180:17)

    console.log
      ✓ Content plan saved with ID 19

      at Statement.log (db.js:208:25)

    console.log
      → Updating post 19 status to 'published'...

      at log (db.js:231:17)

    console.log
      ✓ Post 19 status updated to 'published'

      at Statement.log (db.js:248:25)

    console.log
      → Updating post 19 metrics (likes: 9162, reach: 740324)...

      at log (db.js:271:17)

    console.log
      ✓ Post 19 metrics updated (likes: 9162, reach: 740324)

      at Statement.log (db.js:285:21)

    console.log
      → Inserting content plan for 2026-03-18 (reel on instagram)...

      at log (db.js:180:17)

    console.log
      ✓ Content plan saved with ID 20

      at Statement.log (db.js:208:25)

    console.log
      → Updating post 20 status to 'published'...

      at log (db.js:231:17)

    console.log
      ✓ Post 20 status updated to 'published'

      at Statement.log (db.js:248:25)

    console.log
      → Updating post 20 metrics (likes: 37523, reach: 248905)...

      at log (db.js:271:17)

    console.log
      ✓ Post 20 metrics updated (likes: 37523, reach: 248905)

      at Statement.log (db.js:285:21)

    console.log
      → Inserting content plan for 2026-03-18 (reel on instagram)...

      at log (db.js:180:17)

    console.log
      ✓ Content plan saved with ID 21

      at Statement.log (db.js:208:25)

    console.log
      → Updating post 21 status to 'published'...

      at log (db.js:231:17)

    console.log
      ✓ Post 21 status updated to 'published'

      at Statement.log (db.js:248:25)

    console.log
      → Updating post 21 metrics (likes: 86188, reach: 14)...

      at log (db.js:271:17)

    console.log
      ✓ Post 21 metrics updated (likes: 86188, reach: 14)

      at Statement.log (db.js:285:21)

    console.log
      → Inserting content plan for 2026-03-18 (reel on instagram)...

      at log (db.js:180:17)

    console.log
      ✓ Content plan saved with ID 22

      at Statement.log (db.js:208:25)

    console.log
      → Updating post 22 status to 'published'...

      at log (db.js:231:17)

    console.log
      ✓ Post 22 status updated to 'published'

      at Statement.log (db.js:248:25)

    console.log
      → Updating post 22 metrics (likes: 11, reach: 252414)...

      at log (db.js:271:17)

    console.log
      ✓ Post 22 metrics updated (likes: 11, reach: 252414)

      at Statement.log (db.js:285:21)

    console.log
      → Inserting content plan for 2026-03-18 (reel on instagram)...

      at log (db.js:180:17)

    console.log
      ✓ Content plan saved with ID 23

      at Statement.log (db.js:208:25)

    console.log
      → Updating post 23 status to 'published'...

      at log (db.js:231:17)

    console.log
      ✓ Post 23 status updated to 'published'

      at Statement.log (db.js:248:25)

    console.log
      → Updating post 23 metrics (likes: 30240, reach: 0)...

      at log (db.js:271:17)

    console.log
      ✓ Post 23 metrics updated (likes: 30240, reach: 0)

      at Statement.log (db.js:285:21)

    console.log
      → Inserting content plan for 2026-03-18 (story on both)...

      at log (db.js:180:17)

    console.log
      ✓ Content plan saved with ID 24

      at Statement.log (db.js:208:25)

    console.log
      → Updating post 24 status to 'published'...

      at log (db.js:231:17)

    console.log
      ✓ Post 24 status updated to 'published'

      at Statement.log (db.js:248:25)

    console.log
      → Updating post 24 metrics (likes: 7, reach: 2)...

      at log (db.js:271:17)

    console.log
      ✓ Post 24 metrics updated (likes: 7, reach: 2)

      at Statement.log (db.js:285:21)

    console.log
      → Inserting content plan for 2026-03-18 (story on both)...

      at log (db.js:180:17)

    console.log
      ✓ Content plan saved with ID 25

      at Statement.log (db.js:208:25)

    console.log
      → Updating post 25 status to 'published'...

      at log (db.js:231:17)

    console.log
      ✓ Post 25 status updated to 'published'

      at Statement.log (db.js:248:25)

    console.log
      → Updating post 25 metrics (likes: 81889, reach: 3)...

      at log (db.js:271:17)

    console.log
      ✓ Post 25 metrics updated (likes: 81889, reach: 3)

      at Statement.log (db.js:285:21)

    console.log
      → Inserting content plan for 2026-03-18 (reel on instagram)...

      at log (db.js:180:17)

    console.log
      ✓ Content plan saved with ID 26

      at Statement.log (db.js:208:25)

    console.log
      → Updating post 26 status to 'published'...

      at log (db.js:231:17)

    console.log
      ✓ Post 26 status updated to 'published'

      at Statement.log (db.js:248:25)

    console.log
      → Updating post 26 metrics (likes: 88975, reach: 867163)...

      at log (db.js:271:17)

    console.log
      ✓ Post 26 metrics updated (likes: 88975, reach: 867163)

      at Statement.log (db.js:285:21)

    console.log
      → Inserting content plan for 2026-03-18 (story on both)...

      at log (db.js:180:17)

    console.log
      ✓ Content plan saved with ID 27

      at Statement.log (db.js:208:25)

    console.log
      → Updating post 27 status to 'published'...

      at log (db.js:231:17)

    console.log
      ✓ Post 27 status updated to 'published'

      at Statement.log (db.js:248:25)

    console.log
      → Updating post 27 metrics (likes: 99992, reach: 449271)...

      at log (db.js:271:17)

    console.log
      ✓ Post 27 metrics updated (likes: 99992, reach: 449271)

      at Statement.log (db.js:285:21)

    console.log
      → Inserting content plan for 2026-03-18 (post on both)...

      at log (db.js:180:17)

    console.log
      ✓ Content plan saved with ID 28

      at Statement.log (db.js:208:25)

    console.log
      → Updating post 28 status to 'published'...

      at log (db.js:231:17)

    console.log
      ✓ Post 28 status updated to 'published'

      at Statement.log (db.js:248:25)

    console.log
      → Updating post 28 metrics (likes: 73631, reach: 910800)...

      at log (db.js:271:17)

    console.log
      ✓ Post 28 metrics updated (likes: 73631, reach: 910800)

      at Statement.log (db.js:285:21)

    console.log
      → Inserting content plan for 2026-03-18 (reel on instagram)...

      at log (db.js:180:17)

    console.log
      ✓ Content plan saved with ID 29

      at Statement.log (db.js:208:25)

    console.log
      → Updating post 29 status to 'published'...

      at log (db.js:231:17)

    console.log
      ✓ Post 29 status updated to 'published'

      at Statement.log (db.js:248:25)

    console.log
      → Updating post 29 metrics (likes: 66220, reach: 999993)...

      at log (db.js:271:17)

    console.log
      ✓ Post 29 metrics updated (likes: 66220, reach: 999993)

      at Statement.log (db.js:285:21)

    console.log
      → Inserting content plan for 2026-03-18 (reel on instagram)...

      at log (db.js:180:17)

    console.log
      ✓ Content plan saved with ID 30

      at Statement.log (db.js:208:25)

    console.log
      → Updating post 30 status to 'published'...

      at log (db.js:231:17)

    console.log
      ✓ Post 30 status updated to 'published'

      at Statement.log (db.js:248:25)

    console.log
      → Updating post 30 metrics (likes: 99995, reach: 979380)...

      at log (db.js:271:17)

    console.log
      ✓ Post 30 metrics updated (likes: 99995, reach: 979380)

      at Statement.log (db.js:285:21)

    console.log
      → Inserting content plan for 2026-03-18 (story on both)...

      at log (db.js:180:17)

    console.log
      ✓ Content plan saved with ID 31

      at Statement.log (db.js:208:25)

    console.log
      → Updating post 31 status to 'published'...

      at log (db.js:231:17)

    console.log
      ✓ Post 31 status updated to 'published'

      at Statement.log (db.js:248:25)

    console.log
      → Updating post 31 metrics (likes: 44937, reach: 713607)...

      at log (db.js:271:17)

    console.log
      ✓ Post 31 metrics updated (likes: 44937, reach: 713607)

      at Statement.log (db.js:285:21)

    console.log
      → Inserting content plan for 2026-03-18 (post on both)...

      at log (db.js:180:17)

    console.log
      ✓ Content plan saved with ID 32

      at Statement.log (db.js:208:25)

    console.log
      → Updating post 32 status to 'published'...

      at log (db.js:231:17)

    console.log
      ✓ Post 32 status updated to 'published'

      at Statement.log (db.js:248:25)

    console.log
      → Updating post 32 metrics (likes: 58746, reach: 645174)...

      at log (db.js:271:17)

    console.log
      ✓ Post 32 metrics updated (likes: 58746, reach: 645174)

      at Statement.log (db.js:285:21)

    console.log
      → Inserting content plan for 2026-03-18 (post on both)...

      at log (db.js:180:17)

    console.log
      ✓ Content plan saved with ID 33

      at Statement.log (db.js:208:25)

    console.log
      → Updating post 33 status to 'published'...

      at log (db.js:231:17)

    console.log
      ✓ Post 33 status updated to 'published'

      at Statement.log (db.js:248:25)

    console.log
      → Updating post 33 metrics (likes: 7, reach: 581691)...

      at log (db.js:271:17)

    console.log
      ✓ Post 33 metrics updated (likes: 7, reach: 581691)

      at Statement.log (db.js:285:21)

    console.log
      → Inserting content plan for 2026-03-18 (post on both)...

      at log (db.js:180:17)

    console.log
      ✓ Content plan saved with ID 34

      at Statement.log (db.js:208:25)

    console.log
      → Updating post 34 status to 'published'...

      at log (db.js:231:17)

    console.log
      ✓ Post 34 status updated to 'published'

      at Statement.log (db.js:248:25)

    console.log
      → Updating post 34 metrics (likes: 52128, reach: 402334)...

      at log (db.js:271:17)

    console.log
      ✓ Post 34 metrics updated (likes: 52128, reach: 402334)

      at Statement.log (db.js:285:21)

    console.log
      → Inserting content plan for 2026-03-18 (reel on instagram)...

      at log (db.js:180:17)

    console.log
      ✓ Content plan saved with ID 35

      at Statement.log (db.js:208:25)

    console.log
      → Updating post 35 status to 'published'...

      at log (db.js:231:17)

    console.log
      ✓ Post 35 status updated to 'published'

      at Statement.log (db.js:248:25)

    console.log
      → Updating post 35 metrics (likes: 85020, reach: 756436)...

      at log (db.js:271:17)

    console.log
      ✓ Post 35 metrics updated (likes: 85020, reach: 756436)

      at Statement.log (db.js:285:21)

    console.log
      → Inserting content plan for 2026-03-18 (post on both)...

      at log (db.js:180:17)

    console.log
      ✓ Content plan saved with ID 36

      at Statement.log (db.js:208:25)

    console.log
      → Updating post 36 status to 'published'...

      at log (db.js:231:17)

    console.log
      ✓ Post 36 status updated to 'published'

      at Statement.log (db.js:248:25)

    console.log
      → Updating post 36 metrics (likes: 89763, reach: 15)...

      at log (db.js:271:17)

    console.log
      ✓ Post 36 metrics updated (likes: 89763, reach: 15)

      at Statement.log (db.js:285:21)

    console.log
      → Inserting content plan for 2026-03-18 (post on both)...

      at log (db.js:180:17)

    console.log
      ✓ Content plan saved with ID 37

      at Statement.log (db.js:208:25)

    console.log
      → Updating post 37 status to 'published'...

      at log (db.js:231:17)

    console.log
      ✓ Post 37 status updated to 'published'

      at Statement.log (db.js:248:25)

    console.log
      → Updating post 37 metrics (likes: 576, reach: 5)...

      at log (db.js:271:17)

    console.log
      ✓ Post 37 metrics updated (likes: 576, reach: 5)

      at Statement.log (db.js:285:21)

    console.log
      → Inserting content plan for 2026-03-18 (story on both)...

      at log (db.js:180:17)

    console.log
      ✓ Content plan saved with ID 38

      at Statement.log (db.js:208:25)

    console.log
      → Updating post 38 status to 'published'...

      at log (db.js:231:17)

    console.log
      ✓ Post 38 status updated to 'published'

      at Statement.log (db.js:248:25)

    console.log
      → Updating post 38 metrics (likes: 8753, reach: 172366)...

      at log (db.js:271:17)

    console.log
      ✓ Post 38 metrics updated (likes: 8753, reach: 172366)

      at Statement.log (db.js:285:21)

    console.log
      → Inserting content plan for 2026-03-18 (reel on instagram)...

      at log (db.js:180:17)

    console.log
      ✓ Content plan saved with ID 39

      at Statement.log (db.js:208:25)

    console.log
      → Updating post 39 status to 'published'...

      at log (db.js:231:17)

    console.log
      ✓ Post 39 status updated to 'published'

      at Statement.log (db.js:248:25)

    console.log
      → Updating post 39 metrics (likes: 74060, reach: 55349)...

      at log (db.js:271:17)

    console.log
      ✓ Post 39 metrics updated (likes: 74060, reach: 55349)

      at Statement.log (db.js:285:21)

    console.log
      → Inserting content plan for 2026-03-18 (story on both)...

      at log (db.js:180:17)

    console.log
      ✓ Content plan saved with ID 40

      at Statement.log (db.js:208:25)

    console.log
      → Updating post 40 status to 'published'...

      at log (db.js:231:17)

    console.log
      ✓ Post 40 status updated to 'published'

      at Statement.log (db.js:248:25)

    console.log
      → Updating post 40 metrics (likes: 15, reach: 900559)...

      at log (db.js:271:17)

    console.log
      ✓ Post 40 metrics updated (likes: 15, reach: 900559)

      at Statement.log (db.js:285:21)

    console.log
      → Inserting content plan for 2026-03-18 (post on both)...

      at log (db.js:180:17)

    console.log
      ✓ Content plan saved with ID 41

      at Statement.log (db.js:208:25)

    console.log
      → Updating post 41 status to 'published'...

      at log (db.js:231:17)

    console.log
      ✓ Post 41 status updated to 'published'

      at Statement.log (db.js:248:25)

    console.log
      → Updating post 41 metrics (likes: 11, reach: 420242)...

      at log (db.js:271:17)

    console.log
      ✓ Post 41 metrics updated (likes: 11, reach: 420242)

      at Statement.log (db.js:285:21)

    console.log
      → Inserting content plan for 2026-03-18 (post on both)...

      at log (db.js:180:17)

    console.log
      ✓ Content plan saved with ID 42

      at Statement.log (db.js:208:25)

    console.log
      → Updating post 42 status to 'published'...

      at log (db.js:231:17)

    console.log
      ✓ Post 42 status updated to 'published'

      at Statement.log (db.js:248:25)

    console.log
      → Updating post 42 metrics (likes: 15, reach: 52059)...

      at log (db.js:271:17)

    console.log
      ✓ Post 42 metrics updated (likes: 15, reach: 52059)

      at Statement.log (db.js:285:21)

    console.log
      → Inserting content plan for 2026-03-18 (post on both)...

      at log (db.js:180:17)

    console.log
      ✓ Content plan saved with ID 43

      at Statement.log (db.js:208:25)

    console.log
      → Updating post 43 status to 'published'...

      at log (db.js:231:17)

    console.log
      ✓ Post 43 status updated to 'published'

      at Statement.log (db.js:248:25)

    console.log
      → Updating post 43 metrics (likes: 10237, reach: 103722)...

      at log (db.js:271:17)

    console.log
      ✓ Post 43 metrics updated (likes: 10237, reach: 103722)

      at Statement.log (db.js:285:21)

    console.log
      → Inserting content plan for 2026-03-18 (reel on instagram)...

      at log (db.js:180:17)

    console.log
      ✓ Content plan saved with ID 44

      at Statement.log (db.js:208:25)

    console.log
      → Updating post 44 status to 'published'...

      at log (db.js:231:17)

    console.log
      ✓ Post 44 status updated to 'published'

      at Statement.log (db.js:248:25)

    console.log
      → Updating post 44 metrics (likes: 14, reach: 32995)...

      at log (db.js:271:17)

    console.log
      ✓ Post 44 metrics updated (likes: 14, reach: 32995)

      at Statement.log (db.js:285:21)

    console.log
      → Inserting content plan for 2026-03-18 (story on both)...

      at log (db.js:180:17)

    console.log
      ✓ Content plan saved with ID 45

      at Statement.log (db.js:208:25)

    console.log
      → Updating post 45 status to 'published'...

      at log (db.js:231:17)

    console.log
      ✓ Post 45 status updated to 'published'

      at Statement.log (db.js:248:25)

    console.log
      → Updating post 45 metrics (likes: 13883, reach: 977617)...

      at log (db.js:271:17)

    console.log
      ✓ Post 45 metrics updated (likes: 13883, reach: 977617)

      at Statement.log (db.js:285:21)

    console.log
      → Inserting content plan for 2026-03-18 (post on both)...

      at log (db.js:180:17)

    console.log
      ✓ Content plan saved with ID 46

      at Statement.log (db.js:208:25)

    console.log
      → Updating post 46 status to 'published'...

      at log (db.js:231:17)

    console.log
      ✓ Post 46 status updated to 'published'

      at Statement.log (db.js:248:25)

    console.log
      → Updating post 46 metrics (likes: 16816, reach: 787169)...

      at log (db.js:271:17)

    console.log
      ✓ Post 46 metrics updated (likes: 16816, reach: 787169)

      at Statement.log (db.js:285:21)

    console.log
      → Inserting content plan for 2026-03-18 (post on both)...

      at log (db.js:180:17)

    console.log
      ✓ Content plan saved with ID 47

      at Statement.log (db.js:208:25)

    console.log
      → Updating post 47 status to 'published'...

      at log (db.js:231:17)

    console.log
      ✓ Post 47 status updated to 'published'

      at Statement.log (db.js:248:25)

    console.log
      → Updating post 47 metrics (likes: 31826, reach: 31860)...

      at log (db.js:271:17)

    console.log
      ✓ Post 47 metrics updated (likes: 31826, reach: 31860)

      at Statement.log (db.js:285:21)

    console.log
      → Inserting content plan for 2026-03-18 (story on both)...

      at log (db.js:180:17)

    console.log
      ✓ Content plan saved with ID 48

      at Statement.log (db.js:208:25)

    console.log
      → Updating post 48 status to 'published'...

      at log (db.js:231:17)

    console.log
      ✓ Post 48 status updated to 'published'

      at Statement.log (db.js:248:25)

    console.log
      → Updating post 48 metrics (likes: 39139, reach: 18)...

      at log (db.js:271:17)

    console.log
      ✓ Post 48 metrics updated (likes: 39139, reach: 18)

      at Statement.log (db.js:285:21)

    console.log
      → Inserting content plan for 2026-03-18 (post on both)...

      at log (db.js:180:17)

    console.log
      ✓ Content plan saved with ID 49

      at Statement.log (db.js:208:25)

    console.log
      → Updating post 49 status to 'published'...

      at log (db.js:231:17)

    console.log
      ✓ Post 49 status updated to 'published'

      at Statement.log (db.js:248:25)

    console.log
      → Updating post 49 metrics (likes: 75061, reach: 7)...

      at log (db.js:271:17)

    console.log
      ✓ Post 49 metrics updated (likes: 75061, reach: 7)

      at Statement.log (db.js:285:21)

    console.log
      → Inserting content plan for 2026-03-18 (story on both)...

      at log (db.js:180:17)

    console.log
      ✓ Content plan saved with ID 50

      at Statement.log (db.js:208:25)

    console.log
      → Updating post 50 status to 'published'...

      at log (db.js:231:17)

    console.log
      ✓ Post 50 status updated to 'published'

      at Statement.log (db.js:248:25)

    console.log
      → Updating post 50 metrics (likes: 33144, reach: 554620)...

      at log (db.js:271:17)

    console.log
      ✓ Post 50 metrics updated (likes: 33144, reach: 554620)

      at Statement.log (db.js:285:21)

    console.log
      → Inserting content plan for 2026-03-18 (post on both)...

      at log (db.js:180:17)

    console.log
      ✓ Content plan saved with ID 51

      at Statement.log (db.js:208:25)

    console.log
      → Updating post 51 status to 'published'...

      at log (db.js:231:17)

    console.log
      ✓ Post 51 status updated to 'published'

      at Statement.log (db.js:248:25)

    console.log
      → Updating post 51 metrics (likes: 15, reach: 978467)...

      at log (db.js:271:17)

    console.log
      ✓ Post 51 metrics updated (likes: 15, reach: 978467)

      at Statement.log (db.js:285:21)

    console.log
      → Inserting content plan for 2026-03-18 (reel on instagram)...

      at log (db.js:180:17)

    console.log
      ✓ Content plan saved with ID 52

      at Statement.log (db.js:208:25)

    console.log
      → Updating post 52 status to 'published'...

      at log (db.js:231:17)

    console.log
      ✓ Post 52 status updated to 'published'

      at Statement.log (db.js:248:25)

    console.log
      → Updating post 52 metrics (likes: 99999, reach: 11)...

      at log (db.js:271:17)

    console.log
      ✓ Post 52 metrics updated (likes: 99999, reach: 11)

      at Statement.log (db.js:285:21)

    console.log
      → Inserting content plan for 2026-03-18 (reel on instagram)...

      at log (db.js:180:17)

    console.log
      ✓ Content plan saved with ID 53

      at Statement.log (db.js:208:25)

    console.log
      → Updating post 53 status to 'published'...

      at log (db.js:231:17)

    console.log
      ✓ Post 53 status updated to 'published'

      at Statement.log (db.js:248:25)

    console.log
      → Updating post 53 metrics (likes: 8, reach: 496358)...

      at log (db.js:271:17)

    console.log
      ✓ Post 53 metrics updated (likes: 8, reach: 496358)

      at Statement.log (db.js:285:21)

    console.log
      → Inserting content plan for 2026-03-18 (post on both)...

      at log (db.js:180:17)

    console.log
      ✓ Content plan saved with ID 54

      at Statement.log (db.js:208:25)

    console.log
      → Updating post 54 status to 'published'...

      at log (db.js:231:17)

    console.log
      ✓ Post 54 status updated to 'published'

      at Statement.log (db.js:248:25)

    console.log
      → Updating post 54 metrics (likes: 68855, reach: 499938)...

      at log (db.js:271:17)

    console.log
      ✓ Post 54 metrics updated (likes: 68855, reach: 499938)

      at Statement.log (db.js:285:21)

    console.log
      → Inserting content plan for 2026-03-18 (post on both)...

      at log (db.js:180:17)

    console.log
      ✓ Content plan saved with ID 55

      at Statement.log (db.js:208:25)

    console.log
      → Updating post 55 status to 'published'...

      at log (db.js:231:17)

    console.log
      ✓ Post 55 status updated to 'published'

      at Statement.log (db.js:248:25)

    console.log
      → Updating post 55 metrics (likes: 97556, reach: 499348)...

      at log (db.js:271:17)

    console.log
      ✓ Post 55 metrics updated (likes: 97556, reach: 499348)

      at Statement.log (db.js:285:21)

    console.log
      → Inserting content plan for 2026-03-18 (story on both)...

      at log (db.js:180:17)

    console.log
      ✓ Content plan saved with ID 56

      at Statement.log (db.js:208:25)

    console.log
      → Updating post 56 status to 'published'...

      at log (db.js:231:17)

    console.log
      ✓ Post 56 status updated to 'published'

      at Statement.log (db.js:248:25)

    console.log
      → Updating post 56 metrics (likes: 6, reach: 393077)...

      at log (db.js:271:17)

    console.log
      ✓ Post 56 metrics updated (likes: 6, reach: 393077)

      at Statement.log (db.js:285:21)

    console.log
      → Inserting content plan for 2026-03-18 (reel on instagram)...

      at log (db.js:180:17)

    console.log
      ✓ Content plan saved with ID 57

      at Statement.log (db.js:208:25)

    console.log
      → Updating post 57 status to 'published'...

      at log (db.js:231:17)

    console.log
      ✓ Post 57 status updated to 'published'

      at Statement.log (db.js:248:25)

    console.log
      → Updating post 57 metrics (likes: 80367, reach: 6)...

      at log (db.js:271:17)

    console.log
      ✓ Post 57 metrics updated (likes: 80367, reach: 6)

      at Statement.log (db.js:285:21)

    console.log
      → Inserting content plan for 2026-03-18 (post on both)...

      at log (db.js:180:17)

    console.log
      ✓ Content plan saved with ID 58

      at Statement.log (db.js:208:25)

    console.log
      → Updating post 58 status to 'published'...

      at log (db.js:231:17)

    console.log
      ✓ Post 58 status updated to 'published'

      at Statement.log (db.js:248:25)

    console.log
      → Updating post 58 metrics (likes: 1, reach: 650665)...

      at log (db.js:271:17)

    console.log
      ✓ Post 58 metrics updated (likes: 1, reach: 650665)

      at Statement.log (db.js:285:21)

    console.log
      → Inserting content plan for 2026-03-18 (post on both)...

      at log (db.js:180:17)

    console.log
      ✓ Content plan saved with ID 59

      at Statement.log (db.js:208:25)

    console.log
      → Updating post 59 status to 'published'...

      at log (db.js:231:17)

    console.log
      ✓ Post 59 status updated to 'published'

      at Statement.log (db.js:248:25)

    console.log
      → Updating post 59 metrics (likes: 13530, reach: 797989)...

      at log (db.js:271:17)

    console.log
      ✓ Post 59 metrics updated (likes: 13530, reach: 797989)

      at Statement.log (db.js:285:21)

    console.log
      → Inserting content plan for 2026-03-18 (story on both)...

      at log (db.js:180:17)

    console.log
      ✓ Content plan saved with ID 60

      at Statement.log (db.js:208:25)

    console.log
      → Updating post 60 status to 'published'...

      at log (db.js:231:17)

    console.log
      ✓ Post 60 status updated to 'published'

      at Statement.log (db.js:248:25)

    console.log
      → Updating post 60 metrics (likes: 61667, reach: 14)...

      at log (db.js:271:17)

    console.log
      ✓ Post 60 metrics updated (likes: 61667, reach: 14)

      at Statement.log (db.js:285:21)

    console.log
      → Inserting content plan for 2026-03-18 (story on both)...

      at log (db.js:180:17)

    console.log
      ✓ Content plan saved with ID 61

      at Statement.log (db.js:208:25)

    console.log
      → Updating post 61 status to 'published'...

      at log (db.js:231:17)

    console.log
      ✓ Post 61 status updated to 'published'

      at Statement.log (db.js:248:25)

    console.log
      → Updating post 61 metrics (likes: 35706, reach: 490702)...

      at log (db.js:271:17)

    console.log
      ✓ Post 61 metrics updated (likes: 35706, reach: 490702)

      at Statement.log (db.js:285:21)

    console.log
      → Inserting content plan for 2026-03-18 (reel on instagram)...

      at log (db.js:180:17)

    console.log
      ✓ Content plan saved with ID 62

      at Statement.log (db.js:208:25)

    console.log
      → Updating post 62 status to 'published'...

      at log (db.js:231:17)

    console.log
      ✓ Post 62 status updated to 'published'

      at Statement.log (db.js:248:25)

    console.log
      → Updating post 62 metrics (likes: 17297, reach: 797190)...

      at log (db.js:271:17)

    console.log
      ✓ Post 62 metrics updated (likes: 17297, reach: 797190)

      at Statement.log (db.js:285:21)

    console.log
      → Inserting content plan for 2026-03-18 (reel on instagram)...

      at log (db.js:180:17)

    console.log
      ✓ Content plan saved with ID 63

      at Statement.log (db.js:208:25)

    console.log
      → Updating post 63 status to 'published'...

      at log (db.js:231:17)

    console.log
      ✓ Post 63 status updated to 'published'

      at Statement.log (db.js:248:25)

    console.log
      → Updating post 63 metrics (likes: 11, reach: 651176)...

      at log (db.js:271:17)

    console.log
      ✓ Post 63 metrics updated (likes: 11, reach: 651176)

      at Statement.log (db.js:285:21)

    console.log
      → Inserting content plan for 2026-03-18 (reel on instagram)...

      at log (db.js:180:17)

    console.log
      ✓ Content plan saved with ID 64

      at Statement.log (db.js:208:25)

    console.log
      → Updating post 64 status to 'published'...

      at log (db.js:231:17)

    console.log
      ✓ Post 64 status updated to 'published'

      at Statement.log (db.js:248:25)

    console.log
      → Updating post 64 metrics (likes: 11, reach: 13)...

      at log (db.js:271:17)

    console.log
      ✓ Post 64 metrics updated (likes: 11, reach: 13)

      at Statement.log (db.js:285:21)

    console.log
      → Inserting content plan for 2026-03-18 (story on both)...

      at log (db.js:180:17)

    console.log
      ✓ Content plan saved with ID 65

      at Statement.log (db.js:208:25)

    console.log
      → Updating post 65 status to 'published'...

      at log (db.js:231:17)

    console.log
      ✓ Post 65 status updated to 'published'

      at Statement.log (db.js:248:25)

    console.log
      → Updating post 65 metrics (likes: 19135, reach: 14)...

      at log (db.js:271:17)

    console.log
      ✓ Post 65 metrics updated (likes: 19135, reach: 14)

      at Statement.log (db.js:285:21)

    console.log
      → Inserting content plan for 2026-03-18 (reel on instagram)...

      at log (db.js:180:17)

    console.log
      ✓ Content plan saved with ID 66

      at Statement.log (db.js:208:25)

    console.log
      → Updating post 66 status to 'published'...

      at log (db.js:231:17)

    console.log
      ✓ Post 66 status updated to 'published'

      at Statement.log (db.js:248:25)

    console.log
      → Updating post 66 metrics (likes: 44356, reach: 4)...

      at log (db.js:271:17)

    console.log
      ✓ Post 66 metrics updated (likes: 44356, reach: 4)

      at Statement.log (db.js:285:21)

    console.log
      → Inserting content plan for 2026-03-18 (reel on instagram)...

      at log (db.js:180:17)

    console.log
      ✓ Content plan saved with ID 67

      at Statement.log (db.js:208:25)

    console.log
      → Updating post 67 status to 'published'...

      at log (db.js:231:17)

    console.log
      ✓ Post 67 status updated to 'published'

      at Statement.log (db.js:248:25)

    console.log
      → Updating post 67 metrics (likes: 74583, reach: 446099)...

      at log (db.js:271:17)

    console.log
      ✓ Post 67 metrics updated (likes: 74583, reach: 446099)

      at Statement.log (db.js:285:21)

    console.log
      → Inserting content plan for 2026-03-18 (reel on instagram)...

      at log (db.js:180:17)

    console.log
      ✓ Content plan saved with ID 68

      at Statement.log (db.js:208:25)

    console.log
      → Updating post 68 status to 'published'...

      at log (db.js:231:17)

    console.log
      ✓ Post 68 status updated to 'published'

      at Statement.log (db.js:248:25)

    console.log
      → Updating post 68 metrics (likes: 20551, reach: 973493)...

      at log (db.js:271:17)

    console.log
      ✓ Post 68 metrics updated (likes: 20551, reach: 973493)

      at Statement.log (db.js:285:21)

    console.log
      → Inserting content plan for 2026-03-18 (post on both)...

      at log (db.js:180:17)

    console.log
      ✓ Content plan saved with ID 69

      at Statement.log (db.js:208:25)

    console.log
      → Updating post 69 status to 'published'...

      at log (db.js:231:17)

    console.log
      ✓ Post 69 status updated to 'published'

      at Statement.log (db.js:248:25)

    console.log
      → Updating post 69 metrics (likes: 96145, reach: 3)...

      at log (db.js:271:17)

    console.log
      ✓ Post 69 metrics updated (likes: 96145, reach: 3)

      at Statement.log (db.js:285:21)

    console.log
      → Inserting content plan for 2026-03-18 (reel on instagram)...

      at log (db.js:180:17)

    console.log
      ✓ Content plan saved with ID 70

      at Statement.log (db.js:208:25)

    console.log
      → Updating post 70 status to 'published'...

      at log (db.js:231:17)

    console.log
      ✓ Post 70 status updated to 'published'

      at Statement.log (db.js:248:25)

    console.log
      → Updating post 70 metrics (likes: 99995, reach: 268893)...

      at log (db.js:271:17)

    console.log
      ✓ Post 70 metrics updated (likes: 99995, reach: 268893)

      at Statement.log (db.js:285:21)

    console.log
      → Inserting content plan for 2026-03-18 (reel on instagram)...

      at log (db.js:180:17)

    console.log
      ✓ Content plan saved with ID 71

      at Statement.log (db.js:208:25)

    console.log
      → Updating post 71 status to 'published'...

      at log (db.js:231:17)

    console.log
      ✓ Post 71 status updated to 'published'

      at Statement.log (db.js:248:25)

    console.log
      → Updating post 71 metrics (likes: 58683, reach: 173789)...

      at log (db.js:271:17)

    console.log
      ✓ Post 71 metrics updated (likes: 58683, reach: 173789)

      at Statement.log (db.js:285:21)

    console.log
      → Inserting content plan for 2026-03-18 (story on both)...

      at log (db.js:180:17)

    console.log
      ✓ Content plan saved with ID 72

      at Statement.log (db.js:208:25)

    console.log
      → Updating post 72 status to 'published'...

      at log (db.js:231:17)

    console.log
      ✓ Post 72 status updated to 'published'

      at Statement.log (db.js:248:25)

    console.log
      → Updating post 72 metrics (likes: 99993, reach: 682687)...

      at log (db.js:271:17)

    console.log
      ✓ Post 72 metrics updated (likes: 99993, reach: 682687)

      at Statement.log (db.js:285:21)

    console.log
      → Inserting content plan for 2026-03-18 (post on both)...

      at log (db.js:180:17)

    console.log
      ✓ Content plan saved with ID 73

      at Statement.log (db.js:208:25)

    console.log
      → Updating post 73 status to 'published'...

      at log (db.js:231:17)

    console.log
      ✓ Post 73 status updated to 'published'

      at Statement.log (db.js:248:25)

    console.log
      → Updating post 73 metrics (likes: 70564, reach: 3)...

      at log (db.js:271:17)

    console.log
      ✓ Post 73 metrics updated (likes: 70564, reach: 3)

      at Statement.log (db.js:285:21)

    console.log
      → Inserting content plan for 2026-03-18 (reel on instagram)...

      at log (db.js:180:17)

    console.log
      ✓ Content plan saved with ID 74

      at Statement.log (db.js:208:25)

    console.log
      → Updating post 74 status to 'published'...

      at log (db.js:231:17)

    console.log
      ✓ Post 74 status updated to 'published'

      at Statement.log (db.js:248:25)

    console.log
      → Updating post 74 metrics (likes: 26836, reach: 12)...

      at log (db.js:271:17)

    console.log
      ✓ Post 74 metrics updated (likes: 26836, reach: 12)

      at Statement.log (db.js:285:21)

    console.log
      → Inserting content plan for 2026-03-18 (post on both)...

      at log (db.js:180:17)

    console.log
      ✓ Content plan saved with ID 75

      at Statement.log (db.js:208:25)

    console.log
      → Updating post 75 status to 'published'...

      at log (db.js:231:17)

    console.log
      ✓ Post 75 status updated to 'published'

      at Statement.log (db.js:248:25)

    console.log
      → Updating post 75 metrics (likes: 57831, reach: 540715)...

      at log (db.js:271:17)

    console.log
      ✓ Post 75 metrics updated (likes: 57831, reach: 540715)

      at Statement.log (db.js:285:21)

    console.log
      → Inserting content plan for 2026-03-18 (reel on instagram)...

      at log (db.js:180:17)

    console.log
      ✓ Content plan saved with ID 76

      at Statement.log (db.js:208:25)

    console.log
      → Updating post 76 status to 'published'...

      at log (db.js:231:17)

    console.log
      ✓ Post 76 status updated to 'published'

      at Statement.log (db.js:248:25)

    console.log
      → Updating post 76 metrics (likes: 66802, reach: 866251)...

      at log (db.js:271:17)

    console.log
      ✓ Post 76 metrics updated (likes: 66802, reach: 866251)

      at Statement.log (db.js:285:21)

    console.log
      → Inserting content plan for 2026-03-18 (post on both)...

      at log (db.js:180:17)

    console.log
      ✓ Content plan saved with ID 77

      at Statement.log (db.js:208:25)

    console.log
      → Updating post 77 status to 'published'...

      at log (db.js:231:17)

    console.log
      ✓ Post 77 status updated to 'published'

      at Statement.log (db.js:248:25)

    console.log
      → Updating post 77 metrics (likes: 99989, reach: 104460)...

      at log (db.js:271:17)

    console.log
      ✓ Post 77 metrics updated (likes: 99989, reach: 104460)

      at Statement.log (db.js:285:21)

    console.log
      → Inserting content plan for 2026-03-18 (story on both)...

      at log (db.js:180:17)

    console.log
      ✓ Content plan saved with ID 78

      at Statement.log (db.js:208:25)

    console.log
      → Updating post 78 status to 'published'...

      at log (db.js:231:17)

    console.log
      ✓ Post 78 status updated to 'published'

      at Statement.log (db.js:248:25)

    console.log
      → Updating post 78 metrics (likes: 22982, reach: 999993)...

      at log (db.js:271:17)

    console.log
      ✓ Post 78 metrics updated (likes: 22982, reach: 999993)

      at Statement.log (db.js:285:21)

    console.log
      → Inserting content plan for 2026-03-18 (reel on instagram)...

      at log (db.js:180:17)

    console.log
      ✓ Content plan saved with ID 79

      at Statement.log (db.js:208:25)

    console.log
      → Updating post 79 status to 'published'...

      at log (db.js:231:17)

    console.log
      ✓ Post 79 status updated to 'published'

      at Statement.log (db.js:248:25)

    console.log
      → Updating post 79 metrics (likes: 61068, reach: 999992)...

      at log (db.js:271:17)

    console.log
      ✓ Post 79 metrics updated (likes: 61068, reach: 999992)

      at Statement.log (db.js:285:21)

    console.log
      → Inserting content plan for 2026-03-18 (post on both)...

      at log (db.js:180:17)

    console.log
      ✓ Content plan saved with ID 80

      at Statement.log (db.js:208:25)

    console.log
      → Updating post 80 status to 'published'...

      at log (db.js:231:17)

    console.log
      ✓ Post 80 status updated to 'published'

      at Statement.log (db.js:248:25)

    console.log
      → Updating post 80 metrics (likes: 64140, reach: 983447)...

      at log (db.js:271:17)

    console.log
      ✓ Post 80 metrics updated (likes: 64140, reach: 983447)

      at Statement.log (db.js:285:21)

    console.log
      → Inserting content plan for 2026-03-18 (story on both)...

      at log (db.js:180:17)

    console.log
      ✓ Content plan saved with ID 81

      at Statement.log (db.js:208:25)

    console.log
      → Updating post 81 status to 'published'...

      at log (db.js:231:17)

    console.log
      ✓ Post 81 status updated to 'published'

      at Statement.log (db.js:248:25)

    console.log
      → Updating post 81 metrics (likes: 2, reach: 685987)...

      at log (db.js:271:17)

    console.log
      ✓ Post 81 metrics updated (likes: 2, reach: 685987)

      at Statement.log (db.js:285:21)

    console.log
      → Inserting content plan for 2026-03-18 (reel on instagram)...

      at log (db.js:180:17)

    console.log
      ✓ Content plan saved with ID 82

      at Statement.log (db.js:208:25)

    console.log
      → Updating post 82 status to 'published'...

      at log (db.js:231:17)

    console.log
      ✓ Post 82 status updated to 'published'

      at Statement.log (db.js:248:25)

    console.log
      → Updating post 82 metrics (likes: 29395, reach: 763289)...

      at log (db.js:271:17)

    console.log
      ✓ Post 82 metrics updated (likes: 29395, reach: 763289)

      at Statement.log (db.js:285:21)

    console.log
      → Inserting content plan for 2026-03-18 (story on both)...

      at log (db.js:180:17)

    console.log
      ✓ Content plan saved with ID 83

      at Statement.log (db.js:208:25)

    console.log
      → Updating post 83 status to 'published'...

      at log (db.js:231:17)

    console.log
      ✓ Post 83 status updated to 'published'

      at Statement.log (db.js:248:25)

    console.log
      → Updating post 83 metrics (likes: 19983, reach: 7)...

      at log (db.js:271:17)

    console.log
      ✓ Post 83 metrics updated (likes: 19983, reach: 7)

      at Statement.log (db.js:285:21)

    console.log
      → Inserting content plan for 2026-03-18 (post on both)...

      at log (db.js:180:17)

    console.log
      ✓ Content plan saved with ID 84

      at Statement.log (db.js:208:25)

    console.log
      → Updating post 84 status to 'published'...

      at log (db.js:231:17)

    console.log
      ✓ Post 84 status updated to 'published'

      at Statement.log (db.js:248:25)

    console.log
      → Updating post 84 metrics (likes: 28419, reach: 772538)...

      at log (db.js:271:17)

    console.log
      ✓ Post 84 metrics updated (likes: 28419, reach: 772538)

      at Statement.log (db.js:285:21)

    console.log
      → Inserting content plan for 2026-03-18 (post on both)...

      at log (db.js:180:17)

    console.log
      ✓ Content plan saved with ID 85

      at Statement.log (db.js:208:25)

    console.log
      → Updating post 85 status to 'published'...

      at log (db.js:231:17)

    console.log
      ✓ Post 85 status updated to 'published'

      at Statement.log (db.js:248:25)

    console.log
      → Updating post 85 metrics (likes: 99990, reach: 930324)...

      at log (db.js:271:17)

    console.log
      ✓ Post 85 metrics updated (likes: 99990, reach: 930324)

      at Statement.log (db.js:285:21)

    console.log
      → Inserting content plan for 2026-03-18 (post on both)...

      at log (db.js:180:17)

    console.log
      ✓ Content plan saved with ID 86

      at Statement.log (db.js:208:25)

    console.log
      → Updating post 86 status to 'published'...

      at log (db.js:231:17)

    console.log
      ✓ Post 86 status updated to 'published'

      at Statement.log (db.js:248:25)

    console.log
      → Updating post 86 metrics (likes: 93966, reach: 314883)...

      at log (db.js:271:17)

    console.log
      ✓ Post 86 metrics updated (likes: 93966, reach: 314883)

      at Statement.log (db.js:285:21)

    console.log
      → Inserting content plan for 2026-03-18 (post on both)...

      at log (db.js:180:17)

    console.log
      ✓ Content plan saved with ID 87

      at Statement.log (db.js:208:25)

    console.log
      → Updating post 87 status to 'published'...

      at log (db.js:231:17)

    console.log
      ✓ Post 87 status updated to 'published'

      at Statement.log (db.js:248:25)

    console.log
      → Updating post 87 metrics (likes: 55821, reach: 17)...

      at log (db.js:271:17)

    console.log
      ✓ Post 87 metrics updated (likes: 55821, reach: 17)

      at Statement.log (db.js:285:21)

    console.log
      → Inserting content plan for 2026-03-18 (reel on instagram)...

      at log (db.js:180:17)

    console.log
      ✓ Content plan saved with ID 88

      at Statement.log (db.js:208:25)

    console.log
      → Updating post 88 status to 'published'...

      at log (db.js:231:17)

    console.log
      ✓ Post 88 status updated to 'published'

      at Statement.log (db.js:248:25)

    console.log
      → Updating post 88 metrics (likes: 6, reach: 313831)...

      at log (db.js:271:17)

    console.log
      ✓ Post 88 metrics updated (likes: 6, reach: 313831)

      at Statement.log (db.js:285:21)

    console.log
      → Inserting content plan for 2026-03-18 (post on both)...

      at log (db.js:180:17)

    console.log
      ✓ Content plan saved with ID 89

      at Statement.log (db.js:208:25)

    console.log
      → Updating post 89 status to 'published'...

      at log (db.js:231:17)

    console.log
      ✓ Post 89 status updated to 'published'

      at Statement.log (db.js:248:25)

    console.log
      → Updating post 89 metrics (likes: 23978, reach: 567809)...

      at log (db.js:271:17)

    console.log
      ✓ Post 89 metrics updated (likes: 23978, reach: 567809)

      at Statement.log (db.js:285:21)

    console.log
      → Inserting content plan for 2026-03-18 (story on both)...

      at log (db.js:180:17)

    console.log
      ✓ Content plan saved with ID 90

      at Statement.log (db.js:208:25)

    console.log
      → Updating post 90 status to 'published'...

      at log (db.js:231:17)

    console.log
      ✓ Post 90 status updated to 'published'

      at Statement.log (db.js:248:25)

    console.log
      → Updating post 90 metrics (likes: 99988, reach: 932975)...

      at log (db.js:271:17)

    console.log
      ✓ Post 90 metrics updated (likes: 99988, reach: 932975)

      at Statement.log (db.js:285:21)

    console.log
      → Inserting content plan for 2026-03-18 (story on both)...

      at log (db.js:180:17)

    console.log
      ✓ Content plan saved with ID 91

      at Statement.log (db.js:208:25)

    console.log
      → Updating post 91 status to 'published'...

      at log (db.js:231:17)

    console.log
      ✓ Post 91 status updated to 'published'

      at Statement.log (db.js:248:25)

    console.log
      → Updating post 91 metrics (likes: 315, reach: 586734)...

      at log (db.js:271:17)

    console.log
      ✓ Post 91 metrics updated (likes: 315, reach: 586734)

      at Statement.log (db.js:285:21)

    console.log
      → Inserting content plan for 2026-03-18 (post on both)...

      at log (db.js:180:17)

    console.log
      ✓ Content plan saved with ID 92

      at Statement.log (db.js:208:25)

    console.log
      → Updating post 92 status to 'published'...

      at log (db.js:231:17)

    console.log
      ✓ Post 92 status updated to 'published'

      at Statement.log (db.js:248:25)

    console.log
      → Updating post 92 metrics (likes: 6301, reach: 591488)...

      at log (db.js:271:17)

    console.log
      ✓ Post 92 metrics updated (likes: 6301, reach: 591488)

      at Statement.log (db.js:285:21)

    console.log
      → Inserting content plan for 2026-03-18 (post on both)...

      at log (db.js:180:17)

    console.log
      ✓ Content plan saved with ID 93

      at Statement.log (db.js:208:25)

    console.log
      → Updating post 93 status to 'published'...

      at log (db.js:231:17)

    console.log
      ✓ Post 93 status updated to 'published'

      at Statement.log (db.js:248:25)

    console.log
      → Updating post 93 metrics (likes: 78377, reach: 720508)...

      at log (db.js:271:17)

    console.log
      ✓ Post 93 metrics updated (likes: 78377, reach: 720508)

      at Statement.log (db.js:285:21)

    console.log
      → Inserting content plan for 2026-03-18 (reel on instagram)...

      at log (db.js:180:17)

    console.log
      ✓ Content plan saved with ID 94

      at Statement.log (db.js:208:25)

    console.log
      → Updating post 94 status to 'published'...

      at log (db.js:231:17)

    console.log
      ✓ Post 94 status updated to 'published'

      at Statement.log (db.js:248:25)

    console.log
      → Updating post 94 metrics (likes: 60233, reach: 740477)...

      at log (db.js:271:17)

    console.log
      ✓ Post 94 metrics updated (likes: 60233, reach: 740477)

      at Statement.log (db.js:285:21)

    console.log
      → Inserting content plan for 2026-03-18 (post on both)...

      at log (db.js:180:17)

    console.log
      ✓ Content plan saved with ID 95

      at Statement.log (db.js:208:25)

    console.log
      → Updating post 95 status to 'published'...

      at log (db.js:231:17)

    console.log
      ✓ Post 95 status updated to 'published'

      at Statement.log (db.js:248:25)

    console.log
      → Updating post 95 metrics (likes: 17831, reach: 731730)...

      at log (db.js:271:17)

    console.log
      ✓ Post 95 metrics updated (likes: 17831, reach: 731730)

      at Statement.log (db.js:285:21)

    console.log
      → Inserting content plan for 2026-03-18 (post on both)...

      at log (db.js:180:17)

    console.log
      ✓ Content plan saved with ID 96

      at Statement.log (db.js:208:25)

    console.log
      → Updating post 96 status to 'published'...

      at log (db.js:231:17)

    console.log
      ✓ Post 96 status updated to 'published'

      at Statement.log (db.js:248:25)

    console.log
      → Updating post 96 metrics (likes: 4, reach: 850929)...

      at log (db.js:271:17)

    console.log
      ✓ Post 96 metrics updated (likes: 4, reach: 850929)

      at Statement.log (db.js:285:21)

    console.log
      → Inserting content plan for 2026-03-18 (reel on instagram)...

      at log (db.js:180:17)

    console.log
      ✓ Content plan saved with ID 97

      at Statement.log (db.js:208:25)

    console.log
      → Updating post 97 status to 'published'...

      at log (db.js:231:17)

    console.log
      ✓ Post 97 status updated to 'published'

      at Statement.log (db.js:248:25)

    console.log
      → Updating post 97 metrics (likes: 14, reach: 10)...

      at log (db.js:271:17)

    console.log
      ✓ Post 97 metrics updated (likes: 14, reach: 10)

      at Statement.log (db.js:285:21)

    console.log
      → Inserting content plan for 2026-03-18 (post on both)...

      at log (db.js:180:17)

    console.log
      ✓ Content plan saved with ID 98

      at Statement.log (db.js:208:25)

    console.log
      → Updating post 98 status to 'published'...

      at log (db.js:231:17)

    console.log
      ✓ Post 98 status updated to 'published'

      at Statement.log (db.js:248:25)

    console.log
      → Updating post 98 metrics (likes: 11233, reach: 10)...

      at log (db.js:271:17)

    console.log
      ✓ Post 98 metrics updated (likes: 11233, reach: 10)

      at Statement.log (db.js:285:21)

    console.log
      → Inserting content plan for 2026-03-18 (story on both)...

      at log (db.js:180:17)

    console.log
      ✓ Content plan saved with ID 99

      at Statement.log (db.js:208:25)

    console.log
      → Updating post 99 status to 'published'...

      at log (db.js:231:17)

    console.log
      ✓ Post 99 status updated to 'published'

      at Statement.log (db.js:248:25)

    console.log
      → Updating post 99 metrics (likes: 87682, reach: 999985)...

      at log (db.js:271:17)

    console.log
      ✓ Post 99 metrics updated (likes: 87682, reach: 999985)

      at Statement.log (db.js:285:21)

    console.log
      → Inserting content plan for 2026-03-18 (reel on instagram)...

      at log (db.js:180:17)

    console.log
      ✓ Content plan saved with ID 100

      at Statement.log (db.js:208:25)

    console.log
      → Updating post 100 status to 'published'...

      at log (db.js:231:17)

    console.log
      ✓ Post 100 status updated to 'published'

      at Statement.log (db.js:248:25)

    console.log
      → Updating post 100 metrics (likes: 87445, reach: 539601)...

      at log (db.js:271:17)

    console.log
      ✓ Post 100 metrics updated (likes: 87445, reach: 539601)

      at Statement.log (db.js:285:21)

    console.log
      ✓ Database connection closed

      at Database.log (db.js:106:29)

    console.log
      → Initializing database...

      at Database.log (db.js:44:21)

    console.log
      ✓ Database initialized successfully

      at log (db.js:73:29)

    console.log
      → Retrieving historical posts from last 7 days (since 2026-03-10)...

      at log (db.js:133:17)

    console.log
      ✓ Retrieved 0 historical post(s)

      at Statement.log (db.js:151:21)

    console.log
      ✓ Database connection closed

      at Database.log (db.js:106:29)

    console.log
      → Initializing database...

      at Database.log (db.js:44:21)

    console.log
      ✓ Database initialized successfully

      at log (db.js:73:29)

    console.log
      → Retrieving historical posts from last 7 days (since 2026-03-10)...

      at log (db.js:133:17)

    console.log
      ✓ Retrieved 1 historical post(s)

      at Statement.log (db.js:151:21)

    console.log
      ✓ Database connection closed

      at Database.log (db.js:106:29)

    console.log
      → Initializing database...

      at Database.log (db.js:44:21)

    console.log
      ✓ Database initialized successfully

      at log (db.js:73:29)

    console.log
      → Retrieving historical posts from last 7 days (since 2026-03-10)...

      at log (db.js:133:17)

    console.log
      ✓ Retrieved 1 historical post(s)

      at Statement.log (db.js:151:21)

    console.log
      ✓ Database connection closed

      at Database.log (db.js:106:29)

    console.log
      → Initializing database...

      at Database.log (db.js:44:21)

    console.log
      ✓ Database initialized successfully

      at log (db.js:73:29)

    console.log
      → Retrieving historical posts from last 7 days (since 2026-03-10)...

      at log (db.js:133:17)

    console.log
      ✓ Retrieved 1 historical post(s)

      at Statement.log (db.js:151:21)

    console.log
      ✓ Database connection closed

      at Database.log (db.js:106:29)

  ● Database Module - Property Tests › Feature: ai-social-media-manager, Property 2: Historical query filtering

    thrown: "Exceeded timeout of 5000 ms for a test.
    Add a timeout value to this test to increase the timeout, if this is a long-running test. See https://jestjs.io/docs/api#testname-fn-timeout."

    [0m [90m 132 |[39m [90m     * from the last 7 days.[39m
     [90m 133 |[39m [90m     */[39m
    [31m[1m>[22m[39m[90m 134 |[39m     test([32m'Feature: ai-social-media-manager, Property 2: Historical query filtering'[39m[33m,[39m [36masync[39m () [33m=>[39m {
     [90m     |[39m     [31m[1m^[22m[39m
     [90m 135 |[39m         [36mawait[39m fc[33m.[39massert(
     [90m 136 |[39m             fc[33m.[39masyncProperty(
     [90m 137 |[39m                 fc[33m.[39marray([0m

      at test (db.test.js:134:5)
      at Object.describe (db.test.js:19:1)

Test Suites: 5 failed, 2 passed, 7 total
Tests:       27 failed, 41 passed, 68 total
Snapshots:   0 total
Time:        26.444 s
Ran all test suites.
